###############################################################################
#
# IAR ELF Linker V7.10.3.6832/W32 for ARM                 17/Dec/2016  14:17:44
# Copyright 2007-2014 IAR Systems AB.
#
#    Output file  =  
#        C:\Users\liuyu\IAR_workspace\Code_Concentrator_MBUS_485\Test\Debug\Exe\Test.out
#    Map file     =  
#        C:\Users\liuyu\IAR_workspace\Code_Concentrator_MBUS_485\Test\Debug\List\Test.map
#    Command line =  
#        C:\Users\liuyu\IAR_workspace\Code_Concentrator_MBUS_485\Test\Debug\Obj\bsp.o
#        C:\Users\liuyu\IAR_workspace\Code_Concentrator_MBUS_485\Test\Debug\Obj\cpu_a.o
#        C:\Users\liuyu\IAR_workspace\Code_Concentrator_MBUS_485\Test\Debug\Obj\cpu_c.o
#        C:\Users\liuyu\IAR_workspace\Code_Concentrator_MBUS_485\Test\Debug\Obj\cpu_core.o
#        C:\Users\liuyu\IAR_workspace\Code_Concentrator_MBUS_485\Test\Debug\Obj\lib_ascii.o
#        C:\Users\liuyu\IAR_workspace\Code_Concentrator_MBUS_485\Test\Debug\Obj\lib_math.o
#        C:\Users\liuyu\IAR_workspace\Code_Concentrator_MBUS_485\Test\Debug\Obj\lib_mem.o
#        C:\Users\liuyu\IAR_workspace\Code_Concentrator_MBUS_485\Test\Debug\Obj\lib_mem_a.o
#        C:\Users\liuyu\IAR_workspace\Code_Concentrator_MBUS_485\Test\Debug\Obj\lib_str.o
#        C:\Users\liuyu\IAR_workspace\Code_Concentrator_MBUS_485\Test\Debug\Obj\main.o
#        C:\Users\liuyu\IAR_workspace\Code_Concentrator_MBUS_485\Test\Debug\Obj\misc.o
#        C:\Users\liuyu\IAR_workspace\Code_Concentrator_MBUS_485\Test\Debug\Obj\os_app_hooks.o
#        C:\Users\liuyu\IAR_workspace\Code_Concentrator_MBUS_485\Test\Debug\Obj\os_cfg_app.o
#        C:\Users\liuyu\IAR_workspace\Code_Concentrator_MBUS_485\Test\Debug\Obj\os_core.o
#        C:\Users\liuyu\IAR_workspace\Code_Concentrator_MBUS_485\Test\Debug\Obj\os_cpu_a.o
#        C:\Users\liuyu\IAR_workspace\Code_Concentrator_MBUS_485\Test\Debug\Obj\os_cpu_c.o
#        C:\Users\liuyu\IAR_workspace\Code_Concentrator_MBUS_485\Test\Debug\Obj\os_dbg.o
#        C:\Users\liuyu\IAR_workspace\Code_Concentrator_MBUS_485\Test\Debug\Obj\os_flag.o
#        C:\Users\liuyu\IAR_workspace\Code_Concentrator_MBUS_485\Test\Debug\Obj\os_int.o
#        C:\Users\liuyu\IAR_workspace\Code_Concentrator_MBUS_485\Test\Debug\Obj\os_mem.o
#        C:\Users\liuyu\IAR_workspace\Code_Concentrator_MBUS_485\Test\Debug\Obj\os_msg.o
#        C:\Users\liuyu\IAR_workspace\Code_Concentrator_MBUS_485\Test\Debug\Obj\os_mutex.o
#        C:\Users\liuyu\IAR_workspace\Code_Concentrator_MBUS_485\Test\Debug\Obj\os_pend_multi.o
#        C:\Users\liuyu\IAR_workspace\Code_Concentrator_MBUS_485\Test\Debug\Obj\os_prio.o
#        C:\Users\liuyu\IAR_workspace\Code_Concentrator_MBUS_485\Test\Debug\Obj\os_q.o
#        C:\Users\liuyu\IAR_workspace\Code_Concentrator_MBUS_485\Test\Debug\Obj\os_sem.o
#        C:\Users\liuyu\IAR_workspace\Code_Concentrator_MBUS_485\Test\Debug\Obj\os_stat.o
#        C:\Users\liuyu\IAR_workspace\Code_Concentrator_MBUS_485\Test\Debug\Obj\os_task.o
#        C:\Users\liuyu\IAR_workspace\Code_Concentrator_MBUS_485\Test\Debug\Obj\os_tick.o
#        C:\Users\liuyu\IAR_workspace\Code_Concentrator_MBUS_485\Test\Debug\Obj\os_time.o
#        C:\Users\liuyu\IAR_workspace\Code_Concentrator_MBUS_485\Test\Debug\Obj\os_tmr.o
#        C:\Users\liuyu\IAR_workspace\Code_Concentrator_MBUS_485\Test\Debug\Obj\os_var.o
#        C:\Users\liuyu\IAR_workspace\Code_Concentrator_MBUS_485\Test\Debug\Obj\readeg.o
#        C:\Users\liuyu\IAR_workspace\Code_Concentrator_MBUS_485\Test\Debug\Obj\serial.o
#        C:\Users\liuyu\IAR_workspace\Code_Concentrator_MBUS_485\Test\Debug\Obj\sim800g.o
#        C:\Users\liuyu\IAR_workspace\Code_Concentrator_MBUS_485\Test\Debug\Obj\spi_flash.o
#        C:\Users\liuyu\IAR_workspace\Code_Concentrator_MBUS_485\Test\Debug\Obj\startup_stm32f10x_md.o
#        C:\Users\liuyu\IAR_workspace\Code_Concentrator_MBUS_485\Test\Debug\Obj\stm32f10x_adc.o
#        C:\Users\liuyu\IAR_workspace\Code_Concentrator_MBUS_485\Test\Debug\Obj\stm32f10x_bkp.o
#        C:\Users\liuyu\IAR_workspace\Code_Concentrator_MBUS_485\Test\Debug\Obj\stm32f10x_can.o
#        C:\Users\liuyu\IAR_workspace\Code_Concentrator_MBUS_485\Test\Debug\Obj\stm32f10x_cec.o
#        C:\Users\liuyu\IAR_workspace\Code_Concentrator_MBUS_485\Test\Debug\Obj\stm32f10x_crc.o
#        C:\Users\liuyu\IAR_workspace\Code_Concentrator_MBUS_485\Test\Debug\Obj\stm32f10x_dac.o
#        C:\Users\liuyu\IAR_workspace\Code_Concentrator_MBUS_485\Test\Debug\Obj\stm32f10x_dbgmcu.o
#        C:\Users\liuyu\IAR_workspace\Code_Concentrator_MBUS_485\Test\Debug\Obj\stm32f10x_dma.o
#        C:\Users\liuyu\IAR_workspace\Code_Concentrator_MBUS_485\Test\Debug\Obj\stm32f10x_exti.o
#        C:\Users\liuyu\IAR_workspace\Code_Concentrator_MBUS_485\Test\Debug\Obj\stm32f10x_flash.o
#        C:\Users\liuyu\IAR_workspace\Code_Concentrator_MBUS_485\Test\Debug\Obj\stm32f10x_fsmc.o
#        C:\Users\liuyu\IAR_workspace\Code_Concentrator_MBUS_485\Test\Debug\Obj\stm32f10x_gpio.o
#        C:\Users\liuyu\IAR_workspace\Code_Concentrator_MBUS_485\Test\Debug\Obj\stm32f10x_i2c.o
#        C:\Users\liuyu\IAR_workspace\Code_Concentrator_MBUS_485\Test\Debug\Obj\stm32f10x_it.o
#        C:\Users\liuyu\IAR_workspace\Code_Concentrator_MBUS_485\Test\Debug\Obj\stm32f10x_iwdg.o
#        C:\Users\liuyu\IAR_workspace\Code_Concentrator_MBUS_485\Test\Debug\Obj\stm32f10x_pwr.o
#        C:\Users\liuyu\IAR_workspace\Code_Concentrator_MBUS_485\Test\Debug\Obj\stm32f10x_rcc.o
#        C:\Users\liuyu\IAR_workspace\Code_Concentrator_MBUS_485\Test\Debug\Obj\stm32f10x_rtc.o
#        C:\Users\liuyu\IAR_workspace\Code_Concentrator_MBUS_485\Test\Debug\Obj\stm32f10x_sdio.o
#        C:\Users\liuyu\IAR_workspace\Code_Concentrator_MBUS_485\Test\Debug\Obj\stm32f10x_spi.o
#        C:\Users\liuyu\IAR_workspace\Code_Concentrator_MBUS_485\Test\Debug\Obj\stm32f10x_tim.o
#        C:\Users\liuyu\IAR_workspace\Code_Concentrator_MBUS_485\Test\Debug\Obj\stm32f10x_usart.o
#        C:\Users\liuyu\IAR_workspace\Code_Concentrator_MBUS_485\Test\Debug\Obj\stm32f10x_wwdg.o
#        C:\Users\liuyu\IAR_workspace\Code_Concentrator_MBUS_485\Test\Debug\Obj\system_stm32f10x.o
#        C:\Users\liuyu\IAR_workspace\Code_Concentrator_MBUS_485\Test\Debug\Obj\tasks.o
#        C:\Users\liuyu\IAR_workspace\Code_Concentrator_MBUS_485\Test\Debug\Obj\timestamp.o
#        -o
#        C:\Users\liuyu\IAR_workspace\Code_Concentrator_MBUS_485\Test\Debug\Exe\Test.out
#        --map
#        C:\Users\liuyu\IAR_workspace\Code_Concentrator_MBUS_485\Test\Debug\List\Test.map
#        --config
#        C:\Users\liuyu\IAR_workspace\Code_Concentrator_MBUS_485\Test\Test.icf
#        --semihosting --entry __iar_program_start --vfe
#
###############################################################################

*******************************************************************************
*** RUNTIME MODEL ATTRIBUTES
***

CppFlavor       = *
__SystemLibrary = DLib


*******************************************************************************
*** PLACEMENT SUMMARY
***

"A1":  place at 0x08000000 { ro section .intvec };
"P1":  place in [from 0x08000000 to 0x0801ffff] { ro };
"P2":  place in [from 0x20000000 to 0x20004fff] { rw, block CSTACK, block HEAP };

  Section             Kind        Address    Size  Object
  -------             ----        -------    ----  ------
"A1":                                        0xec
  .intvec             ro code  0x08000000    0xec  startup_stm32f10x_md.o [1]
                             - 0x080000ec    0xec

"P1":                                      0xd270
  .text               ro code  0x080000ec  0x4828  tasks.o [1]
  .text               ro code  0x08004914   0x384  os_q.o [1]
  .text               ro code  0x08004c98   0x180  os_mem.o [1]
  .text               ro code  0x08004e18   0x11c  lib_mem.o [1]
  .text               ro code  0x08004f34   0x78c  sim800g.o [1]
  .text               ro code  0x080056c0   0x470  serial.o [1]
  .text               ro code  0x08005b30   0x110  os_time.o [1]
  .text               ro code  0x08005c40   0x21e  lib_str.o [1]
  .text               ro code  0x08005e5e    0x2e  copy_init3.o [5]
  .text               ro code  0x08005e8c   0x302  os_sem.o [1]
  .text               ro code  0x0800618e    0x22  zero_init3.o [5]
  CODE                ro code  0x080061b0   0x220  lib_mem_a.o [1]
  CODE                ro code  0x080063d0    0x34  cpu_a.o [1]
  .text               ro code  0x08006404   0x1c4  stm32f10x_gpio.o [1]
  .text               ro code  0x080065c8   0x3d0  os_mutex.o [1]
  .text               ro code  0x08006998   0xaa8  readeg.o [1]
  .text               ro code  0x08007440   0x934  spi_flash.o [1]
  .text               ro code  0x08007d74   0x530  os_tmr.o [1]
  .text               ro code  0x080082a4    0x34  sprintf.o [3]
  .text               ro code  0x080082d8   0x6aa  os_flag.o [1]
  .text               ro code  0x08008982     0xa  xsprout.o [3]
  .text               ro code  0x0800898c   0x1fc  os_msg.o [1]
  .text               ro code  0x08008b88   0x988  os_core.o [1]
  .text               ro code  0x08009510    0x3c  timestamp.o [1]
  .text               ro code  0x0800954c     0x8  atoi.o [3]
  .text               ro code  0x08009554   0x1e2  stm32f10x_usart.o [1]
  .rodata             const    0x08009736     0x2  os_cfg_app.o [1]
  .text               ro code  0x08009738    0xc8  stm32f10x_exti.o [1]
  .text               ro code  0x08009800   0x418  os_tick.o [1]
  .text               ro code  0x08009c18   0x1d8  os_cpu_c.o [1]
  .text               ro code  0x08009df0   0x694  os_task.o [1]
  .text               ro code  0x0800a484    0x88  os_prio.o [1]
  .text               ro code  0x0800a50c    0x14  memset.o [3]
  .text               ro code  0x0800a520    0xa4  stm32f10x_spi.o [1]
  .text               ro code  0x0800a5c4   0xd86  xprintffull_nomb.o [3]
  .rodata             const    0x0800b34a     0x2  os_cfg_app.o [1]
  .text               ro code  0x0800b34c    0xac  os_cfg_app.o [1]
  CODE                ro code  0x0800b3f8    0x84  os_cpu_a.o [1]
  .text               ro code  0x0800b47c   0x4d6  bsp.o [1]
  .rodata             const    0x0800b952     0x2  os_cfg_app.o [1]
  .text               ro code  0x0800b954    0x4c  cpu_core.o [1]
  .text               ro code  0x0800b9a0   0x19c  xstoul.o [3]
  .text               ro code  0x0800bb3c   0x258  stm32f10x_rcc.o [1]
  .text               ro code  0x0800bd94    0x66  ABImemset.o [5]
  .rodata             const    0x0800bdfa     0x1  os_cfg_app.o [1]
  .rodata             const    0x0800bdfb     0x1  os_cfg_app.o [1]
  .text               ro code  0x0800bdfc    0x16  strchr.o [5]
  .text               ro code  0x0800be14    0x36  strlen.o [5]
  .text               ro code  0x0800be4c    0x58  memchr.o [5]
  .text               ro code  0x0800bea4    0xee  I64DivMod.o [5]
  .text               ro code  0x0800bf94    0x76  ABImemcpy_unaligned.o [5]
  .text               ro code  0x0800c00a    0x42  xdnorm.o [4]
  .text               ro code  0x0800c04c    0x2e  DblCmpLe.o [4]
  .text               ro code  0x0800c07c    0x2e  DblCmpGe.o [4]
  .text               ro code  0x0800c0ac   0x10c  xdscale.o [4]
  .text               ro code  0x0800c1b8    0x58  DblToI32.o [4]
  .text               ro code  0x0800c210    0x30  I32ToDbl.o [4]
  .text               ro code  0x0800c240   0x180  DblSub.o [4]
  .text               ro code  0x0800c3c0   0x1a2  DblMul.o [4]
  .text               ro code  0x0800c564   0x246  DblDiv.o [4]
  .text               ro code  0x0800c7aa     0xe  div.o [3]
  .text               ro code  0x0800c7b8    0x3c  stm32f10x_flash.o [1]
  .text               ro code  0x0800c7f4    0x80  misc.o [1]
  .text               ro code  0x0800c874    0x2c  stm32f10x_iwdg.o [1]
  .text               ro code  0x0800c8a0     0xc  errno.o [3]
  .text               ro code  0x0800c8ac     0x2  I64DivZer.o [5]
  .text               ro code  0x0800c8b0    0xd4  DblAdd.o [4]
  .text               ro code  0x0800c984     0x2  xtls.o [3]
  .text               ro code  0x0800c988   0x518  main.o [1]
  .text               ro code  0x0800cea0    0x6e  system_stm32f10x.o [1]
  .text               ro code  0x0800cf0e    0x36  stm32f10x_it.o [1]
  .text               ro code  0x0800cf44    0x28  data_init.o [5]
  .iar.init_table     const    0x0800cf6c    0x24  - Linker created -
  .text               ro code  0x0800cf90    0x1a  cmain.o [5]
  .text               ro code  0x0800cfaa     0x4  low_level_init.o [3]
  .text               ro code  0x0800cfae     0x4  exit.o [3]
  .text               ro code  0x0800cfb4     0xa  cexit.o [5]
  .text               ro code  0x0800cfc0    0x14  exit.o [6]
  .rodata             const    0x0800cfd4    0x18  os_tmr.o [1]
  .rodata             const    0x0800cfec    0x18  sim800g.o [1]
  .rodata             const    0x0800d004    0x14  os_core.o [1]
  .rodata             const    0x0800d018    0x14  os_tick.o [1]
  .rodata             const    0x0800d02c    0x14  sim800g.o [1]
  .rodata             const    0x0800d040    0x10  sim800g.o [1]
  .rodata             const    0x0800d050    0x10  sim800g.o [1]
  .text               ro code  0x0800d060    0x10  startup_stm32f10x_md.o [1]
  .rodata             const    0x0800d070     0xc  main.o [1]
  .rodata             const    0x0800d07c     0xc  main.o [1]
  .rodata             const    0x0800d088     0xc  main.o [1]
  .rodata             const    0x0800d094     0xc  sim800g.o [1]
  .rodata             const    0x0800d0a0     0xc  sim800g.o [1]
  .rodata             const    0x0800d0ac     0xc  sim800g.o [1]
  .rodata             const    0x0800d0b8     0xc  sim800g.o [1]
  .rodata             const    0x0800d0c4     0xc  sim800g.o [1]
  .rodata             const    0x0800d0d0     0xc  sim800g.o [1]
  .rodata             const    0x0800d0dc     0xc  sim800g.o [1]
  .rodata             const    0x0800d0e8     0xc  sim800g.o [1]
  .rodata             const    0x0800d0f4     0xc  sim800g.o [1]
  .text               ro code  0x0800d100     0xc  cstartup_M.o [5]
  .rodata             const    0x0800d10c     0x8  main.o [1]
  .rodata             const    0x0800d114     0x8  main.o [1]
  .rodata             const    0x0800d11c     0x8  main.o [1]
  .rodata             const    0x0800d124     0x8  main.o [1]
  .rodata             const    0x0800d12c     0x8  main.o [1]
  .rodata             const    0x0800d134     0x8  main.o [1]
  .rodata             const    0x0800d13c     0x8  main.o [1]
  .rodata             const    0x0800d144     0x8  main.o [1]
  .rodata             const    0x0800d14c     0x8  main.o [1]
  .rodata             const    0x0800d154     0x8  main.o [1]
  .rodata             const    0x0800d15c     0x8  main.o [1]
  .rodata             const    0x0800d164     0x8  main.o [1]
  .rodata             const    0x0800d16c     0x8  main.o [1]
  .rodata             const    0x0800d174     0x8  main.o [1]
  .rodata             const    0x0800d17c     0x8  os_task.o [1]
  .rodata             const    0x0800d184     0x8  sim800g.o [1]
  .rodata             const    0x0800d18c     0x8  sim800g.o [1]
  .rodata             const    0x0800d194     0x8  sim800g.o [1]
  .rodata             const    0x0800d19c     0x8  tasks.o [1]
  .rodata             const    0x0800d1a4     0x8  tasks.o [1]
  .rodata             const    0x0800d1ac     0x8  tasks.o [1]
  .rodata             const    0x0800d1b4     0x8  tasks.o [1]
  .rodata             const    0x0800d1bc     0x8  tasks.o [1]
  .rodata             const    0x0800d1c4     0x4  os_cfg_app.o [1]
  .rodata             const    0x0800d1c8     0x4  os_cfg_app.o [1]
  .rodata             const    0x0800d1cc     0x4  os_cfg_app.o [1]
  .rodata             const    0x0800d1d0     0x4  os_cfg_app.o [1]
  .rodata             const    0x0800d1d4     0x4  os_cfg_app.o [1]
  .rodata             const    0x0800d1d8     0x4  os_cfg_app.o [1]
  .rodata             const    0x0800d1dc     0x4  os_cfg_app.o [1]
  .rodata             const    0x0800d1e0     0x4  os_cfg_app.o [1]
  .rodata             const    0x0800d1e4     0x4  os_cfg_app.o [1]
  .rodata             const    0x0800d1e8     0x4  os_cfg_app.o [1]
  .rodata             const    0x0800d1ec     0x4  os_cfg_app.o [1]
  .rodata             const    0x0800d1f0     0x4  os_cfg_app.o [1]
  .rodata             const    0x0800d1f4     0x4  os_cfg_app.o [1]
  .rodata             const    0x0800d1f8     0x4  os_cfg_app.o [1]
  .rodata             const    0x0800d1fc     0x4  os_cfg_app.o [1]
  .rodata             const    0x0800d200     0x4  os_cfg_app.o [1]
  .rodata             const    0x0800d204     0x4  os_cfg_app.o [1]
  .rodata             const    0x0800d208     0x4  os_cfg_app.o [1]
  .rodata             const    0x0800d20c     0x4  os_cfg_app.o [1]
  .rodata             const    0x0800d210     0x4  os_cfg_app.o [1]
  .rodata             const    0x0800d214     0x4  os_cfg_app.o [1]
  .rodata             const    0x0800d218     0x4  os_cfg_app.o [1]
  .rodata             const    0x0800d21c     0x4  os_cfg_app.o [1]
  .rodata             const    0x0800d220     0x4  sim800g.o [1]
  .text               ro code  0x0800d224     0x4  startup_stm32f10x_md.o [1]
  .text               ro code  0x0800d228     0x4  startup_stm32f10x_md.o [1]
  .text               ro code  0x0800d22c     0x4  startup_stm32f10x_md.o [1]
  .text               ro code  0x0800d230     0x4  startup_stm32f10x_md.o [1]
  .text               ro code  0x0800d234     0x4  startup_stm32f10x_md.o [1]
  .text               ro code  0x0800d238     0x4  startup_stm32f10x_md.o [1]
  .text               ro code  0x0800d23c     0x4  startup_stm32f10x_md.o [1]
  .text               ro code  0x0800d240     0x4  startup_stm32f10x_md.o [1]
  .text               ro code  0x0800d244     0x4  startup_stm32f10x_md.o [1]
  .text               ro code  0x0800d248     0x4  startup_stm32f10x_md.o [1]
  .text               ro code  0x0800d24c     0x4  startup_stm32f10x_md.o [1]
  .text               ro code  0x0800d250     0x4  startup_stm32f10x_md.o [1]
  .text               ro code  0x0800d254     0x4  startup_stm32f10x_md.o [1]
  .text               ro code  0x0800d258     0x4  startup_stm32f10x_md.o [1]
  .text               ro code  0x0800d25c     0x4  startup_stm32f10x_md.o [1]
  .text               ro code  0x0800d260     0x4  startup_stm32f10x_md.o [1]
  .text               ro code  0x0800d264     0x4  startup_stm32f10x_md.o [1]
  .text               ro code  0x0800d268     0x4  startup_stm32f10x_md.o [1]
  .text               ro code  0x0800d26c     0x4  startup_stm32f10x_md.o [1]
  .text               ro code  0x0800d270     0x4  startup_stm32f10x_md.o [1]
  .text               ro code  0x0800d274     0x4  startup_stm32f10x_md.o [1]
  .text               ro code  0x0800d278     0x4  startup_stm32f10x_md.o [1]
  .text               ro code  0x0800d27c     0x4  startup_stm32f10x_md.o [1]
  .text               ro code  0x0800d280     0x4  startup_stm32f10x_md.o [1]
  .text               ro code  0x0800d284     0x4  startup_stm32f10x_md.o [1]
  .text               ro code  0x0800d288     0x4  startup_stm32f10x_md.o [1]
  .text               ro code  0x0800d28c     0x4  startup_stm32f10x_md.o [1]
  .text               ro code  0x0800d290     0x4  startup_stm32f10x_md.o [1]
  .text               ro code  0x0800d294     0x4  startup_stm32f10x_md.o [1]
  .text               ro code  0x0800d298     0x4  startup_stm32f10x_md.o [1]
  .text               ro code  0x0800d29c     0x4  startup_stm32f10x_md.o [1]
  .text               ro code  0x0800d2a0     0x4  startup_stm32f10x_md.o [1]
  .text               ro code  0x0800d2a4     0x4  startup_stm32f10x_md.o [1]
  .text               ro code  0x0800d2a8     0x4  startup_stm32f10x_md.o [1]
  .text               ro code  0x0800d2ac     0x4  startup_stm32f10x_md.o [1]
  .text               ro code  0x0800d2b0     0x4  startup_stm32f10x_md.o [1]
  .text               ro code  0x0800d2b4     0x4  startup_stm32f10x_md.o [1]
  .text               ro code  0x0800d2b8     0x4  startup_stm32f10x_md.o [1]
  .text               ro code  0x0800d2bc     0x4  startup_stm32f10x_md.o [1]
  .rodata             const    0x0800d2c0     0x0  zero_init3.o [5]
  .rodata             const    0x0800d2c0     0x0  copy_init3.o [5]
  Initializer bytes   ro data  0x0800d2c0    0x9c  <for P2 s0>
                             - 0x0800d35c  0xd270

"P2", part 1 of 3:                           0x9c
  P2 s0                        0x20000000    0x9c  <Init block>
    .data             inited   0x20000000    0x50  sim800g.o [1]
    .data             inited   0x20000050    0x14  sim800g.o [1]
    .data             inited   0x20000064    0x10  stm32f10x_rcc.o [1]
    .data             inited   0x20000074     0x8  sim800g.o [1]
    .data             inited   0x2000007c     0x8  sim800g.o [1]
    .data             inited   0x20000084     0x4  stm32f10x_rcc.o [1]
    .data             inited   0x20000088     0x4  tasks.o [1]
    __DLIB_PERTHREAD  inited   0x2000008c     0x4  errno.o [3]
    .data             inited   0x20000090     0x2  sim800g.o [1]
    .data             inited   0x20000092     0x1  main.o [1]
    .data             inited   0x20000093     0x1  main.o [1]
    .data             inited   0x20000094     0x1  main.o [1]
    .data             inited   0x20000095     0x1  sim800g.o [1]
    .data             inited   0x20000096     0x1  sim800g.o [1]
    .data             inited   0x20000097     0x1  sim800g.o [1]
    .data             inited   0x20000098     0x1  sim800g.o [1]
                             - 0x2000009c    0x9c

"P2", part 2 of 3:                         0x4c94
  .bss                zero     0x2000009c  0x1000  main.o [1]
  .bss                zero     0x2000109c   0x640  os_cfg_app.o [1]
  .bss                zero     0x200016dc   0x600  main.o [1]
  .bss                zero     0x20001cdc   0x600  main.o [1]
  .bss                zero     0x200022dc   0x600  main.o [1]
  .bss                zero     0x200028dc   0x200  main.o [1]
  .bss                zero     0x20002adc   0x200  main.o [1]
  .bss                zero     0x20002cdc   0x200  main.o [1]
  .bss                zero     0x20002edc   0x200  main.o [1]
  .bss                zero     0x200030dc   0x200  main.o [1]
  .bss                zero     0x200032dc   0x200  main.o [1]
  .bss                zero     0x200034dc   0x200  main.o [1]
  .bss                zero     0x200036dc   0x200  os_cfg_app.o [1]
  .bss                zero     0x200038dc   0x200  os_cfg_app.o [1]
  .bss                zero     0x20003adc   0x200  os_cfg_app.o [1]
  .bss                zero     0x20003cdc   0x200  os_cfg_app.o [1]
  .bss                zero     0x20003edc   0x180  os_var.o [1]
  .bss                zero     0x2000405c    0xb4  main.o [1]
  .bss                zero     0x20004110    0xb4  main.o [1]
  .bss                zero     0x200041c4    0xb4  main.o [1]
  .bss                zero     0x20004278    0xb4  main.o [1]
  .bss                zero     0x2000432c    0xb4  main.o [1]
  .bss                zero     0x200043e0    0xb4  main.o [1]
  .bss                zero     0x20004494    0xb4  main.o [1]
  .bss                zero     0x20004548    0xb4  main.o [1]
  .bss                zero     0x200045fc    0xb4  main.o [1]
  .bss                zero     0x200046b0    0xb4  os_var.o [1]
  .bss                zero     0x20004764    0xb4  os_var.o [1]
  .bss                zero     0x20004818    0xb4  os_var.o [1]
  .bss                zero     0x200048cc    0x88  os_cfg_app.o [1]
  .bss                zero     0x20004954    0x88  os_cfg_app.o [1]
  .bss                zero     0x200049dc    0x78  main.o [1]
  .bss                zero     0x20004a54    0x2c  main.o [1]
  .bss                zero     0x20004a80    0x24  main.o [1]
  .bss                zero     0x20004aa4    0x24  main.o [1]
  .bss                zero     0x20004ac8    0x24  main.o [1]
  .bss                zero     0x20004aec    0x24  main.o [1]
  .bss                zero     0x20004b10    0x24  main.o [1]
  .bss                zero     0x20004b34    0x20  main.o [1]
  .bss                zero     0x20004b54    0x20  main.o [1]
  .bss                zero     0x20004b74    0x1c  main.o [1]
  .bss                zero     0x20004b90    0x1c  main.o [1]
  .bss                zero     0x20004bac    0x1c  main.o [1]
  .bss                zero     0x20004bc8    0x1c  main.o [1]
  .bss                zero     0x20004be4    0x1c  main.o [1]
  .bss                zero     0x20004c00    0x1c  main.o [1]
  .bss                zero     0x20004c1c    0x1c  main.o [1]
  .bss                zero     0x20004c38    0x1c  main.o [1]
  .bss                zero     0x20004c54    0x18  main.o [1]
  .bss                zero     0x20004c6c    0x18  main.o [1]
  .bss                zero     0x20004c84    0x10  cpu_core.o [1]
  .bss                zero     0x20004c94     0xc  os_var.o [1]
  .bss                zero     0x20004ca0     0x4  cpu_core.o [1]
  .bss                zero     0x20004ca4     0x4  main.o [1]
  .bss                zero     0x20004ca8     0x4  os_cpu_c.o [1]
  .bss                zero     0x20004cac     0x4  os_prio.o [1]
  .bss                zero     0x20004cb0     0x4  os_var.o [1]
  .bss                zero     0x20004cb4     0x4  os_var.o [1]
  .bss                zero     0x20004cb8     0x4  os_var.o [1]
  .bss                zero     0x20004cbc     0x4  os_var.o [1]
  .bss                zero     0x20004cc0     0x4  os_var.o [1]
  .bss                zero     0x20004cc4     0x4  os_var.o [1]
  .bss                zero     0x20004cc8     0x4  os_var.o [1]
  .bss                zero     0x20004ccc     0x4  os_var.o [1]
  .bss                zero     0x20004cd0     0x4  os_var.o [1]
  .bss                zero     0x20004cd4     0x4  os_var.o [1]
  .bss                zero     0x20004cd8     0x4  os_var.o [1]
  .bss                zero     0x20004cdc     0x4  os_var.o [1]
  .bss                zero     0x20004ce0     0x4  os_var.o [1]
  .bss                zero     0x20004ce4     0x4  os_var.o [1]
  .bss                zero     0x20004ce8     0x4  os_var.o [1]
  .bss                zero     0x20004cec     0x4  os_var.o [1]
  .bss                zero     0x20004cf0     0x4  os_var.o [1]
  .bss                zero     0x20004cf4     0x4  os_var.o [1]
  .bss                zero     0x20004cf8     0x4  tasks.o [1]
  .bss                zero     0x20004cfc     0x4  tasks.o [1]
  .bss                zero     0x20004d00     0x4  tasks.o [1]
  .bss                zero     0x20004d04     0x4  tasks.o [1]
  .bss                zero     0x20004d08     0x2  os_var.o [1]
  .bss                zero     0x20004d0a     0x2  os_var.o [1]
  .bss                zero     0x20004d0c     0x2  os_var.o [1]
  .bss                zero     0x20004d0e     0x2  os_var.o [1]
  .bss                zero     0x20004d10     0x2  os_var.o [1]
  .bss                zero     0x20004d12     0x2  os_var.o [1]
  .bss                zero     0x20004d14     0x2  os_var.o [1]
  .bss                zero     0x20004d16     0x1  main.o [1]
  .bss                zero     0x20004d17     0x1  main.o [1]
  .bss                zero     0x20004d18     0x1  main.o [1]
  .bss                zero     0x20004d19     0x1  os_var.o [1]
  .bss                zero     0x20004d1a     0x1  os_var.o [1]
  .bss                zero     0x20004d1b     0x1  os_var.o [1]
  .bss                zero     0x20004d1c     0x1  os_var.o [1]
  .bss                zero     0x20004d1d     0x1  os_var.o [1]
  .bss                zero     0x20004d1e     0x1  os_var.o [1]
  .bss                zero     0x20004d1f     0x1  os_var.o [1]
  .bss                zero     0x20004d20     0x1  os_var.o [1]
  .bss                zero     0x20004d21     0x1  tasks.o [1]
  .bss                zero     0x20004d22     0x1  tasks.o [1]
  .bss                zero     0x20004d23     0x1  tasks.o [1]
  .bss                zero     0x20004d24     0x1  tasks.o [1]
  .bss                zero     0x20004d25     0x1  tasks.o [1]
  .bss                zero     0x20004d26     0x1  tasks.o [1]
  .bss                zero     0x20004d27     0x1  tasks.o [1]
  .bss                zero     0x20004d28     0x1  tasks.o [1]
                             - 0x20004d29  0x4c8d

"P2", part 3 of 3:                          0x200
  CSTACK                       0x20004d30   0x200  <Block>
    CSTACK            uninit   0x20004d30   0x200  <Block tail>
                             - 0x20004f30   0x200


*******************************************************************************
*** INIT TABLE
***

          Address     Size
          -------     ----
Zero (__iar_zero_init3)
    1 destination range, total size 0x4c8d:
          0x2000009c  0x4c8d

Copy (__iar_copy_init3)
    1 source range, total size 0x9c (101% of destination):
          0x0800d2c0    0x9c
    1 destination range, total size 0x99:
          0x20000000    0x99



*******************************************************************************
*** MODULE SUMMARY
***

    Module                  ro code  ro data  rw data
    ------                  -------  -------  -------
C:\Users\liuyu\IAR_workspace\Code_Concentrator_MBUS_485\Test\Debug\Obj: [1]
    bsp.o                     1 238
    cpu_a.o                      52
    cpu_core.o                   76                20
    lib_mem.o                   284
    lib_mem_a.o                 544
    lib_str.o                   542
    main.o                    1 304      151   14 598
    misc.o                      128
    os_cfg_app.o                172      100    3 920
    os_core.o                 2 440       20
    os_cpu_a.o                  132
    os_cpu_c.o                  472                 4
    os_flag.o                 1 706
    os_mem.o                    384
    os_msg.o                    508
    os_mutex.o                  976
    os_prio.o                   136                 4
    os_q.o                      900
    os_sem.o                    770
    os_task.o                 1 684        8
    os_tick.o                 1 048       20
    os_time.o                   272
    os_tmr.o                  1 328       24
    os_var.o                                    1 030
    readeg.o                  2 728
    serial.o                  1 136
    sim800g.o                 1 932      334      122
    spi_flash.o               2 356
    startup_stm32f10x_md.o      408
    stm32f10x_exti.o            200
    stm32f10x_flash.o            60
    stm32f10x_gpio.o            452
    stm32f10x_it.o               54
    stm32f10x_iwdg.o             44
    stm32f10x_rcc.o             600       20       20
    stm32f10x_spi.o             164
    stm32f10x_usart.o           482
    system_stm32f10x.o          110
    tasks.o                  18 472       44       28
    timestamp.o                  60
    -------------------------------------------------
    Total:                   46 354      721   19 746

command line: [2]
    -------------------------------------------------
    Total:

dl7M_tln.a: [3]
    atoi.o                        8
    div.o                        14
    errno.o                      12        4        4
    exit.o                        4
    low_level_init.o              4
    memset.o                     20
    sprintf.o                    52
    xprintffull_nomb.o        3 462
    xsprout.o                    10
    xstoul.o                    412
    xtls.o                        2
    -------------------------------------------------
    Total:                    4 000        4        4

m7M_tl.a: [4]
    DblAdd.o                    212
    DblCmpGe.o                   46
    DblCmpLe.o                   46
    DblDiv.o                    582
    DblMul.o                    418
    DblSub.o                    384
    DblToI32.o                   88
    I32ToDbl.o                   48
    xdnorm.o                     66
    xdscale.o                   268
    -------------------------------------------------
    Total:                    2 158

rt7M_tl.a: [5]
    ABImemcpy_unaligned.o       118
    ABImemset.o                 102
    I64DivMod.o                 238
    I64DivZer.o                   2
    cexit.o                      10
    cmain.o                      26
    copy_init3.o                 46
    cstartup_M.o                 12
    data_init.o                  40
    memchr.o                     88
    strchr.o                     22
    strlen.o                     54
    zero_init3.o                 34
    -------------------------------------------------
    Total:                      792

shb_l.a: [6]
    exit.o                       20
    -------------------------------------------------
    Total:                       20

    Gaps                         20
    Linker created                        39      512
-----------------------------------------------------
    Grand Total:             53 344      764   20 262


*******************************************************************************
*** ENTRY LIST
***

Entry                      Address    Size  Type      Object
-----                      -------    ----  ----      ------
?main                   0x0800cf91          Code  Gb  cmain.o [5]
ADCPrescTable           0x20000084     0x4  Data  Lc  stm32f10x_rcc.o [1]
APBAHBPrescTable        0x20000064    0x10  Data  Lc  stm32f10x_rcc.o [1]
BSP_CPU_ClkFreq         0x0800b943    0x10  Code  Gb  bsp.o [1]
BSP_GPIO_Init           0x0800b52d   0x1f2  Code  Gb  bsp.o [1]
BSP_IWDG_Init           0x0800b929    0x1a  Code  Gb  bsp.o [1]
BSP_Init                0x0800b47d    0xb0  Code  Gb  bsp.o [1]
BSP_NVIC_Init           0x0800b837    0x6c  Code  Gb  bsp.o [1]
BSP_SPI_Init            0x0800b8a3    0x66  Code  Gb  bsp.o [1]
BSP_USART_Init          0x0800b71f   0x118  Code  Gb  bsp.o [1]
BusFault_Handler        0x0800cf15     0x2  Code  Gb  stm32f10x_it.o [1]
CPU_CntLeadZeros        0x080063ef          Code  Gb  cpu_a.o [1]
CPU_CntTrailZeros       0x080063f5          Code  Gb  cpu_a.o [1]
CPU_Init                0x0800b955     0xc  Code  Gb  cpu_core.o [1]
CPU_IntDis              0x080063d1          Code  Gb  cpu_a.o [1]
CPU_IntEn               0x080063d5          Code  Gb  cpu_a.o [1]
CPU_Name                0x20004c84    0x10  Data  Gb  cpu_core.o [1]
CPU_NameClr             0x0800b961    0x1a  Code  Gb  cpu_core.o [1]
CPU_NameInit            0x0800b981     0x8  Code  Lc  cpu_core.o [1]
CPU_RevBits             0x080063ff          Code  Gb  cpu_a.o [1]
CPU_SR_Restore          0x080063e1          Code  Gb  cpu_a.o [1]
CPU_SR_Save             0x080063d9          Code  Gb  cpu_a.o [1]
CPU_TS_Init             0x0800b989     0xe  Code  Lc  cpu_core.o [1]
CPU_TS_TmrFreqSet       0x0800b97b     0x6  Code  Gb  cpu_core.o [1]
CPU_TS_TmrFreq_Hz       0x20004ca0     0x4  Data  Gb  cpu_core.o [1]
CPU_TS_TmrInit          0x08009511    0x2a  Code  Gb  timestamp.o [1]
CPU_TS_TmrRd            0x0800953b     0x6  Code  Gb  timestamp.o [1]
CPU_WaitForExcept       0x080063eb          Code  Gb  cpu_a.o [1]
CPU_WaitForInt          0x080063e7          Code  Gb  cpu_a.o [1]
CSTACK$$Base            0x20004d30           --   Gb  - Linker created -
CSTACK$$Limit           0x20004f30           --   Gb  - Linker created -
DebugMon_Handler        0x0800cf1b     0x2  Code  Gb  stm32f10x_it.o [1]
Device_Cmd              0x080055e5    0x80  Code  Gb  sim800g.o [1]
Device_Read             0x08005a9f    0x34  Code  Gb  serial.o [1]
EXTI15_10_IRQHandler    0x0800cf3d     0x8  Code  Gb  stm32f10x_it.o [1]
EXTI_ClearITPendingBit  0x080097e5     0x6  Code  Gb  stm32f10x_exti.o [1]
EXTI_GetITStatus        0x080097c1    0x24  Code  Gb  stm32f10x_exti.o [1]
EXTI_Init               0x08009739    0x88  Code  Gb  stm32f10x_exti.o [1]
FLAG_Event              0x20004c38    0x1c  Data  Gb  main.o [1]
FLASH_PrefetchBufferCmd
                        0x0800c7d1    0x20  Code  Gb  stm32f10x_flash.o [1]
FLASH_SetLatency        0x0800c7b9    0x18  Code  Gb  stm32f10x_flash.o [1]
GPIO_EXTILineConfig     0x0800656d    0x50  Code  Gb  stm32f10x_gpio.o [1]
GPIO_Init               0x08006405    0xc8  Code  Gb  stm32f10x_gpio.o [1]
GPIO_PinRemapConfig     0x080064ef    0x7e  Code  Gb  stm32f10x_gpio.o [1]
GPIO_ReadInputDataBit   0x080064cd    0x16  Code  Gb  stm32f10x_gpio.o [1]
GPIO_ResetBits          0x080064e9     0x6  Code  Gb  stm32f10x_gpio.o [1]
GPIO_SetBits            0x080064e3     0x6  Code  Gb  stm32f10x_gpio.o [1]
GetFlash                0x0800799b   0x12e  Code  Gb  spi_flash.o [1]
HardFault_Handler       0x0800cf11     0x2  Code  Gb  stm32f10x_it.o [1]
IWDG_Enable             0x0800c88f     0xa  Code  Gb  stm32f10x_iwdg.o [1]
IWDG_ReloadCounter      0x0800c885     0xa  Code  Gb  stm32f10x_iwdg.o [1]
IWDG_SetPrescaler       0x0800c87d     0x8  Code  Gb  stm32f10x_iwdg.o [1]
IWDG_WriteAccessCmd     0x0800c875     0x8  Code  Gb  stm32f10x_iwdg.o [1]
MEM_Buf                 0x20004c54    0x18  Data  Gb  main.o [1]
MEM_ISR                 0x20004c6c    0x18  Data  Gb  main.o [1]
MUTEX_CONFIGFLASH       0x20004b34    0x20  Data  Gb  main.o [1]
MUTEX_SENDSERVER        0x20004b54    0x20  Data  Gb  main.o [1]
MemManage_Handler       0x0800cf13     0x2  Code  Gb  stm32f10x_it.o [1]
Mem_Clr                 0x08004e19     0xc  Code  Gb  lib_mem.o [1]
Mem_Cmp                 0x08004e7f    0xb6  Code  Gb  lib_mem.o [1]
Mem_Copy                0x080061b1          Code  Gb  lib_mem_a.o [1]
Mem_Set                 0x08004e25    0x5a  Code  Gb  lib_mem.o [1]
NMI_Handler             0x0800cf0f     0x2  Code  Gb  stm32f10x_it.o [1]
NVIC_Init               0x0800c7ff    0x62  Code  Gb  misc.o [1]
NVIC_PriorityGroupConfig
                        0x0800c7f5     0xa  Code  Gb  misc.o [1]
OSCfg_DataSizeRAM       0x0800d21c     0x4  Data  Gb  os_cfg_app.o [1]
OSCfg_ISRStk            0x200038dc   0x200  Data  Gb  os_cfg_app.o [1]
OSCfg_ISRStkBasePtr     0x0800d1d4     0x4  Data  Gb  os_cfg_app.o [1]
OSCfg_ISRStkSize        0x0800d1d8     0x4  Data  Gb  os_cfg_app.o [1]
OSCfg_ISRStkSizeRAM     0x0800d1dc     0x4  Data  Gb  os_cfg_app.o [1]
OSCfg_IdleTaskStk       0x200036dc   0x200  Data  Gb  os_cfg_app.o [1]
OSCfg_IdleTaskStkBasePtr
                        0x0800d1c4     0x4  Data  Gb  os_cfg_app.o [1]
OSCfg_IdleTaskStkLimit  0x0800d1c8     0x4  Data  Gb  os_cfg_app.o [1]
OSCfg_IdleTaskStkSize   0x0800d1cc     0x4  Data  Gb  os_cfg_app.o [1]
OSCfg_IdleTaskStkSizeRAM
                        0x0800d1d0     0x4  Data  Gb  os_cfg_app.o [1]
OSCfg_Init              0x0800b34d    0xac  Code  Gb  os_cfg_app.o [1]
OSCfg_MsgPool           0x2000109c   0x640  Data  Gb  os_cfg_app.o [1]
OSCfg_MsgPoolBasePtr    0x0800d1e4     0x4  Data  Gb  os_cfg_app.o [1]
OSCfg_MsgPoolSize       0x08009736     0x2  Data  Gb  os_cfg_app.o [1]
OSCfg_MsgPoolSizeRAM    0x0800d1e0     0x4  Data  Gb  os_cfg_app.o [1]
OSCfg_StkSizeMin        0x0800d1e8     0x4  Data  Gb  os_cfg_app.o [1]
OSCfg_TickRate_Hz       0x0800d1ec     0x4  Data  Gb  os_cfg_app.o [1]
OSCfg_TickTaskPrio      0x0800bdfa     0x1  Data  Gb  os_cfg_app.o [1]
OSCfg_TickTaskStk       0x20003adc   0x200  Data  Gb  os_cfg_app.o [1]
OSCfg_TickTaskStkBasePtr
                        0x0800d1f0     0x4  Data  Gb  os_cfg_app.o [1]
OSCfg_TickTaskStkLimit  0x0800d1f4     0x4  Data  Gb  os_cfg_app.o [1]
OSCfg_TickTaskStkSize   0x0800d1f8     0x4  Data  Gb  os_cfg_app.o [1]
OSCfg_TickTaskStkSizeRAM
                        0x0800d1fc     0x4  Data  Gb  os_cfg_app.o [1]
OSCfg_TickWheel         0x200048cc    0x88  Data  Gb  os_cfg_app.o [1]
OSCfg_TickWheelSize     0x0800b34a     0x2  Data  Gb  os_cfg_app.o [1]
OSCfg_TickWheelSizeRAM  0x0800d200     0x4  Data  Gb  os_cfg_app.o [1]
OSCfg_TmrTaskPrio       0x0800bdfb     0x1  Data  Gb  os_cfg_app.o [1]
OSCfg_TmrTaskRate_Hz    0x0800d204     0x4  Data  Gb  os_cfg_app.o [1]
OSCfg_TmrTaskStk        0x20003cdc   0x200  Data  Gb  os_cfg_app.o [1]
OSCfg_TmrTaskStkBasePtr
                        0x0800d208     0x4  Data  Gb  os_cfg_app.o [1]
OSCfg_TmrTaskStkLimit   0x0800d20c     0x4  Data  Gb  os_cfg_app.o [1]
OSCfg_TmrTaskStkSize    0x0800d210     0x4  Data  Gb  os_cfg_app.o [1]
OSCfg_TmrTaskStkSizeRAM
                        0x0800d214     0x4  Data  Gb  os_cfg_app.o [1]
OSCfg_TmrWheel          0x20004954    0x88  Data  Gb  os_cfg_app.o [1]
OSCfg_TmrWheelSize      0x0800b952     0x2  Data  Gb  os_cfg_app.o [1]
OSCfg_TmrWheelSizeRAM   0x0800d218     0x4  Data  Gb  os_cfg_app.o [1]
OSFlagCreate            0x080082d9    0x66  Code  Gb  os_flag.o [1]
OSFlagPend              0x0800833f   0x40c  Code  Gb  os_flag.o [1]
OSFlagPost              0x0800874b    0x5e  Code  Gb  os_flag.o [1]
OSFlagQty               0x20004d08     0x2  Data  Gb  os_var.o [1]
OSIdleTaskCtr           0x20004ccc     0x4  Data  Gb  os_var.o [1]
OSIdleTaskHook          0x08009c19    0x12  Code  Gb  os_cpu_c.o [1]
OSIdleTaskTCB           0x200046b0    0xb4  Data  Gb  os_var.o [1]
OSInit                  0x08008b89   0x150  Code  Gb  os_core.o [1]
OSInitHook              0x08009c2b    0x14  Code  Gb  os_cpu_c.o [1]
OSIntExit               0x08008cd9    0xc8  Code  Gb  os_core.o [1]
OSIntNestingCtr         0x20004d19     0x1  Data  Gb  os_var.o [1]
OSMemCreate             0x08004c99    0xd0  Code  Gb  os_mem.o [1]
OSMemGet                0x08004d69    0x46  Code  Gb  os_mem.o [1]
OSMemPut                0x08004daf    0x50  Code  Gb  os_mem.o [1]
OSMemQty                0x20004d0a     0x2  Data  Gb  os_var.o [1]
OSMsgPool               0x20004c94     0xc  Data  Gb  os_var.o [1]
OSMutexCreate           0x080065c9    0x68  Code  Gb  os_mutex.o [1]
OSMutexPend             0x08006631   0x21c  Code  Gb  os_mutex.o [1]
OSMutexPost             0x0800684d   0x126  Code  Gb  os_mutex.o [1]
OSMutexQty              0x20004d0c     0x2  Data  Gb  os_var.o [1]
OSPrioCur               0x20004d1b     0x1  Data  Gb  os_var.o [1]
OSPrioHighRdy           0x20004d1c     0x1  Data  Gb  os_var.o [1]
OSPrioSaved             0x20004d1d     0x1  Data  Gb  os_var.o [1]
OSPrioTbl               0x20004cac     0x4  Data  Gb  os_prio.o [1]
OSQCreate               0x08004915    0x7c  Code  Gb  os_q.o [1]
OSQPend                 0x08004991   0x1be  Code  Gb  os_q.o [1]
OSQPost                 0x08004b4f    0x84  Code  Gb  os_q.o [1]
OSQQty                  0x20004d0e     0x2  Data  Gb  os_var.o [1]
OSRdyList               0x20003edc   0x180  Data  Gb  os_var.o [1]
OSRunning               0x20004d1a     0x1  Data  Gb  os_var.o [1]
OSSched                 0x08008da1    0x8e  Code  Gb  os_core.o [1]
OSSchedLock             0x08008e2f    0x58  Code  Gb  os_core.o [1]
OSSchedLockNestingCtr   0x20004d1e     0x1  Data  Gb  os_var.o [1]
OSSchedRoundRobinDfltTimeQuanta
                        0x20004cd0     0x4  Data  Gb  os_var.o [1]
OSSchedRoundRobinEn     0x20004d1f     0x1  Data  Gb  os_var.o [1]
OSSchedUnlock           0x08008e87    0x72  Code  Gb  os_core.o [1]
OSSemCreate             0x08005e8d    0x66  Code  Gb  os_sem.o [1]
OSSemPend               0x08005ef3   0x174  Code  Gb  os_sem.o [1]
OSSemPost               0x08006067    0x60  Code  Gb  os_sem.o [1]
OSSemQty                0x20004d10     0x2  Data  Gb  os_var.o [1]
OSStart                 0x08008ef9    0x64  Code  Gb  os_core.o [1]
OSStartHighRdy          0x0800b3f9          Code  Gb  os_cpu_a.o [1]
OSTCBCurPtr             0x20004cf0     0x4  Data  Gb  os_var.o [1]
OSTCBHighRdyPtr         0x20004cf4     0x4  Data  Gb  os_var.o [1]
OSTaskCreate            0x08009df1   0x176  Code  Gb  os_task.o [1]
OSTaskCreateHook        0x08009c3f    0x12  Code  Gb  os_cpu_c.o [1]
OSTaskCtxSwCtr          0x20004cd4     0x4  Data  Gb  os_var.o [1]
OSTaskDel               0x08009f67    0xea  Code  Gb  os_task.o [1]
OSTaskDelHook           0x08009c51    0x12  Code  Gb  os_cpu_c.o [1]
OSTaskQty               0x20004d12     0x2  Data  Gb  os_var.o [1]
OSTaskRegNextAvailID    0x20004d20     0x1  Data  Gb  os_var.o [1]
OSTaskReturnHook        0x08009c63    0x12  Code  Gb  os_cpu_c.o [1]
OSTaskSemPend           0x0800a051   0x1cc  Code  Gb  os_task.o [1]
OSTaskSemPost           0x0800a21d    0x34  Code  Gb  os_task.o [1]
OSTaskStkInit           0x08009c75    0x80  Code  Gb  os_cpu_c.o [1]
OSTaskSwHook            0x08009cf5    0x56  Code  Gb  os_cpu_c.o [1]
OSTickCtr               0x20004cd8     0x4  Data  Gb  os_var.o [1]
OSTickTaskTCB           0x20004764    0xb4  Data  Gb  os_var.o [1]
OSTickTaskTimeMax       0x20004cdc     0x4  Data  Gb  os_var.o [1]
OSTimeDly               0x08005b31    0xa0  Code  Gb  os_time.o [1]
OSTimeTick              0x08005bd1    0x4a  Code  Gb  os_time.o [1]
OSTimeTickHook          0x08009d4b    0x12  Code  Gb  os_cpu_c.o [1]
OSTmrCreate             0x08007d75    0xb0  Code  Gb  os_tmr.o [1]
OSTmrQty                0x20004d14     0x2  Data  Gb  os_var.o [1]
OSTmrStart              0x08007e25    0xaa  Code  Gb  os_tmr.o [1]
OSTmrStop               0x08007ecf    0xf0  Code  Gb  os_tmr.o [1]
OSTmrTaskTCB            0x20004818    0xb4  Data  Gb  os_var.o [1]
OSTmrTaskTimeMax        0x20004ce0     0x4  Data  Gb  os_var.o [1]
OSTmrTickCtr            0x20004ce4     0x4  Data  Gb  os_var.o [1]
OSTmrUpdateCnt          0x20004ce8     0x4  Data  Gb  os_var.o [1]
OSTmrUpdateCtr          0x20004cec     0x4  Data  Gb  os_var.o [1]
OS_AppIdleTaskHookPtr   0x20004cbc     0x4  Data  Gb  os_var.o [1]
OS_AppStatTaskHookPtr   0x20004cc0     0x4  Data  Gb  os_var.o [1]
OS_AppTaskCreateHookPtr
                        0x20004cb0     0x4  Data  Gb  os_var.o [1]
OS_AppTaskDelHookPtr    0x20004cb4     0x4  Data  Gb  os_var.o [1]
OS_AppTaskReturnHookPtr
                        0x20004cb8     0x4  Data  Gb  os_var.o [1]
OS_AppTaskSwHookPtr     0x20004cc4     0x4  Data  Gb  os_var.o [1]
OS_AppTimeTickHookPtr   0x20004cc8     0x4  Data  Gb  os_var.o [1]
OS_CPU_ExceptStkBase    0x20004ca8     0x4  Data  Gb  os_cpu_c.o [1]
OS_CPU_SysTickHandler   0x08009d5d    0x24  Code  Gb  os_cpu_c.o [1]
OS_CPU_SysTickInit      0x08009d81    0x2c  Code  Gb  os_cpu_c.o [1]
OS_FlagBlock            0x080087a9    0x26  Code  Gb  os_flag.o [1]
OS_FlagInit             0x080087cf     0xc  Code  Gb  os_flag.o [1]
OS_FlagPost             0x080087f1   0x13c  Code  Gb  os_flag.o [1]
OS_FlagTaskRdy          0x0800892d    0x56  Code  Gb  os_flag.o [1]
OS_IdleTask             0x08008f5d    0x24  Code  Gb  os_core.o [1]
OS_IdleTaskInit         0x08008f81    0x50  Code  Gb  os_core.o [1]
OS_MemInit              0x08004dff     0xc  Code  Gb  os_mem.o [1]
OS_MsgPoolInit          0x0800898d    0x86  Code  Gb  os_msg.o [1]
OS_MsgQFreeAll          0x08008a13    0x44  Code  Gb  os_msg.o [1]
OS_MsgQGet              0x08008a6b    0x70  Code  Gb  os_msg.o [1]
OS_MsgQInit             0x08008a57    0x14  Code  Gb  os_msg.o [1]
OS_MsgQPut              0x08008adb    0xa2  Code  Gb  os_msg.o [1]
OS_MutexInit            0x08006973     0xc  Code  Gb  os_mutex.o [1]
OS_Pend                 0x08008fd1    0x60  Code  Gb  os_core.o [1]
OS_PendDataInit         0x08009031    0x34  Code  Gb  os_core.o [1]
OS_PendListChangePrio   0x08009065    0x34  Code  Gb  os_core.o [1]
OS_PendListInit         0x08009099     0xe  Code  Gb  os_core.o [1]
OS_PendListInsertPrio   0x080090a7    0x6e  Code  Gb  os_core.o [1]
OS_PendListRemove       0x08009115    0x28  Code  Gb  os_core.o [1]
OS_PendListRemove1      0x0800913d    0x48  Code  Gb  os_core.o [1]
OS_Post                 0x08009185    0xb0  Code  Gb  os_core.o [1]
OS_Post1                0x08009235    0x26  Code  Gb  os_core.o [1]
OS_PrioGetHighest       0x0800a499    0x20  Code  Gb  os_prio.o [1]
OS_PrioInit             0x0800a485    0x14  Code  Gb  os_prio.o [1]
OS_PrioInsert           0x0800a4b9    0x26  Code  Gb  os_prio.o [1]
OS_PrioRemove           0x0800a4df    0x28  Code  Gb  os_prio.o [1]
OS_QInit                0x08004bd3     0xc  Code  Gb  os_q.o [1]
OS_QPost                0x08004bf5    0xa4  Code  Gb  os_q.o [1]
OS_RdyListInit          0x0800925b    0x24  Code  Gb  os_core.o [1]
OS_RdyListInsert        0x0800927f    0x28  Code  Gb  os_core.o [1]
OS_RdyListInsertHead    0x080092a7    0x3a  Code  Gb  os_core.o [1]
OS_RdyListInsertTail    0x080092e1    0x38  Code  Gb  os_core.o [1]
OS_RdyListMoveHeadToTail
                        0x08009319    0x40  Code  Gb  os_core.o [1]
OS_RdyListRemove        0x08009359    0x5c  Code  Gb  os_core.o [1]
OS_SchedRoundRobin      0x080093b5    0x8a  Code  Gb  os_core.o [1]
OS_SemInit              0x080060c7     0xc  Code  Gb  os_sem.o [1]
OS_SemPost              0x080060e9    0xa6  Code  Gb  os_sem.o [1]
OS_TaskBlock            0x080094bd    0x3a  Code  Gb  os_core.o [1]
OS_TaskInit             0x0800a251    0x16  Code  Gb  os_task.o [1]
OS_TaskInitTCB          0x0800a267   0x106  Code  Gb  os_task.o [1]
OS_TaskRdy              0x080094f7    0x1a  Code  Gb  os_core.o [1]
OS_TaskReturn           0x0800a379    0x14  Code  Gb  os_task.o [1]
OS_TaskSemPost          0x0800a399    0xd4  Code  Gb  os_task.o [1]
OS_TickListInit         0x080098c7    0x2a  Code  Gb  os_tick.o [1]
OS_TickListInsert       0x080098f1   0x11c  Code  Gb  os_tick.o [1]
OS_TickListRemove       0x08009a0d    0x42  Code  Gb  os_tick.o [1]
OS_TickListUpdate       0x08009a4f   0x190  Code  Gb  os_tick.o [1]
OS_TickTask             0x08009801    0x28  Code  Gb  os_tick.o [1]
OS_TickTaskInit         0x08009829    0x9e  Code  Gb  os_tick.o [1]
OS_TmrInit              0x08007fbf    0xd4  Code  Gb  os_tmr.o [1]
OS_TmrLink              0x08008093    0xd0  Code  Gb  os_tmr.o [1]
OS_TmrTask              0x080081b1    0xaa  Code  Gb  os_tmr.o [1]
OS_TmrUnlink            0x08008163    0x4c  Code  Gb  os_tmr.o [1]
ObjCreate               0x0800cc15   0x176  Code  Gb  main.o [1]
OverLoad                0x08005ad3    0x24  Code  Gb  serial.o [1]
PendSV_Handler          0x0800b417          Code  Gb  os_cpu_a.o [1]
PutFlash                0x08007ac9   0x134  Code  Gb  spi_flash.o [1]
Q_Config                0x20004aec    0x24  Data  Gb  main.o [1]
Q_Deal                  0x20004b10    0x24  Data  Gb  main.o [1]
Q_Read                  0x20004aa4    0x24  Data  Gb  main.o [1]
Q_ReadData              0x20004ac8    0x24  Data  Gb  main.o [1]
Q_Slave                 0x20004a80    0x24  Data  Gb  main.o [1]
RCC_APB1PeriphClockCmd  0x0800bcf5    0x20  Code  Gb  stm32f10x_rcc.o [1]
RCC_APB2PeriphClockCmd  0x0800bcd5    0x20  Code  Gb  stm32f10x_rcc.o [1]
RCC_DeInit              0x0800bb3d    0x60  Code  Gb  stm32f10x_rcc.o [1]
RCC_GetClocksFreq       0x0800bc15    0xc0  Code  Gb  stm32f10x_rcc.o [1]
RCC_GetFlagStatus       0x0800bd15    0x44  Code  Gb  stm32f10x_rcc.o [1]
RCC_HCLKConfig          0x0800bbcf    0x14  Code  Gb  stm32f10x_rcc.o [1]
RCC_LSICmd              0x0800bc0d     0x8  Code  Gb  stm32f10x_rcc.o [1]
RCC_PCLK1Config         0x0800bbe3    0x14  Code  Gb  stm32f10x_rcc.o [1]
RCC_PCLK2Config         0x0800bbf7    0x16  Code  Gb  stm32f10x_rcc.o [1]
RCC_PLLCmd              0x0800bbb3     0x8  Code  Gb  stm32f10x_rcc.o [1]
RCC_PLLConfig           0x0800bb9d    0x16  Code  Gb  stm32f10x_rcc.o [1]
RCC_SYSCLKConfig        0x0800bbbb    0x14  Code  Gb  stm32f10x_rcc.o [1]
Region$$Table$$Base     0x0800cf6c           --   Gb  - Linker created -
Region$$Table$$Limit    0x0800cf90           --   Gb  - Linker created -
SEM_ACKData             0x20004be4    0x1c  Data  Gb  main.o [1]
SEM_HeartBeat           0x20004bc8    0x1c  Data  Gb  main.o [1]
SEM_Send                0x20004c00    0x1c  Data  Gb  main.o [1]
SEM_SendOver            0x20004c1c    0x1c  Data  Gb  main.o [1]
SEM_ServerTX            0x20004b74    0x1c  Data  Gb  main.o [1]
SEM_Slave_485TX         0x20004b90    0x1c  Data  Gb  main.o [1]
SEM_Slave_mbusTX        0x20004bac    0x1c  Data  Gb  main.o [1]
SPI_Cmd                 0x0800a561    0x1c  Code  Gb  stm32f10x_spi.o [1]
SPI_I2S_GetFlagStatus   0x0800a5b1    0x14  Code  Gb  stm32f10x_spi.o [1]
SPI_I2S_ITConfig        0x0800a57d    0x2c  Code  Gb  stm32f10x_spi.o [1]
SPI_I2S_ReceiveData     0x0800a5ad     0x4  Code  Gb  stm32f10x_spi.o [1]
SPI_I2S_SendData        0x0800a5a9     0x4  Code  Gb  stm32f10x_spi.o [1]
SPI_Init                0x0800a521    0x40  Code  Gb  stm32f10x_spi.o [1]
STK_Config              0x200016dc   0x600  Data  Gb  main.o [1]
STK_DealServer          0x200032dc   0x200  Data  Gb  main.o [1]
STK_HeartBeat           0x200030dc   0x200  Data  Gb  main.o [1]
STK_LED                 0x20002adc   0x200  Data  Gb  main.o [1]
STK_OverLoad            0x200034dc   0x200  Data  Gb  main.o [1]
STK_Read                0x20001cdc   0x600  Data  Gb  main.o [1]
STK_Server              0x20002cdc   0x200  Data  Gb  main.o [1]
STK_Slave               0x20002edc   0x200  Data  Gb  main.o [1]
STK_Start               0x200028dc   0x200  Data  Gb  main.o [1]
SVC_Handler             0x0800cf19     0x2  Code  Gb  stm32f10x_it.o [1]
Send_ReadATs            0x08004f35    0x2a  Code  Gb  sim800g.o [1]
Server_Post2Buf         0x08005a81    0x1e  Code  Gb  serial.o [1]
Server_Write            0x080059c7    0x5c  Code  Gb  serial.o [1]
Server_WriteStr         0x08005a23    0x5e  Code  Gb  serial.o [1]
Server_Write_485        0x08005953    0x74  Code  Gb  serial.o [1]
SetSysClock             0x0800cf0d     0x2  Code  Lc  system_stm32f10x.o [1]
Slave_Write             0x08005859    0xfa  Code  Gb  serial.o [1]
Str_Cat                 0x08005c5b     0xc  Code  Gb  lib_str.o [1]
Str_Cat_N               0x08005c67    0x62  Code  Gb  lib_str.o [1]
Str_Char_N              0x08005d5d    0x50  Code  Gb  lib_str.o [1]
Str_Cmp_N               0x08005cc9    0x94  Code  Gb  lib_str.o [1]
Str_Len_N               0x08005c41    0x1a  Code  Gb  lib_str.o [1]
Str_Str                 0x08005dad     0xc  Code  Gb  lib_str.o [1]
Str_Str_N               0x08005db9    0xa6  Code  Gb  lib_str.o [1]
SysTick_Handler         0x0800cf1d     0x8  Code  Gb  stm32f10x_it.o [1]
SystemInit              0x0800cea1    0x54  Code  Gb  system_stm32f10x.o [1]
TCB_Config              0x2000432c    0xb4  Data  Gb  main.o [1]
TCB_DealServer          0x20004548    0xb4  Data  Gb  main.o [1]
TCB_HeartBeat           0x20004494    0xb4  Data  Gb  main.o [1]
TCB_LED                 0x20004110    0xb4  Data  Gb  main.o [1]
TCB_OverLoad            0x200045fc    0xb4  Data  Gb  main.o [1]
TCB_Read                0x200043e0    0xb4  Data  Gb  main.o [1]
TCB_Server              0x200041c4    0xb4  Data  Gb  main.o [1]
TCB_Slave               0x20004278    0xb4  Data  Gb  main.o [1]
TCB_Start               0x2000405c    0xb4  Data  Gb  main.o [1]
TMR_CJQTIMEOUT          0x20004a54    0x2c  Data  Gb  main.o [1]
TaskCreate              0x0800ca85   0x18c  Code  Gb  main.o [1]
TaskStart               0x0800c9dd    0xa8  Code  Gb  main.o [1]
Task_Config             0x08002701    0x52  Code  Gb  tasks.o [1]
Task_DealServer         0x0800087d   0x19c  Code  Gb  tasks.o [1]
Task_HeartBeat          0x08000a8b   0x116  Code  Gb  tasks.o [1]
Task_LED                0x08003afd   0x120  Code  Gb  tasks.o [1]
Task_OverLoad           0x08004829    0x98  Code  Gb  tasks.o [1]
Task_Read               0x08000be1    0x8e  Code  Gb  tasks.o [1]
Task_Server             0x08000675   0x202  Code  Gb  tasks.o [1]
Task_Slave              0x080000ed   0x548  Code  Gb  tasks.o [1]
USART1_Handler          0x080056c1    0x7c  Code  Gb  serial.o [1]
USART1_IRQHandler       0x0800cf25     0x8  Code  Gb  stm32f10x_it.o [1]
USART2_Handler          0x080057cd    0x8c  Code  Gb  serial.o [1]
USART2_IRQHandler       0x0800cf2d     0x8  Code  Gb  stm32f10x_it.o [1]
USART3_Handler          0x0800573d    0x8e  Code  Gb  serial.o [1]
USART3_IRQHandler       0x0800cf35     0x8  Code  Gb  stm32f10x_it.o [1]
USART_ClearITPendingBit
                        0x08009715    0x22  Code  Gb  stm32f10x_usart.o [1]
USART_Cmd               0x08009619    0x1c  Code  Gb  stm32f10x_usart.o [1]
USART_GetFlagStatus     0x08009697    0x1a  Code  Gb  stm32f10x_usart.o [1]
USART_GetITStatus       0x080096b1    0x64  Code  Gb  stm32f10x_usart.o [1]
USART_ITConfig          0x08009635    0x52  Code  Gb  stm32f10x_usart.o [1]
USART_Init              0x08009555    0xbe  Code  Gb  stm32f10x_usart.o [1]
USART_ReceiveData       0x0800968f     0x8  Code  Gb  stm32f10x_usart.o [1]
USART_SendData          0x08009687     0x8  Code  Gb  stm32f10x_usart.o [1]
UsageFault_Handler      0x0800cf17     0x2  Code  Gb  stm32f10x_it.o [1]
_GenldFullNoMb          0x0800b0a1   0x262  Code  Lc  xprintffull_nomb.o [3]
_LdtobFullNoMb          0x0800acb5   0x3e6  Code  Lc  xprintffull_nomb.o [3]
_LitobFullNoMb          0x0800abad   0x106  Code  Lc  xprintffull_nomb.o [3]
_PrintfFullNoMb         0x0800a5c5   0x5e2  Code  Gb  xprintffull_nomb.o [3]
_PutcharsFullNoMb       0x0800b303    0x2e  Code  Lc  xprintffull_nomb.o [3]
_SProut                 0x08008983     0xa  Code  Gb  xsprout.o [3]
__aeabi_cdcmple         0x0800c04d          Code  Gb  DblCmpLe.o [4]
__aeabi_cdrcmple        0x0800c07d          Code  Gb  DblCmpGe.o [4]
__aeabi_d2iz            0x0800c1b9          Code  Gb  DblToI32.o [4]
__aeabi_d2uiz           0x0800c1e5          Code  Gb  DblToI32.o [4]
__aeabi_ddiv            0x0800c565          Code  Gb  DblDiv.o [4]
__aeabi_dmul            0x0800c3c1          Code  Gb  DblMul.o [4]
__aeabi_dsub            0x0800c241          Code  Gb  DblSub.o [4]
__aeabi_errno_addr      0x0800c8a1     0x6  Code  Gb  errno.o [3]
__aeabi_i2d             0x0800c211          Code  Gb  I32ToDbl.o [4]
__aeabi_ldiv0           0x0800c8ad          Code  Gb  I64DivZer.o [5]
__aeabi_memset          0x0800bd95          Code  Gb  ABImemset.o [5]
__aeabi_ui2d            0x0800c225          Code  Gb  I32ToDbl.o [4]
__aeabi_uldivmod        0x0800bea5          Code  Gb  I64DivMod.o [5]
__cmain                 0x0800cf91          Code  Gb  cmain.o [5]
__exit                  0x0800cfc1    0x14  Code  Gb  exit.o [6]
__iar_Dnorm             0x0800c00b    0x42  Code  Gb  xdnorm.o [4]
__iar_Dscale            0x0800c0ad   0x10c  Code  Gb  xdscale.o [4]
__iar_Errno             0x2000008c     0x4  Data  Gb  errno.o [3]
__iar_Memchr            0x0800be4d          Code  Gb  memchr.o [5]
__iar_Memset            0x0800bd95          Code  Gb  ABImemset.o [5]
__iar_Memset_word       0x0800bd9d          Code  Gb  ABImemset.o [5]
__iar_Stoul             0x0800bae9     0x4  Code  Gb  xstoul.o [3]
__iar_Stoulx            0x0800b9a1   0x142  Code  Gb  xstoul.o [3]
__iar_Strchr            0x0800bdfd          Code  Gb  strchr.o [5]
__iar_copy_init3        0x08005e5f    0x2e  Code  Gb  copy_init3.o [5]
__iar_d2uiz             0x0800c1f1          Code  Gb  DblToI32.o [4]
__iar_dadd              0x0800c8b1          Code  Gb  DblAdd.o [4]
__iar_data_init3        0x0800cf45    0x28  Code  Gb  data_init.o [5]
__iar_dlib_perthread_access
                        0x0800c985     0x2  Code  Gb  xtls.o [3]
__iar_dsub              0x0800c255          Code  Gb  DblSub.o [4]
__iar_dsubStart         0x0800c267          Code  Gb  DblSub.o [4]
__iar_program_start     0x0800d101          Code  Gb  cstartup_M.o [5]
__iar_ui2d              0x0800c229          Code  Gb  I32ToDbl.o [4]
__iar_unaligned___aeabi_memcpy
                        0x0800bf95          Code  Gb  ABImemcpy_unaligned.o [5]
__iar_unaligned___aeabi_memcpy4
                        0x0800bfb5          Code  Gb  ABImemcpy_unaligned.o [5]
__iar_unaligned___aeabi_memcpy8
                        0x0800bfb5          Code  Gb  ABImemcpy_unaligned.o [5]
__iar_zero_init3        0x0800618f    0x22  Code  Gb  zero_init3.o [5]
__low_level_init        0x0800cfab     0x4  Code  Gb  low_level_init.o [3]
__vector_table          0x08000000          Data  Gb  startup_stm32f10x_md.o [1]
_call_main              0x0800cf9d          Code  Gb  cmain.o [5]
_exit                   0x0800cfb5          Code  Gb  cexit.o [5]
_main                   0x0800cfa7          Code  Gb  cmain.o [5]
ack_action              0x20000092     0x1  Data  Gb  main.o [1]
ack_query_ack_action    0x080046a3    0xbe  Code  Gb  tasks.o [1]
ack_query_addr          0x0800434d    0xc0  Code  Gb  tasks.o [1]
ack_query_cjq           0x08003cd5   0x152  Code  Gb  tasks.o [1]
ack_query_di_seq        0x080045e5    0xbe  Code  Gb  tasks.o [1]
ack_query_ip            0x08004419   0x108  Code  Gb  tasks.o [1]
ack_query_mbus          0x08004521    0xc0  Code  Gb  tasks.o [1]
ack_query_meter         0x08003e2d   0x518  Code  Gb  tasks.o [1]
ack_query_protocol      0x08004761    0xbe  Code  Gb  tasks.o [1]
addSEQ                  0x08000a5b    0x30  Code  Gb  tasks.o [1]
add_cjq                 0x080035d9   0x112  Code  Gb  tasks.o [1]
add_meter               0x08002e69   0x22a  Code  Gb  tasks.o [1]
at_apn                  0x080052e9    0x6a  Code  Gb  sim800g.o [1]
at_cipmux               0x0800527d    0x6c  Code  Gb  sim800g.o [1]
at_cpin                 0x08004fdf    0x8c  Code  Gb  sim800g.o [1]
at_creg                 0x08005153    0x9a  Code  Gb  sim800g.o [1]
at_csq                  0x0800506b    0xe8  Code  Gb  sim800g.o [1]
at_tcpsetup             0x0800544f    0x86  Code  Gb  sim800g.o [1]
at_xiic                 0x08005353    0x74  Code  Gb  sim800g.o [1]
ate_                    0x08004f73    0x6c  Code  Gb  sim800g.o [1]
atoi                    0x0800954d     0x8  Code  Gb  atoi.o [3]
ats                     0x20000000    0x50  Data  Gb  sim800g.o [1]
buf                     0x20004cf8     0x4  Data  Gb  tasks.o [1]
buf_                    0x20004cfc     0x4  Data  Gb  tasks.o [1]
change_connect          0x08005665    0x18  Code  Gb  sim800g.o [1]
check_cgatt             0x080051ed    0x8c  Code  Gb  sim800g.o [1]
check_cs                0x08000635    0x20  Code  Gb  tasks.o [1]
check_eor               0x08000655    0x20  Code  Gb  tasks.o [1]
check_frame             0x08000a19    0x42  Code  Gb  tasks.o [1]
check_str               0x08004f5f    0x14  Code  Gb  sim800g.o [1]
check_xiic              0x080053cd    0x82  Code  Gb  sim800g.o [1]
cjq_close               0x08001e99   0x11e  Code  Gb  tasks.o [1]
cjq_isopen              0x20004d28     0x1  Data  Gb  tasks.o [1]
cjq_open                0x08001c81   0x218  Code  Gb  tasks.o [1]
cjq_timeout             0x08001fb7    0x38  Code  Gb  tasks.o [1]
config_flash            0x2000009c  0x1000  Data  Gb  main.o [1]
connect                 0x08005561    0x84  Code  Gb  sim800g.o [1]
connectstate            0x20004d16     0x1  Data  Gb  main.o [1]
data_seq                0x20004d22     0x1  Data  Gb  tasks.o [1]
delete_cjq              0x08003715   0x344  Code  Gb  tasks.o [1]
delete_meter            0x0800309d   0x4a0  Code  Gb  tasks.o [1]
device_ack              0x08003c21    0xa8  Code  Gb  tasks.o [1]
deviceaddr              0x2000007c     0x8  Data  Gb  sim800g.o [1]
di_seq                  0x20004d18     0x1  Data  Gb  main.o [1]
digits                  0x0800baec    0x28  Data  Lc  xstoul.o [3]
div                     0x0800c7ab     0xe  Code  Gb  div.o [3]
exit                    0x0800cfaf     0x4  Code  Gb  exit.o [3]
fe                      0x20000088     0x4  Data  Gb  tasks.o [1]
heart_seq               0x20004d21     0x1  Data  Gb  tasks.o [1]
ip                      0x20000050    0x14  Data  Gb  sim800g.o [1]
ip1                     0x20000095     0x1  Data  Gb  sim800g.o [1]
ip2                     0x20000096     0x1  Data  Gb  sim800g.o [1]
ip3                     0x20000097     0x1  Data  Gb  sim800g.o [1]
ip4                     0x20000098     0x1  Data  Gb  sim800g.o [1]
local_seq               0x20004d23     0x1  Data  Gb  tasks.o [1]
main                    0x0800c989    0x52  Code  Gb  main.o [1]
mbus_power              0x08000c6f    0x2e  Code  Gb  tasks.o [1]
mem_buf                 0x200022dc   0x600  Data  Gb  main.o [1]
mem_isr                 0x200049dc    0x78  Data  Gb  main.o [1]
memchr                  0x0800be4d          Code  Gb  memchr.o [5]
memset                  0x0800a50d    0x14  Code  Gb  memset.o [3]
meter_cjq_eg            0x080069cb   0x1f6  Code  Gb  readeg.o [1]
meter_clean             0x08002585   0x17c  Code  Gb  tasks.o [1]
meter_close             0x080022d1   0x2b4  Code  Gb  tasks.o [1]
meter_control           0x08001a55   0x216  Code  Gb  tasks.o [1]
meter_open              0x08002001   0x2ba  Code  Gb  tasks.o [1]
meter_read_188          0x08000e35   0x36a  Code  Gb  tasks.o [1]
meter_read_eg           0x08000d99    0x88  Code  Gb  tasks.o [1]
meter_read_single       0x080011b5   0x294  Code  Gb  tasks.o [1]
meter_send              0x08001485   0x5bc  Code  Gb  tasks.o [1]
meter_single_eg         0x08006999    0x32  Code  Gb  readeg.o [1]
meterdata               0x20004ca4     0x4  Data  Gb  main.o [1]
ndigs                   0x0800bb14    0x28  Data  Lc  xstoul.o [3]
param_conf              0x08007bfd    0xca  Code  Gb  spi_flash.o [1]
param_config            0x0800276d   0x67e  Code  Gb  tasks.o [1]
param_query             0x08003a69    0x94  Code  Gb  tasks.o [1]
port                    0x20000074     0x8  Data  Gb  sim800g.o [1]
port_                   0x20000090     0x2  Data  Gb  sim800g.o [1]
power_cmd               0x08000ba5    0x3c  Code  Gb  tasks.o [1]
protocol                0x20000094     0x1  Data  Gb  main.o [1]
read_single_eg          0x08006bc1   0x262  Code  Gb  readeg.o [1]
reading                 0x20004d17     0x1  Data  Gb  main.o [1]
readingall              0x20004d26     0x1  Data  Gb  tasks.o [1]
readingall_progress     0x20004d27     0x1  Data  Gb  tasks.o [1]
relay_1                 0x08000ccb    0x32  Code  Gb  tasks.o [1]
relay_2                 0x08000cfd    0x2e  Code  Gb  tasks.o [1]
relay_3                 0x08000d2b    0x2e  Code  Gb  tasks.o [1]
relay_4                 0x08000d59    0x2e  Code  Gb  tasks.o [1]
relay_485               0x08000c9d    0x2e  Code  Gb  tasks.o [1]
sFLASH_EraseBulk        0x08007485    0x2e  Code  Gb  spi_flash.o [1]
sFLASH_EraseSector      0x08007441    0x44  Code  Gb  spi_flash.o [1]
sFLASH_EraseWritePage   0x0800750f    0x62  Code  Gb  spi_flash.o [1]
sFLASH_PoolInit         0x08007859   0x142  Code  Gb  spi_flash.o [1]
sFLASH_ReadBuffer       0x080076c5    0x56  Code  Gb  spi_flash.o [1]
sFLASH_ReadID           0x08007777    0x54  Code  Gb  spi_flash.o [1]
sFLASH_ReadStr          0x0800771b    0x5c  Code  Gb  spi_flash.o [1]
sFLASH_SendByte         0x080077cb    0x3a  Code  Gb  spi_flash.o [1]
sFLASH_WaitForWriteEnd  0x08007827    0x32  Code  Gb  spi_flash.o [1]
sFLASH_WriteBuffer      0x08007571   0x154  Code  Gb  spi_flash.o [1]
sFLASH_WriteEnable      0x08007805    0x22  Code  Gb  spi_flash.o [1]
sFLASH_WritePage        0x080074b3    0x5c  Code  Gb  spi_flash.o [1]
search_cjq              0x0800354d    0x64  Code  Gb  tasks.o [1]
search_meter            0x08002dfd    0x6c  Code  Gb  tasks.o [1]
send_cjqtimeout_eg      0x08007315   0x10c  Code  Gb  readeg.o [1]
send_data_eg            0x08006e23   0x4f2  Code  Gb  readeg.o [1]
send_server             0x080054d5    0x88  Code  Gb  sim800g.o [1]
server_ptr              0x20004d00     0x4  Data  Gb  tasks.o [1]
server_ptr_             0x20004d04     0x4  Data  Gb  tasks.o [1]
server_seq              0x20004d24     0x1  Data  Gb  tasks.o [1]
slave_mbus              0x20000093     0x1  Data  Gb  main.o [1]
sprintf                 0x080082a5    0x34  Code  Gb  sprintf.o [3]
start_slave             0x20004d25     0x1  Data  Gb  tasks.o [1]
strchr                  0x0800bdfd          Code  Gb  strchr.o [5]
strlen                  0x0800be15          Code  Gb  strlen.o [5]


[1] = C:\Users\liuyu\IAR_workspace\Code_Concentrator_MBUS_485\Test\Debug\Obj
[2] = command line
[3] = dl7M_tln.a
[4] = m7M_tl.a
[5] = rt7M_tl.a
[6] = shb_l.a

  53 344 bytes of readonly  code memory
     764 bytes of readonly  data memory
  20 262 bytes of readwrite data memory

Errors: none
Warnings: none
