###############################################################################
#
# IAR ELF Linker V7.10.3.6832/W32 for ARM                 30/Dec/2015  17:53:05
# Copyright 2007-2014 IAR Systems AB.
#
#    Output file  =  
#        D:\IAR_Workspace\Code_Concentrator_MBUS_485\Test\Debug\Exe\Test.out
#    Map file     =  
#        D:\IAR_Workspace\Code_Concentrator_MBUS_485\Test\Debug\List\Test.map
#    Command line =  
#        D:\IAR_Workspace\Code_Concentrator_MBUS_485\Test\Debug\Obj\bsp.o
#        D:\IAR_Workspace\Code_Concentrator_MBUS_485\Test\Debug\Obj\cpu_a.o
#        D:\IAR_Workspace\Code_Concentrator_MBUS_485\Test\Debug\Obj\cpu_c.o
#        D:\IAR_Workspace\Code_Concentrator_MBUS_485\Test\Debug\Obj\cpu_core.o
#        D:\IAR_Workspace\Code_Concentrator_MBUS_485\Test\Debug\Obj\lib_ascii.o
#        D:\IAR_Workspace\Code_Concentrator_MBUS_485\Test\Debug\Obj\lib_math.o
#        D:\IAR_Workspace\Code_Concentrator_MBUS_485\Test\Debug\Obj\lib_mem.o
#        D:\IAR_Workspace\Code_Concentrator_MBUS_485\Test\Debug\Obj\lib_mem_a.o
#        D:\IAR_Workspace\Code_Concentrator_MBUS_485\Test\Debug\Obj\lib_str.o
#        D:\IAR_Workspace\Code_Concentrator_MBUS_485\Test\Debug\Obj\main.o
#        D:\IAR_Workspace\Code_Concentrator_MBUS_485\Test\Debug\Obj\misc.o
#        D:\IAR_Workspace\Code_Concentrator_MBUS_485\Test\Debug\Obj\os_app_hooks.o
#        D:\IAR_Workspace\Code_Concentrator_MBUS_485\Test\Debug\Obj\os_cfg_app.o
#        D:\IAR_Workspace\Code_Concentrator_MBUS_485\Test\Debug\Obj\os_core.o
#        D:\IAR_Workspace\Code_Concentrator_MBUS_485\Test\Debug\Obj\os_cpu_a.o
#        D:\IAR_Workspace\Code_Concentrator_MBUS_485\Test\Debug\Obj\os_cpu_c.o
#        D:\IAR_Workspace\Code_Concentrator_MBUS_485\Test\Debug\Obj\os_dbg.o
#        D:\IAR_Workspace\Code_Concentrator_MBUS_485\Test\Debug\Obj\os_flag.o
#        D:\IAR_Workspace\Code_Concentrator_MBUS_485\Test\Debug\Obj\os_int.o
#        D:\IAR_Workspace\Code_Concentrator_MBUS_485\Test\Debug\Obj\os_mem.o
#        D:\IAR_Workspace\Code_Concentrator_MBUS_485\Test\Debug\Obj\os_msg.o
#        D:\IAR_Workspace\Code_Concentrator_MBUS_485\Test\Debug\Obj\os_mutex.o
#        D:\IAR_Workspace\Code_Concentrator_MBUS_485\Test\Debug\Obj\os_pend_multi.o
#        D:\IAR_Workspace\Code_Concentrator_MBUS_485\Test\Debug\Obj\os_prio.o
#        D:\IAR_Workspace\Code_Concentrator_MBUS_485\Test\Debug\Obj\os_q.o
#        D:\IAR_Workspace\Code_Concentrator_MBUS_485\Test\Debug\Obj\os_sem.o
#        D:\IAR_Workspace\Code_Concentrator_MBUS_485\Test\Debug\Obj\os_stat.o
#        D:\IAR_Workspace\Code_Concentrator_MBUS_485\Test\Debug\Obj\os_task.o
#        D:\IAR_Workspace\Code_Concentrator_MBUS_485\Test\Debug\Obj\os_tick.o
#        D:\IAR_Workspace\Code_Concentrator_MBUS_485\Test\Debug\Obj\os_time.o
#        D:\IAR_Workspace\Code_Concentrator_MBUS_485\Test\Debug\Obj\os_tmr.o
#        D:\IAR_Workspace\Code_Concentrator_MBUS_485\Test\Debug\Obj\os_var.o
#        D:\IAR_Workspace\Code_Concentrator_MBUS_485\Test\Debug\Obj\serial.o
#        D:\IAR_Workspace\Code_Concentrator_MBUS_485\Test\Debug\Obj\sim800g.o
#        D:\IAR_Workspace\Code_Concentrator_MBUS_485\Test\Debug\Obj\spi_flash.o
#        D:\IAR_Workspace\Code_Concentrator_MBUS_485\Test\Debug\Obj\startup_stm32f10x_md.o
#        D:\IAR_Workspace\Code_Concentrator_MBUS_485\Test\Debug\Obj\stm32f10x_adc.o
#        D:\IAR_Workspace\Code_Concentrator_MBUS_485\Test\Debug\Obj\stm32f10x_bkp.o
#        D:\IAR_Workspace\Code_Concentrator_MBUS_485\Test\Debug\Obj\stm32f10x_can.o
#        D:\IAR_Workspace\Code_Concentrator_MBUS_485\Test\Debug\Obj\stm32f10x_cec.o
#        D:\IAR_Workspace\Code_Concentrator_MBUS_485\Test\Debug\Obj\stm32f10x_crc.o
#        D:\IAR_Workspace\Code_Concentrator_MBUS_485\Test\Debug\Obj\stm32f10x_dac.o
#        D:\IAR_Workspace\Code_Concentrator_MBUS_485\Test\Debug\Obj\stm32f10x_dbgmcu.o
#        D:\IAR_Workspace\Code_Concentrator_MBUS_485\Test\Debug\Obj\stm32f10x_dma.o
#        D:\IAR_Workspace\Code_Concentrator_MBUS_485\Test\Debug\Obj\stm32f10x_exti.o
#        D:\IAR_Workspace\Code_Concentrator_MBUS_485\Test\Debug\Obj\stm32f10x_flash.o
#        D:\IAR_Workspace\Code_Concentrator_MBUS_485\Test\Debug\Obj\stm32f10x_fsmc.o
#        D:\IAR_Workspace\Code_Concentrator_MBUS_485\Test\Debug\Obj\stm32f10x_gpio.o
#        D:\IAR_Workspace\Code_Concentrator_MBUS_485\Test\Debug\Obj\stm32f10x_i2c.o
#        D:\IAR_Workspace\Code_Concentrator_MBUS_485\Test\Debug\Obj\stm32f10x_it.o
#        D:\IAR_Workspace\Code_Concentrator_MBUS_485\Test\Debug\Obj\stm32f10x_iwdg.o
#        D:\IAR_Workspace\Code_Concentrator_MBUS_485\Test\Debug\Obj\stm32f10x_pwr.o
#        D:\IAR_Workspace\Code_Concentrator_MBUS_485\Test\Debug\Obj\stm32f10x_rcc.o
#        D:\IAR_Workspace\Code_Concentrator_MBUS_485\Test\Debug\Obj\stm32f10x_rtc.o
#        D:\IAR_Workspace\Code_Concentrator_MBUS_485\Test\Debug\Obj\stm32f10x_sdio.o
#        D:\IAR_Workspace\Code_Concentrator_MBUS_485\Test\Debug\Obj\stm32f10x_spi.o
#        D:\IAR_Workspace\Code_Concentrator_MBUS_485\Test\Debug\Obj\stm32f10x_tim.o
#        D:\IAR_Workspace\Code_Concentrator_MBUS_485\Test\Debug\Obj\stm32f10x_usart.o
#        D:\IAR_Workspace\Code_Concentrator_MBUS_485\Test\Debug\Obj\stm32f10x_wwdg.o
#        D:\IAR_Workspace\Code_Concentrator_MBUS_485\Test\Debug\Obj\system_stm32f10x.o
#        D:\IAR_Workspace\Code_Concentrator_MBUS_485\Test\Debug\Obj\tasks.o
#        D:\IAR_Workspace\Code_Concentrator_MBUS_485\Test\Debug\Obj\timestamp.o
#        -o D:\IAR_Workspace\Code_Concentrator_MBUS_485\Test\Debug\Exe\Test.out
#        --map
#        D:\IAR_Workspace\Code_Concentrator_MBUS_485\Test\Debug\List\Test.map
#        --config D:\IAR_Workspace\Code_Concentrator_MBUS_485\Test\Test.icf
#        --semihosting --entry __iar_program_start --vfe
#
###############################################################################

*******************************************************************************
*** RUNTIME MODEL ATTRIBUTES
***

CppFlavor       = *
__SystemLibrary = DLib


*******************************************************************************
*** PLACEMENT SUMMARY
***

"A1":  place at 0x08000000 { ro section .intvec };
"P1":  place in [from 0x08000000 to 0x0801ffff] { ro };
"P2":  place in [from 0x20000000 to 0x20004fff] { rw, block CSTACK, block HEAP };

  Section             Kind        Address    Size  Object
  -------             ----        -------    ----  ------
"A1":                                        0xec
  .intvec             ro code  0x08000000    0xec  startup_stm32f10x_md.o [1]
                             - 0x080000ec    0xec

"P1":                                      0xbcb0
  .text               ro code  0x080000ec  0x3efc  tasks.o [1]
  .text               ro code  0x08003fe8   0x384  os_q.o [1]
  .text               ro code  0x0800436c   0x180  os_mem.o [1]
  .text               ro code  0x080044ec   0x11c  lib_mem.o [1]
  .text               ro code  0x08004608   0x404  serial.o [1]
  .text               ro code  0x08004a0c   0x28c  os_time.o [1]
  .text               ro code  0x08004c98   0x7e8  sim800g.o [1]
  .text               ro code  0x08005480   0x21e  lib_str.o [1]
  .text               ro code  0x0800569e    0x2e  copy_init3.o [5]
  .text               ro code  0x080056cc   0x302  os_sem.o [1]
  .text               ro code  0x080059ce    0x22  zero_init3.o [5]
  CODE                ro code  0x080059f0   0x220  lib_mem_a.o [1]
  CODE                ro code  0x08005c10    0x34  cpu_a.o [1]
  .text               ro code  0x08005c44   0x1c4  stm32f10x_gpio.o [1]
  .text               ro code  0x08005e08   0x918  spi_flash.o [1]
  .text               ro code  0x08006720   0x3d0  os_mutex.o [1]
  .text               ro code  0x08006af0    0x34  sprintf.o [3]
  .text               ro code  0x08006b24   0x6aa  os_flag.o [1]
  .text               ro code  0x080071ce     0xa  xsprout.o [3]
  .text               ro code  0x080071d8   0x1fc  os_msg.o [1]
  .text               ro code  0x080073d4   0x988  os_core.o [1]
  .text               ro code  0x08007d5c    0x3c  timestamp.o [1]
  .text               ro code  0x08007d98   0x17e  stm32f10x_usart.o [1]
  .rodata             const    0x08007f16     0x2  os_cfg_app.o [1]
  .text               ro code  0x08007f18    0xc8  stm32f10x_exti.o [1]
  .text               ro code  0x08007fe0   0x418  os_tick.o [1]
  .text               ro code  0x080083f8   0x1d8  os_cpu_c.o [1]
  .text               ro code  0x080085d0   0x694  os_task.o [1]
  .text               ro code  0x08008c64     0x8  atoi.o [3]
  .text               ro code  0x08008c6c    0xa4  stm32f10x_spi.o [1]
  .text               ro code  0x08008d10    0x88  os_prio.o [1]
  .text               ro code  0x08008d98   0xd86  xprintffull_nomb.o [3]
  .rodata             const    0x08009b1e     0x2  os_cfg_app.o [1]
  .text               ro code  0x08009b20   0x2dc  os_tmr.o [1]
  .text               ro code  0x08009dfc    0xac  os_cfg_app.o [1]
  CODE                ro code  0x08009ea8    0x84  os_cpu_a.o [1]
  .text               ro code  0x08009f2c   0x4e6  bsp.o [1]
  .rodata             const    0x0800a412     0x2  os_cfg_app.o [1]
  .text               ro code  0x0800a414    0x4c  cpu_core.o [1]
  .text               ro code  0x0800a460   0x258  stm32f10x_rcc.o [1]
  .text               ro code  0x0800a6b8   0x19c  xstoul.o [3]
  .text               ro code  0x0800a854    0x16  strchr.o [5]
  .rodata             const    0x0800a86a     0x1  os_cfg_app.o [1]
  .rodata             const    0x0800a86b     0x1  os_cfg_app.o [1]
  .text               ro code  0x0800a86c    0x36  strlen.o [5]
  .text               ro code  0x0800a8a4    0x58  memchr.o [5]
  .text               ro code  0x0800a8fc    0xee  I64DivMod.o [5]
  .text               ro code  0x0800a9ec    0x76  ABImemcpy_unaligned.o [5]
  .text               ro code  0x0800aa62    0x42  xdnorm.o [4]
  .text               ro code  0x0800aaa4    0x2e  DblCmpLe.o [4]
  .text               ro code  0x0800aad4    0x2e  DblCmpGe.o [4]
  .text               ro code  0x0800ab04   0x10c  xdscale.o [4]
  .text               ro code  0x0800ac10    0x58  DblToI32.o [4]
  .text               ro code  0x0800ac68    0x30  I32ToDbl.o [4]
  .text               ro code  0x0800ac98   0x180  DblSub.o [4]
  .text               ro code  0x0800ae18   0x1a2  DblMul.o [4]
  .text               ro code  0x0800afbc   0x246  DblDiv.o [4]
  .text               ro code  0x0800b202     0xe  div.o [3]
  .text               ro code  0x0800b210    0x3c  stm32f10x_flash.o [1]
  .text               ro code  0x0800b24c    0x80  misc.o [1]
  .text               ro code  0x0800b2cc    0x2c  stm32f10x_iwdg.o [1]
  .text               ro code  0x0800b2f8     0xc  errno.o [3]
  .text               ro code  0x0800b304     0x2  I64DivZer.o [5]
  .text               ro code  0x0800b308    0xd4  DblAdd.o [4]
  .text               ro code  0x0800b3dc     0x2  xtls.o [3]
  .text               ro code  0x0800b3e0   0x4e4  main.o [1]
  .text               ro code  0x0800b8c4    0x6e  system_stm32f10x.o [1]
  .text               ro code  0x0800b932    0x36  stm32f10x_it.o [1]
  .text               ro code  0x0800b968    0x28  data_init.o [5]
  .iar.init_table     const    0x0800b990    0x24  - Linker created -
  .text               ro code  0x0800b9b4    0x1a  cmain.o [5]
  .text               ro code  0x0800b9ce     0x4  low_level_init.o [3]
  .text               ro code  0x0800b9d2     0x4  exit.o [3]
  .text               ro code  0x0800b9d8     0xa  cexit.o [5]
  .text               ro code  0x0800b9e4    0x14  exit.o [6]
  .rodata             const    0x0800b9f8    0x18  os_tmr.o [1]
  .rodata             const    0x0800ba10    0x18  sim800g.o [1]
  .rodata             const    0x0800ba28    0x18  sim800g.o [1]
  .rodata             const    0x0800ba40    0x14  os_core.o [1]
  .rodata             const    0x0800ba54    0x14  os_tick.o [1]
  .rodata             const    0x0800ba68    0x14  sim800g.o [1]
  .rodata             const    0x0800ba7c    0x10  sim800g.o [1]
  .rodata             const    0x0800ba8c    0x10  sim800g.o [1]
  .text               ro code  0x0800ba9c    0x10  startup_stm32f10x_md.o [1]
  .rodata             const    0x0800baac     0xc  main.o [1]
  .rodata             const    0x0800bab8     0xc  main.o [1]
  .rodata             const    0x0800bac4     0xc  main.o [1]
  .rodata             const    0x0800bad0     0xc  sim800g.o [1]
  .rodata             const    0x0800badc     0xc  sim800g.o [1]
  .rodata             const    0x0800bae8     0xc  sim800g.o [1]
  .rodata             const    0x0800baf4     0xc  sim800g.o [1]
  .rodata             const    0x0800bb00     0xc  sim800g.o [1]
  .rodata             const    0x0800bb0c     0xc  sim800g.o [1]
  .rodata             const    0x0800bb18     0xc  sim800g.o [1]
  .rodata             const    0x0800bb24     0xc  sim800g.o [1]
  .rodata             const    0x0800bb30     0xc  sim800g.o [1]
  .text               ro code  0x0800bb3c     0xc  cstartup_M.o [5]
  .rodata             const    0x0800bb48     0x8  main.o [1]
  .rodata             const    0x0800bb50     0x8  main.o [1]
  .rodata             const    0x0800bb58     0x8  main.o [1]
  .rodata             const    0x0800bb60     0x8  main.o [1]
  .rodata             const    0x0800bb68     0x8  main.o [1]
  .rodata             const    0x0800bb70     0x8  main.o [1]
  .rodata             const    0x0800bb78     0x8  main.o [1]
  .rodata             const    0x0800bb80     0x8  main.o [1]
  .rodata             const    0x0800bb88     0x8  main.o [1]
  .rodata             const    0x0800bb90     0x8  main.o [1]
  .rodata             const    0x0800bb98     0x8  main.o [1]
  .rodata             const    0x0800bba0     0x8  main.o [1]
  .rodata             const    0x0800bba8     0x8  main.o [1]
  .rodata             const    0x0800bbb0     0x8  main.o [1]
  .rodata             const    0x0800bbb8     0x8  main.o [1]
  .rodata             const    0x0800bbc0     0x8  os_task.o [1]
  .rodata             const    0x0800bbc8     0x8  sim800g.o [1]
  .rodata             const    0x0800bbd0     0x8  sim800g.o [1]
  .rodata             const    0x0800bbd8     0x8  sim800g.o [1]
  .rodata             const    0x0800bbe0     0x8  tasks.o [1]
  .rodata             const    0x0800bbe8     0x8  tasks.o [1]
  .rodata             const    0x0800bbf0     0x8  tasks.o [1]
  .rodata             const    0x0800bbf8     0x8  tasks.o [1]
  .rodata             const    0x0800bc00     0x8  tasks.o [1]
  .rodata             const    0x0800bc08     0x4  os_cfg_app.o [1]
  .rodata             const    0x0800bc0c     0x4  os_cfg_app.o [1]
  .rodata             const    0x0800bc10     0x4  os_cfg_app.o [1]
  .rodata             const    0x0800bc14     0x4  os_cfg_app.o [1]
  .rodata             const    0x0800bc18     0x4  os_cfg_app.o [1]
  .rodata             const    0x0800bc1c     0x4  os_cfg_app.o [1]
  .rodata             const    0x0800bc20     0x4  os_cfg_app.o [1]
  .rodata             const    0x0800bc24     0x4  os_cfg_app.o [1]
  .rodata             const    0x0800bc28     0x4  os_cfg_app.o [1]
  .rodata             const    0x0800bc2c     0x4  os_cfg_app.o [1]
  .rodata             const    0x0800bc30     0x4  os_cfg_app.o [1]
  .rodata             const    0x0800bc34     0x4  os_cfg_app.o [1]
  .rodata             const    0x0800bc38     0x4  os_cfg_app.o [1]
  .rodata             const    0x0800bc3c     0x4  os_cfg_app.o [1]
  .rodata             const    0x0800bc40     0x4  os_cfg_app.o [1]
  .rodata             const    0x0800bc44     0x4  os_cfg_app.o [1]
  .rodata             const    0x0800bc48     0x4  os_cfg_app.o [1]
  .rodata             const    0x0800bc4c     0x4  os_cfg_app.o [1]
  .rodata             const    0x0800bc50     0x4  os_cfg_app.o [1]
  .rodata             const    0x0800bc54     0x4  os_cfg_app.o [1]
  .rodata             const    0x0800bc58     0x4  os_cfg_app.o [1]
  .rodata             const    0x0800bc5c     0x4  os_cfg_app.o [1]
  .rodata             const    0x0800bc60     0x4  os_cfg_app.o [1]
  .rodata             const    0x0800bc64     0x4  sim800g.o [1]
  .text               ro code  0x0800bc68     0x4  startup_stm32f10x_md.o [1]
  .text               ro code  0x0800bc6c     0x4  startup_stm32f10x_md.o [1]
  .text               ro code  0x0800bc70     0x4  startup_stm32f10x_md.o [1]
  .text               ro code  0x0800bc74     0x4  startup_stm32f10x_md.o [1]
  .text               ro code  0x0800bc78     0x4  startup_stm32f10x_md.o [1]
  .text               ro code  0x0800bc7c     0x4  startup_stm32f10x_md.o [1]
  .text               ro code  0x0800bc80     0x4  startup_stm32f10x_md.o [1]
  .text               ro code  0x0800bc84     0x4  startup_stm32f10x_md.o [1]
  .text               ro code  0x0800bc88     0x4  startup_stm32f10x_md.o [1]
  .text               ro code  0x0800bc8c     0x4  startup_stm32f10x_md.o [1]
  .text               ro code  0x0800bc90     0x4  startup_stm32f10x_md.o [1]
  .text               ro code  0x0800bc94     0x4  startup_stm32f10x_md.o [1]
  .text               ro code  0x0800bc98     0x4  startup_stm32f10x_md.o [1]
  .text               ro code  0x0800bc9c     0x4  startup_stm32f10x_md.o [1]
  .text               ro code  0x0800bca0     0x4  startup_stm32f10x_md.o [1]
  .text               ro code  0x0800bca4     0x4  startup_stm32f10x_md.o [1]
  .text               ro code  0x0800bca8     0x4  startup_stm32f10x_md.o [1]
  .text               ro code  0x0800bcac     0x4  startup_stm32f10x_md.o [1]
  .text               ro code  0x0800bcb0     0x4  startup_stm32f10x_md.o [1]
  .text               ro code  0x0800bcb4     0x4  startup_stm32f10x_md.o [1]
  .text               ro code  0x0800bcb8     0x4  startup_stm32f10x_md.o [1]
  .text               ro code  0x0800bcbc     0x4  startup_stm32f10x_md.o [1]
  .text               ro code  0x0800bcc0     0x4  startup_stm32f10x_md.o [1]
  .text               ro code  0x0800bcc4     0x4  startup_stm32f10x_md.o [1]
  .text               ro code  0x0800bcc8     0x4  startup_stm32f10x_md.o [1]
  .text               ro code  0x0800bccc     0x4  startup_stm32f10x_md.o [1]
  .text               ro code  0x0800bcd0     0x4  startup_stm32f10x_md.o [1]
  .text               ro code  0x0800bcd4     0x4  startup_stm32f10x_md.o [1]
  .text               ro code  0x0800bcd8     0x4  startup_stm32f10x_md.o [1]
  .text               ro code  0x0800bcdc     0x4  startup_stm32f10x_md.o [1]
  .text               ro code  0x0800bce0     0x4  startup_stm32f10x_md.o [1]
  .text               ro code  0x0800bce4     0x4  startup_stm32f10x_md.o [1]
  .text               ro code  0x0800bce8     0x4  startup_stm32f10x_md.o [1]
  .text               ro code  0x0800bcec     0x4  startup_stm32f10x_md.o [1]
  .text               ro code  0x0800bcf0     0x4  startup_stm32f10x_md.o [1]
  .text               ro code  0x0800bcf4     0x4  startup_stm32f10x_md.o [1]
  .text               ro code  0x0800bcf8     0x4  startup_stm32f10x_md.o [1]
  .text               ro code  0x0800bcfc     0x4  startup_stm32f10x_md.o [1]
  .text               ro code  0x0800bd00     0x4  startup_stm32f10x_md.o [1]
  .rodata             const    0x0800bd04     0x0  zero_init3.o [5]
  .rodata             const    0x0800bd04     0x0  copy_init3.o [5]
  Initializer bytes   ro data  0x0800bd04    0x98  <for P2 s0>
                             - 0x0800bd9c  0xbcb0

"P2", part 1 of 3:                           0x98
  P2 s0                        0x20000000    0x98  <Init block>
    .data             inited   0x20000000    0x50  sim800g.o [1]
    .data             inited   0x20000050    0x14  sim800g.o [1]
    .data             inited   0x20000064    0x10  stm32f10x_rcc.o [1]
    .data             inited   0x20000074     0x8  sim800g.o [1]
    .data             inited   0x2000007c     0x8  sim800g.o [1]
    .data             inited   0x20000084     0x4  stm32f10x_rcc.o [1]
    .data             inited   0x20000088     0x4  tasks.o [1]
    __DLIB_PERTHREAD  inited   0x2000008c     0x4  errno.o [3]
    .data             inited   0x20000090     0x2  sim800g.o [1]
    .data             inited   0x20000092     0x1  main.o [1]
    .data             inited   0x20000093     0x1  main.o [1]
    .data             inited   0x20000094     0x1  sim800g.o [1]
    .data             inited   0x20000095     0x1  sim800g.o [1]
    .data             inited   0x20000096     0x1  sim800g.o [1]
    .data             inited   0x20000097     0x1  sim800g.o [1]
                             - 0x20000098    0x98

"P2", part 2 of 3:                         0x4c60
  .bss                zero     0x20000098  0x1000  main.o [1]
  .bss                zero     0x20001098   0x640  os_cfg_app.o [1]
  .bss                zero     0x200016d8   0x600  main.o [1]
  .bss                zero     0x20001cd8   0x600  main.o [1]
  .bss                zero     0x200022d8   0x600  main.o [1]
  .bss                zero     0x200028d8   0x200  main.o [1]
  .bss                zero     0x20002ad8   0x200  main.o [1]
  .bss                zero     0x20002cd8   0x200  main.o [1]
  .bss                zero     0x20002ed8   0x200  main.o [1]
  .bss                zero     0x200030d8   0x200  main.o [1]
  .bss                zero     0x200032d8   0x200  main.o [1]
  .bss                zero     0x200034d8   0x200  main.o [1]
  .bss                zero     0x200036d8   0x200  os_cfg_app.o [1]
  .bss                zero     0x200038d8   0x200  os_cfg_app.o [1]
  .bss                zero     0x20003ad8   0x200  os_cfg_app.o [1]
  .bss                zero     0x20003cd8   0x200  os_cfg_app.o [1]
  .bss                zero     0x20003ed8   0x180  os_var.o [1]
  .bss                zero     0x20004058    0xb4  main.o [1]
  .bss                zero     0x2000410c    0xb4  main.o [1]
  .bss                zero     0x200041c0    0xb4  main.o [1]
  .bss                zero     0x20004274    0xb4  main.o [1]
  .bss                zero     0x20004328    0xb4  main.o [1]
  .bss                zero     0x200043dc    0xb4  main.o [1]
  .bss                zero     0x20004490    0xb4  main.o [1]
  .bss                zero     0x20004544    0xb4  main.o [1]
  .bss                zero     0x200045f8    0xb4  main.o [1]
  .bss                zero     0x200046ac    0xb4  os_var.o [1]
  .bss                zero     0x20004760    0xb4  os_var.o [1]
  .bss                zero     0x20004814    0xb4  os_var.o [1]
  .bss                zero     0x200048c8    0x88  os_cfg_app.o [1]
  .bss                zero     0x20004950    0x88  os_cfg_app.o [1]
  .bss                zero     0x200049d8    0x78  main.o [1]
  .bss                zero     0x20004a50    0x24  main.o [1]
  .bss                zero     0x20004a74    0x24  main.o [1]
  .bss                zero     0x20004a98    0x24  main.o [1]
  .bss                zero     0x20004abc    0x24  main.o [1]
  .bss                zero     0x20004ae0    0x24  main.o [1]
  .bss                zero     0x20004b04    0x20  main.o [1]
  .bss                zero     0x20004b24    0x20  main.o [1]
  .bss                zero     0x20004b44    0x1c  main.o [1]
  .bss                zero     0x20004b60    0x1c  main.o [1]
  .bss                zero     0x20004b7c    0x1c  main.o [1]
  .bss                zero     0x20004b98    0x1c  main.o [1]
  .bss                zero     0x20004bb4    0x1c  main.o [1]
  .bss                zero     0x20004bd0    0x1c  main.o [1]
  .bss                zero     0x20004bec    0x1c  main.o [1]
  .bss                zero     0x20004c08    0x1c  main.o [1]
  .bss                zero     0x20004c24    0x18  main.o [1]
  .bss                zero     0x20004c3c    0x18  main.o [1]
  .bss                zero     0x20004c54    0x10  cpu_core.o [1]
  .bss                zero     0x20004c64     0xc  os_var.o [1]
  .bss                zero     0x20004c70     0x4  cpu_core.o [1]
  .bss                zero     0x20004c74     0x4  os_cpu_c.o [1]
  .bss                zero     0x20004c78     0x4  os_prio.o [1]
  .bss                zero     0x20004c7c     0x4  os_var.o [1]
  .bss                zero     0x20004c80     0x4  os_var.o [1]
  .bss                zero     0x20004c84     0x4  os_var.o [1]
  .bss                zero     0x20004c88     0x4  os_var.o [1]
  .bss                zero     0x20004c8c     0x4  os_var.o [1]
  .bss                zero     0x20004c90     0x4  os_var.o [1]
  .bss                zero     0x20004c94     0x4  os_var.o [1]
  .bss                zero     0x20004c98     0x4  os_var.o [1]
  .bss                zero     0x20004c9c     0x4  os_var.o [1]
  .bss                zero     0x20004ca0     0x4  os_var.o [1]
  .bss                zero     0x20004ca4     0x4  os_var.o [1]
  .bss                zero     0x20004ca8     0x4  os_var.o [1]
  .bss                zero     0x20004cac     0x4  os_var.o [1]
  .bss                zero     0x20004cb0     0x4  os_var.o [1]
  .bss                zero     0x20004cb4     0x4  os_var.o [1]
  .bss                zero     0x20004cb8     0x4  os_var.o [1]
  .bss                zero     0x20004cbc     0x4  os_var.o [1]
  .bss                zero     0x20004cc0     0x4  os_var.o [1]
  .bss                zero     0x20004cc4     0x4  tasks.o [1]
  .bss                zero     0x20004cc8     0x4  tasks.o [1]
  .bss                zero     0x20004ccc     0x4  tasks.o [1]
  .bss                zero     0x20004cd0     0x4  tasks.o [1]
  .bss                zero     0x20004cd4     0x2  os_var.o [1]
  .bss                zero     0x20004cd6     0x2  os_var.o [1]
  .bss                zero     0x20004cd8     0x2  os_var.o [1]
  .bss                zero     0x20004cda     0x2  os_var.o [1]
  .bss                zero     0x20004cdc     0x2  os_var.o [1]
  .bss                zero     0x20004cde     0x2  os_var.o [1]
  .bss                zero     0x20004ce0     0x1  main.o [1]
  .bss                zero     0x20004ce1     0x1  main.o [1]
  .bss                zero     0x20004ce2     0x1  main.o [1]
  .bss                zero     0x20004ce3     0x1  os_var.o [1]
  .bss                zero     0x20004ce4     0x1  os_var.o [1]
  .bss                zero     0x20004ce5     0x1  os_var.o [1]
  .bss                zero     0x20004ce6     0x1  os_var.o [1]
  .bss                zero     0x20004ce7     0x1  os_var.o [1]
  .bss                zero     0x20004ce8     0x1  os_var.o [1]
  .bss                zero     0x20004ce9     0x1  os_var.o [1]
  .bss                zero     0x20004cea     0x1  os_var.o [1]
  .bss                zero     0x20004ceb     0x1  tasks.o [1]
  .bss                zero     0x20004cec     0x1  tasks.o [1]
  .bss                zero     0x20004ced     0x1  tasks.o [1]
  .bss                zero     0x20004cee     0x1  tasks.o [1]
  .bss                zero     0x20004cef     0x1  tasks.o [1]
  .bss                zero     0x20004cf0     0x1  tasks.o [1]
  .bss                zero     0x20004cf1     0x1  tasks.o [1]
                             - 0x20004cf2  0x4c5a

"P2", part 3 of 3:                          0x200
  CSTACK                       0x20004cf8   0x200  <Block>
    CSTACK            uninit   0x20004cf8   0x200  <Block tail>
                             - 0x20004ef8   0x200


*******************************************************************************
*** INIT TABLE
***

          Address     Size
          -------     ----
Zero (__iar_zero_init3)
    1 destination range, total size 0x4c5a:
          0x20000098  0x4c5a

Copy (__iar_copy_init3)
    1 source range, total size 0x98:
          0x0800bd04    0x98
    1 destination range, total size 0x98:
          0x20000000    0x98



*******************************************************************************
*** MODULE SUMMARY
***

    Module                  ro code  ro data  rw data
    ------                  -------  -------  -------
D:\IAR_Workspace\Code_Concentrator_MBUS_485\Test\Debug\Obj: [1]
    bsp.o                     1 254
    cpu_a.o                      52
    cpu_core.o                   76                20
    lib_mem.o                   284
    lib_mem_a.o                 544
    lib_str.o                   542
    main.o                    1 252      158   14 549
    misc.o                      128
    os_cfg_app.o                172      100    3 920
    os_core.o                 2 440       20
    os_cpu_a.o                  132
    os_cpu_c.o                  472                 4
    os_flag.o                 1 706
    os_mem.o                    384
    os_msg.o                    508
    os_mutex.o                  976
    os_prio.o                   136                 4
    os_q.o                      900
    os_sem.o                    770
    os_task.o                 1 684        8
    os_tick.o                 1 048       20
    os_time.o                   652
    os_tmr.o                    732       24
    os_var.o                                    1 028
    serial.o                  1 028
    sim800g.o                 2 024      358      122
    spi_flash.o               2 328
    startup_stm32f10x_md.o      408
    stm32f10x_exti.o            200
    stm32f10x_flash.o            60
    stm32f10x_gpio.o            452
    stm32f10x_it.o               54
    stm32f10x_iwdg.o             44
    stm32f10x_rcc.o             600       20       20
    stm32f10x_spi.o             164
    stm32f10x_usart.o           382
    system_stm32f10x.o          110
    tasks.o                  16 124       44       27
    timestamp.o                  60
    -------------------------------------------------
    Total:                   40 882      752   19 694

command line: [2]
    -------------------------------------------------
    Total:

dl7M_tln.a: [3]
    atoi.o                        8
    div.o                        14
    errno.o                      12        4        4
    exit.o                        4
    low_level_init.o              4
    sprintf.o                    52
    xprintffull_nomb.o        3 462
    xsprout.o                    10
    xstoul.o                    412
    xtls.o                        2
    -------------------------------------------------
    Total:                    3 980        4        4

m7M_tl.a: [4]
    DblAdd.o                    212
    DblCmpGe.o                   46
    DblCmpLe.o                   46
    DblDiv.o                    582
    DblMul.o                    418
    DblSub.o                    384
    DblToI32.o                   88
    I32ToDbl.o                   48
    xdnorm.o                     66
    xdscale.o                   268
    -------------------------------------------------
    Total:                    2 158

rt7M_tl.a: [5]
    ABImemcpy_unaligned.o       118
    I64DivMod.o                 238
    I64DivZer.o                   2
    cexit.o                      10
    cmain.o                      26
    copy_init3.o                 46
    cstartup_M.o                 12
    data_init.o                  40
    memchr.o                     88
    strchr.o                     22
    strlen.o                     54
    zero_init3.o                 34
    -------------------------------------------------
    Total:                      690

shb_l.a: [6]
    exit.o                       20
    -------------------------------------------------
    Total:                       20

    Gaps                         18
    Linker created                        36      512
-----------------------------------------------------
    Grand Total:             47 748      792   20 210


*******************************************************************************
*** ENTRY LIST
***

Entry                      Address    Size  Type      Object
-----                      -------    ----  ----      ------
?main                   0x0800b9b5          Code  Gb  cmain.o [5]
ADCPrescTable           0x20000084     0x4  Data  Lc  stm32f10x_rcc.o [1]
APBAHBPrescTable        0x20000064    0x10  Data  Lc  stm32f10x_rcc.o [1]
BSP_CPU_ClkFreq         0x0800a403    0x10  Code  Gb  bsp.o [1]
BSP_GPIO_Init           0x08009fdd   0x200  Code  Gb  bsp.o [1]
BSP_IWDG_Init           0x0800a3e9    0x1a  Code  Gb  bsp.o [1]
BSP_Init                0x08009f2d    0xb0  Code  Gb  bsp.o [1]
BSP_NVIC_Init           0x0800a2f5    0x6c  Code  Gb  bsp.o [1]
BSP_SPI_Init            0x0800a361    0x66  Code  Gb  bsp.o [1]
BSP_USART_Init          0x0800a1dd   0x118  Code  Gb  bsp.o [1]
BusFault_Handler        0x0800b939     0x2  Code  Gb  stm32f10x_it.o [1]
CPU_CntLeadZeros        0x08005c2f          Code  Gb  cpu_a.o [1]
CPU_CntTrailZeros       0x08005c35          Code  Gb  cpu_a.o [1]
CPU_Init                0x0800a415     0xc  Code  Gb  cpu_core.o [1]
CPU_IntDis              0x08005c11          Code  Gb  cpu_a.o [1]
CPU_IntEn               0x08005c15          Code  Gb  cpu_a.o [1]
CPU_Name                0x20004c54    0x10  Data  Gb  cpu_core.o [1]
CPU_NameClr             0x0800a421    0x1a  Code  Gb  cpu_core.o [1]
CPU_NameInit            0x0800a441     0x8  Code  Lc  cpu_core.o [1]
CPU_RevBits             0x08005c3f          Code  Gb  cpu_a.o [1]
CPU_SR_Restore          0x08005c21          Code  Gb  cpu_a.o [1]
CPU_SR_Save             0x08005c19          Code  Gb  cpu_a.o [1]
CPU_TS_Init             0x0800a449     0xe  Code  Lc  cpu_core.o [1]
CPU_TS_TmrFreqSet       0x0800a43b     0x6  Code  Gb  cpu_core.o [1]
CPU_TS_TmrFreq_Hz       0x20004c70     0x4  Data  Gb  cpu_core.o [1]
CPU_TS_TmrInit          0x08007d5d    0x2a  Code  Gb  timestamp.o [1]
CPU_TS_TmrRd            0x08007d87     0x6  Code  Gb  timestamp.o [1]
CPU_WaitForExcept       0x08005c2b          Code  Gb  cpu_a.o [1]
CPU_WaitForInt          0x08005c27          Code  Gb  cpu_a.o [1]
CSTACK$$Base            0x20004cf8           --   Gb  - Linker created -
CSTACK$$Limit           0x20004ef8           --   Gb  - Linker created -
DebugMon_Handler        0x0800b93f     0x2  Code  Gb  stm32f10x_it.o [1]
Device_Cmd              0x08005381    0x9c  Code  Gb  sim800g.o [1]
Device_Read             0x08004981    0x34  Code  Gb  serial.o [1]
EXTI0_IRQHandler        0x0800b961     0x8  Code  Gb  stm32f10x_it.o [1]
EXTI_ClearITPendingBit  0x08007fc5     0x6  Code  Gb  stm32f10x_exti.o [1]
EXTI_GetITStatus        0x08007fa1    0x24  Code  Gb  stm32f10x_exti.o [1]
EXTI_Init               0x08007f19    0x88  Code  Gb  stm32f10x_exti.o [1]
FLAG_Event              0x20004c08    0x1c  Data  Gb  main.o [1]
FLASH_PrefetchBufferCmd
                        0x0800b229    0x20  Code  Gb  stm32f10x_flash.o [1]
FLASH_SetLatency        0x0800b211    0x18  Code  Gb  stm32f10x_flash.o [1]
GPIO_EXTILineConfig     0x08005dad    0x50  Code  Gb  stm32f10x_gpio.o [1]
GPIO_Init               0x08005c45    0xc8  Code  Gb  stm32f10x_gpio.o [1]
GPIO_PinRemapConfig     0x08005d2f    0x7e  Code  Gb  stm32f10x_gpio.o [1]
GPIO_ReadInputDataBit   0x08005d0d    0x16  Code  Gb  stm32f10x_gpio.o [1]
GPIO_ResetBits          0x08005d29     0x6  Code  Gb  stm32f10x_gpio.o [1]
GPIO_SetBits            0x08005d23     0x6  Code  Gb  stm32f10x_gpio.o [1]
GetFlash                0x08006361   0x12e  Code  Gb  spi_flash.o [1]
HardFault_Handler       0x0800b935     0x2  Code  Gb  stm32f10x_it.o [1]
IWDG_Enable             0x0800b2e7     0xa  Code  Gb  stm32f10x_iwdg.o [1]
IWDG_ReloadCounter      0x0800b2dd     0xa  Code  Gb  stm32f10x_iwdg.o [1]
IWDG_SetPrescaler       0x0800b2d5     0x8  Code  Gb  stm32f10x_iwdg.o [1]
IWDG_WriteAccessCmd     0x0800b2cd     0x8  Code  Gb  stm32f10x_iwdg.o [1]
MEM_Buf                 0x20004c24    0x18  Data  Gb  main.o [1]
MEM_ISR                 0x20004c3c    0x18  Data  Gb  main.o [1]
MUTEX_CONFIGFLASH       0x20004b04    0x20  Data  Gb  main.o [1]
MUTEX_SENDSERVER        0x20004b24    0x20  Data  Gb  main.o [1]
MemManage_Handler       0x0800b937     0x2  Code  Gb  stm32f10x_it.o [1]
Mem_Clr                 0x080044ed     0xc  Code  Gb  lib_mem.o [1]
Mem_Cmp                 0x08004553    0xb6  Code  Gb  lib_mem.o [1]
Mem_Copy                0x080059f1          Code  Gb  lib_mem_a.o [1]
Mem_Set                 0x080044f9    0x5a  Code  Gb  lib_mem.o [1]
NMI_Handler             0x0800b933     0x2  Code  Gb  stm32f10x_it.o [1]
NVIC_Init               0x0800b257    0x62  Code  Gb  misc.o [1]
NVIC_PriorityGroupConfig
                        0x0800b24d     0xa  Code  Gb  misc.o [1]
OSCfg_DataSizeRAM       0x0800bc60     0x4  Data  Gb  os_cfg_app.o [1]
OSCfg_ISRStk            0x200038d8   0x200  Data  Gb  os_cfg_app.o [1]
OSCfg_ISRStkBasePtr     0x0800bc18     0x4  Data  Gb  os_cfg_app.o [1]
OSCfg_ISRStkSize        0x0800bc1c     0x4  Data  Gb  os_cfg_app.o [1]
OSCfg_ISRStkSizeRAM     0x0800bc20     0x4  Data  Gb  os_cfg_app.o [1]
OSCfg_IdleTaskStk       0x200036d8   0x200  Data  Gb  os_cfg_app.o [1]
OSCfg_IdleTaskStkBasePtr
                        0x0800bc08     0x4  Data  Gb  os_cfg_app.o [1]
OSCfg_IdleTaskStkLimit  0x0800bc0c     0x4  Data  Gb  os_cfg_app.o [1]
OSCfg_IdleTaskStkSize   0x0800bc10     0x4  Data  Gb  os_cfg_app.o [1]
OSCfg_IdleTaskStkSizeRAM
                        0x0800bc14     0x4  Data  Gb  os_cfg_app.o [1]
OSCfg_Init              0x08009dfd    0xac  Code  Gb  os_cfg_app.o [1]
OSCfg_MsgPool           0x20001098   0x640  Data  Gb  os_cfg_app.o [1]
OSCfg_MsgPoolBasePtr    0x0800bc28     0x4  Data  Gb  os_cfg_app.o [1]
OSCfg_MsgPoolSize       0x08007f16     0x2  Data  Gb  os_cfg_app.o [1]
OSCfg_MsgPoolSizeRAM    0x0800bc24     0x4  Data  Gb  os_cfg_app.o [1]
OSCfg_StkSizeMin        0x0800bc2c     0x4  Data  Gb  os_cfg_app.o [1]
OSCfg_TickRate_Hz       0x0800bc30     0x4  Data  Gb  os_cfg_app.o [1]
OSCfg_TickTaskPrio      0x0800a86a     0x1  Data  Gb  os_cfg_app.o [1]
OSCfg_TickTaskStk       0x20003ad8   0x200  Data  Gb  os_cfg_app.o [1]
OSCfg_TickTaskStkBasePtr
                        0x0800bc34     0x4  Data  Gb  os_cfg_app.o [1]
OSCfg_TickTaskStkLimit  0x0800bc38     0x4  Data  Gb  os_cfg_app.o [1]
OSCfg_TickTaskStkSize   0x0800bc3c     0x4  Data  Gb  os_cfg_app.o [1]
OSCfg_TickTaskStkSizeRAM
                        0x0800bc40     0x4  Data  Gb  os_cfg_app.o [1]
OSCfg_TickWheel         0x200048c8    0x88  Data  Gb  os_cfg_app.o [1]
OSCfg_TickWheelSize     0x08009b1e     0x2  Data  Gb  os_cfg_app.o [1]
OSCfg_TickWheelSizeRAM  0x0800bc44     0x4  Data  Gb  os_cfg_app.o [1]
OSCfg_TmrTaskPrio       0x0800a86b     0x1  Data  Gb  os_cfg_app.o [1]
OSCfg_TmrTaskRate_Hz    0x0800bc48     0x4  Data  Gb  os_cfg_app.o [1]
OSCfg_TmrTaskStk        0x20003cd8   0x200  Data  Gb  os_cfg_app.o [1]
OSCfg_TmrTaskStkBasePtr
                        0x0800bc4c     0x4  Data  Gb  os_cfg_app.o [1]
OSCfg_TmrTaskStkLimit   0x0800bc50     0x4  Data  Gb  os_cfg_app.o [1]
OSCfg_TmrTaskStkSize    0x0800bc54     0x4  Data  Gb  os_cfg_app.o [1]
OSCfg_TmrTaskStkSizeRAM
                        0x0800bc58     0x4  Data  Gb  os_cfg_app.o [1]
OSCfg_TmrWheel          0x20004950    0x88  Data  Gb  os_cfg_app.o [1]
OSCfg_TmrWheelSize      0x0800a412     0x2  Data  Gb  os_cfg_app.o [1]
OSCfg_TmrWheelSizeRAM   0x0800bc5c     0x4  Data  Gb  os_cfg_app.o [1]
OSFlagCreate            0x08006b25    0x66  Code  Gb  os_flag.o [1]
OSFlagPend              0x08006b8b   0x40c  Code  Gb  os_flag.o [1]
OSFlagPost              0x08006f97    0x5e  Code  Gb  os_flag.o [1]
OSFlagQty               0x20004cd4     0x2  Data  Gb  os_var.o [1]
OSIdleTaskCtr           0x20004c98     0x4  Data  Gb  os_var.o [1]
OSIdleTaskHook          0x080083f9    0x12  Code  Gb  os_cpu_c.o [1]
OSIdleTaskTCB           0x200046ac    0xb4  Data  Gb  os_var.o [1]
OSInit                  0x080073d5   0x150  Code  Gb  os_core.o [1]
OSInitHook              0x0800840b    0x14  Code  Gb  os_cpu_c.o [1]
OSIntExit               0x08007525    0xc8  Code  Gb  os_core.o [1]
OSIntNestingCtr         0x20004ce3     0x1  Data  Gb  os_var.o [1]
OSMemCreate             0x0800436d    0xd0  Code  Gb  os_mem.o [1]
OSMemGet                0x0800443d    0x46  Code  Gb  os_mem.o [1]
OSMemPut                0x08004483    0x50  Code  Gb  os_mem.o [1]
OSMemQty                0x20004cd6     0x2  Data  Gb  os_var.o [1]
OSMsgPool               0x20004c64     0xc  Data  Gb  os_var.o [1]
OSMutexCreate           0x08006721    0x68  Code  Gb  os_mutex.o [1]
OSMutexPend             0x08006789   0x21c  Code  Gb  os_mutex.o [1]
OSMutexPost             0x080069a5   0x126  Code  Gb  os_mutex.o [1]
OSMutexQty              0x20004cd8     0x2  Data  Gb  os_var.o [1]
OSPrioCur               0x20004ce5     0x1  Data  Gb  os_var.o [1]
OSPrioHighRdy           0x20004ce6     0x1  Data  Gb  os_var.o [1]
OSPrioSaved             0x20004ce7     0x1  Data  Gb  os_var.o [1]
OSPrioTbl               0x20004c78     0x4  Data  Gb  os_prio.o [1]
OSQCreate               0x08003fe9    0x7c  Code  Gb  os_q.o [1]
OSQPend                 0x08004065   0x1be  Code  Gb  os_q.o [1]
OSQPost                 0x08004223    0x84  Code  Gb  os_q.o [1]
OSQQty                  0x20004cda     0x2  Data  Gb  os_var.o [1]
OSRdyList               0x20003ed8   0x180  Data  Gb  os_var.o [1]
OSRunning               0x20004ce4     0x1  Data  Gb  os_var.o [1]
OSSched                 0x080075ed    0x8e  Code  Gb  os_core.o [1]
OSSchedLock             0x0800767b    0x58  Code  Gb  os_core.o [1]
OSSchedLockNestingCtr   0x20004ce8     0x1  Data  Gb  os_var.o [1]
OSSchedRoundRobinDfltTimeQuanta
                        0x20004c9c     0x4  Data  Gb  os_var.o [1]
OSSchedRoundRobinEn     0x20004ce9     0x1  Data  Gb  os_var.o [1]
OSSchedUnlock           0x080076d3    0x72  Code  Gb  os_core.o [1]
OSSemCreate             0x080056cd    0x66  Code  Gb  os_sem.o [1]
OSSemPend               0x08005733   0x174  Code  Gb  os_sem.o [1]
OSSemPost               0x080058a7    0x60  Code  Gb  os_sem.o [1]
OSSemQty                0x20004cdc     0x2  Data  Gb  os_var.o [1]
OSStart                 0x08007745    0x64  Code  Gb  os_core.o [1]
OSStartHighRdy          0x08009ea9          Code  Gb  os_cpu_a.o [1]
OSTCBCurPtr             0x20004cbc     0x4  Data  Gb  os_var.o [1]
OSTCBHighRdyPtr         0x20004cc0     0x4  Data  Gb  os_var.o [1]
OSTaskCreate            0x080085d1   0x176  Code  Gb  os_task.o [1]
OSTaskCreateHook        0x0800841f    0x12  Code  Gb  os_cpu_c.o [1]
OSTaskCtxSwCtr          0x20004ca0     0x4  Data  Gb  os_var.o [1]
OSTaskDel               0x08008747    0xea  Code  Gb  os_task.o [1]
OSTaskDelHook           0x08008431    0x12  Code  Gb  os_cpu_c.o [1]
OSTaskQty               0x20004cde     0x2  Data  Gb  os_var.o [1]
OSTaskRegNextAvailID    0x20004cea     0x1  Data  Gb  os_var.o [1]
OSTaskReturnHook        0x08008443    0x12  Code  Gb  os_cpu_c.o [1]
OSTaskSemPend           0x08008831   0x1cc  Code  Gb  os_task.o [1]
OSTaskSemPost           0x080089fd    0x34  Code  Gb  os_task.o [1]
OSTaskStkInit           0x08008455    0x80  Code  Gb  os_cpu_c.o [1]
OSTaskSwHook            0x080084d5    0x56  Code  Gb  os_cpu_c.o [1]
OSTickCtr               0x20004ca4     0x4  Data  Gb  os_var.o [1]
OSTickTaskTCB           0x20004760    0xb4  Data  Gb  os_var.o [1]
OSTickTaskTimeMax       0x20004ca8     0x4  Data  Gb  os_var.o [1]
OSTimeDly               0x08004a0d    0xa0  Code  Gb  os_time.o [1]
OSTimeDlyHMSM           0x08004aad   0x178  Code  Gb  os_time.o [1]
OSTimeTick              0x08004c25    0x4a  Code  Gb  os_time.o [1]
OSTimeTickHook          0x0800852b    0x12  Code  Gb  os_cpu_c.o [1]
OSTmrTaskTCB            0x20004814    0xb4  Data  Gb  os_var.o [1]
OSTmrTaskTimeMax        0x20004cac     0x4  Data  Gb  os_var.o [1]
OSTmrTickCtr            0x20004cb0     0x4  Data  Gb  os_var.o [1]
OSTmrUpdateCnt          0x20004cb4     0x4  Data  Gb  os_var.o [1]
OSTmrUpdateCtr          0x20004cb8     0x4  Data  Gb  os_var.o [1]
OS_AppIdleTaskHookPtr   0x20004c88     0x4  Data  Gb  os_var.o [1]
OS_AppStatTaskHookPtr   0x20004c8c     0x4  Data  Gb  os_var.o [1]
OS_AppTaskCreateHookPtr
                        0x20004c7c     0x4  Data  Gb  os_var.o [1]
OS_AppTaskDelHookPtr    0x20004c80     0x4  Data  Gb  os_var.o [1]
OS_AppTaskReturnHookPtr
                        0x20004c84     0x4  Data  Gb  os_var.o [1]
OS_AppTaskSwHookPtr     0x20004c90     0x4  Data  Gb  os_var.o [1]
OS_AppTimeTickHookPtr   0x20004c94     0x4  Data  Gb  os_var.o [1]
OS_CPU_ExceptStkBase    0x20004c74     0x4  Data  Gb  os_cpu_c.o [1]
OS_CPU_SysTickHandler   0x0800853d    0x24  Code  Gb  os_cpu_c.o [1]
OS_CPU_SysTickInit      0x08008561    0x2c  Code  Gb  os_cpu_c.o [1]
OS_FlagBlock            0x08006ff5    0x26  Code  Gb  os_flag.o [1]
OS_FlagInit             0x0800701b     0xc  Code  Gb  os_flag.o [1]
OS_FlagPost             0x0800703d   0x13c  Code  Gb  os_flag.o [1]
OS_FlagTaskRdy          0x08007179    0x56  Code  Gb  os_flag.o [1]
OS_IdleTask             0x080077a9    0x24  Code  Gb  os_core.o [1]
OS_IdleTaskInit         0x080077cd    0x50  Code  Gb  os_core.o [1]
OS_MemInit              0x080044d3     0xc  Code  Gb  os_mem.o [1]
OS_MsgPoolInit          0x080071d9    0x86  Code  Gb  os_msg.o [1]
OS_MsgQFreeAll          0x0800725f    0x44  Code  Gb  os_msg.o [1]
OS_MsgQGet              0x080072b7    0x70  Code  Gb  os_msg.o [1]
OS_MsgQInit             0x080072a3    0x14  Code  Gb  os_msg.o [1]
OS_MsgQPut              0x08007327    0xa2  Code  Gb  os_msg.o [1]
OS_MutexInit            0x08006acb     0xc  Code  Gb  os_mutex.o [1]
OS_Pend                 0x0800781d    0x60  Code  Gb  os_core.o [1]
OS_PendDataInit         0x0800787d    0x34  Code  Gb  os_core.o [1]
OS_PendListChangePrio   0x080078b1    0x34  Code  Gb  os_core.o [1]
OS_PendListInit         0x080078e5     0xe  Code  Gb  os_core.o [1]
OS_PendListInsertPrio   0x080078f3    0x6e  Code  Gb  os_core.o [1]
OS_PendListRemove       0x08007961    0x28  Code  Gb  os_core.o [1]
OS_PendListRemove1      0x08007989    0x48  Code  Gb  os_core.o [1]
OS_Post                 0x080079d1    0xb0  Code  Gb  os_core.o [1]
OS_Post1                0x08007a81    0x26  Code  Gb  os_core.o [1]
OS_PrioGetHighest       0x08008d25    0x20  Code  Gb  os_prio.o [1]
OS_PrioInit             0x08008d11    0x14  Code  Gb  os_prio.o [1]
OS_PrioInsert           0x08008d45    0x26  Code  Gb  os_prio.o [1]
OS_PrioRemove           0x08008d6b    0x28  Code  Gb  os_prio.o [1]
OS_QInit                0x080042a7     0xc  Code  Gb  os_q.o [1]
OS_QPost                0x080042c9    0xa4  Code  Gb  os_q.o [1]
OS_RdyListInit          0x08007aa7    0x24  Code  Gb  os_core.o [1]
OS_RdyListInsert        0x08007acb    0x28  Code  Gb  os_core.o [1]
OS_RdyListInsertHead    0x08007af3    0x3a  Code  Gb  os_core.o [1]
OS_RdyListInsertTail    0x08007b2d    0x38  Code  Gb  os_core.o [1]
OS_RdyListMoveHeadToTail
                        0x08007b65    0x40  Code  Gb  os_core.o [1]
OS_RdyListRemove        0x08007ba5    0x5c  Code  Gb  os_core.o [1]
OS_SchedRoundRobin      0x08007c01    0x8a  Code  Gb  os_core.o [1]
OS_SemInit              0x08005907     0xc  Code  Gb  os_sem.o [1]
OS_SemPost              0x08005929    0xa6  Code  Gb  os_sem.o [1]
OS_TaskBlock            0x08007d09    0x3a  Code  Gb  os_core.o [1]
OS_TaskInit             0x08008a31    0x16  Code  Gb  os_task.o [1]
OS_TaskInitTCB          0x08008a47   0x106  Code  Gb  os_task.o [1]
OS_TaskRdy              0x08007d43    0x1a  Code  Gb  os_core.o [1]
OS_TaskReturn           0x08008b59    0x14  Code  Gb  os_task.o [1]
OS_TaskSemPost          0x08008b79    0xd4  Code  Gb  os_task.o [1]
OS_TickListInit         0x080080a7    0x2a  Code  Gb  os_tick.o [1]
OS_TickListInsert       0x080080d1   0x11c  Code  Gb  os_tick.o [1]
OS_TickListRemove       0x080081ed    0x42  Code  Gb  os_tick.o [1]
OS_TickListUpdate       0x0800822f   0x190  Code  Gb  os_tick.o [1]
OS_TickTask             0x08007fe1    0x28  Code  Gb  os_tick.o [1]
OS_TickTaskInit         0x08008009    0x9e  Code  Gb  os_tick.o [1]
OS_TmrInit              0x08009b21    0xd4  Code  Gb  os_tmr.o [1]
OS_TmrLink              0x08009bf5    0xd0  Code  Gb  os_tmr.o [1]
OS_TmrTask              0x08009d15    0xaa  Code  Gb  os_tmr.o [1]
OS_TmrUnlink            0x08009cc5    0x4c  Code  Gb  os_tmr.o [1]
ObjCreate               0x0800b661   0x152  Code  Gb  main.o [1]
OverLoad                0x080049b5    0x20  Code  Gb  serial.o [1]
PendSV_Handler          0x08009ec7          Code  Gb  os_cpu_a.o [1]
PutFlash                0x0800648f   0x12c  Code  Gb  spi_flash.o [1]
Q_Config                0x20004abc    0x24  Data  Gb  main.o [1]
Q_Deal                  0x20004ae0    0x24  Data  Gb  main.o [1]
Q_Read                  0x20004a74    0x24  Data  Gb  main.o [1]
Q_ReadData              0x20004a98    0x24  Data  Gb  main.o [1]
Q_Slave                 0x20004a50    0x24  Data  Gb  main.o [1]
RCC_APB1PeriphClockCmd  0x0800a619    0x20  Code  Gb  stm32f10x_rcc.o [1]
RCC_APB2PeriphClockCmd  0x0800a5f9    0x20  Code  Gb  stm32f10x_rcc.o [1]
RCC_DeInit              0x0800a461    0x60  Code  Gb  stm32f10x_rcc.o [1]
RCC_GetClocksFreq       0x0800a539    0xc0  Code  Gb  stm32f10x_rcc.o [1]
RCC_GetFlagStatus       0x0800a639    0x44  Code  Gb  stm32f10x_rcc.o [1]
RCC_HCLKConfig          0x0800a4f3    0x14  Code  Gb  stm32f10x_rcc.o [1]
RCC_LSICmd              0x0800a531     0x8  Code  Gb  stm32f10x_rcc.o [1]
RCC_PCLK1Config         0x0800a507    0x14  Code  Gb  stm32f10x_rcc.o [1]
RCC_PCLK2Config         0x0800a51b    0x16  Code  Gb  stm32f10x_rcc.o [1]
RCC_PLLCmd              0x0800a4d7     0x8  Code  Gb  stm32f10x_rcc.o [1]
RCC_PLLConfig           0x0800a4c1    0x16  Code  Gb  stm32f10x_rcc.o [1]
RCC_SYSCLKConfig        0x0800a4df    0x14  Code  Gb  stm32f10x_rcc.o [1]
Region$$Table$$Base     0x0800b990           --   Gb  - Linker created -
Region$$Table$$Limit    0x0800b9b4           --   Gb  - Linker created -
SEM_ACKData             0x20004bb4    0x1c  Data  Gb  main.o [1]
SEM_HeartBeat           0x20004b98    0x1c  Data  Gb  main.o [1]
SEM_Send                0x20004bd0    0x1c  Data  Gb  main.o [1]
SEM_SendOver            0x20004bec    0x1c  Data  Gb  main.o [1]
SEM_ServerTX            0x20004b44    0x1c  Data  Gb  main.o [1]
SEM_Slave_485TX         0x20004b60    0x1c  Data  Gb  main.o [1]
SEM_Slave_mbusTX        0x20004b7c    0x1c  Data  Gb  main.o [1]
SPI_Cmd                 0x08008cad    0x1c  Code  Gb  stm32f10x_spi.o [1]
SPI_I2S_GetFlagStatus   0x08008cfd    0x14  Code  Gb  stm32f10x_spi.o [1]
SPI_I2S_ITConfig        0x08008cc9    0x2c  Code  Gb  stm32f10x_spi.o [1]
SPI_I2S_ReceiveData     0x08008cf9     0x4  Code  Gb  stm32f10x_spi.o [1]
SPI_I2S_SendData        0x08008cf5     0x4  Code  Gb  stm32f10x_spi.o [1]
SPI_Init                0x08008c6d    0x40  Code  Gb  stm32f10x_spi.o [1]
STK_Config              0x200016d8   0x600  Data  Gb  main.o [1]
STK_DealServer          0x200032d8   0x200  Data  Gb  main.o [1]
STK_HeartBeat           0x200030d8   0x200  Data  Gb  main.o [1]
STK_LED1                0x20002ad8   0x200  Data  Gb  main.o [1]
STK_OverLoad            0x200034d8   0x200  Data  Gb  main.o [1]
STK_Read                0x20001cd8   0x600  Data  Gb  main.o [1]
STK_Server              0x20002cd8   0x200  Data  Gb  main.o [1]
STK_Slave               0x20002ed8   0x200  Data  Gb  main.o [1]
STK_Start               0x200028d8   0x200  Data  Gb  main.o [1]
SVC_Handler             0x0800b93d     0x2  Code  Gb  stm32f10x_it.o [1]
Send_ReadATs            0x08004c99    0x2a  Code  Gb  sim800g.o [1]
Server_Post2Buf         0x08004963    0x1e  Code  Gb  serial.o [1]
Server_Write            0x080048a9    0x5c  Code  Gb  serial.o [1]
Server_WriteStr         0x08004905    0x5e  Code  Gb  serial.o [1]
Server_Write_485        0x08004831    0x78  Code  Gb  serial.o [1]
SetSysClock             0x0800b931     0x2  Code  Lc  system_stm32f10x.o [1]
Slave_Write             0x08004759    0xd8  Code  Gb  serial.o [1]
Str_Cat                 0x0800549b     0xc  Code  Gb  lib_str.o [1]
Str_Cat_N               0x080054a7    0x62  Code  Gb  lib_str.o [1]
Str_Char_N              0x0800559d    0x50  Code  Gb  lib_str.o [1]
Str_Cmp_N               0x08005509    0x94  Code  Gb  lib_str.o [1]
Str_Len_N               0x08005481    0x1a  Code  Gb  lib_str.o [1]
Str_Str                 0x080055ed     0xc  Code  Gb  lib_str.o [1]
Str_Str_N               0x080055f9    0xa6  Code  Gb  lib_str.o [1]
SysTick_Handler         0x0800b941     0x8  Code  Gb  stm32f10x_it.o [1]
SystemInit              0x0800b8c5    0x54  Code  Gb  system_stm32f10x.o [1]
TCB_Config              0x20004328    0xb4  Data  Gb  main.o [1]
TCB_DealServer          0x20004544    0xb4  Data  Gb  main.o [1]
TCB_HeartBeat           0x20004490    0xb4  Data  Gb  main.o [1]
TCB_LED1                0x2000410c    0xb4  Data  Gb  main.o [1]
TCB_OverLoad            0x200045f8    0xb4  Data  Gb  main.o [1]
TCB_Read                0x200043dc    0xb4  Data  Gb  main.o [1]
TCB_Server              0x200041c0    0xb4  Data  Gb  main.o [1]
TCB_Slave               0x20004274    0xb4  Data  Gb  main.o [1]
TCB_Start               0x20004058    0xb4  Data  Gb  main.o [1]
TaskCreate              0x0800b4d5   0x18c  Code  Gb  main.o [1]
TaskStart               0x0800b435    0xa0  Code  Gb  main.o [1]
Task_Config             0x080020af    0x52  Code  Gb  tasks.o [1]
Task_DealServer         0x08000627   0x174  Code  Gb  tasks.o [1]
Task_HeartBeat          0x08000813   0x116  Code  Gb  tasks.o [1]
Task_LED1               0x080032bd   0x11c  Code  Gb  tasks.o [1]
Task_OverLoad           0x08003f1f    0x70  Code  Gb  tasks.o [1]
Task_Read               0x08000969    0x6a  Code  Gb  tasks.o [1]
Task_Server             0x0800046d   0x1ba  Code  Gb  tasks.o [1]
Task_Slave              0x080000ed   0x360  Code  Gb  tasks.o [1]
USART1_Handler          0x08004685    0x6c  Code  Gb  serial.o [1]
USART1_IRQHandler       0x0800b949     0x8  Code  Gb  stm32f10x_it.o [1]
USART2_Handler          0x080046f1    0x68  Code  Gb  serial.o [1]
USART2_IRQHandler       0x0800b951     0x8  Code  Gb  stm32f10x_it.o [1]
USART3_Handler          0x08004609    0x7c  Code  Gb  serial.o [1]
USART3_IRQHandler       0x0800b959     0x8  Code  Gb  stm32f10x_it.o [1]
USART_ClearITPendingBit
                        0x08007ef5    0x22  Code  Gb  stm32f10x_usart.o [1]
USART_Cmd               0x08007e5d    0x1c  Code  Gb  stm32f10x_usart.o [1]
USART_GetFlagStatus     0x08007edb    0x1a  Code  Gb  stm32f10x_usart.o [1]
USART_ITConfig          0x08007e79    0x52  Code  Gb  stm32f10x_usart.o [1]
USART_Init              0x08007d99    0xbe  Code  Gb  stm32f10x_usart.o [1]
USART_ReceiveData       0x08007ed3     0x8  Code  Gb  stm32f10x_usart.o [1]
USART_SendData          0x08007ecb     0x8  Code  Gb  stm32f10x_usart.o [1]
UsageFault_Handler      0x0800b93b     0x2  Code  Gb  stm32f10x_it.o [1]
_GenldFullNoMb          0x08009875   0x262  Code  Lc  xprintffull_nomb.o [3]
_LdtobFullNoMb          0x08009489   0x3e6  Code  Lc  xprintffull_nomb.o [3]
_LitobFullNoMb          0x08009381   0x106  Code  Lc  xprintffull_nomb.o [3]
_PrintfFullNoMb         0x08008d99   0x5e2  Code  Gb  xprintffull_nomb.o [3]
_PutcharsFullNoMb       0x08009ad7    0x2e  Code  Lc  xprintffull_nomb.o [3]
_SProut                 0x080071cf     0xa  Code  Gb  xsprout.o [3]
__aeabi_cdcmple         0x0800aaa5          Code  Gb  DblCmpLe.o [4]
__aeabi_cdrcmple        0x0800aad5          Code  Gb  DblCmpGe.o [4]
__aeabi_d2iz            0x0800ac11          Code  Gb  DblToI32.o [4]
__aeabi_d2uiz           0x0800ac3d          Code  Gb  DblToI32.o [4]
__aeabi_ddiv            0x0800afbd          Code  Gb  DblDiv.o [4]
__aeabi_dmul            0x0800ae19          Code  Gb  DblMul.o [4]
__aeabi_dsub            0x0800ac99          Code  Gb  DblSub.o [4]
__aeabi_errno_addr      0x0800b2f9     0x6  Code  Gb  errno.o [3]
__aeabi_i2d             0x0800ac69          Code  Gb  I32ToDbl.o [4]
__aeabi_ldiv0           0x0800b305          Code  Gb  I64DivZer.o [5]
__aeabi_ui2d            0x0800ac7d          Code  Gb  I32ToDbl.o [4]
__aeabi_uldivmod        0x0800a8fd          Code  Gb  I64DivMod.o [5]
__cmain                 0x0800b9b5          Code  Gb  cmain.o [5]
__exit                  0x0800b9e5    0x14  Code  Gb  exit.o [6]
__iar_Dnorm             0x0800aa63    0x42  Code  Gb  xdnorm.o [4]
__iar_Dscale            0x0800ab05   0x10c  Code  Gb  xdscale.o [4]
__iar_Errno             0x2000008c     0x4  Data  Gb  errno.o [3]
__iar_Memchr            0x0800a8a5          Code  Gb  memchr.o [5]
__iar_Stoul             0x0800a801     0x4  Code  Gb  xstoul.o [3]
__iar_Stoulx            0x0800a6b9   0x142  Code  Gb  xstoul.o [3]
__iar_Strchr            0x0800a855          Code  Gb  strchr.o [5]
__iar_copy_init3        0x0800569f    0x2e  Code  Gb  copy_init3.o [5]
__iar_d2uiz             0x0800ac49          Code  Gb  DblToI32.o [4]
__iar_dadd              0x0800b309          Code  Gb  DblAdd.o [4]
__iar_data_init3        0x0800b969    0x28  Code  Gb  data_init.o [5]
__iar_dlib_perthread_access
                        0x0800b3dd     0x2  Code  Gb  xtls.o [3]
__iar_dsub              0x0800acad          Code  Gb  DblSub.o [4]
__iar_dsubStart         0x0800acbf          Code  Gb  DblSub.o [4]
__iar_program_start     0x0800bb3d          Code  Gb  cstartup_M.o [5]
__iar_ui2d              0x0800ac81          Code  Gb  I32ToDbl.o [4]
__iar_unaligned___aeabi_memcpy
                        0x0800a9ed          Code  Gb  ABImemcpy_unaligned.o [5]
__iar_unaligned___aeabi_memcpy4
                        0x0800aa0d          Code  Gb  ABImemcpy_unaligned.o [5]
__iar_unaligned___aeabi_memcpy8
                        0x0800aa0d          Code  Gb  ABImemcpy_unaligned.o [5]
__iar_zero_init3        0x080059cf    0x22  Code  Gb  zero_init3.o [5]
__low_level_init        0x0800b9cf     0x4  Code  Gb  low_level_init.o [3]
__vector_table          0x08000000          Data  Gb  startup_stm32f10x_md.o [1]
_call_main              0x0800b9c1          Code  Gb  cmain.o [5]
_exit                   0x0800b9d9          Code  Gb  cexit.o [5]
_main                   0x0800b9cb          Code  Gb  cmain.o [5]
ack_query_addr          0x08003b15    0xc0  Code  Gb  tasks.o [1]
ack_query_cjq           0x08003491   0x152  Code  Gb  tasks.o [1]
ack_query_di_seq        0x08003e57    0xc8  Code  Gb  tasks.o [1]
ack_query_ip            0x08003bd5    0xf2  Code  Gb  tasks.o [1]
ack_query_mbus          0x08003cc7    0xc8  Code  Gb  tasks.o [1]
ack_query_meter         0x080035f1   0x518  Code  Gb  tasks.o [1]
ack_query_test          0x08003d8f    0xc8  Code  Gb  tasks.o [1]
addSEQ                  0x080007e3    0x30  Code  Gb  tasks.o [1]
add_cjq                 0x08002d9d   0x108  Code  Gb  tasks.o [1]
add_meter               0x0800265d   0x226  Code  Gb  tasks.o [1]
at_apn                  0x0800507d    0x6c  Code  Gb  sim800g.o [1]
at_cipmux               0x08005011    0x6c  Code  Gb  sim800g.o [1]
at_cpin                 0x08004d43    0x98  Code  Gb  sim800g.o [1]
at_creg                 0x08004ecd    0xa6  Code  Gb  sim800g.o [1]
at_csq                  0x08004ddb    0xf2  Code  Gb  sim800g.o [1]
at_tcpsetup             0x080051ef    0x96  Code  Gb  sim800g.o [1]
at_xiic                 0x080050e9    0x74  Code  Gb  sim800g.o [1]
ate_                    0x08004cd7    0x6c  Code  Gb  sim800g.o [1]
atoi                    0x08008c65     0x8  Code  Gb  atoi.o [3]
ats                     0x20000000    0x50  Data  Gb  sim800g.o [1]
buf                     0x20004cc4     0x4  Data  Gb  tasks.o [1]
buf_                    0x20004cc8     0x4  Data  Gb  tasks.o [1]
change_connect          0x0800541d    0x18  Code  Gb  sim800g.o [1]
check_cgatt             0x08004f73    0x98  Code  Gb  sim800g.o [1]
check_cs                0x0800044d    0x20  Code  Gb  tasks.o [1]
check_frame             0x080007a1    0x42  Code  Gb  tasks.o [1]
check_str               0x08004cc3    0x14  Code  Gb  sim800g.o [1]
check_xiic              0x08005161    0x8e  Code  Gb  sim800g.o [1]
cjq_close               0x08001ad9   0x12e  Code  Gb  tasks.o [1]
cjq_open                0x0800191d   0x1bc  Code  Gb  tasks.o [1]
config_flash            0x20000098  0x1000  Data  Gb  main.o [1]
connect                 0x080052fd    0x84  Code  Gb  sim800g.o [1]
connectstate            0x20004ce0     0x1  Data  Gb  main.o [1]
data_seq                0x20004cec     0x1  Data  Gb  tasks.o [1]
delete_cjq              0x08002eed   0x32e  Code  Gb  tasks.o [1]
delete_meter            0x08002895   0x4a4  Code  Gb  tasks.o [1]
device_ack              0x080033dd    0xa8  Code  Gb  tasks.o [1]
device_test             0x20000093     0x1  Data  Gb  main.o [1]
deviceaddr              0x2000007c     0x8  Data  Gb  sim800g.o [1]
di_seq                  0x20004ce2     0x1  Data  Gb  main.o [1]
digits                  0x0800a804    0x28  Data  Lc  xstoul.o [3]
div                     0x0800b203     0xe  Code  Gb  div.o [3]
exit                    0x0800b9d3     0x4  Code  Gb  exit.o [3]
fe                      0x20000088     0x4  Data  Gb  tasks.o [1]
heart_seq               0x20004ceb     0x1  Data  Gb  tasks.o [1]
ip                      0x20000050    0x14  Data  Gb  sim800g.o [1]
ip1                     0x20000094     0x1  Data  Gb  sim800g.o [1]
ip2                     0x20000095     0x1  Data  Gb  sim800g.o [1]
ip3                     0x20000096     0x1  Data  Gb  sim800g.o [1]
ip4                     0x20000097     0x1  Data  Gb  sim800g.o [1]
local_seq               0x20004ced     0x1  Data  Gb  tasks.o [1]
main                    0x0800b3e1    0x52  Code  Gb  main.o [1]
mbus_power              0x080009d3    0x30  Code  Gb  tasks.o [1]
mem_buf                 0x200022d8   0x600  Data  Gb  main.o [1]
mem_isr                 0x200049d8    0x78  Data  Gb  main.o [1]
memchr                  0x0800a8a5          Code  Gb  memchr.o [5]
meter_close             0x08001e61   0x24e  Code  Gb  tasks.o [1]
meter_control           0x08001715   0x1ec  Code  Gb  tasks.o [1]
meter_open              0x08001c19   0x23c  Code  Gb  tasks.o [1]
meter_read              0x08000af1   0x35a  Code  Gb  tasks.o [1]
meter_read_single       0x08000e61   0x298  Code  Gb  tasks.o [1]
meter_send              0x0800113d   0x5c2  Code  Gb  tasks.o [1]
ndigs                   0x0800a82c    0x28  Data  Lc  xstoul.o [3]
param_conf              0x080065bb    0xc0  Code  Gb  spi_flash.o [1]
param_config            0x08002109   0x4de  Code  Gb  tasks.o [1]
param_query             0x08003239    0x84  Code  Gb  tasks.o [1]
port                    0x20000074     0x8  Data  Gb  sim800g.o [1]
port_                   0x20000090     0x2  Data  Gb  sim800g.o [1]
power_cmd               0x0800092d    0x3c  Code  Gb  tasks.o [1]
reading                 0x20004ce1     0x1  Data  Gb  main.o [1]
readingall              0x20004cf0     0x1  Data  Gb  tasks.o [1]
readingall_progress     0x20004cf1     0x1  Data  Gb  tasks.o [1]
relay_1                 0x08000a2f    0x2c  Code  Gb  tasks.o [1]
relay_2                 0x08000a5b    0x2c  Code  Gb  tasks.o [1]
relay_3                 0x08000a87    0x2c  Code  Gb  tasks.o [1]
relay_4                 0x08000ab3    0x2c  Code  Gb  tasks.o [1]
relay_485               0x08000a03    0x2c  Code  Gb  tasks.o [1]
sFLASH_EraseBulk        0x08005e4d    0x2e  Code  Gb  spi_flash.o [1]
sFLASH_EraseSector      0x08005e09    0x44  Code  Gb  spi_flash.o [1]
sFLASH_EraseWritePage   0x08005ed7    0x62  Code  Gb  spi_flash.o [1]
sFLASH_PoolInit         0x08006221   0x140  Code  Gb  spi_flash.o [1]
sFLASH_ReadBuffer       0x0800608d    0x56  Code  Gb  spi_flash.o [1]
sFLASH_ReadID           0x0800613f    0x54  Code  Gb  spi_flash.o [1]
sFLASH_ReadStr          0x080060e3    0x5c  Code  Gb  spi_flash.o [1]
sFLASH_SendByte         0x08006193    0x3a  Code  Gb  spi_flash.o [1]
sFLASH_WaitForWriteEnd  0x080061ef    0x32  Code  Gb  spi_flash.o [1]
sFLASH_WriteBuffer      0x08005f39   0x154  Code  Gb  spi_flash.o [1]
sFLASH_WriteEnable      0x080061cd    0x22  Code  Gb  spi_flash.o [1]
sFLASH_WritePage        0x08005e7b    0x5c  Code  Gb  spi_flash.o [1]
search_cjq              0x08002d39    0x64  Code  Gb  tasks.o [1]
search_meter            0x080025f1    0x6c  Code  Gb  tasks.o [1]
send_server             0x08005285    0x72  Code  Gb  sim800g.o [1]
server_ptr              0x20004ccc     0x4  Data  Gb  tasks.o [1]
server_ptr_             0x20004cd0     0x4  Data  Gb  tasks.o [1]
server_seq              0x20004cee     0x1  Data  Gb  tasks.o [1]
slave_mbus              0x20000092     0x1  Data  Gb  main.o [1]
sprintf                 0x08006af1    0x34  Code  Gb  sprintf.o [3]
start_slave             0x20004cef     0x1  Data  Gb  tasks.o [1]
strchr                  0x0800a855          Code  Gb  strchr.o [5]
strlen                  0x0800a86d          Code  Gb  strlen.o [5]


[1] = D:\IAR_Workspace\Code_Concentrator_MBUS_485\Test\Debug\Obj
[2] = command line
[3] = dl7M_tln.a
[4] = m7M_tl.a
[5] = rt7M_tl.a
[6] = shb_l.a

  47 748 bytes of readonly  code memory
     792 bytes of readonly  data memory
  20 210 bytes of readwrite data memory

Errors: none
Warnings: none
