###############################################################################
#
# IAR ELF Linker V7.10.3.6832/W32 for ARM                 01/Dec/2015  14:58:56
# Copyright 2007-2014 IAR Systems AB.
#
#    Output file  =  
#        D:\IAR_Workspace\Concentrator_MBUS_485\Test\Debug\Exe\Test.out
#    Map file     =  
#        D:\IAR_Workspace\Concentrator_MBUS_485\Test\Debug\List\Test.map
#    Command line =  
#        D:\IAR_Workspace\Concentrator_MBUS_485\Test\Debug\Obj\bsp.o
#        D:\IAR_Workspace\Concentrator_MBUS_485\Test\Debug\Obj\cpu_a.o
#        D:\IAR_Workspace\Concentrator_MBUS_485\Test\Debug\Obj\cpu_c.o
#        D:\IAR_Workspace\Concentrator_MBUS_485\Test\Debug\Obj\cpu_core.o
#        D:\IAR_Workspace\Concentrator_MBUS_485\Test\Debug\Obj\lib_ascii.o
#        D:\IAR_Workspace\Concentrator_MBUS_485\Test\Debug\Obj\lib_math.o
#        D:\IAR_Workspace\Concentrator_MBUS_485\Test\Debug\Obj\lib_mem.o
#        D:\IAR_Workspace\Concentrator_MBUS_485\Test\Debug\Obj\lib_mem_a.o
#        D:\IAR_Workspace\Concentrator_MBUS_485\Test\Debug\Obj\lib_str.o
#        D:\IAR_Workspace\Concentrator_MBUS_485\Test\Debug\Obj\main.o
#        D:\IAR_Workspace\Concentrator_MBUS_485\Test\Debug\Obj\misc.o
#        D:\IAR_Workspace\Concentrator_MBUS_485\Test\Debug\Obj\os_app_hooks.o
#        D:\IAR_Workspace\Concentrator_MBUS_485\Test\Debug\Obj\os_cfg_app.o
#        D:\IAR_Workspace\Concentrator_MBUS_485\Test\Debug\Obj\os_core.o
#        D:\IAR_Workspace\Concentrator_MBUS_485\Test\Debug\Obj\os_cpu_a.o
#        D:\IAR_Workspace\Concentrator_MBUS_485\Test\Debug\Obj\os_cpu_c.o
#        D:\IAR_Workspace\Concentrator_MBUS_485\Test\Debug\Obj\os_dbg.o
#        D:\IAR_Workspace\Concentrator_MBUS_485\Test\Debug\Obj\os_flag.o
#        D:\IAR_Workspace\Concentrator_MBUS_485\Test\Debug\Obj\os_int.o
#        D:\IAR_Workspace\Concentrator_MBUS_485\Test\Debug\Obj\os_mem.o
#        D:\IAR_Workspace\Concentrator_MBUS_485\Test\Debug\Obj\os_msg.o
#        D:\IAR_Workspace\Concentrator_MBUS_485\Test\Debug\Obj\os_mutex.o
#        D:\IAR_Workspace\Concentrator_MBUS_485\Test\Debug\Obj\os_pend_multi.o
#        D:\IAR_Workspace\Concentrator_MBUS_485\Test\Debug\Obj\os_prio.o
#        D:\IAR_Workspace\Concentrator_MBUS_485\Test\Debug\Obj\os_q.o
#        D:\IAR_Workspace\Concentrator_MBUS_485\Test\Debug\Obj\os_sem.o
#        D:\IAR_Workspace\Concentrator_MBUS_485\Test\Debug\Obj\os_stat.o
#        D:\IAR_Workspace\Concentrator_MBUS_485\Test\Debug\Obj\os_task.o
#        D:\IAR_Workspace\Concentrator_MBUS_485\Test\Debug\Obj\os_tick.o
#        D:\IAR_Workspace\Concentrator_MBUS_485\Test\Debug\Obj\os_time.o
#        D:\IAR_Workspace\Concentrator_MBUS_485\Test\Debug\Obj\os_tmr.o
#        D:\IAR_Workspace\Concentrator_MBUS_485\Test\Debug\Obj\os_var.o
#        D:\IAR_Workspace\Concentrator_MBUS_485\Test\Debug\Obj\serial.o
#        D:\IAR_Workspace\Concentrator_MBUS_485\Test\Debug\Obj\sim800g.o
#        D:\IAR_Workspace\Concentrator_MBUS_485\Test\Debug\Obj\spi_flash.o
#        D:\IAR_Workspace\Concentrator_MBUS_485\Test\Debug\Obj\startup_stm32f10x_md.o
#        D:\IAR_Workspace\Concentrator_MBUS_485\Test\Debug\Obj\stm32f10x_adc.o
#        D:\IAR_Workspace\Concentrator_MBUS_485\Test\Debug\Obj\stm32f10x_bkp.o
#        D:\IAR_Workspace\Concentrator_MBUS_485\Test\Debug\Obj\stm32f10x_can.o
#        D:\IAR_Workspace\Concentrator_MBUS_485\Test\Debug\Obj\stm32f10x_cec.o
#        D:\IAR_Workspace\Concentrator_MBUS_485\Test\Debug\Obj\stm32f10x_crc.o
#        D:\IAR_Workspace\Concentrator_MBUS_485\Test\Debug\Obj\stm32f10x_dac.o
#        D:\IAR_Workspace\Concentrator_MBUS_485\Test\Debug\Obj\stm32f10x_dbgmcu.o
#        D:\IAR_Workspace\Concentrator_MBUS_485\Test\Debug\Obj\stm32f10x_dma.o
#        D:\IAR_Workspace\Concentrator_MBUS_485\Test\Debug\Obj\stm32f10x_exti.o
#        D:\IAR_Workspace\Concentrator_MBUS_485\Test\Debug\Obj\stm32f10x_flash.o
#        D:\IAR_Workspace\Concentrator_MBUS_485\Test\Debug\Obj\stm32f10x_fsmc.o
#        D:\IAR_Workspace\Concentrator_MBUS_485\Test\Debug\Obj\stm32f10x_gpio.o
#        D:\IAR_Workspace\Concentrator_MBUS_485\Test\Debug\Obj\stm32f10x_i2c.o
#        D:\IAR_Workspace\Concentrator_MBUS_485\Test\Debug\Obj\stm32f10x_it.o
#        D:\IAR_Workspace\Concentrator_MBUS_485\Test\Debug\Obj\stm32f10x_iwdg.o
#        D:\IAR_Workspace\Concentrator_MBUS_485\Test\Debug\Obj\stm32f10x_pwr.o
#        D:\IAR_Workspace\Concentrator_MBUS_485\Test\Debug\Obj\stm32f10x_rcc.o
#        D:\IAR_Workspace\Concentrator_MBUS_485\Test\Debug\Obj\stm32f10x_rtc.o
#        D:\IAR_Workspace\Concentrator_MBUS_485\Test\Debug\Obj\stm32f10x_sdio.o
#        D:\IAR_Workspace\Concentrator_MBUS_485\Test\Debug\Obj\stm32f10x_spi.o
#        D:\IAR_Workspace\Concentrator_MBUS_485\Test\Debug\Obj\stm32f10x_tim.o
#        D:\IAR_Workspace\Concentrator_MBUS_485\Test\Debug\Obj\stm32f10x_usart.o
#        D:\IAR_Workspace\Concentrator_MBUS_485\Test\Debug\Obj\stm32f10x_wwdg.o
#        D:\IAR_Workspace\Concentrator_MBUS_485\Test\Debug\Obj\system_stm32f10x.o
#        D:\IAR_Workspace\Concentrator_MBUS_485\Test\Debug\Obj\tasks.o
#        D:\IAR_Workspace\Concentrator_MBUS_485\Test\Debug\Obj\timestamp.o -o
#        D:\IAR_Workspace\Concentrator_MBUS_485\Test\Debug\Exe\Test.out --map
#        D:\IAR_Workspace\Concentrator_MBUS_485\Test\Debug\List\Test.map
#        --config D:\IAR_Workspace\Concentrator_MBUS_485\Test\Test.icf
#        --semihosting --entry __iar_program_start --vfe
#
###############################################################################

*******************************************************************************
*** RUNTIME MODEL ATTRIBUTES
***

CppFlavor       = *
__SystemLibrary = DLib


*******************************************************************************
*** PLACEMENT SUMMARY
***

"A1":  place at 0x08000000 { ro section .intvec };
"P1":  place in [from 0x08000000 to 0x0801ffff] { ro };
"P2":  place in [from 0x20000000 to 0x20004fff] { rw, block CSTACK, block HEAP };

  Section             Kind        Address    Size  Object
  -------             ----        -------    ----  ------
"A1":                                        0xec
  .intvec             ro code  0x08000000    0xec  startup_stm32f10x_md.o [1]
                             - 0x080000ec    0xec

"P1":                                      0xb13c
  .text               ro code  0x080000ec  0x3408  tasks.o [1]
  .text               ro code  0x080034f4   0x384  os_q.o [1]
  .text               ro code  0x08003878   0x180  os_mem.o [1]
  .text               ro code  0x080039f8   0x11c  lib_mem.o [1]
  .text               ro code  0x08003b14   0x400  serial.o [1]
  .text               ro code  0x08003f14   0x302  os_sem.o [1]
  .text               ro code  0x08004216    0x2e  copy_init3.o [5]
  .text               ro code  0x08004244   0x28c  os_time.o [1]
  .text               ro code  0x080044d0   0x764  sim800g.o [1]
  .text               ro code  0x08004c34   0x21e  lib_str.o [1]
  .text               ro code  0x08004e52    0x22  zero_init3.o [5]
  CODE                ro code  0x08004e74   0x220  lib_mem_a.o [1]
  CODE                ro code  0x08005094    0x34  cpu_a.o [1]
  .text               ro code  0x080050c8   0x1c4  stm32f10x_gpio.o [1]
  .text               ro code  0x0800528c   0x934  spi_flash.o [1]
  .text               ro code  0x08005bc0    0x34  sprintf.o [3]
  .text               ro code  0x08005bf4   0x6aa  os_flag.o [1]
  .text               ro code  0x0800629e     0xa  xsprout.o [3]
  .text               ro code  0x080062a8   0x1fc  os_msg.o [1]
  .text               ro code  0x080064a4   0x988  os_core.o [1]
  .text               ro code  0x08006e2c    0x3c  timestamp.o [1]
  .text               ro code  0x08006e68   0x17e  stm32f10x_usart.o [1]
  .rodata             const    0x08006fe6     0x2  os_cfg_app.o [1]
  .text               ro code  0x08006fe8    0xc8  stm32f10x_exti.o [1]
  .text               ro code  0x080070b0   0x418  os_tick.o [1]
  .text               ro code  0x080074c8   0x1d8  os_cpu_c.o [1]
  .text               ro code  0x080076a0   0x694  os_task.o [1]
  .text               ro code  0x08007d34     0x8  atoi.o [3]
  .text               ro code  0x08007d3c    0xa4  stm32f10x_spi.o [1]
  .text               ro code  0x08007de0   0x3d0  os_mutex.o [1]
  .text               ro code  0x080081b0   0xd86  xprintffull_nomb.o [3]
  .rodata             const    0x08008f36     0x2  os_cfg_app.o [1]
  .text               ro code  0x08008f38    0x88  os_prio.o [1]
  .text               ro code  0x08008fc0   0x2dc  os_tmr.o [1]
  .text               ro code  0x0800929c    0xac  os_cfg_app.o [1]
  CODE                ro code  0x08009348    0x84  os_cpu_a.o [1]
  .text               ro code  0x080093cc   0x4cc  bsp.o [1]
  .text               ro code  0x08009898    0x4c  cpu_core.o [1]
  .text               ro code  0x080098e4   0x258  stm32f10x_rcc.o [1]
  .text               ro code  0x08009b3c   0x19c  xstoul.o [3]
  .text               ro code  0x08009cd8    0x16  strchr.o [5]
  .rodata             const    0x08009cee     0x2  os_cfg_app.o [1]
  .text               ro code  0x08009cf0    0x36  strlen.o [5]
  .rodata             const    0x08009d26     0x1  os_cfg_app.o [1]
  .rodata             const    0x08009d27     0x1  os_cfg_app.o [1]
  .text               ro code  0x08009d28    0x58  memchr.o [5]
  .text               ro code  0x08009d80    0xee  I64DivMod.o [5]
  .text               ro code  0x08009e70    0x76  ABImemcpy_unaligned.o [5]
  .text               ro code  0x08009ee6    0x42  xdnorm.o [4]
  .text               ro code  0x08009f28    0x2e  DblCmpLe.o [4]
  .text               ro code  0x08009f58    0x2e  DblCmpGe.o [4]
  .text               ro code  0x08009f88   0x10c  xdscale.o [4]
  .text               ro code  0x0800a094    0x58  DblToI32.o [4]
  .text               ro code  0x0800a0ec    0x30  I32ToDbl.o [4]
  .text               ro code  0x0800a11c   0x180  DblSub.o [4]
  .text               ro code  0x0800a29c   0x1a2  DblMul.o [4]
  .text               ro code  0x0800a440   0x246  DblDiv.o [4]
  .text               ro code  0x0800a686     0xe  div.o [3]
  .text               ro code  0x0800a694    0x3c  stm32f10x_flash.o [1]
  .text               ro code  0x0800a6d0    0x80  misc.o [1]
  .text               ro code  0x0800a750     0xc  errno.o [3]
  .text               ro code  0x0800a75c     0x2  I64DivZer.o [5]
  .text               ro code  0x0800a760    0xd4  DblAdd.o [4]
  .text               ro code  0x0800a834     0x2  xtls.o [3]
  .text               ro code  0x0800a838   0x4ec  main.o [1]
  .text               ro code  0x0800ad24    0x10  stm32f10x_iwdg.o [1]
  .text               ro code  0x0800ad34    0x6e  system_stm32f10x.o [1]
  .text               ro code  0x0800ada2    0x36  stm32f10x_it.o [1]
  .text               ro code  0x0800add8    0x28  data_init.o [5]
  .iar.init_table     const    0x0800ae00    0x24  - Linker created -
  .text               ro code  0x0800ae24    0x1a  cmain.o [5]
  .text               ro code  0x0800ae3e     0x4  low_level_init.o [3]
  .text               ro code  0x0800ae42     0x4  exit.o [3]
  .text               ro code  0x0800ae48     0xa  cexit.o [5]
  .text               ro code  0x0800ae54    0x14  exit.o [6]
  .rodata             const    0x0800ae68    0x18  os_tmr.o [1]
  .rodata             const    0x0800ae80    0x18  sim800g.o [1]
  .rodata             const    0x0800ae98    0x18  spi_flash.o [1]
  .rodata             const    0x0800aeb0    0x14  os_core.o [1]
  .rodata             const    0x0800aec4    0x14  os_tick.o [1]
  .rodata             const    0x0800aed8    0x14  sim800g.o [1]
  .rodata             const    0x0800aeec    0x10  sim800g.o [1]
  .rodata             const    0x0800aefc    0x10  sim800g.o [1]
  .text               ro code  0x0800af0c    0x10  startup_stm32f10x_md.o [1]
  .rodata             const    0x0800af1c     0xc  main.o [1]
  .rodata             const    0x0800af28     0xc  main.o [1]
  .rodata             const    0x0800af34     0xc  main.o [1]
  .rodata             const    0x0800af40     0xc  sim800g.o [1]
  .rodata             const    0x0800af4c     0xc  sim800g.o [1]
  .rodata             const    0x0800af58     0xc  sim800g.o [1]
  .rodata             const    0x0800af64     0xc  sim800g.o [1]
  .rodata             const    0x0800af70     0xc  sim800g.o [1]
  .rodata             const    0x0800af7c     0xc  sim800g.o [1]
  .rodata             const    0x0800af88     0xc  sim800g.o [1]
  .rodata             const    0x0800af94     0xc  sim800g.o [1]
  .rodata             const    0x0800afa0     0xc  sim800g.o [1]
  .text               ro code  0x0800afac     0xc  cstartup_M.o [5]
  .rodata             const    0x0800afb8     0x8  main.o [1]
  .rodata             const    0x0800afc0     0x8  main.o [1]
  .rodata             const    0x0800afc8     0x8  main.o [1]
  .rodata             const    0x0800afd0     0x8  main.o [1]
  .rodata             const    0x0800afd8     0x8  main.o [1]
  .rodata             const    0x0800afe0     0x8  main.o [1]
  .rodata             const    0x0800afe8     0x8  main.o [1]
  .rodata             const    0x0800aff0     0x8  main.o [1]
  .rodata             const    0x0800aff8     0x8  main.o [1]
  .rodata             const    0x0800b000     0x8  main.o [1]
  .rodata             const    0x0800b008     0x8  main.o [1]
  .rodata             const    0x0800b010     0x8  main.o [1]
  .rodata             const    0x0800b018     0x8  main.o [1]
  .rodata             const    0x0800b020     0x8  main.o [1]
  .rodata             const    0x0800b028     0x8  main.o [1]
  .rodata             const    0x0800b030     0x8  os_task.o [1]
  .rodata             const    0x0800b038     0x8  sim800g.o [1]
  .rodata             const    0x0800b040     0x8  sim800g.o [1]
  .rodata             const    0x0800b048     0x8  sim800g.o [1]
  .rodata             const    0x0800b050     0x8  tasks.o [1]
  .rodata             const    0x0800b058     0x8  tasks.o [1]
  .rodata             const    0x0800b060     0x8  tasks.o [1]
  .rodata             const    0x0800b068     0x8  tasks.o [1]
  .rodata             const    0x0800b070     0x8  tasks.o [1]
  .rodata             const    0x0800b078     0x4  os_cfg_app.o [1]
  .rodata             const    0x0800b07c     0x4  os_cfg_app.o [1]
  .rodata             const    0x0800b080     0x4  os_cfg_app.o [1]
  .rodata             const    0x0800b084     0x4  os_cfg_app.o [1]
  .rodata             const    0x0800b088     0x4  os_cfg_app.o [1]
  .rodata             const    0x0800b08c     0x4  os_cfg_app.o [1]
  .rodata             const    0x0800b090     0x4  os_cfg_app.o [1]
  .rodata             const    0x0800b094     0x4  os_cfg_app.o [1]
  .rodata             const    0x0800b098     0x4  os_cfg_app.o [1]
  .rodata             const    0x0800b09c     0x4  os_cfg_app.o [1]
  .rodata             const    0x0800b0a0     0x4  os_cfg_app.o [1]
  .rodata             const    0x0800b0a4     0x4  os_cfg_app.o [1]
  .rodata             const    0x0800b0a8     0x4  os_cfg_app.o [1]
  .rodata             const    0x0800b0ac     0x4  os_cfg_app.o [1]
  .rodata             const    0x0800b0b0     0x4  os_cfg_app.o [1]
  .rodata             const    0x0800b0b4     0x4  os_cfg_app.o [1]
  .rodata             const    0x0800b0b8     0x4  os_cfg_app.o [1]
  .rodata             const    0x0800b0bc     0x4  os_cfg_app.o [1]
  .rodata             const    0x0800b0c0     0x4  os_cfg_app.o [1]
  .rodata             const    0x0800b0c4     0x4  os_cfg_app.o [1]
  .rodata             const    0x0800b0c8     0x4  os_cfg_app.o [1]
  .rodata             const    0x0800b0cc     0x4  os_cfg_app.o [1]
  .rodata             const    0x0800b0d0     0x4  os_cfg_app.o [1]
  .rodata             const    0x0800b0d4     0x4  sim800g.o [1]
  .text               ro code  0x0800b0d8     0x4  startup_stm32f10x_md.o [1]
  .text               ro code  0x0800b0dc     0x4  startup_stm32f10x_md.o [1]
  .text               ro code  0x0800b0e0     0x4  startup_stm32f10x_md.o [1]
  .text               ro code  0x0800b0e4     0x4  startup_stm32f10x_md.o [1]
  .text               ro code  0x0800b0e8     0x4  startup_stm32f10x_md.o [1]
  .text               ro code  0x0800b0ec     0x4  startup_stm32f10x_md.o [1]
  .text               ro code  0x0800b0f0     0x4  startup_stm32f10x_md.o [1]
  .text               ro code  0x0800b0f4     0x4  startup_stm32f10x_md.o [1]
  .text               ro code  0x0800b0f8     0x4  startup_stm32f10x_md.o [1]
  .text               ro code  0x0800b0fc     0x4  startup_stm32f10x_md.o [1]
  .text               ro code  0x0800b100     0x4  startup_stm32f10x_md.o [1]
  .text               ro code  0x0800b104     0x4  startup_stm32f10x_md.o [1]
  .text               ro code  0x0800b108     0x4  startup_stm32f10x_md.o [1]
  .text               ro code  0x0800b10c     0x4  startup_stm32f10x_md.o [1]
  .text               ro code  0x0800b110     0x4  startup_stm32f10x_md.o [1]
  .text               ro code  0x0800b114     0x4  startup_stm32f10x_md.o [1]
  .text               ro code  0x0800b118     0x4  startup_stm32f10x_md.o [1]
  .text               ro code  0x0800b11c     0x4  startup_stm32f10x_md.o [1]
  .text               ro code  0x0800b120     0x4  startup_stm32f10x_md.o [1]
  .text               ro code  0x0800b124     0x4  startup_stm32f10x_md.o [1]
  .text               ro code  0x0800b128     0x4  startup_stm32f10x_md.o [1]
  .text               ro code  0x0800b12c     0x4  startup_stm32f10x_md.o [1]
  .text               ro code  0x0800b130     0x4  startup_stm32f10x_md.o [1]
  .text               ro code  0x0800b134     0x4  startup_stm32f10x_md.o [1]
  .text               ro code  0x0800b138     0x4  startup_stm32f10x_md.o [1]
  .text               ro code  0x0800b13c     0x4  startup_stm32f10x_md.o [1]
  .text               ro code  0x0800b140     0x4  startup_stm32f10x_md.o [1]
  .text               ro code  0x0800b144     0x4  startup_stm32f10x_md.o [1]
  .text               ro code  0x0800b148     0x4  startup_stm32f10x_md.o [1]
  .text               ro code  0x0800b14c     0x4  startup_stm32f10x_md.o [1]
  .text               ro code  0x0800b150     0x4  startup_stm32f10x_md.o [1]
  .text               ro code  0x0800b154     0x4  startup_stm32f10x_md.o [1]
  .text               ro code  0x0800b158     0x4  startup_stm32f10x_md.o [1]
  .text               ro code  0x0800b15c     0x4  startup_stm32f10x_md.o [1]
  .text               ro code  0x0800b160     0x4  startup_stm32f10x_md.o [1]
  .text               ro code  0x0800b164     0x4  startup_stm32f10x_md.o [1]
  .text               ro code  0x0800b168     0x4  startup_stm32f10x_md.o [1]
  .text               ro code  0x0800b16c     0x4  startup_stm32f10x_md.o [1]
  .text               ro code  0x0800b170     0x4  startup_stm32f10x_md.o [1]
  .rodata             const    0x0800b174     0x0  zero_init3.o [5]
  .rodata             const    0x0800b174     0x0  copy_init3.o [5]
  Initializer bytes   ro data  0x0800b174    0xb4  <for P2 s0>
                             - 0x0800b228  0xb13c

"P2", part 1 of 3:                           0xb4
  P2 s0                        0x20000000    0xb4  <Init block>
    .data             inited   0x20000000    0x50  sim800g.o [1]
    .data             inited   0x20000050    0x1c  sim800g.o [1]
    .data             inited   0x2000006c    0x14  sim800g.o [1]
    .data             inited   0x20000080    0x10  stm32f10x_rcc.o [1]
    .data             inited   0x20000090     0x8  sim800g.o [1]
    .data             inited   0x20000098     0x8  sim800g.o [1]
    .data             inited   0x200000a0     0x4  stm32f10x_rcc.o [1]
    .data             inited   0x200000a4     0x4  tasks.o [1]
    __DLIB_PERTHREAD  inited   0x200000a8     0x4  errno.o [3]
    .data             inited   0x200000ac     0x2  sim800g.o [1]
    .data             inited   0x200000ae     0x1  main.o [1]
    .data             inited   0x200000af     0x1  main.o [1]
    .data             inited   0x200000b0     0x1  sim800g.o [1]
    .data             inited   0x200000b1     0x1  sim800g.o [1]
    .data             inited   0x200000b2     0x1  sim800g.o [1]
    .data             inited   0x200000b3     0x1  sim800g.o [1]
                             - 0x200000b4    0xb4

"P2", part 2 of 3:                         0x4c3c
  .bss                zero     0x200000b4  0x1000  main.o [1]
  .bss                zero     0x200010b4   0x640  os_cfg_app.o [1]
  .bss                zero     0x200016f4   0x600  main.o [1]
  .bss                zero     0x20001cf4   0x600  main.o [1]
  .bss                zero     0x200022f4   0x600  main.o [1]
  .bss                zero     0x200028f4   0x200  main.o [1]
  .bss                zero     0x20002af4   0x200  main.o [1]
  .bss                zero     0x20002cf4   0x200  main.o [1]
  .bss                zero     0x20002ef4   0x200  main.o [1]
  .bss                zero     0x200030f4   0x200  main.o [1]
  .bss                zero     0x200032f4   0x200  main.o [1]
  .bss                zero     0x200034f4   0x200  main.o [1]
  .bss                zero     0x200036f4   0x200  os_cfg_app.o [1]
  .bss                zero     0x200038f4   0x200  os_cfg_app.o [1]
  .bss                zero     0x20003af4   0x200  os_cfg_app.o [1]
  .bss                zero     0x20003cf4   0x200  os_cfg_app.o [1]
  .bss                zero     0x20003ef4   0x180  os_var.o [1]
  .bss                zero     0x20004074    0xb4  main.o [1]
  .bss                zero     0x20004128    0xb4  main.o [1]
  .bss                zero     0x200041dc    0xb4  main.o [1]
  .bss                zero     0x20004290    0xb4  main.o [1]
  .bss                zero     0x20004344    0xb4  main.o [1]
  .bss                zero     0x200043f8    0xb4  main.o [1]
  .bss                zero     0x200044ac    0xb4  main.o [1]
  .bss                zero     0x20004560    0xb4  main.o [1]
  .bss                zero     0x20004614    0xb4  main.o [1]
  .bss                zero     0x200046c8    0xb4  os_var.o [1]
  .bss                zero     0x2000477c    0xb4  os_var.o [1]
  .bss                zero     0x20004830    0xb4  os_var.o [1]
  .bss                zero     0x200048e4    0x88  os_cfg_app.o [1]
  .bss                zero     0x2000496c    0x88  os_cfg_app.o [1]
  .bss                zero     0x200049f4    0x78  main.o [1]
  .bss                zero     0x20004a6c    0x24  main.o [1]
  .bss                zero     0x20004a90    0x24  main.o [1]
  .bss                zero     0x20004ab4    0x24  main.o [1]
  .bss                zero     0x20004ad8    0x24  main.o [1]
  .bss                zero     0x20004afc    0x24  main.o [1]
  .bss                zero     0x20004b20    0x20  main.o [1]
  .bss                zero     0x20004b40    0x1c  main.o [1]
  .bss                zero     0x20004b5c    0x1c  main.o [1]
  .bss                zero     0x20004b78    0x1c  main.o [1]
  .bss                zero     0x20004b94    0x1c  main.o [1]
  .bss                zero     0x20004bb0    0x1c  main.o [1]
  .bss                zero     0x20004bcc    0x1c  main.o [1]
  .bss                zero     0x20004be8    0x1c  main.o [1]
  .bss                zero     0x20004c04    0x1c  main.o [1]
  .bss                zero     0x20004c20    0x18  main.o [1]
  .bss                zero     0x20004c38    0x18  main.o [1]
  .bss                zero     0x20004c50    0x10  cpu_core.o [1]
  .bss                zero     0x20004c60     0xc  os_var.o [1]
  .bss                zero     0x20004c6c     0x4  cpu_core.o [1]
  .bss                zero     0x20004c70     0x4  os_cpu_c.o [1]
  .bss                zero     0x20004c74     0x4  os_prio.o [1]
  .bss                zero     0x20004c78     0x4  os_var.o [1]
  .bss                zero     0x20004c7c     0x4  os_var.o [1]
  .bss                zero     0x20004c80     0x4  os_var.o [1]
  .bss                zero     0x20004c84     0x4  os_var.o [1]
  .bss                zero     0x20004c88     0x4  os_var.o [1]
  .bss                zero     0x20004c8c     0x4  os_var.o [1]
  .bss                zero     0x20004c90     0x4  os_var.o [1]
  .bss                zero     0x20004c94     0x4  os_var.o [1]
  .bss                zero     0x20004c98     0x4  os_var.o [1]
  .bss                zero     0x20004c9c     0x4  os_var.o [1]
  .bss                zero     0x20004ca0     0x4  os_var.o [1]
  .bss                zero     0x20004ca4     0x4  os_var.o [1]
  .bss                zero     0x20004ca8     0x4  os_var.o [1]
  .bss                zero     0x20004cac     0x4  os_var.o [1]
  .bss                zero     0x20004cb0     0x4  os_var.o [1]
  .bss                zero     0x20004cb4     0x4  os_var.o [1]
  .bss                zero     0x20004cb8     0x4  os_var.o [1]
  .bss                zero     0x20004cbc     0x4  os_var.o [1]
  .bss                zero     0x20004cc0     0x4  tasks.o [1]
  .bss                zero     0x20004cc4     0x4  tasks.o [1]
  .bss                zero     0x20004cc8     0x4  tasks.o [1]
  .bss                zero     0x20004ccc     0x4  tasks.o [1]
  .bss                zero     0x20004cd0     0x2  os_var.o [1]
  .bss                zero     0x20004cd2     0x2  os_var.o [1]
  .bss                zero     0x20004cd4     0x2  os_var.o [1]
  .bss                zero     0x20004cd6     0x2  os_var.o [1]
  .bss                zero     0x20004cd8     0x2  os_var.o [1]
  .bss                zero     0x20004cda     0x2  os_var.o [1]
  .bss                zero     0x20004cdc     0x1  main.o [1]
  .bss                zero     0x20004cdd     0x1  main.o [1]
  .bss                zero     0x20004cde     0x1  main.o [1]
  .bss                zero     0x20004cdf     0x1  os_var.o [1]
  .bss                zero     0x20004ce0     0x1  os_var.o [1]
  .bss                zero     0x20004ce1     0x1  os_var.o [1]
  .bss                zero     0x20004ce2     0x1  os_var.o [1]
  .bss                zero     0x20004ce3     0x1  os_var.o [1]
  .bss                zero     0x20004ce4     0x1  os_var.o [1]
  .bss                zero     0x20004ce5     0x1  os_var.o [1]
  .bss                zero     0x20004ce6     0x1  os_var.o [1]
  .bss                zero     0x20004ce7     0x1  tasks.o [1]
  .bss                zero     0x20004ce8     0x1  tasks.o [1]
  .bss                zero     0x20004ce9     0x1  tasks.o [1]
  .bss                zero     0x20004cea     0x1  tasks.o [1]
  .bss                zero     0x20004ceb     0x1  tasks.o [1]
                             - 0x20004cec  0x4c38

"P2", part 3 of 3:                          0x200
  CSTACK                       0x20004cf0   0x200  <Block>
    CSTACK            uninit   0x20004cf0   0x200  <Block tail>
                             - 0x20004ef0   0x200


*******************************************************************************
*** INIT TABLE
***

          Address     Size
          -------     ----
Zero (__iar_zero_init3)
    1 destination range, total size 0x4c38:
          0x200000b4  0x4c38

Copy (__iar_copy_init3)
    1 source range, total size 0xb4:
          0x0800b174    0xb4
    1 destination range, total size 0xb4:
          0x20000000    0xb4



*******************************************************************************
*** MODULE SUMMARY
***

    Module                  ro code  ro data  rw data
    ------                  -------  -------  -------
D:\IAR_Workspace\Concentrator_MBUS_485\Test\Debug\Obj: [1]
    bsp.o                     1 228
    cpu_a.o                      52
    cpu_core.o                   76                20
    lib_mem.o                   284
    lib_mem_a.o                 544
    lib_str.o                   542
    main.o                    1 260      158   14 517
    misc.o                      128
    os_cfg_app.o                172      100    3 920
    os_core.o                 2 440       20
    os_cpu_a.o                  132
    os_cpu_c.o                  472                 4
    os_flag.o                 1 706
    os_mem.o                    384
    os_msg.o                    508
    os_mutex.o                  976
    os_prio.o                   136                 4
    os_q.o                      900
    os_sem.o                    770
    os_task.o                 1 684        8
    os_tick.o                 1 048       20
    os_time.o                   652
    os_tmr.o                    732       24
    os_var.o                                    1 028
    serial.o                  1 024
    sim800g.o                 1 892      362      150
    spi_flash.o               2 356       24
    startup_stm32f10x_md.o      408
    stm32f10x_exti.o            200
    stm32f10x_flash.o            60
    stm32f10x_gpio.o            452
    stm32f10x_it.o               54
    stm32f10x_iwdg.o             16
    stm32f10x_rcc.o             600       20       20
    stm32f10x_spi.o             164
    stm32f10x_usart.o           382
    system_stm32f10x.o          110
    tasks.o                  13 320       44       25
    timestamp.o                  60
    -------------------------------------------------
    Total:                   37 924      780   19 688

command line: [2]
    -------------------------------------------------
    Total:

dl7M_tln.a: [3]
    atoi.o                        8
    div.o                        14
    errno.o                      12        4        4
    exit.o                        4
    low_level_init.o              4
    sprintf.o                    52
    xprintffull_nomb.o        3 462
    xsprout.o                    10
    xstoul.o                    412
    xtls.o                        2
    -------------------------------------------------
    Total:                    3 980        4        4

m7M_tl.a: [4]
    DblAdd.o                    212
    DblCmpGe.o                   46
    DblCmpLe.o                   46
    DblDiv.o                    582
    DblMul.o                    418
    DblSub.o                    384
    DblToI32.o                   88
    I32ToDbl.o                   48
    xdnorm.o                     66
    xdscale.o                   268
    -------------------------------------------------
    Total:                    2 158

rt7M_tl.a: [5]
    ABImemcpy_unaligned.o       118
    I64DivMod.o                 238
    I64DivZer.o                   2
    cexit.o                      10
    cmain.o                      26
    copy_init3.o                 46
    cstartup_M.o                 12
    data_init.o                  40
    memchr.o                     88
    strchr.o                     22
    strlen.o                     54
    zero_init3.o                 34
    -------------------------------------------------
    Total:                      690

shb_l.a: [6]
    exit.o                       20
    -------------------------------------------------
    Total:                       20

    Gaps                         16
    Linker created                        36      512
-----------------------------------------------------
    Grand Total:             44 788      820   20 204


*******************************************************************************
*** ENTRY LIST
***

Entry                      Address    Size  Type      Object
-----                      -------    ----  ----      ------
?main                   0x0800ae25          Code  Gb  cmain.o [5]
ADCPrescTable           0x200000a0     0x4  Data  Lc  stm32f10x_rcc.o [1]
APBAHBPrescTable        0x20000080    0x10  Data  Lc  stm32f10x_rcc.o [1]
BSP_CPU_ClkFreq         0x08009889    0x10  Code  Gb  bsp.o [1]
BSP_GPIO_Init           0x0800947d   0x200  Code  Gb  bsp.o [1]
BSP_Init                0x080093cd    0xb0  Code  Gb  bsp.o [1]
BSP_NVIC_Init           0x08009795    0x6c  Code  Gb  bsp.o [1]
BSP_SPI_Init            0x08009801    0x66  Code  Gb  bsp.o [1]
BSP_USART_Init          0x0800967d   0x118  Code  Gb  bsp.o [1]
BusFault_Handler        0x0800ada9     0x2  Code  Gb  stm32f10x_it.o [1]
CPU_CntLeadZeros        0x080050b3          Code  Gb  cpu_a.o [1]
CPU_CntTrailZeros       0x080050b9          Code  Gb  cpu_a.o [1]
CPU_Init                0x08009899     0xc  Code  Gb  cpu_core.o [1]
CPU_IntDis              0x08005095          Code  Gb  cpu_a.o [1]
CPU_IntEn               0x08005099          Code  Gb  cpu_a.o [1]
CPU_Name                0x20004c50    0x10  Data  Gb  cpu_core.o [1]
CPU_NameClr             0x080098a5    0x1a  Code  Gb  cpu_core.o [1]
CPU_NameInit            0x080098c5     0x8  Code  Lc  cpu_core.o [1]
CPU_RevBits             0x080050c3          Code  Gb  cpu_a.o [1]
CPU_SR_Restore          0x080050a5          Code  Gb  cpu_a.o [1]
CPU_SR_Save             0x0800509d          Code  Gb  cpu_a.o [1]
CPU_TS_Init             0x080098cd     0xe  Code  Lc  cpu_core.o [1]
CPU_TS_TmrFreqSet       0x080098bf     0x6  Code  Gb  cpu_core.o [1]
CPU_TS_TmrFreq_Hz       0x20004c6c     0x4  Data  Gb  cpu_core.o [1]
CPU_TS_TmrInit          0x08006e2d    0x2a  Code  Gb  timestamp.o [1]
CPU_TS_TmrRd            0x08006e57     0x6  Code  Gb  timestamp.o [1]
CPU_WaitForExcept       0x080050af          Code  Gb  cpu_a.o [1]
CPU_WaitForInt          0x080050ab          Code  Gb  cpu_a.o [1]
CSTACK$$Base            0x20004cf0           --   Gb  - Linker created -
CSTACK$$Limit           0x20004ef0           --   Gb  - Linker created -
DebugMon_Handler        0x0800adaf     0x2  Code  Gb  stm32f10x_it.o [1]
Device_Cmd              0x08004b41    0x9c  Code  Gb  sim800g.o [1]
Device_Read             0x08003e87    0x34  Code  Gb  serial.o [1]
EXTI0_IRQHandler        0x0800add1     0x8  Code  Gb  stm32f10x_it.o [1]
EXTI_ClearITPendingBit  0x08007095     0x6  Code  Gb  stm32f10x_exti.o [1]
EXTI_GetITStatus        0x08007071    0x24  Code  Gb  stm32f10x_exti.o [1]
EXTI_Init               0x08006fe9    0x88  Code  Gb  stm32f10x_exti.o [1]
FLAG_Event              0x20004c04    0x1c  Data  Gb  main.o [1]
FLASH_PrefetchBufferCmd
                        0x0800a6ad    0x20  Code  Gb  stm32f10x_flash.o [1]
FLASH_SetLatency        0x0800a695    0x18  Code  Gb  stm32f10x_flash.o [1]
GPIO_EXTILineConfig     0x08005231    0x50  Code  Gb  stm32f10x_gpio.o [1]
GPIO_Init               0x080050c9    0xc8  Code  Gb  stm32f10x_gpio.o [1]
GPIO_PinRemapConfig     0x080051b3    0x7e  Code  Gb  stm32f10x_gpio.o [1]
GPIO_ReadInputDataBit   0x08005191    0x16  Code  Gb  stm32f10x_gpio.o [1]
GPIO_ResetBits          0x080051ad     0x6  Code  Gb  stm32f10x_gpio.o [1]
GPIO_SetBits            0x080051a7     0x6  Code  Gb  stm32f10x_gpio.o [1]
GetFlash                0x080057e7   0x12e  Code  Gb  spi_flash.o [1]
HardFault_Handler       0x0800ada5     0x2  Code  Gb  stm32f10x_it.o [1]
IWDG_ReloadCounter      0x0800ad25     0xa  Code  Gb  stm32f10x_iwdg.o [1]
MEM_Buf                 0x20004c20    0x18  Data  Gb  main.o [1]
MEM_ISR                 0x20004c38    0x18  Data  Gb  main.o [1]
MUTEX_CONFIGFLASH       0x20004b20    0x20  Data  Gb  main.o [1]
MemManage_Handler       0x0800ada7     0x2  Code  Gb  stm32f10x_it.o [1]
Mem_Clr                 0x080039f9     0xc  Code  Gb  lib_mem.o [1]
Mem_Cmp                 0x08003a5f    0xb6  Code  Gb  lib_mem.o [1]
Mem_Copy                0x08004e75          Code  Gb  lib_mem_a.o [1]
Mem_Set                 0x08003a05    0x5a  Code  Gb  lib_mem.o [1]
NMI_Handler             0x0800ada3     0x2  Code  Gb  stm32f10x_it.o [1]
NVIC_Init               0x0800a6db    0x62  Code  Gb  misc.o [1]
NVIC_PriorityGroupConfig
                        0x0800a6d1     0xa  Code  Gb  misc.o [1]
OSCfg_DataSizeRAM       0x0800b0d0     0x4  Data  Gb  os_cfg_app.o [1]
OSCfg_ISRStk            0x200038f4   0x200  Data  Gb  os_cfg_app.o [1]
OSCfg_ISRStkBasePtr     0x0800b088     0x4  Data  Gb  os_cfg_app.o [1]
OSCfg_ISRStkSize        0x0800b08c     0x4  Data  Gb  os_cfg_app.o [1]
OSCfg_ISRStkSizeRAM     0x0800b090     0x4  Data  Gb  os_cfg_app.o [1]
OSCfg_IdleTaskStk       0x200036f4   0x200  Data  Gb  os_cfg_app.o [1]
OSCfg_IdleTaskStkBasePtr
                        0x0800b078     0x4  Data  Gb  os_cfg_app.o [1]
OSCfg_IdleTaskStkLimit  0x0800b07c     0x4  Data  Gb  os_cfg_app.o [1]
OSCfg_IdleTaskStkSize   0x0800b080     0x4  Data  Gb  os_cfg_app.o [1]
OSCfg_IdleTaskStkSizeRAM
                        0x0800b084     0x4  Data  Gb  os_cfg_app.o [1]
OSCfg_Init              0x0800929d    0xac  Code  Gb  os_cfg_app.o [1]
OSCfg_MsgPool           0x200010b4   0x640  Data  Gb  os_cfg_app.o [1]
OSCfg_MsgPoolBasePtr    0x0800b098     0x4  Data  Gb  os_cfg_app.o [1]
OSCfg_MsgPoolSize       0x08006fe6     0x2  Data  Gb  os_cfg_app.o [1]
OSCfg_MsgPoolSizeRAM    0x0800b094     0x4  Data  Gb  os_cfg_app.o [1]
OSCfg_StkSizeMin        0x0800b09c     0x4  Data  Gb  os_cfg_app.o [1]
OSCfg_TickRate_Hz       0x0800b0a0     0x4  Data  Gb  os_cfg_app.o [1]
OSCfg_TickTaskPrio      0x08009d26     0x1  Data  Gb  os_cfg_app.o [1]
OSCfg_TickTaskStk       0x20003af4   0x200  Data  Gb  os_cfg_app.o [1]
OSCfg_TickTaskStkBasePtr
                        0x0800b0a4     0x4  Data  Gb  os_cfg_app.o [1]
OSCfg_TickTaskStkLimit  0x0800b0a8     0x4  Data  Gb  os_cfg_app.o [1]
OSCfg_TickTaskStkSize   0x0800b0ac     0x4  Data  Gb  os_cfg_app.o [1]
OSCfg_TickTaskStkSizeRAM
                        0x0800b0b0     0x4  Data  Gb  os_cfg_app.o [1]
OSCfg_TickWheel         0x200048e4    0x88  Data  Gb  os_cfg_app.o [1]
OSCfg_TickWheelSize     0x08008f36     0x2  Data  Gb  os_cfg_app.o [1]
OSCfg_TickWheelSizeRAM  0x0800b0b4     0x4  Data  Gb  os_cfg_app.o [1]
OSCfg_TmrTaskPrio       0x08009d27     0x1  Data  Gb  os_cfg_app.o [1]
OSCfg_TmrTaskRate_Hz    0x0800b0b8     0x4  Data  Gb  os_cfg_app.o [1]
OSCfg_TmrTaskStk        0x20003cf4   0x200  Data  Gb  os_cfg_app.o [1]
OSCfg_TmrTaskStkBasePtr
                        0x0800b0bc     0x4  Data  Gb  os_cfg_app.o [1]
OSCfg_TmrTaskStkLimit   0x0800b0c0     0x4  Data  Gb  os_cfg_app.o [1]
OSCfg_TmrTaskStkSize    0x0800b0c4     0x4  Data  Gb  os_cfg_app.o [1]
OSCfg_TmrTaskStkSizeRAM
                        0x0800b0c8     0x4  Data  Gb  os_cfg_app.o [1]
OSCfg_TmrWheel          0x2000496c    0x88  Data  Gb  os_cfg_app.o [1]
OSCfg_TmrWheelSize      0x08009cee     0x2  Data  Gb  os_cfg_app.o [1]
OSCfg_TmrWheelSizeRAM   0x0800b0cc     0x4  Data  Gb  os_cfg_app.o [1]
OSFlagCreate            0x08005bf5    0x66  Code  Gb  os_flag.o [1]
OSFlagPend              0x08005c5b   0x40c  Code  Gb  os_flag.o [1]
OSFlagPost              0x08006067    0x5e  Code  Gb  os_flag.o [1]
OSFlagQty               0x20004cd0     0x2  Data  Gb  os_var.o [1]
OSIdleTaskCtr           0x20004c94     0x4  Data  Gb  os_var.o [1]
OSIdleTaskHook          0x080074c9    0x12  Code  Gb  os_cpu_c.o [1]
OSIdleTaskTCB           0x200046c8    0xb4  Data  Gb  os_var.o [1]
OSInit                  0x080064a5   0x150  Code  Gb  os_core.o [1]
OSInitHook              0x080074db    0x14  Code  Gb  os_cpu_c.o [1]
OSIntExit               0x080065f5    0xc8  Code  Gb  os_core.o [1]
OSIntNestingCtr         0x20004cdf     0x1  Data  Gb  os_var.o [1]
OSMemCreate             0x08003879    0xd0  Code  Gb  os_mem.o [1]
OSMemGet                0x08003949    0x46  Code  Gb  os_mem.o [1]
OSMemPut                0x0800398f    0x50  Code  Gb  os_mem.o [1]
OSMemQty                0x20004cd2     0x2  Data  Gb  os_var.o [1]
OSMsgPool               0x20004c60     0xc  Data  Gb  os_var.o [1]
OSMutexCreate           0x08007de1    0x68  Code  Gb  os_mutex.o [1]
OSMutexPend             0x08007e49   0x21c  Code  Gb  os_mutex.o [1]
OSMutexPost             0x08008065   0x126  Code  Gb  os_mutex.o [1]
OSMutexQty              0x20004cd4     0x2  Data  Gb  os_var.o [1]
OSPrioCur               0x20004ce1     0x1  Data  Gb  os_var.o [1]
OSPrioHighRdy           0x20004ce2     0x1  Data  Gb  os_var.o [1]
OSPrioSaved             0x20004ce3     0x1  Data  Gb  os_var.o [1]
OSPrioTbl               0x20004c74     0x4  Data  Gb  os_prio.o [1]
OSQCreate               0x080034f5    0x7c  Code  Gb  os_q.o [1]
OSQPend                 0x08003571   0x1be  Code  Gb  os_q.o [1]
OSQPost                 0x0800372f    0x84  Code  Gb  os_q.o [1]
OSQQty                  0x20004cd6     0x2  Data  Gb  os_var.o [1]
OSRdyList               0x20003ef4   0x180  Data  Gb  os_var.o [1]
OSRunning               0x20004ce0     0x1  Data  Gb  os_var.o [1]
OSSched                 0x080066bd    0x8e  Code  Gb  os_core.o [1]
OSSchedLock             0x0800674b    0x58  Code  Gb  os_core.o [1]
OSSchedLockNestingCtr   0x20004ce4     0x1  Data  Gb  os_var.o [1]
OSSchedRoundRobinDfltTimeQuanta
                        0x20004c98     0x4  Data  Gb  os_var.o [1]
OSSchedRoundRobinEn     0x20004ce5     0x1  Data  Gb  os_var.o [1]
OSSchedUnlock           0x080067a3    0x72  Code  Gb  os_core.o [1]
OSSemCreate             0x08003f15    0x66  Code  Gb  os_sem.o [1]
OSSemPend               0x08003f7b   0x174  Code  Gb  os_sem.o [1]
OSSemPost               0x080040ef    0x60  Code  Gb  os_sem.o [1]
OSSemQty                0x20004cd8     0x2  Data  Gb  os_var.o [1]
OSStart                 0x08006815    0x64  Code  Gb  os_core.o [1]
OSStartHighRdy          0x08009349          Code  Gb  os_cpu_a.o [1]
OSTCBCurPtr             0x20004cb8     0x4  Data  Gb  os_var.o [1]
OSTCBHighRdyPtr         0x20004cbc     0x4  Data  Gb  os_var.o [1]
OSTaskCreate            0x080076a1   0x176  Code  Gb  os_task.o [1]
OSTaskCreateHook        0x080074ef    0x12  Code  Gb  os_cpu_c.o [1]
OSTaskCtxSwCtr          0x20004c9c     0x4  Data  Gb  os_var.o [1]
OSTaskDel               0x08007817    0xea  Code  Gb  os_task.o [1]
OSTaskDelHook           0x08007501    0x12  Code  Gb  os_cpu_c.o [1]
OSTaskQty               0x20004cda     0x2  Data  Gb  os_var.o [1]
OSTaskRegNextAvailID    0x20004ce6     0x1  Data  Gb  os_var.o [1]
OSTaskReturnHook        0x08007513    0x12  Code  Gb  os_cpu_c.o [1]
OSTaskSemPend           0x08007901   0x1cc  Code  Gb  os_task.o [1]
OSTaskSemPost           0x08007acd    0x34  Code  Gb  os_task.o [1]
OSTaskStkInit           0x08007525    0x80  Code  Gb  os_cpu_c.o [1]
OSTaskSwHook            0x080075a5    0x56  Code  Gb  os_cpu_c.o [1]
OSTickCtr               0x20004ca0     0x4  Data  Gb  os_var.o [1]
OSTickTaskTCB           0x2000477c    0xb4  Data  Gb  os_var.o [1]
OSTickTaskTimeMax       0x20004ca4     0x4  Data  Gb  os_var.o [1]
OSTimeDly               0x08004245    0xa0  Code  Gb  os_time.o [1]
OSTimeDlyHMSM           0x080042e5   0x178  Code  Gb  os_time.o [1]
OSTimeTick              0x0800445d    0x4a  Code  Gb  os_time.o [1]
OSTimeTickHook          0x080075fb    0x12  Code  Gb  os_cpu_c.o [1]
OSTmrTaskTCB            0x20004830    0xb4  Data  Gb  os_var.o [1]
OSTmrTaskTimeMax        0x20004ca8     0x4  Data  Gb  os_var.o [1]
OSTmrTickCtr            0x20004cac     0x4  Data  Gb  os_var.o [1]
OSTmrUpdateCnt          0x20004cb0     0x4  Data  Gb  os_var.o [1]
OSTmrUpdateCtr          0x20004cb4     0x4  Data  Gb  os_var.o [1]
OS_AppIdleTaskHookPtr   0x20004c84     0x4  Data  Gb  os_var.o [1]
OS_AppStatTaskHookPtr   0x20004c88     0x4  Data  Gb  os_var.o [1]
OS_AppTaskCreateHookPtr
                        0x20004c78     0x4  Data  Gb  os_var.o [1]
OS_AppTaskDelHookPtr    0x20004c7c     0x4  Data  Gb  os_var.o [1]
OS_AppTaskReturnHookPtr
                        0x20004c80     0x4  Data  Gb  os_var.o [1]
OS_AppTaskSwHookPtr     0x20004c8c     0x4  Data  Gb  os_var.o [1]
OS_AppTimeTickHookPtr   0x20004c90     0x4  Data  Gb  os_var.o [1]
OS_CPU_ExceptStkBase    0x20004c70     0x4  Data  Gb  os_cpu_c.o [1]
OS_CPU_SysTickHandler   0x0800760d    0x24  Code  Gb  os_cpu_c.o [1]
OS_CPU_SysTickInit      0x08007631    0x2c  Code  Gb  os_cpu_c.o [1]
OS_FlagBlock            0x080060c5    0x26  Code  Gb  os_flag.o [1]
OS_FlagInit             0x080060eb     0xc  Code  Gb  os_flag.o [1]
OS_FlagPost             0x0800610d   0x13c  Code  Gb  os_flag.o [1]
OS_FlagTaskRdy          0x08006249    0x56  Code  Gb  os_flag.o [1]
OS_IdleTask             0x08006879    0x24  Code  Gb  os_core.o [1]
OS_IdleTaskInit         0x0800689d    0x50  Code  Gb  os_core.o [1]
OS_MemInit              0x080039df     0xc  Code  Gb  os_mem.o [1]
OS_MsgPoolInit          0x080062a9    0x86  Code  Gb  os_msg.o [1]
OS_MsgQFreeAll          0x0800632f    0x44  Code  Gb  os_msg.o [1]
OS_MsgQGet              0x08006387    0x70  Code  Gb  os_msg.o [1]
OS_MsgQInit             0x08006373    0x14  Code  Gb  os_msg.o [1]
OS_MsgQPut              0x080063f7    0xa2  Code  Gb  os_msg.o [1]
OS_MutexInit            0x0800818b     0xc  Code  Gb  os_mutex.o [1]
OS_Pend                 0x080068ed    0x60  Code  Gb  os_core.o [1]
OS_PendDataInit         0x0800694d    0x34  Code  Gb  os_core.o [1]
OS_PendListChangePrio   0x08006981    0x34  Code  Gb  os_core.o [1]
OS_PendListInit         0x080069b5     0xe  Code  Gb  os_core.o [1]
OS_PendListInsertPrio   0x080069c3    0x6e  Code  Gb  os_core.o [1]
OS_PendListRemove       0x08006a31    0x28  Code  Gb  os_core.o [1]
OS_PendListRemove1      0x08006a59    0x48  Code  Gb  os_core.o [1]
OS_Post                 0x08006aa1    0xb0  Code  Gb  os_core.o [1]
OS_Post1                0x08006b51    0x26  Code  Gb  os_core.o [1]
OS_PrioGetHighest       0x08008f4d    0x20  Code  Gb  os_prio.o [1]
OS_PrioInit             0x08008f39    0x14  Code  Gb  os_prio.o [1]
OS_PrioInsert           0x08008f6d    0x26  Code  Gb  os_prio.o [1]
OS_PrioRemove           0x08008f93    0x28  Code  Gb  os_prio.o [1]
OS_QInit                0x080037b3     0xc  Code  Gb  os_q.o [1]
OS_QPost                0x080037d5    0xa4  Code  Gb  os_q.o [1]
OS_RdyListInit          0x08006b77    0x24  Code  Gb  os_core.o [1]
OS_RdyListInsert        0x08006b9b    0x28  Code  Gb  os_core.o [1]
OS_RdyListInsertHead    0x08006bc3    0x3a  Code  Gb  os_core.o [1]
OS_RdyListInsertTail    0x08006bfd    0x38  Code  Gb  os_core.o [1]
OS_RdyListMoveHeadToTail
                        0x08006c35    0x40  Code  Gb  os_core.o [1]
OS_RdyListRemove        0x08006c75    0x5c  Code  Gb  os_core.o [1]
OS_SchedRoundRobin      0x08006cd1    0x8a  Code  Gb  os_core.o [1]
OS_SemInit              0x0800414f     0xc  Code  Gb  os_sem.o [1]
OS_SemPost              0x08004171    0xa6  Code  Gb  os_sem.o [1]
OS_TaskBlock            0x08006dd9    0x3a  Code  Gb  os_core.o [1]
OS_TaskInit             0x08007b01    0x16  Code  Gb  os_task.o [1]
OS_TaskInitTCB          0x08007b17   0x106  Code  Gb  os_task.o [1]
OS_TaskRdy              0x08006e13    0x1a  Code  Gb  os_core.o [1]
OS_TaskReturn           0x08007c29    0x14  Code  Gb  os_task.o [1]
OS_TaskSemPost          0x08007c49    0xd4  Code  Gb  os_task.o [1]
OS_TickListInit         0x08007177    0x2a  Code  Gb  os_tick.o [1]
OS_TickListInsert       0x080071a1   0x11c  Code  Gb  os_tick.o [1]
OS_TickListRemove       0x080072bd    0x42  Code  Gb  os_tick.o [1]
OS_TickListUpdate       0x080072ff   0x190  Code  Gb  os_tick.o [1]
OS_TickTask             0x080070b1    0x28  Code  Gb  os_tick.o [1]
OS_TickTaskInit         0x080070d9    0x9e  Code  Gb  os_tick.o [1]
OS_TmrInit              0x08008fc1    0xd4  Code  Gb  os_tmr.o [1]
OS_TmrLink              0x08009095    0xd0  Code  Gb  os_tmr.o [1]
OS_TmrTask              0x080091b5    0xaa  Code  Gb  os_tmr.o [1]
OS_TmrUnlink            0x08009165    0x4c  Code  Gb  os_tmr.o [1]
ObjCreate               0x0800aad3   0x148  Code  Gb  main.o [1]
OverLoad                0x08003ebb    0x20  Code  Gb  serial.o [1]
PendSV_Handler          0x08009367          Code  Gb  os_cpu_a.o [1]
PutFlash                0x08005915   0x12c  Code  Gb  spi_flash.o [1]
Q_Config                0x20004ad8    0x24  Data  Gb  main.o [1]
Q_Deal                  0x20004afc    0x24  Data  Gb  main.o [1]
Q_Read                  0x20004a90    0x24  Data  Gb  main.o [1]
Q_ReadData              0x20004ab4    0x24  Data  Gb  main.o [1]
Q_Slave                 0x20004a6c    0x24  Data  Gb  main.o [1]
RCC_APB1PeriphClockCmd  0x08009a9d    0x20  Code  Gb  stm32f10x_rcc.o [1]
RCC_APB2PeriphClockCmd  0x08009a7d    0x20  Code  Gb  stm32f10x_rcc.o [1]
RCC_DeInit              0x080098e5    0x60  Code  Gb  stm32f10x_rcc.o [1]
RCC_GetClocksFreq       0x080099bd    0xc0  Code  Gb  stm32f10x_rcc.o [1]
RCC_GetFlagStatus       0x08009abd    0x44  Code  Gb  stm32f10x_rcc.o [1]
RCC_HCLKConfig          0x08009977    0x14  Code  Gb  stm32f10x_rcc.o [1]
RCC_LSICmd              0x080099b5     0x8  Code  Gb  stm32f10x_rcc.o [1]
RCC_PCLK1Config         0x0800998b    0x14  Code  Gb  stm32f10x_rcc.o [1]
RCC_PCLK2Config         0x0800999f    0x16  Code  Gb  stm32f10x_rcc.o [1]
RCC_PLLCmd              0x0800995b     0x8  Code  Gb  stm32f10x_rcc.o [1]
RCC_PLLConfig           0x08009945    0x16  Code  Gb  stm32f10x_rcc.o [1]
RCC_SYSCLKConfig        0x08009963    0x14  Code  Gb  stm32f10x_rcc.o [1]
Region$$Table$$Base     0x0800ae00           --   Gb  - Linker created -
Region$$Table$$Limit    0x0800ae24           --   Gb  - Linker created -
SEM_ACKData             0x20004bb0    0x1c  Data  Gb  main.o [1]
SEM_HeartBeat           0x20004b94    0x1c  Data  Gb  main.o [1]
SEM_Send                0x20004bcc    0x1c  Data  Gb  main.o [1]
SEM_SendOver            0x20004be8    0x1c  Data  Gb  main.o [1]
SEM_ServerTX            0x20004b40    0x1c  Data  Gb  main.o [1]
SEM_Slave_485TX         0x20004b5c    0x1c  Data  Gb  main.o [1]
SEM_Slave_mbusTX        0x20004b78    0x1c  Data  Gb  main.o [1]
SPI_Cmd                 0x08007d7d    0x1c  Code  Gb  stm32f10x_spi.o [1]
SPI_I2S_GetFlagStatus   0x08007dcd    0x14  Code  Gb  stm32f10x_spi.o [1]
SPI_I2S_ITConfig        0x08007d99    0x2c  Code  Gb  stm32f10x_spi.o [1]
SPI_I2S_ReceiveData     0x08007dc9     0x4  Code  Gb  stm32f10x_spi.o [1]
SPI_I2S_SendData        0x08007dc5     0x4  Code  Gb  stm32f10x_spi.o [1]
SPI_Init                0x08007d3d    0x40  Code  Gb  stm32f10x_spi.o [1]
STK_Config              0x200016f4   0x600  Data  Gb  main.o [1]
STK_DealServer          0x200032f4   0x200  Data  Gb  main.o [1]
STK_HeartBeat           0x200030f4   0x200  Data  Gb  main.o [1]
STK_LED1                0x20002af4   0x200  Data  Gb  main.o [1]
STK_OverLoad            0x200034f4   0x200  Data  Gb  main.o [1]
STK_Read                0x20001cf4   0x600  Data  Gb  main.o [1]
STK_Server              0x20002cf4   0x200  Data  Gb  main.o [1]
STK_Slave               0x20002ef4   0x200  Data  Gb  main.o [1]
STK_Start               0x200028f4   0x200  Data  Gb  main.o [1]
SVC_Handler             0x0800adad     0x2  Code  Gb  stm32f10x_it.o [1]
Send_ReadATs            0x080044d1    0x2a  Code  Gb  sim800g.o [1]
Server_Post2Buf         0x08003e69    0x1e  Code  Gb  serial.o [1]
Server_Write            0x08003daf    0x5c  Code  Gb  serial.o [1]
Server_WriteStr         0x08003e0b    0x5e  Code  Gb  serial.o [1]
Server_Write_485        0x08003d37    0x78  Code  Gb  serial.o [1]
SetSysClock             0x0800ada1     0x2  Code  Lc  system_stm32f10x.o [1]
Slave_Write             0x08003c5f    0xd8  Code  Gb  serial.o [1]
Str_Cat                 0x08004c4f     0xc  Code  Gb  lib_str.o [1]
Str_Cat_N               0x08004c5b    0x62  Code  Gb  lib_str.o [1]
Str_Char_N              0x08004d51    0x50  Code  Gb  lib_str.o [1]
Str_Cmp_N               0x08004cbd    0x94  Code  Gb  lib_str.o [1]
Str_Len_N               0x08004c35    0x1a  Code  Gb  lib_str.o [1]
Str_Str                 0x08004da1     0xc  Code  Gb  lib_str.o [1]
Str_Str_N               0x08004dad    0xa6  Code  Gb  lib_str.o [1]
SysTick_Handler         0x0800adb1     0x8  Code  Gb  stm32f10x_it.o [1]
SystemInit              0x0800ad35    0x54  Code  Gb  system_stm32f10x.o [1]
TCB_Config              0x20004344    0xb4  Data  Gb  main.o [1]
TCB_DealServer          0x20004560    0xb4  Data  Gb  main.o [1]
TCB_HeartBeat           0x200044ac    0xb4  Data  Gb  main.o [1]
TCB_LED1                0x20004128    0xb4  Data  Gb  main.o [1]
TCB_OverLoad            0x20004614    0xb4  Data  Gb  main.o [1]
TCB_Read                0x200043f8    0xb4  Data  Gb  main.o [1]
TCB_Server              0x200041dc    0xb4  Data  Gb  main.o [1]
TCB_Slave               0x20004290    0xb4  Data  Gb  main.o [1]
TCB_Start               0x20004074    0xb4  Data  Gb  main.o [1]
TaskCreate              0x0800a947   0x18c  Code  Gb  main.o [1]
TaskStart               0x0800a88d    0xba  Code  Gb  main.o [1]
Task_Config             0x08001a4b    0x50  Code  Gb  tasks.o [1]
Task_DealServer         0x08000623   0x174  Code  Gb  tasks.o [1]
Task_HeartBeat          0x0800080f   0x128  Code  Gb  tasks.o [1]
Task_LED1               0x0800282f    0x8c  Code  Gb  tasks.o [1]
Task_OverLoad           0x08003421    0x8c  Code  Gb  tasks.o [1]
Task_Read               0x08000979    0x68  Code  Gb  tasks.o [1]
Task_Server             0x0800046d   0x1b6  Code  Gb  tasks.o [1]
Task_Slave              0x080000ed   0x35e  Code  Gb  tasks.o [1]
USART1_Handler          0x08003b91    0x68  Code  Gb  serial.o [1]
USART1_IRQHandler       0x0800adb9     0x8  Code  Gb  stm32f10x_it.o [1]
USART2_Handler          0x08003bf9    0x66  Code  Gb  serial.o [1]
USART2_IRQHandler       0x0800adc1     0x8  Code  Gb  stm32f10x_it.o [1]
USART3_Handler          0x08003b15    0x7c  Code  Gb  serial.o [1]
USART3_IRQHandler       0x0800adc9     0x8  Code  Gb  stm32f10x_it.o [1]
USART_ClearITPendingBit
                        0x08006fc5    0x22  Code  Gb  stm32f10x_usart.o [1]
USART_Cmd               0x08006f2d    0x1c  Code  Gb  stm32f10x_usart.o [1]
USART_GetFlagStatus     0x08006fab    0x1a  Code  Gb  stm32f10x_usart.o [1]
USART_ITConfig          0x08006f49    0x52  Code  Gb  stm32f10x_usart.o [1]
USART_Init              0x08006e69    0xbe  Code  Gb  stm32f10x_usart.o [1]
USART_ReceiveData       0x08006fa3     0x8  Code  Gb  stm32f10x_usart.o [1]
USART_SendData          0x08006f9b     0x8  Code  Gb  stm32f10x_usart.o [1]
UsageFault_Handler      0x0800adab     0x2  Code  Gb  stm32f10x_it.o [1]
_GenldFullNoMb          0x08008c8d   0x262  Code  Lc  xprintffull_nomb.o [3]
_LdtobFullNoMb          0x080088a1   0x3e6  Code  Lc  xprintffull_nomb.o [3]
_LitobFullNoMb          0x08008799   0x106  Code  Lc  xprintffull_nomb.o [3]
_PrintfFullNoMb         0x080081b1   0x5e2  Code  Gb  xprintffull_nomb.o [3]
_PutcharsFullNoMb       0x08008eef    0x2e  Code  Lc  xprintffull_nomb.o [3]
_SProut                 0x0800629f     0xa  Code  Gb  xsprout.o [3]
__aeabi_cdcmple         0x08009f29          Code  Gb  DblCmpLe.o [4]
__aeabi_cdrcmple        0x08009f59          Code  Gb  DblCmpGe.o [4]
__aeabi_d2iz            0x0800a095          Code  Gb  DblToI32.o [4]
__aeabi_d2uiz           0x0800a0c1          Code  Gb  DblToI32.o [4]
__aeabi_ddiv            0x0800a441          Code  Gb  DblDiv.o [4]
__aeabi_dmul            0x0800a29d          Code  Gb  DblMul.o [4]
__aeabi_dsub            0x0800a11d          Code  Gb  DblSub.o [4]
__aeabi_errno_addr      0x0800a751     0x6  Code  Gb  errno.o [3]
__aeabi_i2d             0x0800a0ed          Code  Gb  I32ToDbl.o [4]
__aeabi_ldiv0           0x0800a75d          Code  Gb  I64DivZer.o [5]
__aeabi_ui2d            0x0800a101          Code  Gb  I32ToDbl.o [4]
__aeabi_uldivmod        0x08009d81          Code  Gb  I64DivMod.o [5]
__cmain                 0x0800ae25          Code  Gb  cmain.o [5]
__exit                  0x0800ae55    0x14  Code  Gb  exit.o [6]
__iar_Dnorm             0x08009ee7    0x42  Code  Gb  xdnorm.o [4]
__iar_Dscale            0x08009f89   0x10c  Code  Gb  xdscale.o [4]
__iar_Errno             0x200000a8     0x4  Data  Gb  errno.o [3]
__iar_Memchr            0x08009d29          Code  Gb  memchr.o [5]
__iar_Stoul             0x08009c85     0x4  Code  Gb  xstoul.o [3]
__iar_Stoulx            0x08009b3d   0x142  Code  Gb  xstoul.o [3]
__iar_Strchr            0x08009cd9          Code  Gb  strchr.o [5]
__iar_copy_init3        0x08004217    0x2e  Code  Gb  copy_init3.o [5]
__iar_d2uiz             0x0800a0cd          Code  Gb  DblToI32.o [4]
__iar_dadd              0x0800a761          Code  Gb  DblAdd.o [4]
__iar_data_init3        0x0800add9    0x28  Code  Gb  data_init.o [5]
__iar_dlib_perthread_access
                        0x0800a835     0x2  Code  Gb  xtls.o [3]
__iar_dsub              0x0800a131          Code  Gb  DblSub.o [4]
__iar_dsubStart         0x0800a143          Code  Gb  DblSub.o [4]
__iar_program_start     0x0800afad          Code  Gb  cstartup_M.o [5]
__iar_ui2d              0x0800a105          Code  Gb  I32ToDbl.o [4]
__iar_unaligned___aeabi_memcpy
                        0x08009e71          Code  Gb  ABImemcpy_unaligned.o [5]
__iar_unaligned___aeabi_memcpy4
                        0x08009e91          Code  Gb  ABImemcpy_unaligned.o [5]
__iar_unaligned___aeabi_memcpy8
                        0x08009e91          Code  Gb  ABImemcpy_unaligned.o [5]
__iar_zero_init3        0x08004e53    0x22  Code  Gb  zero_init3.o [5]
__low_level_init        0x0800ae3f     0x4  Code  Gb  low_level_init.o [3]
__vector_table          0x08000000          Data  Gb  startup_stm32f10x_md.o [1]
_call_main              0x0800ae31          Code  Gb  cmain.o [5]
_exit                   0x0800ae49          Code  Gb  cexit.o [5]
_main                   0x0800ae3b          Code  Gb  cmain.o [5]
ack_query_addr          0x08003007    0xc0  Code  Gb  tasks.o [1]
ack_query_cjq           0x08002989   0x14e  Code  Gb  tasks.o [1]
ack_query_di_seq        0x08003359    0xc8  Code  Gb  tasks.o [1]
ack_query_ip            0x080030cd    0xf8  Code  Gb  tasks.o [1]
ack_query_mbus          0x080031c9    0xc8  Code  Gb  tasks.o [1]
ack_query_meter         0x08002af9   0x50e  Code  Gb  tasks.o [1]
ack_query_test          0x08003291    0xc8  Code  Gb  tasks.o [1]
addSEQ                  0x080007df    0x30  Code  Gb  tasks.o [1]
add_cjq                 0x08002467    0xfe  Code  Gb  tasks.o [1]
add_meter               0x08001fe1   0x172  Code  Gb  tasks.o [1]
at_apn                  0x0800488d    0x5e  Code  Gb  sim800g.o [1]
at_cipmux               0x08004829    0x64  Code  Gb  sim800g.o [1]
at_cpin                 0x08004573    0x90  Code  Gb  sim800g.o [1]
at_creg                 0x080046f3    0x9e  Code  Gb  sim800g.o [1]
at_csq                  0x08004603    0xf0  Code  Gb  sim800g.o [1]
at_tcpsetup             0x080049e3    0x7e  Code  Gb  sim800g.o [1]
at_xiic                 0x080048eb    0x6c  Code  Gb  sim800g.o [1]
ate_                    0x0800450f    0x64  Code  Gb  sim800g.o [1]
atoi                    0x08007d35     0x8  Code  Gb  atoi.o [3]
ats                     0x20000000    0x50  Data  Gb  sim800g.o [1]
buf                     0x20004cc0     0x4  Data  Gb  tasks.o [1]
buf_                    0x20004cc4     0x4  Data  Gb  tasks.o [1]
change_connect          0x08004bdd    0x18  Code  Gb  sim800g.o [1]
check_cgatt             0x08004791    0x90  Code  Gb  sim800g.o [1]
check_cs                0x0800044b    0x20  Code  Gb  tasks.o [1]
check_frame             0x0800079d    0x42  Code  Gb  tasks.o [1]
check_str               0x080044fb    0x14  Code  Gb  sim800g.o [1]
check_xiic              0x0800495d    0x86  Code  Gb  sim800g.o [1]
cjq_close               0x080016a7    0x42  Code  Gb  tasks.o [1]
cjq_open                0x08001665    0x42  Code  Gb  tasks.o [1]
config_flash            0x200000b4  0x1000  Data  Gb  main.o [1]
connect                 0x08004abd    0x84  Code  Gb  sim800g.o [1]
connectstate            0x20004cdc     0x1  Data  Gb  main.o [1]
data_seq                0x20004ce8     0x1  Data  Gb  tasks.o [1]
delete_cjq              0x08002569   0x242  Code  Gb  tasks.o [1]
delete_meter            0x08002153   0x2b0  Code  Gb  tasks.o [1]
device_ack              0x080028d9    0x9e  Code  Gb  tasks.o [1]
device_test             0x200000af     0x1  Data  Gb  main.o [1]
deviceaddr              0x20000098     0x8  Data  Gb  sim800g.o [1]
di_seq                  0x20004cde     0x1  Data  Gb  main.o [1]
digits                  0x08009c88    0x28  Data  Lc  xstoul.o [3]
div                     0x0800a687     0xe  Code  Gb  div.o [3]
dns                     0x20000050    0x1c  Data  Gb  sim800g.o [1]
exit                    0x0800ae43     0x4  Code  Gb  exit.o [3]
fe                      0x200000a4     0x4  Data  Gb  tasks.o [1]
heart_seq               0x20004ce7     0x1  Data  Gb  tasks.o [1]
ip                      0x2000006c    0x14  Data  Gb  sim800g.o [1]
ip1                     0x200000b0     0x1  Data  Gb  sim800g.o [1]
ip2                     0x200000b1     0x1  Data  Gb  sim800g.o [1]
ip3                     0x200000b2     0x1  Data  Gb  sim800g.o [1]
ip4                     0x200000b3     0x1  Data  Gb  sim800g.o [1]
local_seq               0x20004ce9     0x1  Data  Gb  tasks.o [1]
main                    0x0800a839    0x52  Code  Gb  main.o [1]
mbus_power              0x080009e1    0x3a  Code  Gb  tasks.o [1]
mem_buf                 0x200022f4   0x600  Data  Gb  main.o [1]
mem_isr                 0x200049f4    0x78  Data  Gb  main.o [1]
memchr                  0x08009d29          Code  Gb  memchr.o [5]
meter_close             0x080018a1   0x1aa  Code  Gb  tasks.o [1]
meter_control           0x080014f9   0x16c  Code  Gb  tasks.o [1]
meter_open              0x080016f9   0x19c  Code  Gb  tasks.o [1]
meter_read              0x08000b21   0x1ec  Code  Gb  tasks.o [1]
meter_read_single       0x08000d29   0x202  Code  Gb  tasks.o [1]
meter_send              0x08000f71   0x57e  Code  Gb  tasks.o [1]
ndigs                   0x08009cb0    0x28  Data  Lc  xstoul.o [3]
param_conf              0x08005a41    0xd2  Code  Gb  spi_flash.o [1]
param_config            0x08001ab9   0x4b0  Code  Gb  tasks.o [1]
param_query             0x080027ab    0x84  Code  Gb  tasks.o [1]
port                    0x20000090     0x8  Data  Gb  sim800g.o [1]
port_                   0x200000ac     0x2  Data  Gb  sim800g.o [1]
power_cmd               0x0800093d    0x3c  Code  Gb  tasks.o [1]
reading                 0x20004cdd     0x1  Data  Gb  main.o [1]
relay_1                 0x08000a51    0x34  Code  Gb  tasks.o [1]
relay_2                 0x08000a85    0x34  Code  Gb  tasks.o [1]
relay_3                 0x08000ab9    0x34  Code  Gb  tasks.o [1]
relay_4                 0x08000aed    0x34  Code  Gb  tasks.o [1]
relay_485               0x08000a1b    0x36  Code  Gb  tasks.o [1]
sFLASH_EraseBulk        0x080052d1    0x2e  Code  Gb  spi_flash.o [1]
sFLASH_EraseSector      0x0800528d    0x44  Code  Gb  spi_flash.o [1]
sFLASH_EraseWritePage   0x0800535b    0x62  Code  Gb  spi_flash.o [1]
sFLASH_PoolInit         0x080056a5   0x142  Code  Gb  spi_flash.o [1]
sFLASH_ReadBuffer       0x08005511    0x56  Code  Gb  spi_flash.o [1]
sFLASH_ReadID           0x080055c3    0x54  Code  Gb  spi_flash.o [1]
sFLASH_ReadStr          0x08005567    0x5c  Code  Gb  spi_flash.o [1]
sFLASH_SendByte         0x08005617    0x3a  Code  Gb  spi_flash.o [1]
sFLASH_WaitForWriteEnd  0x08005673    0x32  Code  Gb  spi_flash.o [1]
sFLASH_WriteBuffer      0x080053bd   0x154  Code  Gb  spi_flash.o [1]
sFLASH_WriteEnable      0x08005651    0x22  Code  Gb  spi_flash.o [1]
sFLASH_WritePage        0x080052ff    0x5c  Code  Gb  spi_flash.o [1]
search_cjq              0x08002403    0x64  Code  Gb  tasks.o [1]
search_meter            0x08001f75    0x6c  Code  Gb  tasks.o [1]
send_server             0x08004a61    0x56  Code  Gb  sim800g.o [1]
server_ptr              0x20004cc8     0x4  Data  Gb  tasks.o [1]
server_ptr_             0x20004ccc     0x4  Data  Gb  tasks.o [1]
server_seq              0x20004cea     0x1  Data  Gb  tasks.o [1]
slave_mbus              0x200000ae     0x1  Data  Gb  main.o [1]
sprintf                 0x08005bc1    0x34  Code  Gb  sprintf.o [3]
start_slave             0x20004ceb     0x1  Data  Gb  tasks.o [1]
strchr                  0x08009cd9          Code  Gb  strchr.o [5]
strlen                  0x08009cf1          Code  Gb  strlen.o [5]


[1] = D:\IAR_Workspace\Concentrator_MBUS_485\Test\Debug\Obj
[2] = command line
[3] = dl7M_tln.a
[4] = m7M_tl.a
[5] = rt7M_tl.a
[6] = shb_l.a

  44 788 bytes of readonly  code memory
     820 bytes of readonly  data memory
  20 204 bytes of readwrite data memory

Errors: none
Warnings: none
