###############################################################################
#
# IAR ELF Linker V7.10.3.6832/W32 for ARM                 30/Jan/2016  18:03:54
# Copyright 2007-2014 IAR Systems AB.
#
#    Output file  =  
#        D:\IAR_Workspace\Code_Concentrator_MBUS_485\Test\Debug\Exe\Test.out
#    Map file     =  
#        D:\IAR_Workspace\Code_Concentrator_MBUS_485\Test\Debug\List\Test.map
#    Command line =  
#        D:\IAR_Workspace\Code_Concentrator_MBUS_485\Test\Debug\Obj\bsp.o
#        D:\IAR_Workspace\Code_Concentrator_MBUS_485\Test\Debug\Obj\cpu_a.o
#        D:\IAR_Workspace\Code_Concentrator_MBUS_485\Test\Debug\Obj\cpu_c.o
#        D:\IAR_Workspace\Code_Concentrator_MBUS_485\Test\Debug\Obj\cpu_core.o
#        D:\IAR_Workspace\Code_Concentrator_MBUS_485\Test\Debug\Obj\lib_ascii.o
#        D:\IAR_Workspace\Code_Concentrator_MBUS_485\Test\Debug\Obj\lib_math.o
#        D:\IAR_Workspace\Code_Concentrator_MBUS_485\Test\Debug\Obj\lib_mem.o
#        D:\IAR_Workspace\Code_Concentrator_MBUS_485\Test\Debug\Obj\lib_mem_a.o
#        D:\IAR_Workspace\Code_Concentrator_MBUS_485\Test\Debug\Obj\lib_str.o
#        D:\IAR_Workspace\Code_Concentrator_MBUS_485\Test\Debug\Obj\main.o
#        D:\IAR_Workspace\Code_Concentrator_MBUS_485\Test\Debug\Obj\misc.o
#        D:\IAR_Workspace\Code_Concentrator_MBUS_485\Test\Debug\Obj\os_app_hooks.o
#        D:\IAR_Workspace\Code_Concentrator_MBUS_485\Test\Debug\Obj\os_cfg_app.o
#        D:\IAR_Workspace\Code_Concentrator_MBUS_485\Test\Debug\Obj\os_core.o
#        D:\IAR_Workspace\Code_Concentrator_MBUS_485\Test\Debug\Obj\os_cpu_a.o
#        D:\IAR_Workspace\Code_Concentrator_MBUS_485\Test\Debug\Obj\os_cpu_c.o
#        D:\IAR_Workspace\Code_Concentrator_MBUS_485\Test\Debug\Obj\os_dbg.o
#        D:\IAR_Workspace\Code_Concentrator_MBUS_485\Test\Debug\Obj\os_flag.o
#        D:\IAR_Workspace\Code_Concentrator_MBUS_485\Test\Debug\Obj\os_int.o
#        D:\IAR_Workspace\Code_Concentrator_MBUS_485\Test\Debug\Obj\os_mem.o
#        D:\IAR_Workspace\Code_Concentrator_MBUS_485\Test\Debug\Obj\os_msg.o
#        D:\IAR_Workspace\Code_Concentrator_MBUS_485\Test\Debug\Obj\os_mutex.o
#        D:\IAR_Workspace\Code_Concentrator_MBUS_485\Test\Debug\Obj\os_pend_multi.o
#        D:\IAR_Workspace\Code_Concentrator_MBUS_485\Test\Debug\Obj\os_prio.o
#        D:\IAR_Workspace\Code_Concentrator_MBUS_485\Test\Debug\Obj\os_q.o
#        D:\IAR_Workspace\Code_Concentrator_MBUS_485\Test\Debug\Obj\os_sem.o
#        D:\IAR_Workspace\Code_Concentrator_MBUS_485\Test\Debug\Obj\os_stat.o
#        D:\IAR_Workspace\Code_Concentrator_MBUS_485\Test\Debug\Obj\os_task.o
#        D:\IAR_Workspace\Code_Concentrator_MBUS_485\Test\Debug\Obj\os_tick.o
#        D:\IAR_Workspace\Code_Concentrator_MBUS_485\Test\Debug\Obj\os_time.o
#        D:\IAR_Workspace\Code_Concentrator_MBUS_485\Test\Debug\Obj\os_tmr.o
#        D:\IAR_Workspace\Code_Concentrator_MBUS_485\Test\Debug\Obj\os_var.o
#        D:\IAR_Workspace\Code_Concentrator_MBUS_485\Test\Debug\Obj\serial.o
#        D:\IAR_Workspace\Code_Concentrator_MBUS_485\Test\Debug\Obj\sim800g.o
#        D:\IAR_Workspace\Code_Concentrator_MBUS_485\Test\Debug\Obj\spi_flash.o
#        D:\IAR_Workspace\Code_Concentrator_MBUS_485\Test\Debug\Obj\startup_stm32f10x_md.o
#        D:\IAR_Workspace\Code_Concentrator_MBUS_485\Test\Debug\Obj\stm32f10x_adc.o
#        D:\IAR_Workspace\Code_Concentrator_MBUS_485\Test\Debug\Obj\stm32f10x_bkp.o
#        D:\IAR_Workspace\Code_Concentrator_MBUS_485\Test\Debug\Obj\stm32f10x_can.o
#        D:\IAR_Workspace\Code_Concentrator_MBUS_485\Test\Debug\Obj\stm32f10x_cec.o
#        D:\IAR_Workspace\Code_Concentrator_MBUS_485\Test\Debug\Obj\stm32f10x_crc.o
#        D:\IAR_Workspace\Code_Concentrator_MBUS_485\Test\Debug\Obj\stm32f10x_dac.o
#        D:\IAR_Workspace\Code_Concentrator_MBUS_485\Test\Debug\Obj\stm32f10x_dbgmcu.o
#        D:\IAR_Workspace\Code_Concentrator_MBUS_485\Test\Debug\Obj\stm32f10x_dma.o
#        D:\IAR_Workspace\Code_Concentrator_MBUS_485\Test\Debug\Obj\stm32f10x_exti.o
#        D:\IAR_Workspace\Code_Concentrator_MBUS_485\Test\Debug\Obj\stm32f10x_flash.o
#        D:\IAR_Workspace\Code_Concentrator_MBUS_485\Test\Debug\Obj\stm32f10x_fsmc.o
#        D:\IAR_Workspace\Code_Concentrator_MBUS_485\Test\Debug\Obj\stm32f10x_gpio.o
#        D:\IAR_Workspace\Code_Concentrator_MBUS_485\Test\Debug\Obj\stm32f10x_i2c.o
#        D:\IAR_Workspace\Code_Concentrator_MBUS_485\Test\Debug\Obj\stm32f10x_it.o
#        D:\IAR_Workspace\Code_Concentrator_MBUS_485\Test\Debug\Obj\stm32f10x_iwdg.o
#        D:\IAR_Workspace\Code_Concentrator_MBUS_485\Test\Debug\Obj\stm32f10x_pwr.o
#        D:\IAR_Workspace\Code_Concentrator_MBUS_485\Test\Debug\Obj\stm32f10x_rcc.o
#        D:\IAR_Workspace\Code_Concentrator_MBUS_485\Test\Debug\Obj\stm32f10x_rtc.o
#        D:\IAR_Workspace\Code_Concentrator_MBUS_485\Test\Debug\Obj\stm32f10x_sdio.o
#        D:\IAR_Workspace\Code_Concentrator_MBUS_485\Test\Debug\Obj\stm32f10x_spi.o
#        D:\IAR_Workspace\Code_Concentrator_MBUS_485\Test\Debug\Obj\stm32f10x_tim.o
#        D:\IAR_Workspace\Code_Concentrator_MBUS_485\Test\Debug\Obj\stm32f10x_usart.o
#        D:\IAR_Workspace\Code_Concentrator_MBUS_485\Test\Debug\Obj\stm32f10x_wwdg.o
#        D:\IAR_Workspace\Code_Concentrator_MBUS_485\Test\Debug\Obj\system_stm32f10x.o
#        D:\IAR_Workspace\Code_Concentrator_MBUS_485\Test\Debug\Obj\tasks.o
#        D:\IAR_Workspace\Code_Concentrator_MBUS_485\Test\Debug\Obj\timestamp.o
#        -o D:\IAR_Workspace\Code_Concentrator_MBUS_485\Test\Debug\Exe\Test.out
#        --map
#        D:\IAR_Workspace\Code_Concentrator_MBUS_485\Test\Debug\List\Test.map
#        --config D:\IAR_Workspace\Code_Concentrator_MBUS_485\Test\Test.icf
#        --semihosting --entry __iar_program_start --vfe
#
###############################################################################

*******************************************************************************
*** RUNTIME MODEL ATTRIBUTES
***

CppFlavor       = *
__SystemLibrary = DLib


*******************************************************************************
*** PLACEMENT SUMMARY
***

"A1":  place at 0x08000000 { ro section .intvec };
"P1":  place in [from 0x08000000 to 0x0801ffff] { ro };
"P2":  place in [from 0x20000000 to 0x20004fff] { rw, block CSTACK, block HEAP };

  Section             Kind        Address    Size  Object
  -------             ----        -------    ----  ------
"A1":                                        0xec
  .intvec             ro code  0x08000000    0xec  startup_stm32f10x_md.o [1]
                             - 0x080000ec    0xec

"P1":                                      0xbf50
  .text               ro code  0x080000ec  0x4140  tasks.o [1]
  .text               ro code  0x0800422c   0x384  os_q.o [1]
  .text               ro code  0x080045b0   0x180  os_mem.o [1]
  .text               ro code  0x08004730   0x11c  lib_mem.o [1]
  .text               ro code  0x0800484c   0x400  serial.o [1]
  .text               ro code  0x08004c4c   0x110  os_time.o [1]
  .text               ro code  0x08004d5c   0x778  sim800g.o [1]
  .text               ro code  0x080054d4   0x21e  lib_str.o [1]
  .text               ro code  0x080056f2    0x2e  copy_init3.o [5]
  .text               ro code  0x08005720   0x302  os_sem.o [1]
  .text               ro code  0x08005a22    0x22  zero_init3.o [5]
  CODE                ro code  0x08005a44   0x220  lib_mem_a.o [1]
  CODE                ro code  0x08005c64    0x34  cpu_a.o [1]
  .text               ro code  0x08005c98   0x1c4  stm32f10x_gpio.o [1]
  .text               ro code  0x08005e5c   0x90c  spi_flash.o [1]
  .text               ro code  0x08006768   0x3d0  os_mutex.o [1]
  .text               ro code  0x08006b38   0x530  os_tmr.o [1]
  .text               ro code  0x08007068    0x34  sprintf.o [3]
  .text               ro code  0x0800709c   0x6aa  os_flag.o [1]
  .text               ro code  0x08007746     0xa  xsprout.o [3]
  .text               ro code  0x08007750   0x1fc  os_msg.o [1]
  .text               ro code  0x0800794c   0x988  os_core.o [1]
  .text               ro code  0x080082d4    0x3c  timestamp.o [1]
  .text               ro code  0x08008310   0x17e  stm32f10x_usart.o [1]
  .rodata             const    0x0800848e     0x2  os_cfg_app.o [1]
  .text               ro code  0x08008490    0xc8  stm32f10x_exti.o [1]
  .text               ro code  0x08008558   0x418  os_tick.o [1]
  .text               ro code  0x08008970   0x1d8  os_cpu_c.o [1]
  .text               ro code  0x08008b48   0x694  os_task.o [1]
  .text               ro code  0x080091dc     0x8  atoi.o [3]
  .text               ro code  0x080091e4    0xa4  stm32f10x_spi.o [1]
  .text               ro code  0x08009288    0x88  os_prio.o [1]
  .text               ro code  0x08009310   0xd86  xprintffull_nomb.o [3]
  .rodata             const    0x0800a096     0x2  os_cfg_app.o [1]
  .text               ro code  0x0800a098    0xac  os_cfg_app.o [1]
  CODE                ro code  0x0800a144    0x84  os_cpu_a.o [1]
  .text               ro code  0x0800a1c8   0x4d6  bsp.o [1]
  .rodata             const    0x0800a69e     0x2  os_cfg_app.o [1]
  .text               ro code  0x0800a6a0    0x4c  cpu_core.o [1]
  .text               ro code  0x0800a6ec   0x258  stm32f10x_rcc.o [1]
  .text               ro code  0x0800a944   0x19c  xstoul.o [3]
  .text               ro code  0x0800aae0    0x16  strchr.o [5]
  .rodata             const    0x0800aaf6     0x1  os_cfg_app.o [1]
  .rodata             const    0x0800aaf7     0x1  os_cfg_app.o [1]
  .text               ro code  0x0800aaf8    0x36  strlen.o [5]
  .text               ro code  0x0800ab30    0x58  memchr.o [5]
  .text               ro code  0x0800ab88    0xee  I64DivMod.o [5]
  .text               ro code  0x0800ac78    0x76  ABImemcpy_unaligned.o [5]
  .text               ro code  0x0800acee    0x42  xdnorm.o [4]
  .text               ro code  0x0800ad30    0x2e  DblCmpLe.o [4]
  .text               ro code  0x0800ad60    0x2e  DblCmpGe.o [4]
  .text               ro code  0x0800ad90   0x10c  xdscale.o [4]
  .text               ro code  0x0800ae9c    0x58  DblToI32.o [4]
  .text               ro code  0x0800aef4    0x30  I32ToDbl.o [4]
  .text               ro code  0x0800af24   0x180  DblSub.o [4]
  .text               ro code  0x0800b0a4   0x1a2  DblMul.o [4]
  .text               ro code  0x0800b248   0x246  DblDiv.o [4]
  .text               ro code  0x0800b48e     0xe  div.o [3]
  .text               ro code  0x0800b49c    0x3c  stm32f10x_flash.o [1]
  .text               ro code  0x0800b4d8    0x80  misc.o [1]
  .text               ro code  0x0800b558    0x2c  stm32f10x_iwdg.o [1]
  .text               ro code  0x0800b584     0xc  errno.o [3]
  .text               ro code  0x0800b590     0x2  I64DivZer.o [5]
  .text               ro code  0x0800b594    0xd4  DblAdd.o [4]
  .text               ro code  0x0800b668     0x2  xtls.o [3]
  .text               ro code  0x0800b66c   0x518  main.o [1]
  .text               ro code  0x0800bb84    0x6e  system_stm32f10x.o [1]
  .text               ro code  0x0800bbf2    0x36  stm32f10x_it.o [1]
  .text               ro code  0x0800bc28    0x28  data_init.o [5]
  .iar.init_table     const    0x0800bc50    0x24  - Linker created -
  .text               ro code  0x0800bc74    0x1a  cmain.o [5]
  .text               ro code  0x0800bc8e     0x4  low_level_init.o [3]
  .text               ro code  0x0800bc92     0x4  exit.o [3]
  .text               ro code  0x0800bc98     0xa  cexit.o [5]
  .text               ro code  0x0800bca4    0x14  exit.o [6]
  .rodata             const    0x0800bcb8    0x18  os_tmr.o [1]
  .rodata             const    0x0800bcd0    0x18  sim800g.o [1]
  .rodata             const    0x0800bce8    0x14  os_core.o [1]
  .rodata             const    0x0800bcfc    0x14  os_tick.o [1]
  .rodata             const    0x0800bd10    0x14  sim800g.o [1]
  .rodata             const    0x0800bd24    0x10  sim800g.o [1]
  .rodata             const    0x0800bd34    0x10  sim800g.o [1]
  .text               ro code  0x0800bd44    0x10  startup_stm32f10x_md.o [1]
  .rodata             const    0x0800bd54     0xc  main.o [1]
  .rodata             const    0x0800bd60     0xc  main.o [1]
  .rodata             const    0x0800bd6c     0xc  main.o [1]
  .rodata             const    0x0800bd78     0xc  sim800g.o [1]
  .rodata             const    0x0800bd84     0xc  sim800g.o [1]
  .rodata             const    0x0800bd90     0xc  sim800g.o [1]
  .rodata             const    0x0800bd9c     0xc  sim800g.o [1]
  .rodata             const    0x0800bda8     0xc  sim800g.o [1]
  .rodata             const    0x0800bdb4     0xc  sim800g.o [1]
  .rodata             const    0x0800bdc0     0xc  sim800g.o [1]
  .rodata             const    0x0800bdcc     0xc  sim800g.o [1]
  .rodata             const    0x0800bdd8     0xc  sim800g.o [1]
  .text               ro code  0x0800bde4     0xc  cstartup_M.o [5]
  .rodata             const    0x0800bdf0     0x8  main.o [1]
  .rodata             const    0x0800bdf8     0x8  main.o [1]
  .rodata             const    0x0800be00     0x8  main.o [1]
  .rodata             const    0x0800be08     0x8  main.o [1]
  .rodata             const    0x0800be10     0x8  main.o [1]
  .rodata             const    0x0800be18     0x8  main.o [1]
  .rodata             const    0x0800be20     0x8  main.o [1]
  .rodata             const    0x0800be28     0x8  main.o [1]
  .rodata             const    0x0800be30     0x8  main.o [1]
  .rodata             const    0x0800be38     0x8  main.o [1]
  .rodata             const    0x0800be40     0x8  main.o [1]
  .rodata             const    0x0800be48     0x8  main.o [1]
  .rodata             const    0x0800be50     0x8  main.o [1]
  .rodata             const    0x0800be58     0x8  main.o [1]
  .rodata             const    0x0800be60     0x8  os_task.o [1]
  .rodata             const    0x0800be68     0x8  sim800g.o [1]
  .rodata             const    0x0800be70     0x8  sim800g.o [1]
  .rodata             const    0x0800be78     0x8  sim800g.o [1]
  .rodata             const    0x0800be80     0x8  tasks.o [1]
  .rodata             const    0x0800be88     0x8  tasks.o [1]
  .rodata             const    0x0800be90     0x8  tasks.o [1]
  .rodata             const    0x0800be98     0x8  tasks.o [1]
  .rodata             const    0x0800bea0     0x8  tasks.o [1]
  .rodata             const    0x0800bea8     0x4  os_cfg_app.o [1]
  .rodata             const    0x0800beac     0x4  os_cfg_app.o [1]
  .rodata             const    0x0800beb0     0x4  os_cfg_app.o [1]
  .rodata             const    0x0800beb4     0x4  os_cfg_app.o [1]
  .rodata             const    0x0800beb8     0x4  os_cfg_app.o [1]
  .rodata             const    0x0800bebc     0x4  os_cfg_app.o [1]
  .rodata             const    0x0800bec0     0x4  os_cfg_app.o [1]
  .rodata             const    0x0800bec4     0x4  os_cfg_app.o [1]
  .rodata             const    0x0800bec8     0x4  os_cfg_app.o [1]
  .rodata             const    0x0800becc     0x4  os_cfg_app.o [1]
  .rodata             const    0x0800bed0     0x4  os_cfg_app.o [1]
  .rodata             const    0x0800bed4     0x4  os_cfg_app.o [1]
  .rodata             const    0x0800bed8     0x4  os_cfg_app.o [1]
  .rodata             const    0x0800bedc     0x4  os_cfg_app.o [1]
  .rodata             const    0x0800bee0     0x4  os_cfg_app.o [1]
  .rodata             const    0x0800bee4     0x4  os_cfg_app.o [1]
  .rodata             const    0x0800bee8     0x4  os_cfg_app.o [1]
  .rodata             const    0x0800beec     0x4  os_cfg_app.o [1]
  .rodata             const    0x0800bef0     0x4  os_cfg_app.o [1]
  .rodata             const    0x0800bef4     0x4  os_cfg_app.o [1]
  .rodata             const    0x0800bef8     0x4  os_cfg_app.o [1]
  .rodata             const    0x0800befc     0x4  os_cfg_app.o [1]
  .rodata             const    0x0800bf00     0x4  os_cfg_app.o [1]
  .rodata             const    0x0800bf04     0x4  sim800g.o [1]
  .text               ro code  0x0800bf08     0x4  startup_stm32f10x_md.o [1]
  .text               ro code  0x0800bf0c     0x4  startup_stm32f10x_md.o [1]
  .text               ro code  0x0800bf10     0x4  startup_stm32f10x_md.o [1]
  .text               ro code  0x0800bf14     0x4  startup_stm32f10x_md.o [1]
  .text               ro code  0x0800bf18     0x4  startup_stm32f10x_md.o [1]
  .text               ro code  0x0800bf1c     0x4  startup_stm32f10x_md.o [1]
  .text               ro code  0x0800bf20     0x4  startup_stm32f10x_md.o [1]
  .text               ro code  0x0800bf24     0x4  startup_stm32f10x_md.o [1]
  .text               ro code  0x0800bf28     0x4  startup_stm32f10x_md.o [1]
  .text               ro code  0x0800bf2c     0x4  startup_stm32f10x_md.o [1]
  .text               ro code  0x0800bf30     0x4  startup_stm32f10x_md.o [1]
  .text               ro code  0x0800bf34     0x4  startup_stm32f10x_md.o [1]
  .text               ro code  0x0800bf38     0x4  startup_stm32f10x_md.o [1]
  .text               ro code  0x0800bf3c     0x4  startup_stm32f10x_md.o [1]
  .text               ro code  0x0800bf40     0x4  startup_stm32f10x_md.o [1]
  .text               ro code  0x0800bf44     0x4  startup_stm32f10x_md.o [1]
  .text               ro code  0x0800bf48     0x4  startup_stm32f10x_md.o [1]
  .text               ro code  0x0800bf4c     0x4  startup_stm32f10x_md.o [1]
  .text               ro code  0x0800bf50     0x4  startup_stm32f10x_md.o [1]
  .text               ro code  0x0800bf54     0x4  startup_stm32f10x_md.o [1]
  .text               ro code  0x0800bf58     0x4  startup_stm32f10x_md.o [1]
  .text               ro code  0x0800bf5c     0x4  startup_stm32f10x_md.o [1]
  .text               ro code  0x0800bf60     0x4  startup_stm32f10x_md.o [1]
  .text               ro code  0x0800bf64     0x4  startup_stm32f10x_md.o [1]
  .text               ro code  0x0800bf68     0x4  startup_stm32f10x_md.o [1]
  .text               ro code  0x0800bf6c     0x4  startup_stm32f10x_md.o [1]
  .text               ro code  0x0800bf70     0x4  startup_stm32f10x_md.o [1]
  .text               ro code  0x0800bf74     0x4  startup_stm32f10x_md.o [1]
  .text               ro code  0x0800bf78     0x4  startup_stm32f10x_md.o [1]
  .text               ro code  0x0800bf7c     0x4  startup_stm32f10x_md.o [1]
  .text               ro code  0x0800bf80     0x4  startup_stm32f10x_md.o [1]
  .text               ro code  0x0800bf84     0x4  startup_stm32f10x_md.o [1]
  .text               ro code  0x0800bf88     0x4  startup_stm32f10x_md.o [1]
  .text               ro code  0x0800bf8c     0x4  startup_stm32f10x_md.o [1]
  .text               ro code  0x0800bf90     0x4  startup_stm32f10x_md.o [1]
  .text               ro code  0x0800bf94     0x4  startup_stm32f10x_md.o [1]
  .text               ro code  0x0800bf98     0x4  startup_stm32f10x_md.o [1]
  .text               ro code  0x0800bf9c     0x4  startup_stm32f10x_md.o [1]
  .text               ro code  0x0800bfa0     0x4  startup_stm32f10x_md.o [1]
  .rodata             const    0x0800bfa4     0x0  zero_init3.o [5]
  .rodata             const    0x0800bfa4     0x0  copy_init3.o [5]
  Initializer bytes   ro data  0x0800bfa4    0x98  <for P2 s0>
                             - 0x0800c03c  0xbf50

"P2", part 1 of 3:                           0x98
  P2 s0                        0x20000000    0x98  <Init block>
    .data             inited   0x20000000    0x50  sim800g.o [1]
    .data             inited   0x20000050    0x14  sim800g.o [1]
    .data             inited   0x20000064    0x10  stm32f10x_rcc.o [1]
    .data             inited   0x20000074     0x8  sim800g.o [1]
    .data             inited   0x2000007c     0x8  sim800g.o [1]
    .data             inited   0x20000084     0x4  stm32f10x_rcc.o [1]
    .data             inited   0x20000088     0x4  tasks.o [1]
    __DLIB_PERTHREAD  inited   0x2000008c     0x4  errno.o [3]
    .data             inited   0x20000090     0x2  sim800g.o [1]
    .data             inited   0x20000092     0x1  main.o [1]
    .data             inited   0x20000093     0x1  sim800g.o [1]
    .data             inited   0x20000094     0x1  sim800g.o [1]
    .data             inited   0x20000095     0x1  sim800g.o [1]
    .data             inited   0x20000096     0x1  sim800g.o [1]
                             - 0x20000098    0x98

"P2", part 2 of 3:                         0x4c90
  .bss                zero     0x20000098  0x1000  main.o [1]
  .bss                zero     0x20001098   0x640  os_cfg_app.o [1]
  .bss                zero     0x200016d8   0x600  main.o [1]
  .bss                zero     0x20001cd8   0x600  main.o [1]
  .bss                zero     0x200022d8   0x600  main.o [1]
  .bss                zero     0x200028d8   0x200  main.o [1]
  .bss                zero     0x20002ad8   0x200  main.o [1]
  .bss                zero     0x20002cd8   0x200  main.o [1]
  .bss                zero     0x20002ed8   0x200  main.o [1]
  .bss                zero     0x200030d8   0x200  main.o [1]
  .bss                zero     0x200032d8   0x200  main.o [1]
  .bss                zero     0x200034d8   0x200  main.o [1]
  .bss                zero     0x200036d8   0x200  os_cfg_app.o [1]
  .bss                zero     0x200038d8   0x200  os_cfg_app.o [1]
  .bss                zero     0x20003ad8   0x200  os_cfg_app.o [1]
  .bss                zero     0x20003cd8   0x200  os_cfg_app.o [1]
  .bss                zero     0x20003ed8   0x180  os_var.o [1]
  .bss                zero     0x20004058    0xb4  main.o [1]
  .bss                zero     0x2000410c    0xb4  main.o [1]
  .bss                zero     0x200041c0    0xb4  main.o [1]
  .bss                zero     0x20004274    0xb4  main.o [1]
  .bss                zero     0x20004328    0xb4  main.o [1]
  .bss                zero     0x200043dc    0xb4  main.o [1]
  .bss                zero     0x20004490    0xb4  main.o [1]
  .bss                zero     0x20004544    0xb4  main.o [1]
  .bss                zero     0x200045f8    0xb4  main.o [1]
  .bss                zero     0x200046ac    0xb4  os_var.o [1]
  .bss                zero     0x20004760    0xb4  os_var.o [1]
  .bss                zero     0x20004814    0xb4  os_var.o [1]
  .bss                zero     0x200048c8    0x88  os_cfg_app.o [1]
  .bss                zero     0x20004950    0x88  os_cfg_app.o [1]
  .bss                zero     0x200049d8    0x78  main.o [1]
  .bss                zero     0x20004a50    0x2c  main.o [1]
  .bss                zero     0x20004a7c    0x24  main.o [1]
  .bss                zero     0x20004aa0    0x24  main.o [1]
  .bss                zero     0x20004ac4    0x24  main.o [1]
  .bss                zero     0x20004ae8    0x24  main.o [1]
  .bss                zero     0x20004b0c    0x24  main.o [1]
  .bss                zero     0x20004b30    0x20  main.o [1]
  .bss                zero     0x20004b50    0x20  main.o [1]
  .bss                zero     0x20004b70    0x1c  main.o [1]
  .bss                zero     0x20004b8c    0x1c  main.o [1]
  .bss                zero     0x20004ba8    0x1c  main.o [1]
  .bss                zero     0x20004bc4    0x1c  main.o [1]
  .bss                zero     0x20004be0    0x1c  main.o [1]
  .bss                zero     0x20004bfc    0x1c  main.o [1]
  .bss                zero     0x20004c18    0x1c  main.o [1]
  .bss                zero     0x20004c34    0x1c  main.o [1]
  .bss                zero     0x20004c50    0x18  main.o [1]
  .bss                zero     0x20004c68    0x18  main.o [1]
  .bss                zero     0x20004c80    0x10  cpu_core.o [1]
  .bss                zero     0x20004c90     0xc  os_var.o [1]
  .bss                zero     0x20004c9c     0x4  cpu_core.o [1]
  .bss                zero     0x20004ca0     0x4  os_cpu_c.o [1]
  .bss                zero     0x20004ca4     0x4  os_prio.o [1]
  .bss                zero     0x20004ca8     0x4  os_var.o [1]
  .bss                zero     0x20004cac     0x4  os_var.o [1]
  .bss                zero     0x20004cb0     0x4  os_var.o [1]
  .bss                zero     0x20004cb4     0x4  os_var.o [1]
  .bss                zero     0x20004cb8     0x4  os_var.o [1]
  .bss                zero     0x20004cbc     0x4  os_var.o [1]
  .bss                zero     0x20004cc0     0x4  os_var.o [1]
  .bss                zero     0x20004cc4     0x4  os_var.o [1]
  .bss                zero     0x20004cc8     0x4  os_var.o [1]
  .bss                zero     0x20004ccc     0x4  os_var.o [1]
  .bss                zero     0x20004cd0     0x4  os_var.o [1]
  .bss                zero     0x20004cd4     0x4  os_var.o [1]
  .bss                zero     0x20004cd8     0x4  os_var.o [1]
  .bss                zero     0x20004cdc     0x4  os_var.o [1]
  .bss                zero     0x20004ce0     0x4  os_var.o [1]
  .bss                zero     0x20004ce4     0x4  os_var.o [1]
  .bss                zero     0x20004ce8     0x4  os_var.o [1]
  .bss                zero     0x20004cec     0x4  os_var.o [1]
  .bss                zero     0x20004cf0     0x4  tasks.o [1]
  .bss                zero     0x20004cf4     0x4  tasks.o [1]
  .bss                zero     0x20004cf8     0x4  tasks.o [1]
  .bss                zero     0x20004cfc     0x4  tasks.o [1]
  .bss                zero     0x20004d00     0x2  os_var.o [1]
  .bss                zero     0x20004d02     0x2  os_var.o [1]
  .bss                zero     0x20004d04     0x2  os_var.o [1]
  .bss                zero     0x20004d06     0x2  os_var.o [1]
  .bss                zero     0x20004d08     0x2  os_var.o [1]
  .bss                zero     0x20004d0a     0x2  os_var.o [1]
  .bss                zero     0x20004d0c     0x2  os_var.o [1]
  .bss                zero     0x20004d0e     0x1  main.o [1]
  .bss                zero     0x20004d0f     0x1  main.o [1]
  .bss                zero     0x20004d10     0x1  main.o [1]
  .bss                zero     0x20004d11     0x1  os_var.o [1]
  .bss                zero     0x20004d12     0x1  os_var.o [1]
  .bss                zero     0x20004d13     0x1  os_var.o [1]
  .bss                zero     0x20004d14     0x1  os_var.o [1]
  .bss                zero     0x20004d15     0x1  os_var.o [1]
  .bss                zero     0x20004d16     0x1  os_var.o [1]
  .bss                zero     0x20004d17     0x1  os_var.o [1]
  .bss                zero     0x20004d18     0x1  os_var.o [1]
  .bss                zero     0x20004d19     0x1  tasks.o [1]
  .bss                zero     0x20004d1a     0x1  tasks.o [1]
  .bss                zero     0x20004d1b     0x1  tasks.o [1]
  .bss                zero     0x20004d1c     0x1  tasks.o [1]
  .bss                zero     0x20004d1d     0x1  tasks.o [1]
  .bss                zero     0x20004d1e     0x1  tasks.o [1]
  .bss                zero     0x20004d1f     0x1  tasks.o [1]
  .bss                zero     0x20004d20     0x1  tasks.o [1]
                             - 0x20004d21  0x4c89

"P2", part 3 of 3:                          0x200
  CSTACK                       0x20004d28   0x200  <Block>
    CSTACK            uninit   0x20004d28   0x200  <Block tail>
                             - 0x20004f28   0x200


*******************************************************************************
*** INIT TABLE
***

          Address     Size
          -------     ----
Zero (__iar_zero_init3)
    1 destination range, total size 0x4c89:
          0x20000098  0x4c89

Copy (__iar_copy_init3)
    1 source range, total size 0x98 (100% of destination):
          0x0800bfa4    0x98
    1 destination range, total size 0x97:
          0x20000000    0x97



*******************************************************************************
*** MODULE SUMMARY
***

    Module                  ro code  ro data  rw data
    ------                  -------  -------  -------
D:\IAR_Workspace\Code_Concentrator_MBUS_485\Test\Debug\Obj: [1]
    bsp.o                     1 238
    cpu_a.o                      52
    cpu_core.o                   76                20
    lib_mem.o                   284
    lib_mem_a.o                 544
    lib_str.o                   542
    main.o                    1 304      149   14 592
    misc.o                      128
    os_cfg_app.o                172      100    3 920
    os_core.o                 2 440       20
    os_cpu_a.o                  132
    os_cpu_c.o                  472                 4
    os_flag.o                 1 706
    os_mem.o                    384
    os_msg.o                    508
    os_mutex.o                  976
    os_prio.o                   136                 4
    os_q.o                      900
    os_sem.o                    770
    os_task.o                 1 684        8
    os_tick.o                 1 048       20
    os_time.o                   272
    os_tmr.o                  1 328       24
    os_var.o                                    1 030
    serial.o                  1 024
    sim800g.o                 1 912      334      122
    spi_flash.o               2 316
    startup_stm32f10x_md.o      408
    stm32f10x_exti.o            200
    stm32f10x_flash.o            60
    stm32f10x_gpio.o            452
    stm32f10x_it.o               54
    stm32f10x_iwdg.o             44
    stm32f10x_rcc.o             600       20       20
    stm32f10x_spi.o             164
    stm32f10x_usart.o           382
    system_stm32f10x.o          110
    tasks.o                  16 704       44       28
    timestamp.o                  60
    -------------------------------------------------
    Total:                   41 586      719   19 740

command line: [2]
    -------------------------------------------------
    Total:

dl7M_tln.a: [3]
    atoi.o                        8
    div.o                        14
    errno.o                      12        4        4
    exit.o                        4
    low_level_init.o              4
    sprintf.o                    52
    xprintffull_nomb.o        3 462
    xsprout.o                    10
    xstoul.o                    412
    xtls.o                        2
    -------------------------------------------------
    Total:                    3 980        4        4

m7M_tl.a: [4]
    DblAdd.o                    212
    DblCmpGe.o                   46
    DblCmpLe.o                   46
    DblDiv.o                    582
    DblMul.o                    418
    DblSub.o                    384
    DblToI32.o                   88
    I32ToDbl.o                   48
    xdnorm.o                     66
    xdscale.o                   268
    -------------------------------------------------
    Total:                    2 158

rt7M_tl.a: [5]
    ABImemcpy_unaligned.o       118
    I64DivMod.o                 238
    I64DivZer.o                   2
    cexit.o                      10
    cmain.o                      26
    copy_init3.o                 46
    cstartup_M.o                 12
    data_init.o                  40
    memchr.o                     88
    strchr.o                     22
    strlen.o                     54
    zero_init3.o                 34
    -------------------------------------------------
    Total:                      690

shb_l.a: [6]
    exit.o                       20
    -------------------------------------------------
    Total:                       20

    Gaps                         18
    Linker created                        37      512
-----------------------------------------------------
    Grand Total:             48 452      760   20 256


*******************************************************************************
*** ENTRY LIST
***

Entry                      Address    Size  Type      Object
-----                      -------    ----  ----      ------
?main                   0x0800bc75          Code  Gb  cmain.o [5]
ADCPrescTable           0x20000084     0x4  Data  Lc  stm32f10x_rcc.o [1]
APBAHBPrescTable        0x20000064    0x10  Data  Lc  stm32f10x_rcc.o [1]
BSP_CPU_ClkFreq         0x0800a68f    0x10  Code  Gb  bsp.o [1]
BSP_GPIO_Init           0x0800a279   0x1f2  Code  Gb  bsp.o [1]
BSP_IWDG_Init           0x0800a675    0x1a  Code  Gb  bsp.o [1]
BSP_Init                0x0800a1c9    0xb0  Code  Gb  bsp.o [1]
BSP_NVIC_Init           0x0800a583    0x6c  Code  Gb  bsp.o [1]
BSP_SPI_Init            0x0800a5ef    0x66  Code  Gb  bsp.o [1]
BSP_USART_Init          0x0800a46b   0x118  Code  Gb  bsp.o [1]
BusFault_Handler        0x0800bbf9     0x2  Code  Gb  stm32f10x_it.o [1]
CPU_CntLeadZeros        0x08005c83          Code  Gb  cpu_a.o [1]
CPU_CntTrailZeros       0x08005c89          Code  Gb  cpu_a.o [1]
CPU_Init                0x0800a6a1     0xc  Code  Gb  cpu_core.o [1]
CPU_IntDis              0x08005c65          Code  Gb  cpu_a.o [1]
CPU_IntEn               0x08005c69          Code  Gb  cpu_a.o [1]
CPU_Name                0x20004c80    0x10  Data  Gb  cpu_core.o [1]
CPU_NameClr             0x0800a6ad    0x1a  Code  Gb  cpu_core.o [1]
CPU_NameInit            0x0800a6cd     0x8  Code  Lc  cpu_core.o [1]
CPU_RevBits             0x08005c93          Code  Gb  cpu_a.o [1]
CPU_SR_Restore          0x08005c75          Code  Gb  cpu_a.o [1]
CPU_SR_Save             0x08005c6d          Code  Gb  cpu_a.o [1]
CPU_TS_Init             0x0800a6d5     0xe  Code  Lc  cpu_core.o [1]
CPU_TS_TmrFreqSet       0x0800a6c7     0x6  Code  Gb  cpu_core.o [1]
CPU_TS_TmrFreq_Hz       0x20004c9c     0x4  Data  Gb  cpu_core.o [1]
CPU_TS_TmrInit          0x080082d5    0x2a  Code  Gb  timestamp.o [1]
CPU_TS_TmrRd            0x080082ff     0x6  Code  Gb  timestamp.o [1]
CPU_WaitForExcept       0x08005c7f          Code  Gb  cpu_a.o [1]
CPU_WaitForInt          0x08005c7b          Code  Gb  cpu_a.o [1]
CSTACK$$Base            0x20004d28           --   Gb  - Linker created -
CSTACK$$Limit           0x20004f28           --   Gb  - Linker created -
DebugMon_Handler        0x0800bbff     0x2  Code  Gb  stm32f10x_it.o [1]
Device_Cmd              0x080053f9    0x80  Code  Gb  sim800g.o [1]
Device_Read             0x08004bbd    0x34  Code  Gb  serial.o [1]
EXTI15_10_IRQHandler    0x0800bc21     0x8  Code  Gb  stm32f10x_it.o [1]
EXTI_ClearITPendingBit  0x0800853d     0x6  Code  Gb  stm32f10x_exti.o [1]
EXTI_GetITStatus        0x08008519    0x24  Code  Gb  stm32f10x_exti.o [1]
EXTI_Init               0x08008491    0x88  Code  Gb  stm32f10x_exti.o [1]
FLAG_Event              0x20004c34    0x1c  Data  Gb  main.o [1]
FLASH_PrefetchBufferCmd
                        0x0800b4b5    0x20  Code  Gb  stm32f10x_flash.o [1]
FLASH_SetLatency        0x0800b49d    0x18  Code  Gb  stm32f10x_flash.o [1]
GPIO_EXTILineConfig     0x08005e01    0x50  Code  Gb  stm32f10x_gpio.o [1]
GPIO_Init               0x08005c99    0xc8  Code  Gb  stm32f10x_gpio.o [1]
GPIO_PinRemapConfig     0x08005d83    0x7e  Code  Gb  stm32f10x_gpio.o [1]
GPIO_ReadInputDataBit   0x08005d61    0x16  Code  Gb  stm32f10x_gpio.o [1]
GPIO_ResetBits          0x08005d7d     0x6  Code  Gb  stm32f10x_gpio.o [1]
GPIO_SetBits            0x08005d77     0x6  Code  Gb  stm32f10x_gpio.o [1]
GetFlash                0x080063b5   0x12e  Code  Gb  spi_flash.o [1]
HardFault_Handler       0x0800bbf5     0x2  Code  Gb  stm32f10x_it.o [1]
IWDG_Enable             0x0800b573     0xa  Code  Gb  stm32f10x_iwdg.o [1]
IWDG_ReloadCounter      0x0800b569     0xa  Code  Gb  stm32f10x_iwdg.o [1]
IWDG_SetPrescaler       0x0800b561     0x8  Code  Gb  stm32f10x_iwdg.o [1]
IWDG_WriteAccessCmd     0x0800b559     0x8  Code  Gb  stm32f10x_iwdg.o [1]
MEM_Buf                 0x20004c50    0x18  Data  Gb  main.o [1]
MEM_ISR                 0x20004c68    0x18  Data  Gb  main.o [1]
MUTEX_CONFIGFLASH       0x20004b30    0x20  Data  Gb  main.o [1]
MUTEX_SENDSERVER        0x20004b50    0x20  Data  Gb  main.o [1]
MemManage_Handler       0x0800bbf7     0x2  Code  Gb  stm32f10x_it.o [1]
Mem_Clr                 0x08004731     0xc  Code  Gb  lib_mem.o [1]
Mem_Cmp                 0x08004797    0xb6  Code  Gb  lib_mem.o [1]
Mem_Copy                0x08005a45          Code  Gb  lib_mem_a.o [1]
Mem_Set                 0x0800473d    0x5a  Code  Gb  lib_mem.o [1]
NMI_Handler             0x0800bbf3     0x2  Code  Gb  stm32f10x_it.o [1]
NVIC_Init               0x0800b4e3    0x62  Code  Gb  misc.o [1]
NVIC_PriorityGroupConfig
                        0x0800b4d9     0xa  Code  Gb  misc.o [1]
OSCfg_DataSizeRAM       0x0800bf00     0x4  Data  Gb  os_cfg_app.o [1]
OSCfg_ISRStk            0x200038d8   0x200  Data  Gb  os_cfg_app.o [1]
OSCfg_ISRStkBasePtr     0x0800beb8     0x4  Data  Gb  os_cfg_app.o [1]
OSCfg_ISRStkSize        0x0800bebc     0x4  Data  Gb  os_cfg_app.o [1]
OSCfg_ISRStkSizeRAM     0x0800bec0     0x4  Data  Gb  os_cfg_app.o [1]
OSCfg_IdleTaskStk       0x200036d8   0x200  Data  Gb  os_cfg_app.o [1]
OSCfg_IdleTaskStkBasePtr
                        0x0800bea8     0x4  Data  Gb  os_cfg_app.o [1]
OSCfg_IdleTaskStkLimit  0x0800beac     0x4  Data  Gb  os_cfg_app.o [1]
OSCfg_IdleTaskStkSize   0x0800beb0     0x4  Data  Gb  os_cfg_app.o [1]
OSCfg_IdleTaskStkSizeRAM
                        0x0800beb4     0x4  Data  Gb  os_cfg_app.o [1]
OSCfg_Init              0x0800a099    0xac  Code  Gb  os_cfg_app.o [1]
OSCfg_MsgPool           0x20001098   0x640  Data  Gb  os_cfg_app.o [1]
OSCfg_MsgPoolBasePtr    0x0800bec8     0x4  Data  Gb  os_cfg_app.o [1]
OSCfg_MsgPoolSize       0x0800848e     0x2  Data  Gb  os_cfg_app.o [1]
OSCfg_MsgPoolSizeRAM    0x0800bec4     0x4  Data  Gb  os_cfg_app.o [1]
OSCfg_StkSizeMin        0x0800becc     0x4  Data  Gb  os_cfg_app.o [1]
OSCfg_TickRate_Hz       0x0800bed0     0x4  Data  Gb  os_cfg_app.o [1]
OSCfg_TickTaskPrio      0x0800aaf6     0x1  Data  Gb  os_cfg_app.o [1]
OSCfg_TickTaskStk       0x20003ad8   0x200  Data  Gb  os_cfg_app.o [1]
OSCfg_TickTaskStkBasePtr
                        0x0800bed4     0x4  Data  Gb  os_cfg_app.o [1]
OSCfg_TickTaskStkLimit  0x0800bed8     0x4  Data  Gb  os_cfg_app.o [1]
OSCfg_TickTaskStkSize   0x0800bedc     0x4  Data  Gb  os_cfg_app.o [1]
OSCfg_TickTaskStkSizeRAM
                        0x0800bee0     0x4  Data  Gb  os_cfg_app.o [1]
OSCfg_TickWheel         0x200048c8    0x88  Data  Gb  os_cfg_app.o [1]
OSCfg_TickWheelSize     0x0800a096     0x2  Data  Gb  os_cfg_app.o [1]
OSCfg_TickWheelSizeRAM  0x0800bee4     0x4  Data  Gb  os_cfg_app.o [1]
OSCfg_TmrTaskPrio       0x0800aaf7     0x1  Data  Gb  os_cfg_app.o [1]
OSCfg_TmrTaskRate_Hz    0x0800bee8     0x4  Data  Gb  os_cfg_app.o [1]
OSCfg_TmrTaskStk        0x20003cd8   0x200  Data  Gb  os_cfg_app.o [1]
OSCfg_TmrTaskStkBasePtr
                        0x0800beec     0x4  Data  Gb  os_cfg_app.o [1]
OSCfg_TmrTaskStkLimit   0x0800bef0     0x4  Data  Gb  os_cfg_app.o [1]
OSCfg_TmrTaskStkSize    0x0800bef4     0x4  Data  Gb  os_cfg_app.o [1]
OSCfg_TmrTaskStkSizeRAM
                        0x0800bef8     0x4  Data  Gb  os_cfg_app.o [1]
OSCfg_TmrWheel          0x20004950    0x88  Data  Gb  os_cfg_app.o [1]
OSCfg_TmrWheelSize      0x0800a69e     0x2  Data  Gb  os_cfg_app.o [1]
OSCfg_TmrWheelSizeRAM   0x0800befc     0x4  Data  Gb  os_cfg_app.o [1]
OSFlagCreate            0x0800709d    0x66  Code  Gb  os_flag.o [1]
OSFlagPend              0x08007103   0x40c  Code  Gb  os_flag.o [1]
OSFlagPost              0x0800750f    0x5e  Code  Gb  os_flag.o [1]
OSFlagQty               0x20004d00     0x2  Data  Gb  os_var.o [1]
OSIdleTaskCtr           0x20004cc4     0x4  Data  Gb  os_var.o [1]
OSIdleTaskHook          0x08008971    0x12  Code  Gb  os_cpu_c.o [1]
OSIdleTaskTCB           0x200046ac    0xb4  Data  Gb  os_var.o [1]
OSInit                  0x0800794d   0x150  Code  Gb  os_core.o [1]
OSInitHook              0x08008983    0x14  Code  Gb  os_cpu_c.o [1]
OSIntExit               0x08007a9d    0xc8  Code  Gb  os_core.o [1]
OSIntNestingCtr         0x20004d11     0x1  Data  Gb  os_var.o [1]
OSMemCreate             0x080045b1    0xd0  Code  Gb  os_mem.o [1]
OSMemGet                0x08004681    0x46  Code  Gb  os_mem.o [1]
OSMemPut                0x080046c7    0x50  Code  Gb  os_mem.o [1]
OSMemQty                0x20004d02     0x2  Data  Gb  os_var.o [1]
OSMsgPool               0x20004c90     0xc  Data  Gb  os_var.o [1]
OSMutexCreate           0x08006769    0x68  Code  Gb  os_mutex.o [1]
OSMutexPend             0x080067d1   0x21c  Code  Gb  os_mutex.o [1]
OSMutexPost             0x080069ed   0x126  Code  Gb  os_mutex.o [1]
OSMutexQty              0x20004d04     0x2  Data  Gb  os_var.o [1]
OSPrioCur               0x20004d13     0x1  Data  Gb  os_var.o [1]
OSPrioHighRdy           0x20004d14     0x1  Data  Gb  os_var.o [1]
OSPrioSaved             0x20004d15     0x1  Data  Gb  os_var.o [1]
OSPrioTbl               0x20004ca4     0x4  Data  Gb  os_prio.o [1]
OSQCreate               0x0800422d    0x7c  Code  Gb  os_q.o [1]
OSQPend                 0x080042a9   0x1be  Code  Gb  os_q.o [1]
OSQPost                 0x08004467    0x84  Code  Gb  os_q.o [1]
OSQQty                  0x20004d06     0x2  Data  Gb  os_var.o [1]
OSRdyList               0x20003ed8   0x180  Data  Gb  os_var.o [1]
OSRunning               0x20004d12     0x1  Data  Gb  os_var.o [1]
OSSched                 0x08007b65    0x8e  Code  Gb  os_core.o [1]
OSSchedLock             0x08007bf3    0x58  Code  Gb  os_core.o [1]
OSSchedLockNestingCtr   0x20004d16     0x1  Data  Gb  os_var.o [1]
OSSchedRoundRobinDfltTimeQuanta
                        0x20004cc8     0x4  Data  Gb  os_var.o [1]
OSSchedRoundRobinEn     0x20004d17     0x1  Data  Gb  os_var.o [1]
OSSchedUnlock           0x08007c4b    0x72  Code  Gb  os_core.o [1]
OSSemCreate             0x08005721    0x66  Code  Gb  os_sem.o [1]
OSSemPend               0x08005787   0x174  Code  Gb  os_sem.o [1]
OSSemPost               0x080058fb    0x60  Code  Gb  os_sem.o [1]
OSSemQty                0x20004d08     0x2  Data  Gb  os_var.o [1]
OSStart                 0x08007cbd    0x64  Code  Gb  os_core.o [1]
OSStartHighRdy          0x0800a145          Code  Gb  os_cpu_a.o [1]
OSTCBCurPtr             0x20004ce8     0x4  Data  Gb  os_var.o [1]
OSTCBHighRdyPtr         0x20004cec     0x4  Data  Gb  os_var.o [1]
OSTaskCreate            0x08008b49   0x176  Code  Gb  os_task.o [1]
OSTaskCreateHook        0x08008997    0x12  Code  Gb  os_cpu_c.o [1]
OSTaskCtxSwCtr          0x20004ccc     0x4  Data  Gb  os_var.o [1]
OSTaskDel               0x08008cbf    0xea  Code  Gb  os_task.o [1]
OSTaskDelHook           0x080089a9    0x12  Code  Gb  os_cpu_c.o [1]
OSTaskQty               0x20004d0a     0x2  Data  Gb  os_var.o [1]
OSTaskRegNextAvailID    0x20004d18     0x1  Data  Gb  os_var.o [1]
OSTaskReturnHook        0x080089bb    0x12  Code  Gb  os_cpu_c.o [1]
OSTaskSemPend           0x08008da9   0x1cc  Code  Gb  os_task.o [1]
OSTaskSemPost           0x08008f75    0x34  Code  Gb  os_task.o [1]
OSTaskStkInit           0x080089cd    0x80  Code  Gb  os_cpu_c.o [1]
OSTaskSwHook            0x08008a4d    0x56  Code  Gb  os_cpu_c.o [1]
OSTickCtr               0x20004cd0     0x4  Data  Gb  os_var.o [1]
OSTickTaskTCB           0x20004760    0xb4  Data  Gb  os_var.o [1]
OSTickTaskTimeMax       0x20004cd4     0x4  Data  Gb  os_var.o [1]
OSTimeDly               0x08004c4d    0xa0  Code  Gb  os_time.o [1]
OSTimeTick              0x08004ced    0x4a  Code  Gb  os_time.o [1]
OSTimeTickHook          0x08008aa3    0x12  Code  Gb  os_cpu_c.o [1]
OSTmrCreate             0x08006b39    0xb0  Code  Gb  os_tmr.o [1]
OSTmrQty                0x20004d0c     0x2  Data  Gb  os_var.o [1]
OSTmrStart              0x08006be9    0xaa  Code  Gb  os_tmr.o [1]
OSTmrStop               0x08006c93    0xf0  Code  Gb  os_tmr.o [1]
OSTmrTaskTCB            0x20004814    0xb4  Data  Gb  os_var.o [1]
OSTmrTaskTimeMax        0x20004cd8     0x4  Data  Gb  os_var.o [1]
OSTmrTickCtr            0x20004cdc     0x4  Data  Gb  os_var.o [1]
OSTmrUpdateCnt          0x20004ce0     0x4  Data  Gb  os_var.o [1]
OSTmrUpdateCtr          0x20004ce4     0x4  Data  Gb  os_var.o [1]
OS_AppIdleTaskHookPtr   0x20004cb4     0x4  Data  Gb  os_var.o [1]
OS_AppStatTaskHookPtr   0x20004cb8     0x4  Data  Gb  os_var.o [1]
OS_AppTaskCreateHookPtr
                        0x20004ca8     0x4  Data  Gb  os_var.o [1]
OS_AppTaskDelHookPtr    0x20004cac     0x4  Data  Gb  os_var.o [1]
OS_AppTaskReturnHookPtr
                        0x20004cb0     0x4  Data  Gb  os_var.o [1]
OS_AppTaskSwHookPtr     0x20004cbc     0x4  Data  Gb  os_var.o [1]
OS_AppTimeTickHookPtr   0x20004cc0     0x4  Data  Gb  os_var.o [1]
OS_CPU_ExceptStkBase    0x20004ca0     0x4  Data  Gb  os_cpu_c.o [1]
OS_CPU_SysTickHandler   0x08008ab5    0x24  Code  Gb  os_cpu_c.o [1]
OS_CPU_SysTickInit      0x08008ad9    0x2c  Code  Gb  os_cpu_c.o [1]
OS_FlagBlock            0x0800756d    0x26  Code  Gb  os_flag.o [1]
OS_FlagInit             0x08007593     0xc  Code  Gb  os_flag.o [1]
OS_FlagPost             0x080075b5   0x13c  Code  Gb  os_flag.o [1]
OS_FlagTaskRdy          0x080076f1    0x56  Code  Gb  os_flag.o [1]
OS_IdleTask             0x08007d21    0x24  Code  Gb  os_core.o [1]
OS_IdleTaskInit         0x08007d45    0x50  Code  Gb  os_core.o [1]
OS_MemInit              0x08004717     0xc  Code  Gb  os_mem.o [1]
OS_MsgPoolInit          0x08007751    0x86  Code  Gb  os_msg.o [1]
OS_MsgQFreeAll          0x080077d7    0x44  Code  Gb  os_msg.o [1]
OS_MsgQGet              0x0800782f    0x70  Code  Gb  os_msg.o [1]
OS_MsgQInit             0x0800781b    0x14  Code  Gb  os_msg.o [1]
OS_MsgQPut              0x0800789f    0xa2  Code  Gb  os_msg.o [1]
OS_MutexInit            0x08006b13     0xc  Code  Gb  os_mutex.o [1]
OS_Pend                 0x08007d95    0x60  Code  Gb  os_core.o [1]
OS_PendDataInit         0x08007df5    0x34  Code  Gb  os_core.o [1]
OS_PendListChangePrio   0x08007e29    0x34  Code  Gb  os_core.o [1]
OS_PendListInit         0x08007e5d     0xe  Code  Gb  os_core.o [1]
OS_PendListInsertPrio   0x08007e6b    0x6e  Code  Gb  os_core.o [1]
OS_PendListRemove       0x08007ed9    0x28  Code  Gb  os_core.o [1]
OS_PendListRemove1      0x08007f01    0x48  Code  Gb  os_core.o [1]
OS_Post                 0x08007f49    0xb0  Code  Gb  os_core.o [1]
OS_Post1                0x08007ff9    0x26  Code  Gb  os_core.o [1]
OS_PrioGetHighest       0x0800929d    0x20  Code  Gb  os_prio.o [1]
OS_PrioInit             0x08009289    0x14  Code  Gb  os_prio.o [1]
OS_PrioInsert           0x080092bd    0x26  Code  Gb  os_prio.o [1]
OS_PrioRemove           0x080092e3    0x28  Code  Gb  os_prio.o [1]
OS_QInit                0x080044eb     0xc  Code  Gb  os_q.o [1]
OS_QPost                0x0800450d    0xa4  Code  Gb  os_q.o [1]
OS_RdyListInit          0x0800801f    0x24  Code  Gb  os_core.o [1]
OS_RdyListInsert        0x08008043    0x28  Code  Gb  os_core.o [1]
OS_RdyListInsertHead    0x0800806b    0x3a  Code  Gb  os_core.o [1]
OS_RdyListInsertTail    0x080080a5    0x38  Code  Gb  os_core.o [1]
OS_RdyListMoveHeadToTail
                        0x080080dd    0x40  Code  Gb  os_core.o [1]
OS_RdyListRemove        0x0800811d    0x5c  Code  Gb  os_core.o [1]
OS_SchedRoundRobin      0x08008179    0x8a  Code  Gb  os_core.o [1]
OS_SemInit              0x0800595b     0xc  Code  Gb  os_sem.o [1]
OS_SemPost              0x0800597d    0xa6  Code  Gb  os_sem.o [1]
OS_TaskBlock            0x08008281    0x3a  Code  Gb  os_core.o [1]
OS_TaskInit             0x08008fa9    0x16  Code  Gb  os_task.o [1]
OS_TaskInitTCB          0x08008fbf   0x106  Code  Gb  os_task.o [1]
OS_TaskRdy              0x080082bb    0x1a  Code  Gb  os_core.o [1]
OS_TaskReturn           0x080090d1    0x14  Code  Gb  os_task.o [1]
OS_TaskSemPost          0x080090f1    0xd4  Code  Gb  os_task.o [1]
OS_TickListInit         0x0800861f    0x2a  Code  Gb  os_tick.o [1]
OS_TickListInsert       0x08008649   0x11c  Code  Gb  os_tick.o [1]
OS_TickListRemove       0x08008765    0x42  Code  Gb  os_tick.o [1]
OS_TickListUpdate       0x080087a7   0x190  Code  Gb  os_tick.o [1]
OS_TickTask             0x08008559    0x28  Code  Gb  os_tick.o [1]
OS_TickTaskInit         0x08008581    0x9e  Code  Gb  os_tick.o [1]
OS_TmrInit              0x08006d83    0xd4  Code  Gb  os_tmr.o [1]
OS_TmrLink              0x08006e57    0xd0  Code  Gb  os_tmr.o [1]
OS_TmrTask              0x08006f75    0xaa  Code  Gb  os_tmr.o [1]
OS_TmrUnlink            0x08006f27    0x4c  Code  Gb  os_tmr.o [1]
ObjCreate               0x0800b8f9   0x176  Code  Gb  main.o [1]
OverLoad                0x08004bf1    0x24  Code  Gb  serial.o [1]
PendSV_Handler          0x0800a163          Code  Gb  os_cpu_a.o [1]
PutFlash                0x080064e3   0x134  Code  Gb  spi_flash.o [1]
Q_Config                0x20004ae8    0x24  Data  Gb  main.o [1]
Q_Deal                  0x20004b0c    0x24  Data  Gb  main.o [1]
Q_Read                  0x20004aa0    0x24  Data  Gb  main.o [1]
Q_ReadData              0x20004ac4    0x24  Data  Gb  main.o [1]
Q_Slave                 0x20004a7c    0x24  Data  Gb  main.o [1]
RCC_APB1PeriphClockCmd  0x0800a8a5    0x20  Code  Gb  stm32f10x_rcc.o [1]
RCC_APB2PeriphClockCmd  0x0800a885    0x20  Code  Gb  stm32f10x_rcc.o [1]
RCC_DeInit              0x0800a6ed    0x60  Code  Gb  stm32f10x_rcc.o [1]
RCC_GetClocksFreq       0x0800a7c5    0xc0  Code  Gb  stm32f10x_rcc.o [1]
RCC_GetFlagStatus       0x0800a8c5    0x44  Code  Gb  stm32f10x_rcc.o [1]
RCC_HCLKConfig          0x0800a77f    0x14  Code  Gb  stm32f10x_rcc.o [1]
RCC_LSICmd              0x0800a7bd     0x8  Code  Gb  stm32f10x_rcc.o [1]
RCC_PCLK1Config         0x0800a793    0x14  Code  Gb  stm32f10x_rcc.o [1]
RCC_PCLK2Config         0x0800a7a7    0x16  Code  Gb  stm32f10x_rcc.o [1]
RCC_PLLCmd              0x0800a763     0x8  Code  Gb  stm32f10x_rcc.o [1]
RCC_PLLConfig           0x0800a74d    0x16  Code  Gb  stm32f10x_rcc.o [1]
RCC_SYSCLKConfig        0x0800a76b    0x14  Code  Gb  stm32f10x_rcc.o [1]
Region$$Table$$Base     0x0800bc50           --   Gb  - Linker created -
Region$$Table$$Limit    0x0800bc74           --   Gb  - Linker created -
SEM_ACKData             0x20004be0    0x1c  Data  Gb  main.o [1]
SEM_HeartBeat           0x20004bc4    0x1c  Data  Gb  main.o [1]
SEM_Send                0x20004bfc    0x1c  Data  Gb  main.o [1]
SEM_SendOver            0x20004c18    0x1c  Data  Gb  main.o [1]
SEM_ServerTX            0x20004b70    0x1c  Data  Gb  main.o [1]
SEM_Slave_485TX         0x20004b8c    0x1c  Data  Gb  main.o [1]
SEM_Slave_mbusTX        0x20004ba8    0x1c  Data  Gb  main.o [1]
SPI_Cmd                 0x08009225    0x1c  Code  Gb  stm32f10x_spi.o [1]
SPI_I2S_GetFlagStatus   0x08009275    0x14  Code  Gb  stm32f10x_spi.o [1]
SPI_I2S_ITConfig        0x08009241    0x2c  Code  Gb  stm32f10x_spi.o [1]
SPI_I2S_ReceiveData     0x08009271     0x4  Code  Gb  stm32f10x_spi.o [1]
SPI_I2S_SendData        0x0800926d     0x4  Code  Gb  stm32f10x_spi.o [1]
SPI_Init                0x080091e5    0x40  Code  Gb  stm32f10x_spi.o [1]
STK_Config              0x200016d8   0x600  Data  Gb  main.o [1]
STK_DealServer          0x200032d8   0x200  Data  Gb  main.o [1]
STK_HeartBeat           0x200030d8   0x200  Data  Gb  main.o [1]
STK_LED                 0x20002ad8   0x200  Data  Gb  main.o [1]
STK_OverLoad            0x200034d8   0x200  Data  Gb  main.o [1]
STK_Read                0x20001cd8   0x600  Data  Gb  main.o [1]
STK_Server              0x20002cd8   0x200  Data  Gb  main.o [1]
STK_Slave               0x20002ed8   0x200  Data  Gb  main.o [1]
STK_Start               0x200028d8   0x200  Data  Gb  main.o [1]
SVC_Handler             0x0800bbfd     0x2  Code  Gb  stm32f10x_it.o [1]
Send_ReadATs            0x08004d5d    0x2a  Code  Gb  sim800g.o [1]
Server_Post2Buf         0x08004b9f    0x1e  Code  Gb  serial.o [1]
Server_Write            0x08004ae5    0x5c  Code  Gb  serial.o [1]
Server_WriteStr         0x08004b41    0x5e  Code  Gb  serial.o [1]
Server_Write_485        0x08004a71    0x74  Code  Gb  serial.o [1]
SetSysClock             0x0800bbf1     0x2  Code  Lc  system_stm32f10x.o [1]
Slave_Write             0x0800499d    0xd4  Code  Gb  serial.o [1]
Str_Cat                 0x080054ef     0xc  Code  Gb  lib_str.o [1]
Str_Cat_N               0x080054fb    0x62  Code  Gb  lib_str.o [1]
Str_Char_N              0x080055f1    0x50  Code  Gb  lib_str.o [1]
Str_Cmp_N               0x0800555d    0x94  Code  Gb  lib_str.o [1]
Str_Len_N               0x080054d5    0x1a  Code  Gb  lib_str.o [1]
Str_Str                 0x08005641     0xc  Code  Gb  lib_str.o [1]
Str_Str_N               0x0800564d    0xa6  Code  Gb  lib_str.o [1]
SysTick_Handler         0x0800bc01     0x8  Code  Gb  stm32f10x_it.o [1]
SystemInit              0x0800bb85    0x54  Code  Gb  system_stm32f10x.o [1]
TCB_Config              0x20004328    0xb4  Data  Gb  main.o [1]
TCB_DealServer          0x20004544    0xb4  Data  Gb  main.o [1]
TCB_HeartBeat           0x20004490    0xb4  Data  Gb  main.o [1]
TCB_LED                 0x2000410c    0xb4  Data  Gb  main.o [1]
TCB_OverLoad            0x200045f8    0xb4  Data  Gb  main.o [1]
TCB_Read                0x200043dc    0xb4  Data  Gb  main.o [1]
TCB_Server              0x200041c0    0xb4  Data  Gb  main.o [1]
TCB_Slave               0x20004274    0xb4  Data  Gb  main.o [1]
TCB_Start               0x20004058    0xb4  Data  Gb  main.o [1]
TMR_CJQTIMEOUT          0x20004a50    0x2c  Data  Gb  main.o [1]
TaskCreate              0x0800b769   0x18c  Code  Gb  main.o [1]
TaskStart               0x0800b6c1    0xa8  Code  Gb  main.o [1]
Task_Config             0x0800233d    0x52  Code  Gb  tasks.o [1]
Task_DealServer         0x08000627   0x172  Code  Gb  tasks.o [1]
Task_HeartBeat          0x0800080f   0x116  Code  Gb  tasks.o [1]
Task_LED                0x080035d9   0x124  Code  Gb  tasks.o [1]
Task_OverLoad           0x08004171    0x6c  Code  Gb  tasks.o [1]
Task_Read               0x08000965    0x68  Code  Gb  tasks.o [1]
Task_Server             0x0800046d   0x1ba  Code  Gb  tasks.o [1]
Task_Slave              0x080000ed   0x360  Code  Gb  tasks.o [1]
USART1_Handler          0x0800484d    0x7c  Code  Gb  serial.o [1]
USART1_IRQHandler       0x0800bc09     0x8  Code  Gb  stm32f10x_it.o [1]
USART2_Handler          0x08004935    0x68  Code  Gb  serial.o [1]
USART2_IRQHandler       0x0800bc11     0x8  Code  Gb  stm32f10x_it.o [1]
USART3_Handler          0x080048c9    0x6a  Code  Gb  serial.o [1]
USART3_IRQHandler       0x0800bc19     0x8  Code  Gb  stm32f10x_it.o [1]
USART_ClearITPendingBit
                        0x0800846d    0x22  Code  Gb  stm32f10x_usart.o [1]
USART_Cmd               0x080083d5    0x1c  Code  Gb  stm32f10x_usart.o [1]
USART_GetFlagStatus     0x08008453    0x1a  Code  Gb  stm32f10x_usart.o [1]
USART_ITConfig          0x080083f1    0x52  Code  Gb  stm32f10x_usart.o [1]
USART_Init              0x08008311    0xbe  Code  Gb  stm32f10x_usart.o [1]
USART_ReceiveData       0x0800844b     0x8  Code  Gb  stm32f10x_usart.o [1]
USART_SendData          0x08008443     0x8  Code  Gb  stm32f10x_usart.o [1]
UsageFault_Handler      0x0800bbfb     0x2  Code  Gb  stm32f10x_it.o [1]
_GenldFullNoMb          0x08009ded   0x262  Code  Lc  xprintffull_nomb.o [3]
_LdtobFullNoMb          0x08009a01   0x3e6  Code  Lc  xprintffull_nomb.o [3]
_LitobFullNoMb          0x080098f9   0x106  Code  Lc  xprintffull_nomb.o [3]
_PrintfFullNoMb         0x08009311   0x5e2  Code  Gb  xprintffull_nomb.o [3]
_PutcharsFullNoMb       0x0800a04f    0x2e  Code  Lc  xprintffull_nomb.o [3]
_SProut                 0x08007747     0xa  Code  Gb  xsprout.o [3]
__aeabi_cdcmple         0x0800ad31          Code  Gb  DblCmpLe.o [4]
__aeabi_cdrcmple        0x0800ad61          Code  Gb  DblCmpGe.o [4]
__aeabi_d2iz            0x0800ae9d          Code  Gb  DblToI32.o [4]
__aeabi_d2uiz           0x0800aec9          Code  Gb  DblToI32.o [4]
__aeabi_ddiv            0x0800b249          Code  Gb  DblDiv.o [4]
__aeabi_dmul            0x0800b0a5          Code  Gb  DblMul.o [4]
__aeabi_dsub            0x0800af25          Code  Gb  DblSub.o [4]
__aeabi_errno_addr      0x0800b585     0x6  Code  Gb  errno.o [3]
__aeabi_i2d             0x0800aef5          Code  Gb  I32ToDbl.o [4]
__aeabi_ldiv0           0x0800b591          Code  Gb  I64DivZer.o [5]
__aeabi_ui2d            0x0800af09          Code  Gb  I32ToDbl.o [4]
__aeabi_uldivmod        0x0800ab89          Code  Gb  I64DivMod.o [5]
__cmain                 0x0800bc75          Code  Gb  cmain.o [5]
__exit                  0x0800bca5    0x14  Code  Gb  exit.o [6]
__iar_Dnorm             0x0800acef    0x42  Code  Gb  xdnorm.o [4]
__iar_Dscale            0x0800ad91   0x10c  Code  Gb  xdscale.o [4]
__iar_Errno             0x2000008c     0x4  Data  Gb  errno.o [3]
__iar_Memchr            0x0800ab31          Code  Gb  memchr.o [5]
__iar_Stoul             0x0800aa8d     0x4  Code  Gb  xstoul.o [3]
__iar_Stoulx            0x0800a945   0x142  Code  Gb  xstoul.o [3]
__iar_Strchr            0x0800aae1          Code  Gb  strchr.o [5]
__iar_copy_init3        0x080056f3    0x2e  Code  Gb  copy_init3.o [5]
__iar_d2uiz             0x0800aed5          Code  Gb  DblToI32.o [4]
__iar_dadd              0x0800b595          Code  Gb  DblAdd.o [4]
__iar_data_init3        0x0800bc29    0x28  Code  Gb  data_init.o [5]
__iar_dlib_perthread_access
                        0x0800b669     0x2  Code  Gb  xtls.o [3]
__iar_dsub              0x0800af39          Code  Gb  DblSub.o [4]
__iar_dsubStart         0x0800af4b          Code  Gb  DblSub.o [4]
__iar_program_start     0x0800bde5          Code  Gb  cstartup_M.o [5]
__iar_ui2d              0x0800af0d          Code  Gb  I32ToDbl.o [4]
__iar_unaligned___aeabi_memcpy
                        0x0800ac79          Code  Gb  ABImemcpy_unaligned.o [5]
__iar_unaligned___aeabi_memcpy4
                        0x0800ac99          Code  Gb  ABImemcpy_unaligned.o [5]
__iar_unaligned___aeabi_memcpy8
                        0x0800ac99          Code  Gb  ABImemcpy_unaligned.o [5]
__iar_zero_init3        0x08005a23    0x22  Code  Gb  zero_init3.o [5]
__low_level_init        0x0800bc8f     0x4  Code  Gb  low_level_init.o [3]
__vector_table          0x08000000          Data  Gb  startup_stm32f10x_md.o [1]
_call_main              0x0800bc81          Code  Gb  cmain.o [5]
_exit                   0x0800bc99          Code  Gb  cexit.o [5]
_main                   0x0800bc8b          Code  Gb  cmain.o [5]
ack_query_addr          0x08003e3d    0xb4  Code  Gb  tasks.o [1]
ack_query_cjq           0x080037b9   0x152  Code  Gb  tasks.o [1]
ack_query_di_seq        0x080040a9    0xc8  Code  Gb  tasks.o [1]
ack_query_ip            0x08003ef1    0xf0  Code  Gb  tasks.o [1]
ack_query_mbus          0x08003fe1    0xc8  Code  Gb  tasks.o [1]
ack_query_meter         0x08003915   0x518  Code  Gb  tasks.o [1]
addSEQ                  0x080007df    0x30  Code  Gb  tasks.o [1]
add_cjq                 0x080030c5   0x116  Code  Gb  tasks.o [1]
add_meter               0x08002975   0x22a  Code  Gb  tasks.o [1]
at_apn                  0x08005115    0x68  Code  Gb  sim800g.o [1]
at_cipmux               0x080050a9    0x6c  Code  Gb  sim800g.o [1]
at_cpin                 0x08004e07    0x8c  Code  Gb  sim800g.o [1]
at_creg                 0x08004f7b    0x9a  Code  Gb  sim800g.o [1]
at_csq                  0x08004e93    0xe8  Code  Gb  sim800g.o [1]
at_tcpsetup             0x08005277    0x86  Code  Gb  sim800g.o [1]
at_xiic                 0x0800517d    0x74  Code  Gb  sim800g.o [1]
ate_                    0x08004d9b    0x6c  Code  Gb  sim800g.o [1]
atoi                    0x080091dd     0x8  Code  Gb  atoi.o [3]
ats                     0x20000000    0x50  Data  Gb  sim800g.o [1]
buf                     0x20004cf0     0x4  Data  Gb  tasks.o [1]
buf_                    0x20004cf4     0x4  Data  Gb  tasks.o [1]
change_connect          0x08005479    0x18  Code  Gb  sim800g.o [1]
check_cgatt             0x08005015    0x8c  Code  Gb  sim800g.o [1]
check_cs                0x0800044d    0x20  Code  Gb  tasks.o [1]
check_frame             0x0800079d    0x42  Code  Gb  tasks.o [1]
check_str               0x08004d87    0x14  Code  Gb  sim800g.o [1]
check_xiic              0x080051f5    0x82  Code  Gb  sim800g.o [1]
cjq_close               0x08001b6f   0x12a  Code  Gb  tasks.o [1]
cjq_isopen              0x20004d20     0x1  Data  Gb  tasks.o [1]
cjq_open                0x08001949   0x226  Code  Gb  tasks.o [1]
cjq_timeout             0x08001c9d    0x38  Code  Gb  tasks.o [1]
config_flash            0x20000098  0x1000  Data  Gb  main.o [1]
connect                 0x08005375    0x84  Code  Gb  sim800g.o [1]
connectstate            0x20004d0e     0x1  Data  Gb  main.o [1]
data_seq                0x20004d1a     0x1  Data  Gb  tasks.o [1]
delete_cjq              0x08003215   0x344  Code  Gb  tasks.o [1]
delete_meter            0x08002ba9   0x4a0  Code  Gb  tasks.o [1]
device_ack              0x08003701    0xa8  Code  Gb  tasks.o [1]
deviceaddr              0x2000007c     0x8  Data  Gb  sim800g.o [1]
di_seq                  0x20004d10     0x1  Data  Gb  main.o [1]
digits                  0x0800aa90    0x28  Data  Lc  xstoul.o [3]
div                     0x0800b48f     0xe  Code  Gb  div.o [3]
exit                    0x0800bc93     0x4  Code  Gb  exit.o [3]
fe                      0x20000088     0x4  Data  Gb  tasks.o [1]
heart_seq               0x20004d19     0x1  Data  Gb  tasks.o [1]
ip                      0x20000050    0x14  Data  Gb  sim800g.o [1]
ip1                     0x20000093     0x1  Data  Gb  sim800g.o [1]
ip2                     0x20000094     0x1  Data  Gb  sim800g.o [1]
ip3                     0x20000095     0x1  Data  Gb  sim800g.o [1]
ip4                     0x20000096     0x1  Data  Gb  sim800g.o [1]
local_seq               0x20004d1b     0x1  Data  Gb  tasks.o [1]
main                    0x0800b66d    0x52  Code  Gb  main.o [1]
mbus_power              0x080009cd    0x2c  Code  Gb  tasks.o [1]
mem_buf                 0x200022d8   0x600  Data  Gb  main.o [1]
mem_isr                 0x200049d8    0x78  Data  Gb  main.o [1]
memchr                  0x0800ab31          Code  Gb  memchr.o [5]
meter_clean             0x080021bf   0x17e  Code  Gb  tasks.o [1]
meter_close             0x08001f59   0x266  Code  Gb  tasks.o [1]
meter_control           0x08001721   0x20a  Code  Gb  tasks.o [1]
meter_open              0x08001ce1   0x264  Code  Gb  tasks.o [1]
meter_read              0x08000aed   0x36a  Code  Gb  tasks.o [1]
meter_read_single       0x08000e6d   0x2a0  Code  Gb  tasks.o [1]
meter_send              0x0800114d   0x5c2  Code  Gb  tasks.o [1]
ndigs                   0x0800aab8    0x28  Data  Lc  xstoul.o [3]
param_conf              0x08006617    0xb6  Code  Gb  spi_flash.o [1]
param_config            0x080023a1   0x552  Code  Gb  tasks.o [1]
param_query             0x08003565    0x74  Code  Gb  tasks.o [1]
port                    0x20000074     0x8  Data  Gb  sim800g.o [1]
port_                   0x20000090     0x2  Data  Gb  sim800g.o [1]
power_cmd               0x08000929    0x3c  Code  Gb  tasks.o [1]
reading                 0x20004d0f     0x1  Data  Gb  main.o [1]
readingall              0x20004d1e     0x1  Data  Gb  tasks.o [1]
readingall_progress     0x20004d1f     0x1  Data  Gb  tasks.o [1]
relay_1                 0x08000a25    0x30  Code  Gb  tasks.o [1]
relay_2                 0x08000a55    0x2c  Code  Gb  tasks.o [1]
relay_3                 0x08000a81    0x2c  Code  Gb  tasks.o [1]
relay_4                 0x08000aad    0x2c  Code  Gb  tasks.o [1]
relay_485               0x080009f9    0x2c  Code  Gb  tasks.o [1]
sFLASH_EraseBulk        0x08005ea1    0x2e  Code  Gb  spi_flash.o [1]
sFLASH_EraseSector      0x08005e5d    0x44  Code  Gb  spi_flash.o [1]
sFLASH_EraseWritePage   0x08005f2b    0x62  Code  Gb  spi_flash.o [1]
sFLASH_PoolInit         0x08006275   0x140  Code  Gb  spi_flash.o [1]
sFLASH_ReadBuffer       0x080060e1    0x56  Code  Gb  spi_flash.o [1]
sFLASH_ReadID           0x08006193    0x54  Code  Gb  spi_flash.o [1]
sFLASH_ReadStr          0x08006137    0x5c  Code  Gb  spi_flash.o [1]
sFLASH_SendByte         0x080061e7    0x3a  Code  Gb  spi_flash.o [1]
sFLASH_WaitForWriteEnd  0x08006243    0x32  Code  Gb  spi_flash.o [1]
sFLASH_WriteBuffer      0x08005f8d   0x154  Code  Gb  spi_flash.o [1]
sFLASH_WriteEnable      0x08006221    0x22  Code  Gb  spi_flash.o [1]
sFLASH_WritePage        0x08005ecf    0x5c  Code  Gb  spi_flash.o [1]
search_cjq              0x08003049    0x64  Code  Gb  tasks.o [1]
search_meter            0x08002909    0x6c  Code  Gb  tasks.o [1]
send_server             0x080052fd    0x72  Code  Gb  sim800g.o [1]
server_ptr              0x20004cf8     0x4  Data  Gb  tasks.o [1]
server_ptr_             0x20004cfc     0x4  Data  Gb  tasks.o [1]
server_seq              0x20004d1c     0x1  Data  Gb  tasks.o [1]
slave_mbus              0x20000092     0x1  Data  Gb  main.o [1]
sprintf                 0x08007069    0x34  Code  Gb  sprintf.o [3]
start_slave             0x20004d1d     0x1  Data  Gb  tasks.o [1]
strchr                  0x0800aae1          Code  Gb  strchr.o [5]
strlen                  0x0800aaf9          Code  Gb  strlen.o [5]


[1] = D:\IAR_Workspace\Code_Concentrator_MBUS_485\Test\Debug\Obj
[2] = command line
[3] = dl7M_tln.a
[4] = m7M_tl.a
[5] = rt7M_tl.a
[6] = shb_l.a

  48 452 bytes of readonly  code memory
     760 bytes of readonly  data memory
  20 256 bytes of readwrite data memory

Errors: none
Warnings: none
