###############################################################################
#
# IAR ELF Linker V7.10.3.6832/W32 for ARM                 16/Oct/2015  16:34:55
# Copyright 2007-2014 IAR Systems AB.
#
#    Output file  =  D:\IAR_Workspace\STM32F103MBUS\Test\Debug\Exe\Test.out
#    Map file     =  D:\IAR_Workspace\STM32F103MBUS\Test\Debug\List\Test.map
#    Command line =  
#        D:\IAR_Workspace\STM32F103MBUS\Test\Debug\Obj\bsp.o
#        D:\IAR_Workspace\STM32F103MBUS\Test\Debug\Obj\cpu_a.o
#        D:\IAR_Workspace\STM32F103MBUS\Test\Debug\Obj\cpu_c.o
#        D:\IAR_Workspace\STM32F103MBUS\Test\Debug\Obj\cpu_core.o
#        D:\IAR_Workspace\STM32F103MBUS\Test\Debug\Obj\lib_ascii.o
#        D:\IAR_Workspace\STM32F103MBUS\Test\Debug\Obj\lib_math.o
#        D:\IAR_Workspace\STM32F103MBUS\Test\Debug\Obj\lib_mem.o
#        D:\IAR_Workspace\STM32F103MBUS\Test\Debug\Obj\lib_mem_a.o
#        D:\IAR_Workspace\STM32F103MBUS\Test\Debug\Obj\lib_str.o
#        D:\IAR_Workspace\STM32F103MBUS\Test\Debug\Obj\main.o
#        D:\IAR_Workspace\STM32F103MBUS\Test\Debug\Obj\misc.o
#        D:\IAR_Workspace\STM32F103MBUS\Test\Debug\Obj\os_app_hooks.o
#        D:\IAR_Workspace\STM32F103MBUS\Test\Debug\Obj\os_cfg_app.o
#        D:\IAR_Workspace\STM32F103MBUS\Test\Debug\Obj\os_core.o
#        D:\IAR_Workspace\STM32F103MBUS\Test\Debug\Obj\os_cpu_a.o
#        D:\IAR_Workspace\STM32F103MBUS\Test\Debug\Obj\os_cpu_c.o
#        D:\IAR_Workspace\STM32F103MBUS\Test\Debug\Obj\os_dbg.o
#        D:\IAR_Workspace\STM32F103MBUS\Test\Debug\Obj\os_flag.o
#        D:\IAR_Workspace\STM32F103MBUS\Test\Debug\Obj\os_int.o
#        D:\IAR_Workspace\STM32F103MBUS\Test\Debug\Obj\os_mem.o
#        D:\IAR_Workspace\STM32F103MBUS\Test\Debug\Obj\os_msg.o
#        D:\IAR_Workspace\STM32F103MBUS\Test\Debug\Obj\os_mutex.o
#        D:\IAR_Workspace\STM32F103MBUS\Test\Debug\Obj\os_pend_multi.o
#        D:\IAR_Workspace\STM32F103MBUS\Test\Debug\Obj\os_prio.o
#        D:\IAR_Workspace\STM32F103MBUS\Test\Debug\Obj\os_q.o
#        D:\IAR_Workspace\STM32F103MBUS\Test\Debug\Obj\os_sem.o
#        D:\IAR_Workspace\STM32F103MBUS\Test\Debug\Obj\os_stat.o
#        D:\IAR_Workspace\STM32F103MBUS\Test\Debug\Obj\os_task.o
#        D:\IAR_Workspace\STM32F103MBUS\Test\Debug\Obj\os_tick.o
#        D:\IAR_Workspace\STM32F103MBUS\Test\Debug\Obj\os_time.o
#        D:\IAR_Workspace\STM32F103MBUS\Test\Debug\Obj\os_tmr.o
#        D:\IAR_Workspace\STM32F103MBUS\Test\Debug\Obj\os_var.o
#        D:\IAR_Workspace\STM32F103MBUS\Test\Debug\Obj\serial.o
#        D:\IAR_Workspace\STM32F103MBUS\Test\Debug\Obj\sim800g.o
#        D:\IAR_Workspace\STM32F103MBUS\Test\Debug\Obj\spi_flash.o
#        D:\IAR_Workspace\STM32F103MBUS\Test\Debug\Obj\startup_stm32f10x_md.o
#        D:\IAR_Workspace\STM32F103MBUS\Test\Debug\Obj\stm32f10x_adc.o
#        D:\IAR_Workspace\STM32F103MBUS\Test\Debug\Obj\stm32f10x_bkp.o
#        D:\IAR_Workspace\STM32F103MBUS\Test\Debug\Obj\stm32f10x_can.o
#        D:\IAR_Workspace\STM32F103MBUS\Test\Debug\Obj\stm32f10x_cec.o
#        D:\IAR_Workspace\STM32F103MBUS\Test\Debug\Obj\stm32f10x_crc.o
#        D:\IAR_Workspace\STM32F103MBUS\Test\Debug\Obj\stm32f10x_dac.o
#        D:\IAR_Workspace\STM32F103MBUS\Test\Debug\Obj\stm32f10x_dbgmcu.o
#        D:\IAR_Workspace\STM32F103MBUS\Test\Debug\Obj\stm32f10x_dma.o
#        D:\IAR_Workspace\STM32F103MBUS\Test\Debug\Obj\stm32f10x_exti.o
#        D:\IAR_Workspace\STM32F103MBUS\Test\Debug\Obj\stm32f10x_flash.o
#        D:\IAR_Workspace\STM32F103MBUS\Test\Debug\Obj\stm32f10x_fsmc.o
#        D:\IAR_Workspace\STM32F103MBUS\Test\Debug\Obj\stm32f10x_gpio.o
#        D:\IAR_Workspace\STM32F103MBUS\Test\Debug\Obj\stm32f10x_i2c.o
#        D:\IAR_Workspace\STM32F103MBUS\Test\Debug\Obj\stm32f10x_it.o
#        D:\IAR_Workspace\STM32F103MBUS\Test\Debug\Obj\stm32f10x_iwdg.o
#        D:\IAR_Workspace\STM32F103MBUS\Test\Debug\Obj\stm32f10x_pwr.o
#        D:\IAR_Workspace\STM32F103MBUS\Test\Debug\Obj\stm32f10x_rcc.o
#        D:\IAR_Workspace\STM32F103MBUS\Test\Debug\Obj\stm32f10x_rtc.o
#        D:\IAR_Workspace\STM32F103MBUS\Test\Debug\Obj\stm32f10x_sdio.o
#        D:\IAR_Workspace\STM32F103MBUS\Test\Debug\Obj\stm32f10x_spi.o
#        D:\IAR_Workspace\STM32F103MBUS\Test\Debug\Obj\stm32f10x_tim.o
#        D:\IAR_Workspace\STM32F103MBUS\Test\Debug\Obj\stm32f10x_usart.o
#        D:\IAR_Workspace\STM32F103MBUS\Test\Debug\Obj\stm32f10x_wwdg.o
#        D:\IAR_Workspace\STM32F103MBUS\Test\Debug\Obj\system_stm32f10x.o
#        D:\IAR_Workspace\STM32F103MBUS\Test\Debug\Obj\tasks.o
#        D:\IAR_Workspace\STM32F103MBUS\Test\Debug\Obj\timestamp.o -o
#        D:\IAR_Workspace\STM32F103MBUS\Test\Debug\Exe\Test.out --map
#        D:\IAR_Workspace\STM32F103MBUS\Test\Debug\List\Test.map --config
#        "D:\Program Files (x86)\IAR Systems\Embedded Workbench
#        7.0\arm\config\linker\ST\stm32f103xB.icf" --semihosting --entry
#        __iar_program_start --vfe
#
###############################################################################

*******************************************************************************
*** RUNTIME MODEL ATTRIBUTES
***

CppFlavor       = *
__SystemLibrary = DLib


*******************************************************************************
*** PLACEMENT SUMMARY
***

"A1":  place at 0x08000000 { ro section .intvec };
"P1":  place in [from 0x08000000 to 0x0801ffff] { ro };
"P2":  place in [from 0x20000000 to 0x20004fff] { rw, block CSTACK, block HEAP };

  Section             Kind        Address    Size  Object
  -------             ----        -------    ----  ------
"A1":                                        0xec
  .intvec             ro code  0x08000000    0xec  startup_stm32f10x_md.o [1]
                             - 0x080000ec    0xec

"P1":                                      0xb018
  .text               ro code  0x080000ec  0x36b8  tasks.o [1]
  .text               ro code  0x080037a4   0x530  os_tmr.o [1]
  .text               ro code  0x08003cd4   0x180  os_mem.o [1]
  .text               ro code  0x08003e54   0x11c  lib_mem.o [1]
  .text               ro code  0x08003f70   0x384  os_q.o [1]
  .text               ro code  0x080042f4   0x400  serial.o [1]
  .text               ro code  0x080046f4   0x302  os_sem.o [1]
  .text               ro code  0x080049f6    0x2e  copy_init3.o [5]
  .text               ro code  0x08004a24   0x28c  os_time.o [1]
  .text               ro code  0x08004cb0   0x764  sim800g.o [1]
  .text               ro code  0x08005414   0x21e  lib_str.o [1]
  .text               ro code  0x08005632    0x22  zero_init3.o [5]
  CODE                ro code  0x08005654   0x220  lib_mem_a.o [1]
  CODE                ro code  0x08005874    0x34  cpu_a.o [1]
  .text               ro code  0x080058a8   0x1c4  stm32f10x_gpio.o [1]
  .text               ro code  0x08005a6c   0x6d0  spi_flash.o [1]
  .text               ro code  0x0800613c    0x34  sprintf.o [3]
  .text               ro code  0x08006170   0x6aa  os_flag.o [1]
  .text               ro code  0x0800681a     0xa  xsprout.o [3]
  .text               ro code  0x08006824   0x954  os_core.o [1]
  .text               ro code  0x08007178   0x694  os_task.o [1]
  .text               ro code  0x0800780c    0x3c  timestamp.o [1]
  .text               ro code  0x08007848   0x1fc  os_msg.o [1]
  .text               ro code  0x08007a44   0x17e  stm32f10x_usart.o [1]
  .rodata             const    0x08007bc2     0x2  os_cfg_app.o [1]
  .text               ro code  0x08007bc4    0xc8  stm32f10x_exti.o [1]
  .text               ro code  0x08007c8c   0x418  os_tick.o [1]
  .text               ro code  0x080080a4   0x1d8  os_cpu_c.o [1]
  .text               ro code  0x0800827c     0x8  atoi.o [3]
  .text               ro code  0x08008284    0xa4  stm32f10x_spi.o [1]
  .text               ro code  0x08008328   0xd86  xprintffull_nomb.o [3]
  .rodata             const    0x080090ae     0x2  os_cfg_app.o [1]
  .text               ro code  0x080090b0    0x88  os_prio.o [1]
  .text               ro code  0x08009138    0x10  os_mutex.o [1]
  .text               ro code  0x08009148    0xac  os_cfg_app.o [1]
  CODE                ro code  0x080091f4    0x84  os_cpu_a.o [1]
  .text               ro code  0x08009278   0x4cc  bsp.o [1]
  .text               ro code  0x08009744    0x4c  cpu_core.o [1]
  .text               ro code  0x08009790   0x258  stm32f10x_rcc.o [1]
  .text               ro code  0x080099e8   0x19c  xstoul.o [3]
  .text               ro code  0x08009b84    0x16  strchr.o [5]
  .rodata             const    0x08009b9a     0x2  os_cfg_app.o [1]
  .text               ro code  0x08009b9c    0x36  strlen.o [5]
  .rodata             const    0x08009bd2     0x1  os_cfg_app.o [1]
  .rodata             const    0x08009bd3     0x1  os_cfg_app.o [1]
  .text               ro code  0x08009bd4    0x58  memchr.o [5]
  .text               ro code  0x08009c2c    0xee  I64DivMod.o [5]
  .text               ro code  0x08009d1c    0x76  ABImemcpy_unaligned.o [5]
  .text               ro code  0x08009d92    0x42  xdnorm.o [4]
  .text               ro code  0x08009dd4    0x2e  DblCmpLe.o [4]
  .text               ro code  0x08009e04    0x2e  DblCmpGe.o [4]
  .text               ro code  0x08009e34   0x10c  xdscale.o [4]
  .text               ro code  0x08009f40    0x58  DblToI32.o [4]
  .text               ro code  0x08009f98    0x30  I32ToDbl.o [4]
  .text               ro code  0x08009fc8   0x180  DblSub.o [4]
  .text               ro code  0x0800a148   0x1a2  DblMul.o [4]
  .text               ro code  0x0800a2ec   0x246  DblDiv.o [4]
  .text               ro code  0x0800a532     0xe  div.o [3]
  .text               ro code  0x0800a540    0x3c  stm32f10x_flash.o [1]
  .text               ro code  0x0800a57c    0x80  misc.o [1]
  .text               ro code  0x0800a5fc     0xc  errno.o [3]
  .text               ro code  0x0800a608     0x2  I64DivZer.o [5]
  .text               ro code  0x0800a60c    0xd4  DblAdd.o [4]
  .text               ro code  0x0800a6e0     0x2  xtls.o [3]
  .text               ro code  0x0800a6e4   0x518  main.o [1]
  .text               ro code  0x0800abfc    0x10  stm32f10x_iwdg.o [1]
  .text               ro code  0x0800ac0c    0x6e  system_stm32f10x.o [1]
  .text               ro code  0x0800ac7a    0x36  stm32f10x_it.o [1]
  .text               ro code  0x0800acb0    0x28  data_init.o [5]
  .iar.init_table     const    0x0800acd8    0x24  - Linker created -
  .text               ro code  0x0800acfc    0x1a  cmain.o [5]
  .text               ro code  0x0800ad16     0x4  low_level_init.o [3]
  .text               ro code  0x0800ad1a     0x4  exit.o [3]
  .text               ro code  0x0800ad20     0xa  cexit.o [5]
  .text               ro code  0x0800ad2c    0x14  exit.o [6]
  .rodata             const    0x0800ad40    0x18  os_tmr.o [1]
  .rodata             const    0x0800ad58    0x18  sim800g.o [1]
  .rodata             const    0x0800ad70    0x18  spi_flash.o [1]
  .rodata             const    0x0800ad88    0x14  os_core.o [1]
  .rodata             const    0x0800ad9c    0x14  os_tick.o [1]
  .rodata             const    0x0800adb0    0x14  sim800g.o [1]
  .rodata             const    0x0800adc4    0x10  sim800g.o [1]
  .rodata             const    0x0800add4    0x10  sim800g.o [1]
  .text               ro code  0x0800ade4    0x10  startup_stm32f10x_md.o [1]
  .rodata             const    0x0800adf4     0xc  main.o [1]
  .rodata             const    0x0800ae00     0xc  main.o [1]
  .rodata             const    0x0800ae0c     0xc  main.o [1]
  .rodata             const    0x0800ae18     0xc  sim800g.o [1]
  .rodata             const    0x0800ae24     0xc  sim800g.o [1]
  .rodata             const    0x0800ae30     0xc  sim800g.o [1]
  .rodata             const    0x0800ae3c     0xc  sim800g.o [1]
  .rodata             const    0x0800ae48     0xc  sim800g.o [1]
  .rodata             const    0x0800ae54     0xc  sim800g.o [1]
  .rodata             const    0x0800ae60     0xc  sim800g.o [1]
  .rodata             const    0x0800ae6c     0xc  sim800g.o [1]
  .rodata             const    0x0800ae78     0xc  sim800g.o [1]
  .text               ro code  0x0800ae84     0xc  cstartup_M.o [5]
  .rodata             const    0x0800ae90     0x8  main.o [1]
  .rodata             const    0x0800ae98     0x8  main.o [1]
  .rodata             const    0x0800aea0     0x8  main.o [1]
  .rodata             const    0x0800aea8     0x8  main.o [1]
  .rodata             const    0x0800aeb0     0x8  main.o [1]
  .rodata             const    0x0800aeb8     0x8  main.o [1]
  .rodata             const    0x0800aec0     0x8  main.o [1]
  .rodata             const    0x0800aec8     0x8  main.o [1]
  .rodata             const    0x0800aed0     0x8  main.o [1]
  .rodata             const    0x0800aed8     0x8  main.o [1]
  .rodata             const    0x0800aee0     0x8  main.o [1]
  .rodata             const    0x0800aee8     0x8  main.o [1]
  .rodata             const    0x0800aef0     0x8  main.o [1]
  .rodata             const    0x0800aef8     0x8  main.o [1]
  .rodata             const    0x0800af00     0x8  main.o [1]
  .rodata             const    0x0800af08     0x8  os_task.o [1]
  .rodata             const    0x0800af10     0x8  sim800g.o [1]
  .rodata             const    0x0800af18     0x8  sim800g.o [1]
  .rodata             const    0x0800af20     0x8  sim800g.o [1]
  .rodata             const    0x0800af28     0x8  tasks.o [1]
  .rodata             const    0x0800af30     0x8  tasks.o [1]
  .rodata             const    0x0800af38     0x8  tasks.o [1]
  .rodata             const    0x0800af40     0x8  tasks.o [1]
  .rodata             const    0x0800af48     0x8  tasks.o [1]
  .rodata             const    0x0800af50     0x8  tasks.o [1]
  .rodata             const    0x0800af58     0x4  os_cfg_app.o [1]
  .rodata             const    0x0800af5c     0x4  os_cfg_app.o [1]
  .rodata             const    0x0800af60     0x4  os_cfg_app.o [1]
  .rodata             const    0x0800af64     0x4  os_cfg_app.o [1]
  .rodata             const    0x0800af68     0x4  os_cfg_app.o [1]
  .rodata             const    0x0800af6c     0x4  os_cfg_app.o [1]
  .rodata             const    0x0800af70     0x4  os_cfg_app.o [1]
  .rodata             const    0x0800af74     0x4  os_cfg_app.o [1]
  .rodata             const    0x0800af78     0x4  os_cfg_app.o [1]
  .rodata             const    0x0800af7c     0x4  os_cfg_app.o [1]
  .rodata             const    0x0800af80     0x4  os_cfg_app.o [1]
  .rodata             const    0x0800af84     0x4  os_cfg_app.o [1]
  .rodata             const    0x0800af88     0x4  os_cfg_app.o [1]
  .rodata             const    0x0800af8c     0x4  os_cfg_app.o [1]
  .rodata             const    0x0800af90     0x4  os_cfg_app.o [1]
  .rodata             const    0x0800af94     0x4  os_cfg_app.o [1]
  .rodata             const    0x0800af98     0x4  os_cfg_app.o [1]
  .rodata             const    0x0800af9c     0x4  os_cfg_app.o [1]
  .rodata             const    0x0800afa0     0x4  os_cfg_app.o [1]
  .rodata             const    0x0800afa4     0x4  os_cfg_app.o [1]
  .rodata             const    0x0800afa8     0x4  os_cfg_app.o [1]
  .rodata             const    0x0800afac     0x4  os_cfg_app.o [1]
  .rodata             const    0x0800afb0     0x4  os_cfg_app.o [1]
  .rodata             const    0x0800afb4     0x4  sim800g.o [1]
  .text               ro code  0x0800afb8     0x4  startup_stm32f10x_md.o [1]
  .text               ro code  0x0800afbc     0x4  startup_stm32f10x_md.o [1]
  .text               ro code  0x0800afc0     0x4  startup_stm32f10x_md.o [1]
  .text               ro code  0x0800afc4     0x4  startup_stm32f10x_md.o [1]
  .text               ro code  0x0800afc8     0x4  startup_stm32f10x_md.o [1]
  .text               ro code  0x0800afcc     0x4  startup_stm32f10x_md.o [1]
  .text               ro code  0x0800afd0     0x4  startup_stm32f10x_md.o [1]
  .text               ro code  0x0800afd4     0x4  startup_stm32f10x_md.o [1]
  .text               ro code  0x0800afd8     0x4  startup_stm32f10x_md.o [1]
  .text               ro code  0x0800afdc     0x4  startup_stm32f10x_md.o [1]
  .text               ro code  0x0800afe0     0x4  startup_stm32f10x_md.o [1]
  .text               ro code  0x0800afe4     0x4  startup_stm32f10x_md.o [1]
  .text               ro code  0x0800afe8     0x4  startup_stm32f10x_md.o [1]
  .text               ro code  0x0800afec     0x4  startup_stm32f10x_md.o [1]
  .text               ro code  0x0800aff0     0x4  startup_stm32f10x_md.o [1]
  .text               ro code  0x0800aff4     0x4  startup_stm32f10x_md.o [1]
  .text               ro code  0x0800aff8     0x4  startup_stm32f10x_md.o [1]
  .text               ro code  0x0800affc     0x4  startup_stm32f10x_md.o [1]
  .text               ro code  0x0800b000     0x4  startup_stm32f10x_md.o [1]
  .text               ro code  0x0800b004     0x4  startup_stm32f10x_md.o [1]
  .text               ro code  0x0800b008     0x4  startup_stm32f10x_md.o [1]
  .text               ro code  0x0800b00c     0x4  startup_stm32f10x_md.o [1]
  .text               ro code  0x0800b010     0x4  startup_stm32f10x_md.o [1]
  .text               ro code  0x0800b014     0x4  startup_stm32f10x_md.o [1]
  .text               ro code  0x0800b018     0x4  startup_stm32f10x_md.o [1]
  .text               ro code  0x0800b01c     0x4  startup_stm32f10x_md.o [1]
  .text               ro code  0x0800b020     0x4  startup_stm32f10x_md.o [1]
  .text               ro code  0x0800b024     0x4  startup_stm32f10x_md.o [1]
  .text               ro code  0x0800b028     0x4  startup_stm32f10x_md.o [1]
  .text               ro code  0x0800b02c     0x4  startup_stm32f10x_md.o [1]
  .text               ro code  0x0800b030     0x4  startup_stm32f10x_md.o [1]
  .text               ro code  0x0800b034     0x4  startup_stm32f10x_md.o [1]
  .text               ro code  0x0800b038     0x4  startup_stm32f10x_md.o [1]
  .text               ro code  0x0800b03c     0x4  startup_stm32f10x_md.o [1]
  .text               ro code  0x0800b040     0x4  startup_stm32f10x_md.o [1]
  .text               ro code  0x0800b044     0x4  startup_stm32f10x_md.o [1]
  .text               ro code  0x0800b048     0x4  startup_stm32f10x_md.o [1]
  .text               ro code  0x0800b04c     0x4  startup_stm32f10x_md.o [1]
  .text               ro code  0x0800b050     0x4  startup_stm32f10x_md.o [1]
  .rodata             const    0x0800b054     0x0  zero_init3.o [5]
  .rodata             const    0x0800b054     0x0  copy_init3.o [5]
  Initializer bytes   ro data  0x0800b054    0xb0  <for P2 s0>
                             - 0x0800b104  0xb018

"P2", part 1 of 3:                           0xb0
  P2 s0                        0x20000000    0xb0  <Init block>
    .data             inited   0x20000000    0x50  sim800g.o [1]
    .data             inited   0x20000050    0x1c  sim800g.o [1]
    .data             inited   0x2000006c    0x14  sim800g.o [1]
    .data             inited   0x20000080    0x10  stm32f10x_rcc.o [1]
    .data             inited   0x20000090     0x8  sim800g.o [1]
    .data             inited   0x20000098     0x8  sim800g.o [1]
    .data             inited   0x200000a0     0x4  stm32f10x_rcc.o [1]
    __DLIB_PERTHREAD  inited   0x200000a4     0x4  errno.o [3]
    .data             inited   0x200000a8     0x2  sim800g.o [1]
    .data             inited   0x200000aa     0x1  main.o [1]
    .data             inited   0x200000ab     0x1  main.o [1]
    .data             inited   0x200000ac     0x1  sim800g.o [1]
    .data             inited   0x200000ad     0x1  sim800g.o [1]
    .data             inited   0x200000ae     0x1  sim800g.o [1]
    .data             inited   0x200000af     0x1  sim800g.o [1]
                             - 0x200000b0    0xb0

"P2", part 2 of 3:                         0x3c48
  .bss                zero     0x200000b0   0x640  os_cfg_app.o [1]
  .bss                zero     0x200006f0   0x600  main.o [1]
  .bss                zero     0x20000cf0   0x600  main.o [1]
  .bss                zero     0x200012f0   0x600  main.o [1]
  .bss                zero     0x200018f0   0x200  main.o [1]
  .bss                zero     0x20001af0   0x200  main.o [1]
  .bss                zero     0x20001cf0   0x200  main.o [1]
  .bss                zero     0x20001ef0   0x200  main.o [1]
  .bss                zero     0x200020f0   0x200  main.o [1]
  .bss                zero     0x200022f0   0x200  main.o [1]
  .bss                zero     0x200024f0   0x200  main.o [1]
  .bss                zero     0x200026f0   0x200  os_cfg_app.o [1]
  .bss                zero     0x200028f0   0x200  os_cfg_app.o [1]
  .bss                zero     0x20002af0   0x200  os_cfg_app.o [1]
  .bss                zero     0x20002cf0   0x200  os_cfg_app.o [1]
  .bss                zero     0x20002ef0   0x180  os_var.o [1]
  .bss                zero     0x20003070    0xb4  main.o [1]
  .bss                zero     0x20003124    0xb4  main.o [1]
  .bss                zero     0x200031d8    0xb4  main.o [1]
  .bss                zero     0x2000328c    0xb4  main.o [1]
  .bss                zero     0x20003340    0xb4  main.o [1]
  .bss                zero     0x200033f4    0xb4  main.o [1]
  .bss                zero     0x200034a8    0xb4  main.o [1]
  .bss                zero     0x2000355c    0xb4  main.o [1]
  .bss                zero     0x20003610    0xb4  main.o [1]
  .bss                zero     0x200036c4    0xb4  os_var.o [1]
  .bss                zero     0x20003778    0xb4  os_var.o [1]
  .bss                zero     0x2000382c    0xb4  os_var.o [1]
  .bss                zero     0x200038e0    0x88  os_cfg_app.o [1]
  .bss                zero     0x20003968    0x88  os_cfg_app.o [1]
  .bss                zero     0x200039f0    0x78  main.o [1]
  .bss                zero     0x20003a68    0x2c  main.o [1]
  .bss                zero     0x20003a94    0x24  main.o [1]
  .bss                zero     0x20003ab8    0x24  main.o [1]
  .bss                zero     0x20003adc    0x24  main.o [1]
  .bss                zero     0x20003b00    0x24  main.o [1]
  .bss                zero     0x20003b24    0x24  main.o [1]
  .bss                zero     0x20003b48    0x1c  main.o [1]
  .bss                zero     0x20003b64    0x1c  main.o [1]
  .bss                zero     0x20003b80    0x1c  main.o [1]
  .bss                zero     0x20003b9c    0x1c  main.o [1]
  .bss                zero     0x20003bb8    0x1c  main.o [1]
  .bss                zero     0x20003bd4    0x1c  main.o [1]
  .bss                zero     0x20003bf0    0x1c  main.o [1]
  .bss                zero     0x20003c0c    0x1c  main.o [1]
  .bss                zero     0x20003c28    0x18  main.o [1]
  .bss                zero     0x20003c40    0x18  main.o [1]
  .bss                zero     0x20003c58    0x10  cpu_core.o [1]
  .bss                zero     0x20003c68     0xc  os_var.o [1]
  .bss                zero     0x20003c74     0x4  cpu_core.o [1]
  .bss                zero     0x20003c78     0x4  os_cpu_c.o [1]
  .bss                zero     0x20003c7c     0x4  os_prio.o [1]
  .bss                zero     0x20003c80     0x4  os_var.o [1]
  .bss                zero     0x20003c84     0x4  os_var.o [1]
  .bss                zero     0x20003c88     0x4  os_var.o [1]
  .bss                zero     0x20003c8c     0x4  os_var.o [1]
  .bss                zero     0x20003c90     0x4  os_var.o [1]
  .bss                zero     0x20003c94     0x4  os_var.o [1]
  .bss                zero     0x20003c98     0x4  os_var.o [1]
  .bss                zero     0x20003c9c     0x4  os_var.o [1]
  .bss                zero     0x20003ca0     0x4  os_var.o [1]
  .bss                zero     0x20003ca4     0x4  os_var.o [1]
  .bss                zero     0x20003ca8     0x4  os_var.o [1]
  .bss                zero     0x20003cac     0x4  os_var.o [1]
  .bss                zero     0x20003cb0     0x4  os_var.o [1]
  .bss                zero     0x20003cb4     0x4  os_var.o [1]
  .bss                zero     0x20003cb8     0x4  os_var.o [1]
  .bss                zero     0x20003cbc     0x4  os_var.o [1]
  .bss                zero     0x20003cc0     0x4  os_var.o [1]
  .bss                zero     0x20003cc4     0x4  os_var.o [1]
  .bss                zero     0x20003cc8     0x4  tasks.o [1]
  .bss                zero     0x20003ccc     0x4  tasks.o [1]
  .bss                zero     0x20003cd0     0x4  tasks.o [1]
  .bss                zero     0x20003cd4     0x4  tasks.o [1]
  .bss                zero     0x20003cd8     0x2  os_var.o [1]
  .bss                zero     0x20003cda     0x2  os_var.o [1]
  .bss                zero     0x20003cdc     0x2  os_var.o [1]
  .bss                zero     0x20003cde     0x2  os_var.o [1]
  .bss                zero     0x20003ce0     0x2  os_var.o [1]
  .bss                zero     0x20003ce2     0x2  os_var.o [1]
  .bss                zero     0x20003ce4     0x2  os_var.o [1]
  .bss                zero     0x20003ce6     0x1  main.o [1]
  .bss                zero     0x20003ce7     0x1  main.o [1]
  .bss                zero     0x20003ce8     0x1  os_var.o [1]
  .bss                zero     0x20003ce9     0x1  os_var.o [1]
  .bss                zero     0x20003cea     0x1  os_var.o [1]
  .bss                zero     0x20003ceb     0x1  os_var.o [1]
  .bss                zero     0x20003cec     0x1  os_var.o [1]
  .bss                zero     0x20003ced     0x1  os_var.o [1]
  .bss                zero     0x20003cee     0x1  os_var.o [1]
  .bss                zero     0x20003cef     0x1  os_var.o [1]
  .bss                zero     0x20003cf0     0x1  tasks.o [1]
  .bss                zero     0x20003cf1     0x1  tasks.o [1]
  .bss                zero     0x20003cf2     0x1  tasks.o [1]
  .bss                zero     0x20003cf3     0x1  tasks.o [1]
  .bss                zero     0x20003cf4     0x1  tasks.o [1]
                             - 0x20003cf5  0x3c45

"P2", part 3 of 3:                          0x800
  CSTACK                       0x20003cf8   0x800  <Block>
    CSTACK            uninit   0x20003cf8   0x800  <Block tail>
                             - 0x200044f8   0x800


*******************************************************************************
*** INIT TABLE
***

          Address     Size
          -------     ----
Zero (__iar_zero_init3)
    1 destination range, total size 0x3c45:
          0x200000b0  0x3c45

Copy (__iar_copy_init3)
    1 source range, total size 0xb0:
          0x0800b054    0xb0
    1 destination range, total size 0xb0:
          0x20000000    0xb0



*******************************************************************************
*** MODULE SUMMARY
***

    Module                  ro code  ro data  rw data
    ------                  -------  -------  -------
D:\IAR_Workspace\STM32F103MBUS\Test\Debug\Obj: [1]
    bsp.o                     1 228
    cpu_a.o                      52
    cpu_core.o                   76                20
    lib_mem.o                   284
    lib_mem_a.o                 544
    lib_str.o                   542
    main.o                    1 304      158   10 432
    misc.o                      128
    os_cfg_app.o                172      100    3 920
    os_core.o                 2 388       20
    os_cpu_a.o                  132
    os_cpu_c.o                  472                 4
    os_flag.o                 1 706
    os_mem.o                    384
    os_msg.o                    508
    os_mutex.o                   16
    os_prio.o                   136                 4
    os_q.o                      900
    os_sem.o                    770
    os_task.o                 1 684        8
    os_tick.o                 1 048       20
    os_time.o                   652
    os_tmr.o                  1 328       24
    os_var.o                                    1 030
    serial.o                  1 024
    sim800g.o                 1 892      362      150
    spi_flash.o               1 744       24
    startup_stm32f10x_md.o      408
    stm32f10x_exti.o            200
    stm32f10x_flash.o            60
    stm32f10x_gpio.o            452
    stm32f10x_it.o               54
    stm32f10x_iwdg.o             16
    stm32f10x_rcc.o             600       20       20
    stm32f10x_spi.o             164
    stm32f10x_usart.o           382
    system_stm32f10x.o          110
    tasks.o                  14 008       48       21
    timestamp.o                  60
    -------------------------------------------------
    Total:                   37 628      784   15 601

command line: [2]
    -------------------------------------------------
    Total:

dl7M_tln.a: [3]
    atoi.o                        8
    div.o                        14
    errno.o                      12        4        4
    exit.o                        4
    low_level_init.o              4
    sprintf.o                    52
    xprintffull_nomb.o        3 462
    xsprout.o                    10
    xstoul.o                    412
    xtls.o                        2
    -------------------------------------------------
    Total:                    3 980        4        4

m7M_tl.a: [4]
    DblAdd.o                    212
    DblCmpGe.o                   46
    DblCmpLe.o                   46
    DblDiv.o                    582
    DblMul.o                    418
    DblSub.o                    384
    DblToI32.o                   88
    I32ToDbl.o                   48
    xdnorm.o                     66
    xdscale.o                   268
    -------------------------------------------------
    Total:                    2 158

rt7M_tl.a: [5]
    ABImemcpy_unaligned.o       118
    I64DivMod.o                 238
    I64DivZer.o                   2
    cexit.o                      10
    cmain.o                      26
    copy_init3.o                 46
    cstartup_M.o                 12
    data_init.o                  40
    memchr.o                     88
    strchr.o                     22
    strlen.o                     54
    zero_init3.o                 34
    -------------------------------------------------
    Total:                      690

shb_l.a: [6]
    exit.o                       20
    -------------------------------------------------
    Total:                       20

    Gaps                         16
    Linker created                        36    2 048
-----------------------------------------------------
    Grand Total:             44 492      824   17 653


*******************************************************************************
*** ENTRY LIST
***

Entry                      Address   Size  Type      Object
-----                      -------   ----  ----      ------
?main                   0x0800acfd         Code  Gb  cmain.o [5]
ADCPrescTable           0x200000a0    0x4  Data  Lc  stm32f10x_rcc.o [1]
APBAHBPrescTable        0x20000080   0x10  Data  Lc  stm32f10x_rcc.o [1]
BSP_CPU_ClkFreq         0x08009735   0x10  Code  Gb  bsp.o [1]
BSP_GPIO_Init           0x08009329  0x200  Code  Gb  bsp.o [1]
BSP_Init                0x08009279   0xb0  Code  Gb  bsp.o [1]
BSP_NVIC_Init           0x08009641   0x6c  Code  Gb  bsp.o [1]
BSP_SPI_Init            0x080096ad   0x66  Code  Gb  bsp.o [1]
BSP_USART_Init          0x08009529  0x118  Code  Gb  bsp.o [1]
BusFault_Handler        0x0800ac81    0x2  Code  Gb  stm32f10x_it.o [1]
CPU_CntLeadZeros        0x08005893         Code  Gb  cpu_a.o [1]
CPU_CntTrailZeros       0x08005899         Code  Gb  cpu_a.o [1]
CPU_Init                0x08009745    0xc  Code  Gb  cpu_core.o [1]
CPU_IntDis              0x08005875         Code  Gb  cpu_a.o [1]
CPU_IntEn               0x08005879         Code  Gb  cpu_a.o [1]
CPU_Name                0x20003c58   0x10  Data  Gb  cpu_core.o [1]
CPU_NameClr             0x08009751   0x1a  Code  Gb  cpu_core.o [1]
CPU_NameInit            0x08009771    0x8  Code  Lc  cpu_core.o [1]
CPU_RevBits             0x080058a3         Code  Gb  cpu_a.o [1]
CPU_SR_Restore          0x08005885         Code  Gb  cpu_a.o [1]
CPU_SR_Save             0x0800587d         Code  Gb  cpu_a.o [1]
CPU_TS_Init             0x08009779    0xe  Code  Lc  cpu_core.o [1]
CPU_TS_TmrFreqSet       0x0800976b    0x6  Code  Gb  cpu_core.o [1]
CPU_TS_TmrFreq_Hz       0x20003c74    0x4  Data  Gb  cpu_core.o [1]
CPU_TS_TmrInit          0x0800780d   0x2a  Code  Gb  timestamp.o [1]
CPU_TS_TmrRd            0x08007837    0x6  Code  Gb  timestamp.o [1]
CPU_WaitForExcept       0x0800588f         Code  Gb  cpu_a.o [1]
CPU_WaitForInt          0x0800588b         Code  Gb  cpu_a.o [1]
CSTACK$$Base            0x20003cf8          --   Gb  - Linker created -
CSTACK$$Limit           0x200044f8          --   Gb  - Linker created -
DebugMon_Handler        0x0800ac87    0x2  Code  Gb  stm32f10x_it.o [1]
Device_Cmd              0x08005321   0x9c  Code  Gb  sim800g.o [1]
Device_Read             0x08004667   0x34  Code  Gb  serial.o [1]
EXTI0_IRQHandler        0x0800aca9    0x8  Code  Gb  stm32f10x_it.o [1]
EXTI_ClearITPendingBit  0x08007c71    0x6  Code  Gb  stm32f10x_exti.o [1]
EXTI_GetITStatus        0x08007c4d   0x24  Code  Gb  stm32f10x_exti.o [1]
EXTI_Init               0x08007bc5   0x88  Code  Gb  stm32f10x_exti.o [1]
FLAG_Event              0x20003c0c   0x1c  Data  Gb  main.o [1]
FLASH_PrefetchBufferCmd
                        0x0800a559   0x20  Code  Gb  stm32f10x_flash.o [1]
FLASH_SetLatency        0x0800a541   0x18  Code  Gb  stm32f10x_flash.o [1]
GPIO_EXTILineConfig     0x08005a11   0x50  Code  Gb  stm32f10x_gpio.o [1]
GPIO_Init               0x080058a9   0xc8  Code  Gb  stm32f10x_gpio.o [1]
GPIO_PinRemapConfig     0x08005993   0x7e  Code  Gb  stm32f10x_gpio.o [1]
GPIO_ReadInputDataBit   0x08005971   0x16  Code  Gb  stm32f10x_gpio.o [1]
GPIO_ResetBits          0x0800598d    0x6  Code  Gb  stm32f10x_gpio.o [1]
GPIO_SetBits            0x08005987    0x6  Code  Gb  stm32f10x_gpio.o [1]
GetFlash                0x08005e53   0xc0  Code  Gb  spi_flash.o [1]
HardFault_Handler       0x0800ac7d    0x2  Code  Gb  stm32f10x_it.o [1]
IWDG_ReloadCounter      0x0800abfd    0xa  Code  Gb  stm32f10x_iwdg.o [1]
MEM_Buf                 0x20003c28   0x18  Data  Gb  main.o [1]
MEM_ISR                 0x20003c40   0x18  Data  Gb  main.o [1]
MemManage_Handler       0x0800ac7f    0x2  Code  Gb  stm32f10x_it.o [1]
Mem_Clr                 0x08003e55    0xc  Code  Gb  lib_mem.o [1]
Mem_Cmp                 0x08003ebb   0xb6  Code  Gb  lib_mem.o [1]
Mem_Copy                0x08005655         Code  Gb  lib_mem_a.o [1]
Mem_Set                 0x08003e61   0x5a  Code  Gb  lib_mem.o [1]
NMI_Handler             0x0800ac7b    0x2  Code  Gb  stm32f10x_it.o [1]
NVIC_Init               0x0800a587   0x62  Code  Gb  misc.o [1]
NVIC_PriorityGroupConfig
                        0x0800a57d    0xa  Code  Gb  misc.o [1]
OSCfg_DataSizeRAM       0x0800afb0    0x4  Data  Gb  os_cfg_app.o [1]
OSCfg_ISRStk            0x200028f0  0x200  Data  Gb  os_cfg_app.o [1]
OSCfg_ISRStkBasePtr     0x0800af68    0x4  Data  Gb  os_cfg_app.o [1]
OSCfg_ISRStkSize        0x0800af6c    0x4  Data  Gb  os_cfg_app.o [1]
OSCfg_ISRStkSizeRAM     0x0800af70    0x4  Data  Gb  os_cfg_app.o [1]
OSCfg_IdleTaskStk       0x200026f0  0x200  Data  Gb  os_cfg_app.o [1]
OSCfg_IdleTaskStkBasePtr
                        0x0800af58    0x4  Data  Gb  os_cfg_app.o [1]
OSCfg_IdleTaskStkLimit  0x0800af5c    0x4  Data  Gb  os_cfg_app.o [1]
OSCfg_IdleTaskStkSize   0x0800af60    0x4  Data  Gb  os_cfg_app.o [1]
OSCfg_IdleTaskStkSizeRAM
                        0x0800af64    0x4  Data  Gb  os_cfg_app.o [1]
OSCfg_Init              0x08009149   0xac  Code  Gb  os_cfg_app.o [1]
OSCfg_MsgPool           0x200000b0  0x640  Data  Gb  os_cfg_app.o [1]
OSCfg_MsgPoolBasePtr    0x0800af78    0x4  Data  Gb  os_cfg_app.o [1]
OSCfg_MsgPoolSize       0x08007bc2    0x2  Data  Gb  os_cfg_app.o [1]
OSCfg_MsgPoolSizeRAM    0x0800af74    0x4  Data  Gb  os_cfg_app.o [1]
OSCfg_StkSizeMin        0x0800af7c    0x4  Data  Gb  os_cfg_app.o [1]
OSCfg_TickRate_Hz       0x0800af80    0x4  Data  Gb  os_cfg_app.o [1]
OSCfg_TickTaskPrio      0x08009bd2    0x1  Data  Gb  os_cfg_app.o [1]
OSCfg_TickTaskStk       0x20002af0  0x200  Data  Gb  os_cfg_app.o [1]
OSCfg_TickTaskStkBasePtr
                        0x0800af84    0x4  Data  Gb  os_cfg_app.o [1]
OSCfg_TickTaskStkLimit  0x0800af88    0x4  Data  Gb  os_cfg_app.o [1]
OSCfg_TickTaskStkSize   0x0800af8c    0x4  Data  Gb  os_cfg_app.o [1]
OSCfg_TickTaskStkSizeRAM
                        0x0800af90    0x4  Data  Gb  os_cfg_app.o [1]
OSCfg_TickWheel         0x200038e0   0x88  Data  Gb  os_cfg_app.o [1]
OSCfg_TickWheelSize     0x080090ae    0x2  Data  Gb  os_cfg_app.o [1]
OSCfg_TickWheelSizeRAM  0x0800af94    0x4  Data  Gb  os_cfg_app.o [1]
OSCfg_TmrTaskPrio       0x08009bd3    0x1  Data  Gb  os_cfg_app.o [1]
OSCfg_TmrTaskRate_Hz    0x0800af98    0x4  Data  Gb  os_cfg_app.o [1]
OSCfg_TmrTaskStk        0x20002cf0  0x200  Data  Gb  os_cfg_app.o [1]
OSCfg_TmrTaskStkBasePtr
                        0x0800af9c    0x4  Data  Gb  os_cfg_app.o [1]
OSCfg_TmrTaskStkLimit   0x0800afa0    0x4  Data  Gb  os_cfg_app.o [1]
OSCfg_TmrTaskStkSize    0x0800afa4    0x4  Data  Gb  os_cfg_app.o [1]
OSCfg_TmrTaskStkSizeRAM
                        0x0800afa8    0x4  Data  Gb  os_cfg_app.o [1]
OSCfg_TmrWheel          0x20003968   0x88  Data  Gb  os_cfg_app.o [1]
OSCfg_TmrWheelSize      0x08009b9a    0x2  Data  Gb  os_cfg_app.o [1]
OSCfg_TmrWheelSizeRAM   0x0800afac    0x4  Data  Gb  os_cfg_app.o [1]
OSFlagCreate            0x08006171   0x66  Code  Gb  os_flag.o [1]
OSFlagPend              0x080061d7  0x40c  Code  Gb  os_flag.o [1]
OSFlagPost              0x080065e3   0x5e  Code  Gb  os_flag.o [1]
OSFlagQty               0x20003cd8    0x2  Data  Gb  os_var.o [1]
OSIdleTaskCtr           0x20003c9c    0x4  Data  Gb  os_var.o [1]
OSIdleTaskHook          0x080080a5   0x12  Code  Gb  os_cpu_c.o [1]
OSIdleTaskTCB           0x200036c4   0xb4  Data  Gb  os_var.o [1]
OSInit                  0x08006825  0x150  Code  Gb  os_core.o [1]
OSInitHook              0x080080b7   0x14  Code  Gb  os_cpu_c.o [1]
OSIntExit               0x08006975   0xc8  Code  Gb  os_core.o [1]
OSIntNestingCtr         0x20003ce8    0x1  Data  Gb  os_var.o [1]
OSMemCreate             0x08003cd5   0xd0  Code  Gb  os_mem.o [1]
OSMemGet                0x08003da5   0x46  Code  Gb  os_mem.o [1]
OSMemPut                0x08003deb   0x50  Code  Gb  os_mem.o [1]
OSMemQty                0x20003cda    0x2  Data  Gb  os_var.o [1]
OSMsgPool               0x20003c68    0xc  Data  Gb  os_var.o [1]
OSMutexQty              0x20003cdc    0x2  Data  Gb  os_var.o [1]
OSPrioCur               0x20003cea    0x1  Data  Gb  os_var.o [1]
OSPrioHighRdy           0x20003ceb    0x1  Data  Gb  os_var.o [1]
OSPrioSaved             0x20003cec    0x1  Data  Gb  os_var.o [1]
OSPrioTbl               0x20003c7c    0x4  Data  Gb  os_prio.o [1]
OSQCreate               0x08003f71   0x7c  Code  Gb  os_q.o [1]
OSQPend                 0x08003fed  0x1be  Code  Gb  os_q.o [1]
OSQPost                 0x080041ab   0x84  Code  Gb  os_q.o [1]
OSQQty                  0x20003cde    0x2  Data  Gb  os_var.o [1]
OSRdyList               0x20002ef0  0x180  Data  Gb  os_var.o [1]
OSRunning               0x20003ce9    0x1  Data  Gb  os_var.o [1]
OSSched                 0x08006a3d   0x8e  Code  Gb  os_core.o [1]
OSSchedLock             0x08006acb   0x58  Code  Gb  os_core.o [1]
OSSchedLockNestingCtr   0x20003ced    0x1  Data  Gb  os_var.o [1]
OSSchedRoundRobinDfltTimeQuanta
                        0x20003ca0    0x4  Data  Gb  os_var.o [1]
OSSchedRoundRobinEn     0x20003cee    0x1  Data  Gb  os_var.o [1]
OSSchedUnlock           0x08006b23   0x72  Code  Gb  os_core.o [1]
OSSemCreate             0x080046f5   0x66  Code  Gb  os_sem.o [1]
OSSemPend               0x0800475b  0x174  Code  Gb  os_sem.o [1]
OSSemPost               0x080048cf   0x60  Code  Gb  os_sem.o [1]
OSSemQty                0x20003ce0    0x2  Data  Gb  os_var.o [1]
OSStart                 0x08006b95   0x64  Code  Gb  os_core.o [1]
OSStartHighRdy          0x080091f5         Code  Gb  os_cpu_a.o [1]
OSTCBCurPtr             0x20003cc0    0x4  Data  Gb  os_var.o [1]
OSTCBHighRdyPtr         0x20003cc4    0x4  Data  Gb  os_var.o [1]
OSTaskCreate            0x08007179  0x176  Code  Gb  os_task.o [1]
OSTaskCreateHook        0x080080cb   0x12  Code  Gb  os_cpu_c.o [1]
OSTaskCtxSwCtr          0x20003ca4    0x4  Data  Gb  os_var.o [1]
OSTaskDel               0x080072ef   0xea  Code  Gb  os_task.o [1]
OSTaskDelHook           0x080080dd   0x12  Code  Gb  os_cpu_c.o [1]
OSTaskQty               0x20003ce2    0x2  Data  Gb  os_var.o [1]
OSTaskRegNextAvailID    0x20003cef    0x1  Data  Gb  os_var.o [1]
OSTaskReturnHook        0x080080ef   0x12  Code  Gb  os_cpu_c.o [1]
OSTaskSemPend           0x080073d9  0x1cc  Code  Gb  os_task.o [1]
OSTaskSemPost           0x080075a5   0x34  Code  Gb  os_task.o [1]
OSTaskStkInit           0x08008101   0x80  Code  Gb  os_cpu_c.o [1]
OSTaskSwHook            0x08008181   0x56  Code  Gb  os_cpu_c.o [1]
OSTickCtr               0x20003ca8    0x4  Data  Gb  os_var.o [1]
OSTickTaskTCB           0x20003778   0xb4  Data  Gb  os_var.o [1]
OSTickTaskTimeMax       0x20003cac    0x4  Data  Gb  os_var.o [1]
OSTimeDly               0x08004a25   0xa0  Code  Gb  os_time.o [1]
OSTimeDlyHMSM           0x08004ac5  0x178  Code  Gb  os_time.o [1]
OSTimeTick              0x08004c3d   0x4a  Code  Gb  os_time.o [1]
OSTimeTickHook          0x080081d7   0x12  Code  Gb  os_cpu_c.o [1]
OSTmrCreate             0x080037a5   0xb0  Code  Gb  os_tmr.o [1]
OSTmrQty                0x20003ce4    0x2  Data  Gb  os_var.o [1]
OSTmrStart              0x08003855   0xaa  Code  Gb  os_tmr.o [1]
OSTmrStop               0x080038ff   0xf0  Code  Gb  os_tmr.o [1]
OSTmrTaskTCB            0x2000382c   0xb4  Data  Gb  os_var.o [1]
OSTmrTaskTimeMax        0x20003cb0    0x4  Data  Gb  os_var.o [1]
OSTmrTickCtr            0x20003cb4    0x4  Data  Gb  os_var.o [1]
OSTmrUpdateCnt          0x20003cb8    0x4  Data  Gb  os_var.o [1]
OSTmrUpdateCtr          0x20003cbc    0x4  Data  Gb  os_var.o [1]
OS_AppIdleTaskHookPtr   0x20003c8c    0x4  Data  Gb  os_var.o [1]
OS_AppStatTaskHookPtr   0x20003c90    0x4  Data  Gb  os_var.o [1]
OS_AppTaskCreateHookPtr
                        0x20003c80    0x4  Data  Gb  os_var.o [1]
OS_AppTaskDelHookPtr    0x20003c84    0x4  Data  Gb  os_var.o [1]
OS_AppTaskReturnHookPtr
                        0x20003c88    0x4  Data  Gb  os_var.o [1]
OS_AppTaskSwHookPtr     0x20003c94    0x4  Data  Gb  os_var.o [1]
OS_AppTimeTickHookPtr   0x20003c98    0x4  Data  Gb  os_var.o [1]
OS_CPU_ExceptStkBase    0x20003c78    0x4  Data  Gb  os_cpu_c.o [1]
OS_CPU_SysTickHandler   0x080081e9   0x24  Code  Gb  os_cpu_c.o [1]
OS_CPU_SysTickInit      0x0800820d   0x2c  Code  Gb  os_cpu_c.o [1]
OS_FlagBlock            0x08006641   0x26  Code  Gb  os_flag.o [1]
OS_FlagInit             0x08006667    0xc  Code  Gb  os_flag.o [1]
OS_FlagPost             0x08006689  0x13c  Code  Gb  os_flag.o [1]
OS_FlagTaskRdy          0x080067c5   0x56  Code  Gb  os_flag.o [1]
OS_IdleTask             0x08006bf9   0x24  Code  Gb  os_core.o [1]
OS_IdleTaskInit         0x08006c1d   0x50  Code  Gb  os_core.o [1]
OS_MemInit              0x08003e3b    0xc  Code  Gb  os_mem.o [1]
OS_MsgPoolInit          0x08007849   0x86  Code  Gb  os_msg.o [1]
OS_MsgQFreeAll          0x080078cf   0x44  Code  Gb  os_msg.o [1]
OS_MsgQGet              0x08007927   0x70  Code  Gb  os_msg.o [1]
OS_MsgQInit             0x08007913   0x14  Code  Gb  os_msg.o [1]
OS_MsgQPut              0x08007997   0xa2  Code  Gb  os_msg.o [1]
OS_MutexInit            0x08009139    0xc  Code  Gb  os_mutex.o [1]
OS_Pend                 0x08006c6d   0x60  Code  Gb  os_core.o [1]
OS_PendDataInit         0x08006ccd   0x34  Code  Gb  os_core.o [1]
OS_PendListInit         0x08006d01    0xe  Code  Gb  os_core.o [1]
OS_PendListInsertPrio   0x08006d0f   0x6e  Code  Gb  os_core.o [1]
OS_PendListRemove       0x08006d7d   0x28  Code  Gb  os_core.o [1]
OS_PendListRemove1      0x08006da5   0x48  Code  Gb  os_core.o [1]
OS_Post                 0x08006ded   0xb0  Code  Gb  os_core.o [1]
OS_Post1                0x08006e9d   0x26  Code  Gb  os_core.o [1]
OS_PrioGetHighest       0x080090c5   0x20  Code  Gb  os_prio.o [1]
OS_PrioInit             0x080090b1   0x14  Code  Gb  os_prio.o [1]
OS_PrioInsert           0x080090e5   0x26  Code  Gb  os_prio.o [1]
OS_PrioRemove           0x0800910b   0x28  Code  Gb  os_prio.o [1]
OS_QInit                0x0800422f    0xc  Code  Gb  os_q.o [1]
OS_QPost                0x08004251   0xa4  Code  Gb  os_q.o [1]
OS_RdyListInit          0x08006ec3   0x24  Code  Gb  os_core.o [1]
OS_RdyListInsert        0x08006ee7   0x28  Code  Gb  os_core.o [1]
OS_RdyListInsertHead    0x08006f0f   0x3a  Code  Gb  os_core.o [1]
OS_RdyListInsertTail    0x08006f49   0x38  Code  Gb  os_core.o [1]
OS_RdyListMoveHeadToTail
                        0x08006f81   0x40  Code  Gb  os_core.o [1]
OS_RdyListRemove        0x08006fc1   0x5c  Code  Gb  os_core.o [1]
OS_SchedRoundRobin      0x0800701d   0x8a  Code  Gb  os_core.o [1]
OS_SemInit              0x0800492f    0xc  Code  Gb  os_sem.o [1]
OS_SemPost              0x08004951   0xa6  Code  Gb  os_sem.o [1]
OS_TaskBlock            0x08007125   0x3a  Code  Gb  os_core.o [1]
OS_TaskInit             0x080075d9   0x16  Code  Gb  os_task.o [1]
OS_TaskInitTCB          0x080075ef  0x106  Code  Gb  os_task.o [1]
OS_TaskRdy              0x0800715f   0x1a  Code  Gb  os_core.o [1]
OS_TaskReturn           0x08007701   0x14  Code  Gb  os_task.o [1]
OS_TaskSemPost          0x08007721   0xd4  Code  Gb  os_task.o [1]
OS_TickListInit         0x08007d53   0x2a  Code  Gb  os_tick.o [1]
OS_TickListInsert       0x08007d7d  0x11c  Code  Gb  os_tick.o [1]
OS_TickListRemove       0x08007e99   0x42  Code  Gb  os_tick.o [1]
OS_TickListUpdate       0x08007edb  0x190  Code  Gb  os_tick.o [1]
OS_TickTask             0x08007c8d   0x28  Code  Gb  os_tick.o [1]
OS_TickTaskInit         0x08007cb5   0x9e  Code  Gb  os_tick.o [1]
OS_TmrInit              0x080039ef   0xd4  Code  Gb  os_tmr.o [1]
OS_TmrLink              0x08003ac3   0xd0  Code  Gb  os_tmr.o [1]
OS_TmrTask              0x08003be1   0xaa  Code  Gb  os_tmr.o [1]
OS_TmrUnlink            0x08003b93   0x4c  Code  Gb  os_tmr.o [1]
ObjCreate               0x0800a989  0x168  Code  Gb  main.o [1]
OverLoad                0x0800469b   0x20  Code  Gb  serial.o [1]
PendSV_Handler          0x08009213         Code  Gb  os_cpu_a.o [1]
PutFlash                0x08005f13   0xcc  Code  Gb  spi_flash.o [1]
Q_Config                0x20003b00   0x24  Data  Gb  main.o [1]
Q_Deal                  0x20003b24   0x24  Data  Gb  main.o [1]
Q_Read                  0x20003ab8   0x24  Data  Gb  main.o [1]
Q_ReadData              0x20003adc   0x24  Data  Gb  main.o [1]
Q_Slave                 0x20003a94   0x24  Data  Gb  main.o [1]
RCC_APB1PeriphClockCmd  0x08009949   0x20  Code  Gb  stm32f10x_rcc.o [1]
RCC_APB2PeriphClockCmd  0x08009929   0x20  Code  Gb  stm32f10x_rcc.o [1]
RCC_DeInit              0x08009791   0x60  Code  Gb  stm32f10x_rcc.o [1]
RCC_GetClocksFreq       0x08009869   0xc0  Code  Gb  stm32f10x_rcc.o [1]
RCC_GetFlagStatus       0x08009969   0x44  Code  Gb  stm32f10x_rcc.o [1]
RCC_HCLKConfig          0x08009823   0x14  Code  Gb  stm32f10x_rcc.o [1]
RCC_LSICmd              0x08009861    0x8  Code  Gb  stm32f10x_rcc.o [1]
RCC_PCLK1Config         0x08009837   0x14  Code  Gb  stm32f10x_rcc.o [1]
RCC_PCLK2Config         0x0800984b   0x16  Code  Gb  stm32f10x_rcc.o [1]
RCC_PLLCmd              0x08009807    0x8  Code  Gb  stm32f10x_rcc.o [1]
RCC_PLLConfig           0x080097f1   0x16  Code  Gb  stm32f10x_rcc.o [1]
RCC_SYSCLKConfig        0x0800980f   0x14  Code  Gb  stm32f10x_rcc.o [1]
Region$$Table$$Base     0x0800acd8          --   Gb  - Linker created -
Region$$Table$$Limit    0x0800acfc          --   Gb  - Linker created -
SEM_ACKData             0x20003bb8   0x1c  Data  Gb  main.o [1]
SEM_HeartBeat           0x20003b9c   0x1c  Data  Gb  main.o [1]
SEM_Send                0x20003bd4   0x1c  Data  Gb  main.o [1]
SEM_SendOver            0x20003bf0   0x1c  Data  Gb  main.o [1]
SEM_ServerTX            0x20003b48   0x1c  Data  Gb  main.o [1]
SEM_Slave_485TX         0x20003b64   0x1c  Data  Gb  main.o [1]
SEM_Slave_mbusTX        0x20003b80   0x1c  Data  Gb  main.o [1]
SPI_Cmd                 0x080082c5   0x1c  Code  Gb  stm32f10x_spi.o [1]
SPI_I2S_GetFlagStatus   0x08008315   0x14  Code  Gb  stm32f10x_spi.o [1]
SPI_I2S_ITConfig        0x080082e1   0x2c  Code  Gb  stm32f10x_spi.o [1]
SPI_I2S_ReceiveData     0x08008311    0x4  Code  Gb  stm32f10x_spi.o [1]
SPI_I2S_SendData        0x0800830d    0x4  Code  Gb  stm32f10x_spi.o [1]
SPI_Init                0x08008285   0x40  Code  Gb  stm32f10x_spi.o [1]
STK_Config              0x200006f0  0x600  Data  Gb  main.o [1]
STK_DealServer          0x200022f0  0x200  Data  Gb  main.o [1]
STK_HeartBeat           0x200020f0  0x200  Data  Gb  main.o [1]
STK_LED1                0x20001af0  0x200  Data  Gb  main.o [1]
STK_OverLoad            0x200024f0  0x200  Data  Gb  main.o [1]
STK_Read                0x20000cf0  0x600  Data  Gb  main.o [1]
STK_Server              0x20001cf0  0x200  Data  Gb  main.o [1]
STK_Slave               0x20001ef0  0x200  Data  Gb  main.o [1]
STK_Start               0x200018f0  0x200  Data  Gb  main.o [1]
SVC_Handler             0x0800ac85    0x2  Code  Gb  stm32f10x_it.o [1]
Send_ReadATs            0x08004cb1   0x2a  Code  Gb  sim800g.o [1]
Server_Post2Buf         0x08004649   0x1e  Code  Gb  serial.o [1]
Server_Write            0x0800458f   0x5c  Code  Gb  serial.o [1]
Server_WriteStr         0x080045eb   0x5e  Code  Gb  serial.o [1]
Server_Write_485        0x08004517   0x78  Code  Gb  serial.o [1]
SetSysClock             0x0800ac79    0x2  Code  Lc  system_stm32f10x.o [1]
Slave_Write             0x0800443f   0xd8  Code  Gb  serial.o [1]
Str_Cat                 0x0800542f    0xc  Code  Gb  lib_str.o [1]
Str_Cat_N               0x0800543b   0x62  Code  Gb  lib_str.o [1]
Str_Char_N              0x08005531   0x50  Code  Gb  lib_str.o [1]
Str_Cmp_N               0x0800549d   0x94  Code  Gb  lib_str.o [1]
Str_Len_N               0x08005415   0x1a  Code  Gb  lib_str.o [1]
Str_Str                 0x08005581    0xc  Code  Gb  lib_str.o [1]
Str_Str_N               0x0800558d   0xa6  Code  Gb  lib_str.o [1]
SysTick_Handler         0x0800ac89    0x8  Code  Gb  stm32f10x_it.o [1]
SystemInit              0x0800ac0d   0x54  Code  Gb  system_stm32f10x.o [1]
TCB_Config              0x20003340   0xb4  Data  Gb  main.o [1]
TCB_DealServer          0x2000355c   0xb4  Data  Gb  main.o [1]
TCB_HeartBeat           0x200034a8   0xb4  Data  Gb  main.o [1]
TCB_LED1                0x20003124   0xb4  Data  Gb  main.o [1]
TCB_OverLoad            0x20003610   0xb4  Data  Gb  main.o [1]
TCB_Read                0x200033f4   0xb4  Data  Gb  main.o [1]
TCB_Server              0x200031d8   0xb4  Data  Gb  main.o [1]
TCB_Slave               0x2000328c   0xb4  Data  Gb  main.o [1]
TCB_Start               0x20003070   0xb4  Data  Gb  main.o [1]
TMR_Slave               0x20003a68   0x2c  Data  Gb  main.o [1]
TaskCreate              0x0800a7fd  0x18c  Code  Gb  main.o [1]
TaskStart               0x0800a739   0xc4  Code  Gb  main.o [1]
Task_Config             0x08001e7d   0x52  Code  Gb  tasks.o [1]
Task_DealServer         0x0800063b  0x174  Code  Gb  tasks.o [1]
Task_HeartBeat          0x08000827  0x128  Code  Gb  tasks.o [1]
Task_LED1               0x08002bd1   0x8c  Code  Gb  tasks.o [1]
Task_OverLoad           0x080036d5   0x8c  Code  Gb  tasks.o [1]
Task_Read               0x08000991   0x68  Code  Gb  tasks.o [1]
Task_Server             0x08000485  0x1b6  Code  Gb  tasks.o [1]
Task_Slave              0x080000ed  0x360  Code  Gb  tasks.o [1]
Tmr_SlaveCallBack       0x0800044d   0x16  Code  Gb  tasks.o [1]
USART1_Handler          0x08004371   0x68  Code  Gb  serial.o [1]
USART1_IRQHandler       0x0800ac91    0x8  Code  Gb  stm32f10x_it.o [1]
USART2_Handler          0x080043d9   0x66  Code  Gb  serial.o [1]
USART2_IRQHandler       0x0800ac99    0x8  Code  Gb  stm32f10x_it.o [1]
USART3_Handler          0x080042f5   0x7c  Code  Gb  serial.o [1]
USART3_IRQHandler       0x0800aca1    0x8  Code  Gb  stm32f10x_it.o [1]
USART_ClearITPendingBit
                        0x08007ba1   0x22  Code  Gb  stm32f10x_usart.o [1]
USART_Cmd               0x08007b09   0x1c  Code  Gb  stm32f10x_usart.o [1]
USART_GetFlagStatus     0x08007b87   0x1a  Code  Gb  stm32f10x_usart.o [1]
USART_ITConfig          0x08007b25   0x52  Code  Gb  stm32f10x_usart.o [1]
USART_Init              0x08007a45   0xbe  Code  Gb  stm32f10x_usart.o [1]
USART_ReceiveData       0x08007b7f    0x8  Code  Gb  stm32f10x_usart.o [1]
USART_SendData          0x08007b77    0x8  Code  Gb  stm32f10x_usart.o [1]
UsageFault_Handler      0x0800ac83    0x2  Code  Gb  stm32f10x_it.o [1]
_GenldFullNoMb          0x08008e05  0x262  Code  Lc  xprintffull_nomb.o [3]
_LdtobFullNoMb          0x08008a19  0x3e6  Code  Lc  xprintffull_nomb.o [3]
_LitobFullNoMb          0x08008911  0x106  Code  Lc  xprintffull_nomb.o [3]
_PrintfFullNoMb         0x08008329  0x5e2  Code  Gb  xprintffull_nomb.o [3]
_PutcharsFullNoMb       0x08009067   0x2e  Code  Lc  xprintffull_nomb.o [3]
_SProut                 0x0800681b    0xa  Code  Gb  xsprout.o [3]
__aeabi_cdcmple         0x08009dd5         Code  Gb  DblCmpLe.o [4]
__aeabi_cdrcmple        0x08009e05         Code  Gb  DblCmpGe.o [4]
__aeabi_d2iz            0x08009f41         Code  Gb  DblToI32.o [4]
__aeabi_d2uiz           0x08009f6d         Code  Gb  DblToI32.o [4]
__aeabi_ddiv            0x0800a2ed         Code  Gb  DblDiv.o [4]
__aeabi_dmul            0x0800a149         Code  Gb  DblMul.o [4]
__aeabi_dsub            0x08009fc9         Code  Gb  DblSub.o [4]
__aeabi_errno_addr      0x0800a5fd    0x6  Code  Gb  errno.o [3]
__aeabi_i2d             0x08009f99         Code  Gb  I32ToDbl.o [4]
__aeabi_ldiv0           0x0800a609         Code  Gb  I64DivZer.o [5]
__aeabi_ui2d            0x08009fad         Code  Gb  I32ToDbl.o [4]
__aeabi_uldivmod        0x08009c2d         Code  Gb  I64DivMod.o [5]
__cmain                 0x0800acfd         Code  Gb  cmain.o [5]
__exit                  0x0800ad2d   0x14  Code  Gb  exit.o [6]
__iar_Dnorm             0x08009d93   0x42  Code  Gb  xdnorm.o [4]
__iar_Dscale            0x08009e35  0x10c  Code  Gb  xdscale.o [4]
__iar_Errno             0x200000a4    0x4  Data  Gb  errno.o [3]
__iar_Memchr            0x08009bd5         Code  Gb  memchr.o [5]
__iar_Stoul             0x08009b31    0x4  Code  Gb  xstoul.o [3]
__iar_Stoulx            0x080099e9  0x142  Code  Gb  xstoul.o [3]
__iar_Strchr            0x08009b85         Code  Gb  strchr.o [5]
__iar_copy_init3        0x080049f7   0x2e  Code  Gb  copy_init3.o [5]
__iar_d2uiz             0x08009f79         Code  Gb  DblToI32.o [4]
__iar_dadd              0x0800a60d         Code  Gb  DblAdd.o [4]
__iar_data_init3        0x0800acb1   0x28  Code  Gb  data_init.o [5]
__iar_dlib_perthread_access
                        0x0800a6e1    0x2  Code  Gb  xtls.o [3]
__iar_dsub              0x08009fdd         Code  Gb  DblSub.o [4]
__iar_dsubStart         0x08009fef         Code  Gb  DblSub.o [4]
__iar_program_start     0x0800ae85         Code  Gb  cstartup_M.o [5]
__iar_ui2d              0x08009fb1         Code  Gb  I32ToDbl.o [4]
__iar_unaligned___aeabi_memcpy
                        0x08009d1d         Code  Gb  ABImemcpy_unaligned.o [5]
__iar_unaligned___aeabi_memcpy4
                        0x08009d3d         Code  Gb  ABImemcpy_unaligned.o [5]
__iar_unaligned___aeabi_memcpy8
                        0x08009d3d         Code  Gb  ABImemcpy_unaligned.o [5]
__iar_zero_init3        0x08005633   0x22  Code  Gb  zero_init3.o [5]
__low_level_init        0x0800ad17    0x4  Code  Gb  low_level_init.o [3]
__vector_table          0x08000000         Data  Gb  startup_stm32f10x_md.o [1]
_call_main              0x0800ad09         Code  Gb  cmain.o [5]
_exit                   0x0800ad21         Code  Gb  cexit.o [5]
_main                   0x0800ad13         Code  Gb  cmain.o [5]
ack_query_addr          0x08003393   0xb8  Code  Gb  tasks.o [1]
ack_query_cjq           0x08002d25  0x144  Code  Gb  tasks.o [1]
ack_query_ip            0x08003451   0xf0  Code  Gb  tasks.o [1]
ack_query_mbus          0x08003545   0xc8  Code  Gb  tasks.o [1]
ack_query_meter         0x08002e85  0x50e  Code  Gb  tasks.o [1]
ack_query_test          0x0800360d   0xc8  Code  Gb  tasks.o [1]
addSEQ                  0x080007f7   0x30  Code  Gb  tasks.o [1]
add_cjq                 0x08002819   0xfe  Code  Gb  tasks.o [1]
add_meter               0x0800238d  0x172  Code  Gb  tasks.o [1]
at_apn                  0x0800506d   0x5e  Code  Gb  sim800g.o [1]
at_cipmux               0x08005009   0x64  Code  Gb  sim800g.o [1]
at_cpin                 0x08004d53   0x90  Code  Gb  sim800g.o [1]
at_creg                 0x08004ed3   0x9e  Code  Gb  sim800g.o [1]
at_csq                  0x08004de3   0xf0  Code  Gb  sim800g.o [1]
at_tcpsetup             0x080051c3   0x7e  Code  Gb  sim800g.o [1]
at_xiic                 0x080050cb   0x6c  Code  Gb  sim800g.o [1]
ate_                    0x08004cef   0x64  Code  Gb  sim800g.o [1]
atoi                    0x0800827d    0x8  Code  Gb  atoi.o [3]
ats                     0x20000000   0x50  Data  Gb  sim800g.o [1]
buf                     0x20003cc8    0x4  Data  Gb  tasks.o [1]
buf_                    0x20003ccc    0x4  Data  Gb  tasks.o [1]
change_connect          0x080053bd   0x18  Code  Gb  sim800g.o [1]
check_cgatt             0x08004f71   0x90  Code  Gb  sim800g.o [1]
check_cs                0x08000463   0x20  Code  Gb  tasks.o [1]
check_frame             0x080007b5   0x42  Code  Gb  tasks.o [1]
check_str               0x08004cdb   0x14  Code  Gb  sim800g.o [1]
check_xiic              0x0800513d   0x86  Code  Gb  sim800g.o [1]
cjq_close               0x08001991  0x17e  Code  Gb  tasks.o [1]
cjq_open                0x080017c1  0x1bc  Code  Gb  tasks.o [1]
connect                 0x0800529d   0x84  Code  Gb  sim800g.o [1]
connectstate            0x20003ce6    0x1  Data  Gb  main.o [1]
data_seq                0x20003cf1    0x1  Data  Gb  tasks.o [1]
delete_cjq              0x08002917  0x242  Code  Gb  tasks.o [1]
delete_meter            0x08002505  0x2b0  Code  Gb  tasks.o [1]
device_ack              0x08002c5d   0x9e  Code  Gb  tasks.o [1]
device_test             0x200000ab    0x1  Data  Gb  main.o [1]
deviceaddr              0x20000098    0x8  Data  Gb  sim800g.o [1]
digits                  0x08009b34   0x28  Data  Lc  xstoul.o [3]
div                     0x0800a533    0xe  Code  Gb  div.o [3]
dns                     0x20000050   0x1c  Data  Gb  sim800g.o [1]
exit                    0x0800ad1b    0x4  Code  Gb  exit.o [3]
heart_seq               0x20003cf0    0x1  Data  Gb  tasks.o [1]
ip                      0x2000006c   0x14  Data  Gb  sim800g.o [1]
ip1                     0x200000ac    0x1  Data  Gb  sim800g.o [1]
ip2                     0x200000ad    0x1  Data  Gb  sim800g.o [1]
ip3                     0x200000ae    0x1  Data  Gb  sim800g.o [1]
ip4                     0x200000af    0x1  Data  Gb  sim800g.o [1]
local_seq               0x20003cf2    0x1  Data  Gb  tasks.o [1]
main                    0x0800a6e5   0x52  Code  Gb  main.o [1]
mbus_power              0x080009f9   0x3a  Code  Gb  tasks.o [1]
mem_buf                 0x200012f0  0x600  Data  Gb  main.o [1]
mem_isr                 0x200039f0   0x78  Data  Gb  main.o [1]
memchr                  0x08009bd5         Code  Gb  memchr.o [5]
meter_close             0x08001cc9  0x1b0  Code  Gb  tasks.o [1]
meter_control           0x080015e1  0x1d4  Code  Gb  tasks.o [1]
meter_open              0x08001b15  0x1ae  Code  Gb  tasks.o [1]
meter_read              0x08000b45  0x2dc  Code  Gb  tasks.o [1]
meter_read_single       0x08000e39  0x1da  Code  Gb  tasks.o [1]
meter_send              0x08001055  0x57e  Code  Gb  tasks.o [1]
ndigs                   0x08009b5c   0x28  Data  Lc  xstoul.o [3]
param_conf              0x08005fdf   0xc8  Code  Gb  spi_flash.o [1]
param_config            0x08001ee5  0x42a  Code  Gb  tasks.o [1]
param_query             0x08002b5d   0x74  Code  Gb  tasks.o [1]
port                    0x20000090    0x8  Data  Gb  sim800g.o [1]
port_                   0x200000a8    0x2  Data  Gb  sim800g.o [1]
power_cmd               0x08000955   0x3c  Code  Gb  tasks.o [1]
reading                 0x20003ce7    0x1  Data  Gb  main.o [1]
relay_1                 0x08000a69   0x34  Code  Gb  tasks.o [1]
relay_2                 0x08000a9d   0x34  Code  Gb  tasks.o [1]
relay_3                 0x08000ad1   0x34  Code  Gb  tasks.o [1]
relay_4                 0x08000b05   0x34  Code  Gb  tasks.o [1]
relay_485               0x08000a33   0x36  Code  Gb  tasks.o [1]
sFLASH_EraseBulk        0x08005ab1   0x2e  Code  Gb  spi_flash.o [1]
sFLASH_EraseSector      0x08005a6d   0x44  Code  Gb  spi_flash.o [1]
sFLASH_EraseWritePage   0x08005b3b   0x62  Code  Gb  spi_flash.o [1]
sFLASH_PoolInit         0x08005d31  0x122  Code  Gb  spi_flash.o [1]
sFLASH_ReadBuffer       0x08005b9d   0x56  Code  Gb  spi_flash.o [1]
sFLASH_ReadID           0x08005c4f   0x54  Code  Gb  spi_flash.o [1]
sFLASH_ReadStr          0x08005bf3   0x5c  Code  Gb  spi_flash.o [1]
sFLASH_SendByte         0x08005ca3   0x3a  Code  Gb  spi_flash.o [1]
sFLASH_WaitForWriteEnd  0x08005cff   0x32  Code  Gb  spi_flash.o [1]
sFLASH_WriteEnable      0x08005cdd   0x22  Code  Gb  spi_flash.o [1]
sFLASH_WritePage        0x08005adf   0x5c  Code  Gb  spi_flash.o [1]
search_cjq              0x080027b5   0x64  Code  Gb  tasks.o [1]
search_meter            0x08002321   0x6c  Code  Gb  tasks.o [1]
send_server             0x08005241   0x56  Code  Gb  sim800g.o [1]
server_ptr              0x20003cd0    0x4  Data  Gb  tasks.o [1]
server_ptr_             0x20003cd4    0x4  Data  Gb  tasks.o [1]
server_seq              0x20003cf3    0x1  Data  Gb  tasks.o [1]
slave_mbus              0x200000aa    0x1  Data  Gb  main.o [1]
sprintf                 0x0800613d   0x34  Code  Gb  sprintf.o [3]
start_slave             0x20003cf4    0x1  Data  Gb  tasks.o [1]
strchr                  0x08009b85         Code  Gb  strchr.o [5]
strlen                  0x08009b9d         Code  Gb  strlen.o [5]


[1] = D:\IAR_Workspace\STM32F103MBUS\Test\Debug\Obj
[2] = command line
[3] = dl7M_tln.a
[4] = m7M_tl.a
[5] = rt7M_tl.a
[6] = shb_l.a

  44 492 bytes of readonly  code memory
     824 bytes of readonly  data memory
  17 653 bytes of readwrite data memory

Errors: none
Warnings: none
