###############################################################################
#
# IAR ELF Linker V7.10.3.6832/W32 for ARM                 11/Dec/2015  16:36:13
# Copyright 2007-2014 IAR Systems AB.
#
#    Output file  =  
#        D:\IAR_Workspace\Concentrator_MBUS_485\Test\Debug\Exe\Test.out
#    Map file     =  
#        D:\IAR_Workspace\Concentrator_MBUS_485\Test\Debug\List\Test.map
#    Command line =  
#        D:\IAR_Workspace\Concentrator_MBUS_485\Test\Debug\Obj\bsp.o
#        D:\IAR_Workspace\Concentrator_MBUS_485\Test\Debug\Obj\cpu_a.o
#        D:\IAR_Workspace\Concentrator_MBUS_485\Test\Debug\Obj\cpu_c.o
#        D:\IAR_Workspace\Concentrator_MBUS_485\Test\Debug\Obj\cpu_core.o
#        D:\IAR_Workspace\Concentrator_MBUS_485\Test\Debug\Obj\lib_ascii.o
#        D:\IAR_Workspace\Concentrator_MBUS_485\Test\Debug\Obj\lib_math.o
#        D:\IAR_Workspace\Concentrator_MBUS_485\Test\Debug\Obj\lib_mem.o
#        D:\IAR_Workspace\Concentrator_MBUS_485\Test\Debug\Obj\lib_mem_a.o
#        D:\IAR_Workspace\Concentrator_MBUS_485\Test\Debug\Obj\lib_str.o
#        D:\IAR_Workspace\Concentrator_MBUS_485\Test\Debug\Obj\main.o
#        D:\IAR_Workspace\Concentrator_MBUS_485\Test\Debug\Obj\misc.o
#        D:\IAR_Workspace\Concentrator_MBUS_485\Test\Debug\Obj\os_app_hooks.o
#        D:\IAR_Workspace\Concentrator_MBUS_485\Test\Debug\Obj\os_cfg_app.o
#        D:\IAR_Workspace\Concentrator_MBUS_485\Test\Debug\Obj\os_core.o
#        D:\IAR_Workspace\Concentrator_MBUS_485\Test\Debug\Obj\os_cpu_a.o
#        D:\IAR_Workspace\Concentrator_MBUS_485\Test\Debug\Obj\os_cpu_c.o
#        D:\IAR_Workspace\Concentrator_MBUS_485\Test\Debug\Obj\os_dbg.o
#        D:\IAR_Workspace\Concentrator_MBUS_485\Test\Debug\Obj\os_flag.o
#        D:\IAR_Workspace\Concentrator_MBUS_485\Test\Debug\Obj\os_int.o
#        D:\IAR_Workspace\Concentrator_MBUS_485\Test\Debug\Obj\os_mem.o
#        D:\IAR_Workspace\Concentrator_MBUS_485\Test\Debug\Obj\os_msg.o
#        D:\IAR_Workspace\Concentrator_MBUS_485\Test\Debug\Obj\os_mutex.o
#        D:\IAR_Workspace\Concentrator_MBUS_485\Test\Debug\Obj\os_pend_multi.o
#        D:\IAR_Workspace\Concentrator_MBUS_485\Test\Debug\Obj\os_prio.o
#        D:\IAR_Workspace\Concentrator_MBUS_485\Test\Debug\Obj\os_q.o
#        D:\IAR_Workspace\Concentrator_MBUS_485\Test\Debug\Obj\os_sem.o
#        D:\IAR_Workspace\Concentrator_MBUS_485\Test\Debug\Obj\os_stat.o
#        D:\IAR_Workspace\Concentrator_MBUS_485\Test\Debug\Obj\os_task.o
#        D:\IAR_Workspace\Concentrator_MBUS_485\Test\Debug\Obj\os_tick.o
#        D:\IAR_Workspace\Concentrator_MBUS_485\Test\Debug\Obj\os_time.o
#        D:\IAR_Workspace\Concentrator_MBUS_485\Test\Debug\Obj\os_tmr.o
#        D:\IAR_Workspace\Concentrator_MBUS_485\Test\Debug\Obj\os_var.o
#        D:\IAR_Workspace\Concentrator_MBUS_485\Test\Debug\Obj\serial.o
#        D:\IAR_Workspace\Concentrator_MBUS_485\Test\Debug\Obj\sim800g.o
#        D:\IAR_Workspace\Concentrator_MBUS_485\Test\Debug\Obj\spi_flash.o
#        D:\IAR_Workspace\Concentrator_MBUS_485\Test\Debug\Obj\startup_stm32f10x_md.o
#        D:\IAR_Workspace\Concentrator_MBUS_485\Test\Debug\Obj\stm32f10x_adc.o
#        D:\IAR_Workspace\Concentrator_MBUS_485\Test\Debug\Obj\stm32f10x_bkp.o
#        D:\IAR_Workspace\Concentrator_MBUS_485\Test\Debug\Obj\stm32f10x_can.o
#        D:\IAR_Workspace\Concentrator_MBUS_485\Test\Debug\Obj\stm32f10x_cec.o
#        D:\IAR_Workspace\Concentrator_MBUS_485\Test\Debug\Obj\stm32f10x_crc.o
#        D:\IAR_Workspace\Concentrator_MBUS_485\Test\Debug\Obj\stm32f10x_dac.o
#        D:\IAR_Workspace\Concentrator_MBUS_485\Test\Debug\Obj\stm32f10x_dbgmcu.o
#        D:\IAR_Workspace\Concentrator_MBUS_485\Test\Debug\Obj\stm32f10x_dma.o
#        D:\IAR_Workspace\Concentrator_MBUS_485\Test\Debug\Obj\stm32f10x_exti.o
#        D:\IAR_Workspace\Concentrator_MBUS_485\Test\Debug\Obj\stm32f10x_flash.o
#        D:\IAR_Workspace\Concentrator_MBUS_485\Test\Debug\Obj\stm32f10x_fsmc.o
#        D:\IAR_Workspace\Concentrator_MBUS_485\Test\Debug\Obj\stm32f10x_gpio.o
#        D:\IAR_Workspace\Concentrator_MBUS_485\Test\Debug\Obj\stm32f10x_i2c.o
#        D:\IAR_Workspace\Concentrator_MBUS_485\Test\Debug\Obj\stm32f10x_it.o
#        D:\IAR_Workspace\Concentrator_MBUS_485\Test\Debug\Obj\stm32f10x_iwdg.o
#        D:\IAR_Workspace\Concentrator_MBUS_485\Test\Debug\Obj\stm32f10x_pwr.o
#        D:\IAR_Workspace\Concentrator_MBUS_485\Test\Debug\Obj\stm32f10x_rcc.o
#        D:\IAR_Workspace\Concentrator_MBUS_485\Test\Debug\Obj\stm32f10x_rtc.o
#        D:\IAR_Workspace\Concentrator_MBUS_485\Test\Debug\Obj\stm32f10x_sdio.o
#        D:\IAR_Workspace\Concentrator_MBUS_485\Test\Debug\Obj\stm32f10x_spi.o
#        D:\IAR_Workspace\Concentrator_MBUS_485\Test\Debug\Obj\stm32f10x_tim.o
#        D:\IAR_Workspace\Concentrator_MBUS_485\Test\Debug\Obj\stm32f10x_usart.o
#        D:\IAR_Workspace\Concentrator_MBUS_485\Test\Debug\Obj\stm32f10x_wwdg.o
#        D:\IAR_Workspace\Concentrator_MBUS_485\Test\Debug\Obj\system_stm32f10x.o
#        D:\IAR_Workspace\Concentrator_MBUS_485\Test\Debug\Obj\tasks.o
#        D:\IAR_Workspace\Concentrator_MBUS_485\Test\Debug\Obj\timestamp.o -o
#        D:\IAR_Workspace\Concentrator_MBUS_485\Test\Debug\Exe\Test.out --map
#        D:\IAR_Workspace\Concentrator_MBUS_485\Test\Debug\List\Test.map
#        --config D:\IAR_Workspace\Concentrator_MBUS_485\Test\Test.icf
#        --semihosting --entry __iar_program_start --vfe
#
###############################################################################

*******************************************************************************
*** RUNTIME MODEL ATTRIBUTES
***

CppFlavor       = *
__SystemLibrary = DLib


*******************************************************************************
*** PLACEMENT SUMMARY
***

"A1":  place at 0x08000000 { ro section .intvec };
"P1":  place in [from 0x08000000 to 0x0801ffff] { ro };
"P2":  place in [from 0x20000000 to 0x20004fff] { rw, block CSTACK, block HEAP };

  Section             Kind        Address    Size  Object
  -------             ----        -------    ----  ------
"A1":                                        0xec
  .intvec             ro code  0x08000000    0xec  startup_stm32f10x_md.o [1]
                             - 0x080000ec    0xec

"P1":                                      0xbbc4
  .text               ro code  0x080000ec  0x3e5c  tasks.o [1]
  .text               ro code  0x08003f48   0x384  os_q.o [1]
  .text               ro code  0x080042cc   0x180  os_mem.o [1]
  .text               ro code  0x0800444c   0x11c  lib_mem.o [1]
  .text               ro code  0x08004568   0x400  serial.o [1]
  .text               ro code  0x08004968   0x302  os_sem.o [1]
  .text               ro code  0x08004c6a    0x2e  copy_init3.o [5]
  .text               ro code  0x08004c98   0x28c  os_time.o [1]
  .text               ro code  0x08004f24   0x7a0  sim800g.o [1]
  .text               ro code  0x080056c4   0x21e  lib_str.o [1]
  .text               ro code  0x080058e2    0x22  zero_init3.o [5]
  CODE                ro code  0x08005904   0x220  lib_mem_a.o [1]
  CODE                ro code  0x08005b24    0x34  cpu_a.o [1]
  .text               ro code  0x08005b58   0x1c4  stm32f10x_gpio.o [1]
  .text               ro code  0x08005d1c   0x918  spi_flash.o [1]
  .text               ro code  0x08006634   0x3d0  os_mutex.o [1]
  .text               ro code  0x08006a04    0x34  sprintf.o [3]
  .text               ro code  0x08006a38   0x6aa  os_flag.o [1]
  .text               ro code  0x080070e2     0xa  xsprout.o [3]
  .text               ro code  0x080070ec   0x1fc  os_msg.o [1]
  .text               ro code  0x080072e8   0x988  os_core.o [1]
  .text               ro code  0x08007c70    0x3c  timestamp.o [1]
  .text               ro code  0x08007cac   0x17e  stm32f10x_usart.o [1]
  .rodata             const    0x08007e2a     0x2  os_cfg_app.o [1]
  .text               ro code  0x08007e2c    0xc8  stm32f10x_exti.o [1]
  .text               ro code  0x08007ef4   0x418  os_tick.o [1]
  .text               ro code  0x0800830c   0x1d8  os_cpu_c.o [1]
  .text               ro code  0x080084e4   0x694  os_task.o [1]
  .text               ro code  0x08008b78     0x8  atoi.o [3]
  .text               ro code  0x08008b80    0xa4  stm32f10x_spi.o [1]
  .text               ro code  0x08008c24    0x88  os_prio.o [1]
  .text               ro code  0x08008cac   0xd86  xprintffull_nomb.o [3]
  .rodata             const    0x08009a32     0x2  os_cfg_app.o [1]
  .text               ro code  0x08009a34   0x2dc  os_tmr.o [1]
  .text               ro code  0x08009d10    0xac  os_cfg_app.o [1]
  CODE                ro code  0x08009dbc    0x84  os_cpu_a.o [1]
  .text               ro code  0x08009e40   0x4e6  bsp.o [1]
  .rodata             const    0x0800a326     0x2  os_cfg_app.o [1]
  .text               ro code  0x0800a328    0x4c  cpu_core.o [1]
  .text               ro code  0x0800a374   0x258  stm32f10x_rcc.o [1]
  .text               ro code  0x0800a5cc   0x19c  xstoul.o [3]
  .text               ro code  0x0800a768    0x16  strchr.o [5]
  .rodata             const    0x0800a77e     0x1  os_cfg_app.o [1]
  .rodata             const    0x0800a77f     0x1  os_cfg_app.o [1]
  .text               ro code  0x0800a780    0x36  strlen.o [5]
  .text               ro code  0x0800a7b8    0x58  memchr.o [5]
  .text               ro code  0x0800a810    0xee  I64DivMod.o [5]
  .text               ro code  0x0800a900    0x76  ABImemcpy_unaligned.o [5]
  .text               ro code  0x0800a976    0x42  xdnorm.o [4]
  .text               ro code  0x0800a9b8    0x2e  DblCmpLe.o [4]
  .text               ro code  0x0800a9e8    0x2e  DblCmpGe.o [4]
  .text               ro code  0x0800aa18   0x10c  xdscale.o [4]
  .text               ro code  0x0800ab24    0x58  DblToI32.o [4]
  .text               ro code  0x0800ab7c    0x30  I32ToDbl.o [4]
  .text               ro code  0x0800abac   0x180  DblSub.o [4]
  .text               ro code  0x0800ad2c   0x1a2  DblMul.o [4]
  .text               ro code  0x0800aed0   0x246  DblDiv.o [4]
  .text               ro code  0x0800b116     0xe  div.o [3]
  .text               ro code  0x0800b124    0x3c  stm32f10x_flash.o [1]
  .text               ro code  0x0800b160    0x80  misc.o [1]
  .text               ro code  0x0800b1e0    0x2c  stm32f10x_iwdg.o [1]
  .text               ro code  0x0800b20c     0xc  errno.o [3]
  .text               ro code  0x0800b218     0x2  I64DivZer.o [5]
  .text               ro code  0x0800b21c    0xd4  DblAdd.o [4]
  .text               ro code  0x0800b2f0     0x2  xtls.o [3]
  .text               ro code  0x0800b2f4   0x4e4  main.o [1]
  .text               ro code  0x0800b7d8    0x6e  system_stm32f10x.o [1]
  .text               ro code  0x0800b846    0x36  stm32f10x_it.o [1]
  .text               ro code  0x0800b87c    0x28  data_init.o [5]
  .iar.init_table     const    0x0800b8a4    0x24  - Linker created -
  .text               ro code  0x0800b8c8    0x1a  cmain.o [5]
  .text               ro code  0x0800b8e2     0x4  low_level_init.o [3]
  .text               ro code  0x0800b8e6     0x4  exit.o [3]
  .text               ro code  0x0800b8ec     0xa  cexit.o [5]
  .text               ro code  0x0800b8f8    0x14  exit.o [6]
  .rodata             const    0x0800b90c    0x18  os_tmr.o [1]
  .rodata             const    0x0800b924    0x18  sim800g.o [1]
  .rodata             const    0x0800b93c    0x18  sim800g.o [1]
  .rodata             const    0x0800b954    0x14  os_core.o [1]
  .rodata             const    0x0800b968    0x14  os_tick.o [1]
  .rodata             const    0x0800b97c    0x14  sim800g.o [1]
  .rodata             const    0x0800b990    0x10  sim800g.o [1]
  .rodata             const    0x0800b9a0    0x10  sim800g.o [1]
  .text               ro code  0x0800b9b0    0x10  startup_stm32f10x_md.o [1]
  .rodata             const    0x0800b9c0     0xc  main.o [1]
  .rodata             const    0x0800b9cc     0xc  main.o [1]
  .rodata             const    0x0800b9d8     0xc  main.o [1]
  .rodata             const    0x0800b9e4     0xc  sim800g.o [1]
  .rodata             const    0x0800b9f0     0xc  sim800g.o [1]
  .rodata             const    0x0800b9fc     0xc  sim800g.o [1]
  .rodata             const    0x0800ba08     0xc  sim800g.o [1]
  .rodata             const    0x0800ba14     0xc  sim800g.o [1]
  .rodata             const    0x0800ba20     0xc  sim800g.o [1]
  .rodata             const    0x0800ba2c     0xc  sim800g.o [1]
  .rodata             const    0x0800ba38     0xc  sim800g.o [1]
  .rodata             const    0x0800ba44     0xc  sim800g.o [1]
  .text               ro code  0x0800ba50     0xc  cstartup_M.o [5]
  .rodata             const    0x0800ba5c     0x8  main.o [1]
  .rodata             const    0x0800ba64     0x8  main.o [1]
  .rodata             const    0x0800ba6c     0x8  main.o [1]
  .rodata             const    0x0800ba74     0x8  main.o [1]
  .rodata             const    0x0800ba7c     0x8  main.o [1]
  .rodata             const    0x0800ba84     0x8  main.o [1]
  .rodata             const    0x0800ba8c     0x8  main.o [1]
  .rodata             const    0x0800ba94     0x8  main.o [1]
  .rodata             const    0x0800ba9c     0x8  main.o [1]
  .rodata             const    0x0800baa4     0x8  main.o [1]
  .rodata             const    0x0800baac     0x8  main.o [1]
  .rodata             const    0x0800bab4     0x8  main.o [1]
  .rodata             const    0x0800babc     0x8  main.o [1]
  .rodata             const    0x0800bac4     0x8  main.o [1]
  .rodata             const    0x0800bacc     0x8  main.o [1]
  .rodata             const    0x0800bad4     0x8  os_task.o [1]
  .rodata             const    0x0800badc     0x8  sim800g.o [1]
  .rodata             const    0x0800bae4     0x8  sim800g.o [1]
  .rodata             const    0x0800baec     0x8  sim800g.o [1]
  .rodata             const    0x0800baf4     0x8  tasks.o [1]
  .rodata             const    0x0800bafc     0x8  tasks.o [1]
  .rodata             const    0x0800bb04     0x8  tasks.o [1]
  .rodata             const    0x0800bb0c     0x8  tasks.o [1]
  .rodata             const    0x0800bb14     0x8  tasks.o [1]
  .rodata             const    0x0800bb1c     0x4  os_cfg_app.o [1]
  .rodata             const    0x0800bb20     0x4  os_cfg_app.o [1]
  .rodata             const    0x0800bb24     0x4  os_cfg_app.o [1]
  .rodata             const    0x0800bb28     0x4  os_cfg_app.o [1]
  .rodata             const    0x0800bb2c     0x4  os_cfg_app.o [1]
  .rodata             const    0x0800bb30     0x4  os_cfg_app.o [1]
  .rodata             const    0x0800bb34     0x4  os_cfg_app.o [1]
  .rodata             const    0x0800bb38     0x4  os_cfg_app.o [1]
  .rodata             const    0x0800bb3c     0x4  os_cfg_app.o [1]
  .rodata             const    0x0800bb40     0x4  os_cfg_app.o [1]
  .rodata             const    0x0800bb44     0x4  os_cfg_app.o [1]
  .rodata             const    0x0800bb48     0x4  os_cfg_app.o [1]
  .rodata             const    0x0800bb4c     0x4  os_cfg_app.o [1]
  .rodata             const    0x0800bb50     0x4  os_cfg_app.o [1]
  .rodata             const    0x0800bb54     0x4  os_cfg_app.o [1]
  .rodata             const    0x0800bb58     0x4  os_cfg_app.o [1]
  .rodata             const    0x0800bb5c     0x4  os_cfg_app.o [1]
  .rodata             const    0x0800bb60     0x4  os_cfg_app.o [1]
  .rodata             const    0x0800bb64     0x4  os_cfg_app.o [1]
  .rodata             const    0x0800bb68     0x4  os_cfg_app.o [1]
  .rodata             const    0x0800bb6c     0x4  os_cfg_app.o [1]
  .rodata             const    0x0800bb70     0x4  os_cfg_app.o [1]
  .rodata             const    0x0800bb74     0x4  os_cfg_app.o [1]
  .rodata             const    0x0800bb78     0x4  sim800g.o [1]
  .text               ro code  0x0800bb7c     0x4  startup_stm32f10x_md.o [1]
  .text               ro code  0x0800bb80     0x4  startup_stm32f10x_md.o [1]
  .text               ro code  0x0800bb84     0x4  startup_stm32f10x_md.o [1]
  .text               ro code  0x0800bb88     0x4  startup_stm32f10x_md.o [1]
  .text               ro code  0x0800bb8c     0x4  startup_stm32f10x_md.o [1]
  .text               ro code  0x0800bb90     0x4  startup_stm32f10x_md.o [1]
  .text               ro code  0x0800bb94     0x4  startup_stm32f10x_md.o [1]
  .text               ro code  0x0800bb98     0x4  startup_stm32f10x_md.o [1]
  .text               ro code  0x0800bb9c     0x4  startup_stm32f10x_md.o [1]
  .text               ro code  0x0800bba0     0x4  startup_stm32f10x_md.o [1]
  .text               ro code  0x0800bba4     0x4  startup_stm32f10x_md.o [1]
  .text               ro code  0x0800bba8     0x4  startup_stm32f10x_md.o [1]
  .text               ro code  0x0800bbac     0x4  startup_stm32f10x_md.o [1]
  .text               ro code  0x0800bbb0     0x4  startup_stm32f10x_md.o [1]
  .text               ro code  0x0800bbb4     0x4  startup_stm32f10x_md.o [1]
  .text               ro code  0x0800bbb8     0x4  startup_stm32f10x_md.o [1]
  .text               ro code  0x0800bbbc     0x4  startup_stm32f10x_md.o [1]
  .text               ro code  0x0800bbc0     0x4  startup_stm32f10x_md.o [1]
  .text               ro code  0x0800bbc4     0x4  startup_stm32f10x_md.o [1]
  .text               ro code  0x0800bbc8     0x4  startup_stm32f10x_md.o [1]
  .text               ro code  0x0800bbcc     0x4  startup_stm32f10x_md.o [1]
  .text               ro code  0x0800bbd0     0x4  startup_stm32f10x_md.o [1]
  .text               ro code  0x0800bbd4     0x4  startup_stm32f10x_md.o [1]
  .text               ro code  0x0800bbd8     0x4  startup_stm32f10x_md.o [1]
  .text               ro code  0x0800bbdc     0x4  startup_stm32f10x_md.o [1]
  .text               ro code  0x0800bbe0     0x4  startup_stm32f10x_md.o [1]
  .text               ro code  0x0800bbe4     0x4  startup_stm32f10x_md.o [1]
  .text               ro code  0x0800bbe8     0x4  startup_stm32f10x_md.o [1]
  .text               ro code  0x0800bbec     0x4  startup_stm32f10x_md.o [1]
  .text               ro code  0x0800bbf0     0x4  startup_stm32f10x_md.o [1]
  .text               ro code  0x0800bbf4     0x4  startup_stm32f10x_md.o [1]
  .text               ro code  0x0800bbf8     0x4  startup_stm32f10x_md.o [1]
  .text               ro code  0x0800bbfc     0x4  startup_stm32f10x_md.o [1]
  .text               ro code  0x0800bc00     0x4  startup_stm32f10x_md.o [1]
  .text               ro code  0x0800bc04     0x4  startup_stm32f10x_md.o [1]
  .text               ro code  0x0800bc08     0x4  startup_stm32f10x_md.o [1]
  .text               ro code  0x0800bc0c     0x4  startup_stm32f10x_md.o [1]
  .text               ro code  0x0800bc10     0x4  startup_stm32f10x_md.o [1]
  .text               ro code  0x0800bc14     0x4  startup_stm32f10x_md.o [1]
  .rodata             const    0x0800bc18     0x0  zero_init3.o [5]
  .rodata             const    0x0800bc18     0x0  copy_init3.o [5]
  Initializer bytes   ro data  0x0800bc18    0x98  <for P2 s0>
                             - 0x0800bcb0  0xbbc4

"P2", part 1 of 3:                           0x98
  P2 s0                        0x20000000    0x98  <Init block>
    .data             inited   0x20000000    0x50  sim800g.o [1]
    .data             inited   0x20000050    0x14  sim800g.o [1]
    .data             inited   0x20000064    0x10  stm32f10x_rcc.o [1]
    .data             inited   0x20000074     0x8  sim800g.o [1]
    .data             inited   0x2000007c     0x8  sim800g.o [1]
    .data             inited   0x20000084     0x4  stm32f10x_rcc.o [1]
    .data             inited   0x20000088     0x4  tasks.o [1]
    __DLIB_PERTHREAD  inited   0x2000008c     0x4  errno.o [3]
    .data             inited   0x20000090     0x2  sim800g.o [1]
    .data             inited   0x20000092     0x1  main.o [1]
    .data             inited   0x20000093     0x1  main.o [1]
    .data             inited   0x20000094     0x1  sim800g.o [1]
    .data             inited   0x20000095     0x1  sim800g.o [1]
    .data             inited   0x20000096     0x1  sim800g.o [1]
    .data             inited   0x20000097     0x1  sim800g.o [1]
                             - 0x20000098    0x98

"P2", part 2 of 3:                         0x4c60
  .bss                zero     0x20000098  0x1000  main.o [1]
  .bss                zero     0x20001098   0x640  os_cfg_app.o [1]
  .bss                zero     0x200016d8   0x600  main.o [1]
  .bss                zero     0x20001cd8   0x600  main.o [1]
  .bss                zero     0x200022d8   0x600  main.o [1]
  .bss                zero     0x200028d8   0x200  main.o [1]
  .bss                zero     0x20002ad8   0x200  main.o [1]
  .bss                zero     0x20002cd8   0x200  main.o [1]
  .bss                zero     0x20002ed8   0x200  main.o [1]
  .bss                zero     0x200030d8   0x200  main.o [1]
  .bss                zero     0x200032d8   0x200  main.o [1]
  .bss                zero     0x200034d8   0x200  main.o [1]
  .bss                zero     0x200036d8   0x200  os_cfg_app.o [1]
  .bss                zero     0x200038d8   0x200  os_cfg_app.o [1]
  .bss                zero     0x20003ad8   0x200  os_cfg_app.o [1]
  .bss                zero     0x20003cd8   0x200  os_cfg_app.o [1]
  .bss                zero     0x20003ed8   0x180  os_var.o [1]
  .bss                zero     0x20004058    0xb4  main.o [1]
  .bss                zero     0x2000410c    0xb4  main.o [1]
  .bss                zero     0x200041c0    0xb4  main.o [1]
  .bss                zero     0x20004274    0xb4  main.o [1]
  .bss                zero     0x20004328    0xb4  main.o [1]
  .bss                zero     0x200043dc    0xb4  main.o [1]
  .bss                zero     0x20004490    0xb4  main.o [1]
  .bss                zero     0x20004544    0xb4  main.o [1]
  .bss                zero     0x200045f8    0xb4  main.o [1]
  .bss                zero     0x200046ac    0xb4  os_var.o [1]
  .bss                zero     0x20004760    0xb4  os_var.o [1]
  .bss                zero     0x20004814    0xb4  os_var.o [1]
  .bss                zero     0x200048c8    0x88  os_cfg_app.o [1]
  .bss                zero     0x20004950    0x88  os_cfg_app.o [1]
  .bss                zero     0x200049d8    0x78  main.o [1]
  .bss                zero     0x20004a50    0x24  main.o [1]
  .bss                zero     0x20004a74    0x24  main.o [1]
  .bss                zero     0x20004a98    0x24  main.o [1]
  .bss                zero     0x20004abc    0x24  main.o [1]
  .bss                zero     0x20004ae0    0x24  main.o [1]
  .bss                zero     0x20004b04    0x20  main.o [1]
  .bss                zero     0x20004b24    0x20  main.o [1]
  .bss                zero     0x20004b44    0x1c  main.o [1]
  .bss                zero     0x20004b60    0x1c  main.o [1]
  .bss                zero     0x20004b7c    0x1c  main.o [1]
  .bss                zero     0x20004b98    0x1c  main.o [1]
  .bss                zero     0x20004bb4    0x1c  main.o [1]
  .bss                zero     0x20004bd0    0x1c  main.o [1]
  .bss                zero     0x20004bec    0x1c  main.o [1]
  .bss                zero     0x20004c08    0x1c  main.o [1]
  .bss                zero     0x20004c24    0x18  main.o [1]
  .bss                zero     0x20004c3c    0x18  main.o [1]
  .bss                zero     0x20004c54    0x10  cpu_core.o [1]
  .bss                zero     0x20004c64     0xc  os_var.o [1]
  .bss                zero     0x20004c70     0x4  cpu_core.o [1]
  .bss                zero     0x20004c74     0x4  os_cpu_c.o [1]
  .bss                zero     0x20004c78     0x4  os_prio.o [1]
  .bss                zero     0x20004c7c     0x4  os_var.o [1]
  .bss                zero     0x20004c80     0x4  os_var.o [1]
  .bss                zero     0x20004c84     0x4  os_var.o [1]
  .bss                zero     0x20004c88     0x4  os_var.o [1]
  .bss                zero     0x20004c8c     0x4  os_var.o [1]
  .bss                zero     0x20004c90     0x4  os_var.o [1]
  .bss                zero     0x20004c94     0x4  os_var.o [1]
  .bss                zero     0x20004c98     0x4  os_var.o [1]
  .bss                zero     0x20004c9c     0x4  os_var.o [1]
  .bss                zero     0x20004ca0     0x4  os_var.o [1]
  .bss                zero     0x20004ca4     0x4  os_var.o [1]
  .bss                zero     0x20004ca8     0x4  os_var.o [1]
  .bss                zero     0x20004cac     0x4  os_var.o [1]
  .bss                zero     0x20004cb0     0x4  os_var.o [1]
  .bss                zero     0x20004cb4     0x4  os_var.o [1]
  .bss                zero     0x20004cb8     0x4  os_var.o [1]
  .bss                zero     0x20004cbc     0x4  os_var.o [1]
  .bss                zero     0x20004cc0     0x4  os_var.o [1]
  .bss                zero     0x20004cc4     0x4  tasks.o [1]
  .bss                zero     0x20004cc8     0x4  tasks.o [1]
  .bss                zero     0x20004ccc     0x4  tasks.o [1]
  .bss                zero     0x20004cd0     0x4  tasks.o [1]
  .bss                zero     0x20004cd4     0x2  os_var.o [1]
  .bss                zero     0x20004cd6     0x2  os_var.o [1]
  .bss                zero     0x20004cd8     0x2  os_var.o [1]
  .bss                zero     0x20004cda     0x2  os_var.o [1]
  .bss                zero     0x20004cdc     0x2  os_var.o [1]
  .bss                zero     0x20004cde     0x2  os_var.o [1]
  .bss                zero     0x20004ce0     0x1  main.o [1]
  .bss                zero     0x20004ce1     0x1  main.o [1]
  .bss                zero     0x20004ce2     0x1  main.o [1]
  .bss                zero     0x20004ce3     0x1  os_var.o [1]
  .bss                zero     0x20004ce4     0x1  os_var.o [1]
  .bss                zero     0x20004ce5     0x1  os_var.o [1]
  .bss                zero     0x20004ce6     0x1  os_var.o [1]
  .bss                zero     0x20004ce7     0x1  os_var.o [1]
  .bss                zero     0x20004ce8     0x1  os_var.o [1]
  .bss                zero     0x20004ce9     0x1  os_var.o [1]
  .bss                zero     0x20004cea     0x1  os_var.o [1]
  .bss                zero     0x20004ceb     0x1  tasks.o [1]
  .bss                zero     0x20004cec     0x1  tasks.o [1]
  .bss                zero     0x20004ced     0x1  tasks.o [1]
  .bss                zero     0x20004cee     0x1  tasks.o [1]
  .bss                zero     0x20004cef     0x1  tasks.o [1]
  .bss                zero     0x20004cf0     0x1  tasks.o [1]
  .bss                zero     0x20004cf1     0x1  tasks.o [1]
                             - 0x20004cf2  0x4c5a

"P2", part 3 of 3:                          0x200
  CSTACK                       0x20004cf8   0x200  <Block>
    CSTACK            uninit   0x20004cf8   0x200  <Block tail>
                             - 0x20004ef8   0x200


*******************************************************************************
*** INIT TABLE
***

          Address     Size
          -------     ----
Zero (__iar_zero_init3)
    1 destination range, total size 0x4c5a:
          0x20000098  0x4c5a

Copy (__iar_copy_init3)
    1 source range, total size 0x98:
          0x0800bc18    0x98
    1 destination range, total size 0x98:
          0x20000000    0x98



*******************************************************************************
*** MODULE SUMMARY
***

    Module                  ro code  ro data  rw data
    ------                  -------  -------  -------
D:\IAR_Workspace\Concentrator_MBUS_485\Test\Debug\Obj: [1]
    bsp.o                     1 254
    cpu_a.o                      52
    cpu_core.o                   76                20
    lib_mem.o                   284
    lib_mem_a.o                 544
    lib_str.o                   542
    main.o                    1 252      158   14 549
    misc.o                      128
    os_cfg_app.o                172      100    3 920
    os_core.o                 2 440       20
    os_cpu_a.o                  132
    os_cpu_c.o                  472                 4
    os_flag.o                 1 706
    os_mem.o                    384
    os_msg.o                    508
    os_mutex.o                  976
    os_prio.o                   136                 4
    os_q.o                      900
    os_sem.o                    770
    os_task.o                 1 684        8
    os_tick.o                 1 048       20
    os_time.o                   652
    os_tmr.o                    732       24
    os_var.o                                    1 028
    serial.o                  1 024
    sim800g.o                 1 952      358      122
    spi_flash.o               2 328
    startup_stm32f10x_md.o      408
    stm32f10x_exti.o            200
    stm32f10x_flash.o            60
    stm32f10x_gpio.o            452
    stm32f10x_it.o               54
    stm32f10x_iwdg.o             44
    stm32f10x_rcc.o             600       20       20
    stm32f10x_spi.o             164
    stm32f10x_usart.o           382
    system_stm32f10x.o          110
    tasks.o                  15 964       44       27
    timestamp.o                  60
    -------------------------------------------------
    Total:                   40 646      752   19 694

command line: [2]
    -------------------------------------------------
    Total:

dl7M_tln.a: [3]
    atoi.o                        8
    div.o                        14
    errno.o                      12        4        4
    exit.o                        4
    low_level_init.o              4
    sprintf.o                    52
    xprintffull_nomb.o        3 462
    xsprout.o                    10
    xstoul.o                    412
    xtls.o                        2
    -------------------------------------------------
    Total:                    3 980        4        4

m7M_tl.a: [4]
    DblAdd.o                    212
    DblCmpGe.o                   46
    DblCmpLe.o                   46
    DblDiv.o                    582
    DblMul.o                    418
    DblSub.o                    384
    DblToI32.o                   88
    I32ToDbl.o                   48
    xdnorm.o                     66
    xdscale.o                   268
    -------------------------------------------------
    Total:                    2 158

rt7M_tl.a: [5]
    ABImemcpy_unaligned.o       118
    I64DivMod.o                 238
    I64DivZer.o                   2
    cexit.o                      10
    cmain.o                      26
    copy_init3.o                 46
    cstartup_M.o                 12
    data_init.o                  40
    memchr.o                     88
    strchr.o                     22
    strlen.o                     54
    zero_init3.o                 34
    -------------------------------------------------
    Total:                      690

shb_l.a: [6]
    exit.o                       20
    -------------------------------------------------
    Total:                       20

    Gaps                         18
    Linker created                        36      512
-----------------------------------------------------
    Grand Total:             47 512      792   20 210


*******************************************************************************
*** ENTRY LIST
***

Entry                      Address    Size  Type      Object
-----                      -------    ----  ----      ------
?main                   0x0800b8c9          Code  Gb  cmain.o [5]
ADCPrescTable           0x20000084     0x4  Data  Lc  stm32f10x_rcc.o [1]
APBAHBPrescTable        0x20000064    0x10  Data  Lc  stm32f10x_rcc.o [1]
BSP_CPU_ClkFreq         0x0800a317    0x10  Code  Gb  bsp.o [1]
BSP_GPIO_Init           0x08009ef1   0x200  Code  Gb  bsp.o [1]
BSP_IWDG_Init           0x0800a2fd    0x1a  Code  Gb  bsp.o [1]
BSP_Init                0x08009e41    0xb0  Code  Gb  bsp.o [1]
BSP_NVIC_Init           0x0800a209    0x6c  Code  Gb  bsp.o [1]
BSP_SPI_Init            0x0800a275    0x66  Code  Gb  bsp.o [1]
BSP_USART_Init          0x0800a0f1   0x118  Code  Gb  bsp.o [1]
BusFault_Handler        0x0800b84d     0x2  Code  Gb  stm32f10x_it.o [1]
CPU_CntLeadZeros        0x08005b43          Code  Gb  cpu_a.o [1]
CPU_CntTrailZeros       0x08005b49          Code  Gb  cpu_a.o [1]
CPU_Init                0x0800a329     0xc  Code  Gb  cpu_core.o [1]
CPU_IntDis              0x08005b25          Code  Gb  cpu_a.o [1]
CPU_IntEn               0x08005b29          Code  Gb  cpu_a.o [1]
CPU_Name                0x20004c54    0x10  Data  Gb  cpu_core.o [1]
CPU_NameClr             0x0800a335    0x1a  Code  Gb  cpu_core.o [1]
CPU_NameInit            0x0800a355     0x8  Code  Lc  cpu_core.o [1]
CPU_RevBits             0x08005b53          Code  Gb  cpu_a.o [1]
CPU_SR_Restore          0x08005b35          Code  Gb  cpu_a.o [1]
CPU_SR_Save             0x08005b2d          Code  Gb  cpu_a.o [1]
CPU_TS_Init             0x0800a35d     0xe  Code  Lc  cpu_core.o [1]
CPU_TS_TmrFreqSet       0x0800a34f     0x6  Code  Gb  cpu_core.o [1]
CPU_TS_TmrFreq_Hz       0x20004c70     0x4  Data  Gb  cpu_core.o [1]
CPU_TS_TmrInit          0x08007c71    0x2a  Code  Gb  timestamp.o [1]
CPU_TS_TmrRd            0x08007c9b     0x6  Code  Gb  timestamp.o [1]
CPU_WaitForExcept       0x08005b3f          Code  Gb  cpu_a.o [1]
CPU_WaitForInt          0x08005b3b          Code  Gb  cpu_a.o [1]
CSTACK$$Base            0x20004cf8           --   Gb  - Linker created -
CSTACK$$Limit           0x20004ef8           --   Gb  - Linker created -
DebugMon_Handler        0x0800b853     0x2  Code  Gb  stm32f10x_it.o [1]
Device_Cmd              0x080055c5    0x9c  Code  Gb  sim800g.o [1]
Device_Read             0x080048db    0x34  Code  Gb  serial.o [1]
EXTI0_IRQHandler        0x0800b875     0x8  Code  Gb  stm32f10x_it.o [1]
EXTI_ClearITPendingBit  0x08007ed9     0x6  Code  Gb  stm32f10x_exti.o [1]
EXTI_GetITStatus        0x08007eb5    0x24  Code  Gb  stm32f10x_exti.o [1]
EXTI_Init               0x08007e2d    0x88  Code  Gb  stm32f10x_exti.o [1]
FLAG_Event              0x20004c08    0x1c  Data  Gb  main.o [1]
FLASH_PrefetchBufferCmd
                        0x0800b13d    0x20  Code  Gb  stm32f10x_flash.o [1]
FLASH_SetLatency        0x0800b125    0x18  Code  Gb  stm32f10x_flash.o [1]
GPIO_EXTILineConfig     0x08005cc1    0x50  Code  Gb  stm32f10x_gpio.o [1]
GPIO_Init               0x08005b59    0xc8  Code  Gb  stm32f10x_gpio.o [1]
GPIO_PinRemapConfig     0x08005c43    0x7e  Code  Gb  stm32f10x_gpio.o [1]
GPIO_ReadInputDataBit   0x08005c21    0x16  Code  Gb  stm32f10x_gpio.o [1]
GPIO_ResetBits          0x08005c3d     0x6  Code  Gb  stm32f10x_gpio.o [1]
GPIO_SetBits            0x08005c37     0x6  Code  Gb  stm32f10x_gpio.o [1]
GetFlash                0x08006275   0x12e  Code  Gb  spi_flash.o [1]
HardFault_Handler       0x0800b849     0x2  Code  Gb  stm32f10x_it.o [1]
IWDG_Enable             0x0800b1fb     0xa  Code  Gb  stm32f10x_iwdg.o [1]
IWDG_ReloadCounter      0x0800b1f1     0xa  Code  Gb  stm32f10x_iwdg.o [1]
IWDG_SetPrescaler       0x0800b1e9     0x8  Code  Gb  stm32f10x_iwdg.o [1]
IWDG_WriteAccessCmd     0x0800b1e1     0x8  Code  Gb  stm32f10x_iwdg.o [1]
MEM_Buf                 0x20004c24    0x18  Data  Gb  main.o [1]
MEM_ISR                 0x20004c3c    0x18  Data  Gb  main.o [1]
MUTEX_CONFIGFLASH       0x20004b04    0x20  Data  Gb  main.o [1]
MUTEX_SENDSERVER        0x20004b24    0x20  Data  Gb  main.o [1]
MemManage_Handler       0x0800b84b     0x2  Code  Gb  stm32f10x_it.o [1]
Mem_Clr                 0x0800444d     0xc  Code  Gb  lib_mem.o [1]
Mem_Cmp                 0x080044b3    0xb6  Code  Gb  lib_mem.o [1]
Mem_Copy                0x08005905          Code  Gb  lib_mem_a.o [1]
Mem_Set                 0x08004459    0x5a  Code  Gb  lib_mem.o [1]
NMI_Handler             0x0800b847     0x2  Code  Gb  stm32f10x_it.o [1]
NVIC_Init               0x0800b16b    0x62  Code  Gb  misc.o [1]
NVIC_PriorityGroupConfig
                        0x0800b161     0xa  Code  Gb  misc.o [1]
OSCfg_DataSizeRAM       0x0800bb74     0x4  Data  Gb  os_cfg_app.o [1]
OSCfg_ISRStk            0x200038d8   0x200  Data  Gb  os_cfg_app.o [1]
OSCfg_ISRStkBasePtr     0x0800bb2c     0x4  Data  Gb  os_cfg_app.o [1]
OSCfg_ISRStkSize        0x0800bb30     0x4  Data  Gb  os_cfg_app.o [1]
OSCfg_ISRStkSizeRAM     0x0800bb34     0x4  Data  Gb  os_cfg_app.o [1]
OSCfg_IdleTaskStk       0x200036d8   0x200  Data  Gb  os_cfg_app.o [1]
OSCfg_IdleTaskStkBasePtr
                        0x0800bb1c     0x4  Data  Gb  os_cfg_app.o [1]
OSCfg_IdleTaskStkLimit  0x0800bb20     0x4  Data  Gb  os_cfg_app.o [1]
OSCfg_IdleTaskStkSize   0x0800bb24     0x4  Data  Gb  os_cfg_app.o [1]
OSCfg_IdleTaskStkSizeRAM
                        0x0800bb28     0x4  Data  Gb  os_cfg_app.o [1]
OSCfg_Init              0x08009d11    0xac  Code  Gb  os_cfg_app.o [1]
OSCfg_MsgPool           0x20001098   0x640  Data  Gb  os_cfg_app.o [1]
OSCfg_MsgPoolBasePtr    0x0800bb3c     0x4  Data  Gb  os_cfg_app.o [1]
OSCfg_MsgPoolSize       0x08007e2a     0x2  Data  Gb  os_cfg_app.o [1]
OSCfg_MsgPoolSizeRAM    0x0800bb38     0x4  Data  Gb  os_cfg_app.o [1]
OSCfg_StkSizeMin        0x0800bb40     0x4  Data  Gb  os_cfg_app.o [1]
OSCfg_TickRate_Hz       0x0800bb44     0x4  Data  Gb  os_cfg_app.o [1]
OSCfg_TickTaskPrio      0x0800a77e     0x1  Data  Gb  os_cfg_app.o [1]
OSCfg_TickTaskStk       0x20003ad8   0x200  Data  Gb  os_cfg_app.o [1]
OSCfg_TickTaskStkBasePtr
                        0x0800bb48     0x4  Data  Gb  os_cfg_app.o [1]
OSCfg_TickTaskStkLimit  0x0800bb4c     0x4  Data  Gb  os_cfg_app.o [1]
OSCfg_TickTaskStkSize   0x0800bb50     0x4  Data  Gb  os_cfg_app.o [1]
OSCfg_TickTaskStkSizeRAM
                        0x0800bb54     0x4  Data  Gb  os_cfg_app.o [1]
OSCfg_TickWheel         0x200048c8    0x88  Data  Gb  os_cfg_app.o [1]
OSCfg_TickWheelSize     0x08009a32     0x2  Data  Gb  os_cfg_app.o [1]
OSCfg_TickWheelSizeRAM  0x0800bb58     0x4  Data  Gb  os_cfg_app.o [1]
OSCfg_TmrTaskPrio       0x0800a77f     0x1  Data  Gb  os_cfg_app.o [1]
OSCfg_TmrTaskRate_Hz    0x0800bb5c     0x4  Data  Gb  os_cfg_app.o [1]
OSCfg_TmrTaskStk        0x20003cd8   0x200  Data  Gb  os_cfg_app.o [1]
OSCfg_TmrTaskStkBasePtr
                        0x0800bb60     0x4  Data  Gb  os_cfg_app.o [1]
OSCfg_TmrTaskStkLimit   0x0800bb64     0x4  Data  Gb  os_cfg_app.o [1]
OSCfg_TmrTaskStkSize    0x0800bb68     0x4  Data  Gb  os_cfg_app.o [1]
OSCfg_TmrTaskStkSizeRAM
                        0x0800bb6c     0x4  Data  Gb  os_cfg_app.o [1]
OSCfg_TmrWheel          0x20004950    0x88  Data  Gb  os_cfg_app.o [1]
OSCfg_TmrWheelSize      0x0800a326     0x2  Data  Gb  os_cfg_app.o [1]
OSCfg_TmrWheelSizeRAM   0x0800bb70     0x4  Data  Gb  os_cfg_app.o [1]
OSFlagCreate            0x08006a39    0x66  Code  Gb  os_flag.o [1]
OSFlagPend              0x08006a9f   0x40c  Code  Gb  os_flag.o [1]
OSFlagPost              0x08006eab    0x5e  Code  Gb  os_flag.o [1]
OSFlagQty               0x20004cd4     0x2  Data  Gb  os_var.o [1]
OSIdleTaskCtr           0x20004c98     0x4  Data  Gb  os_var.o [1]
OSIdleTaskHook          0x0800830d    0x12  Code  Gb  os_cpu_c.o [1]
OSIdleTaskTCB           0x200046ac    0xb4  Data  Gb  os_var.o [1]
OSInit                  0x080072e9   0x150  Code  Gb  os_core.o [1]
OSInitHook              0x0800831f    0x14  Code  Gb  os_cpu_c.o [1]
OSIntExit               0x08007439    0xc8  Code  Gb  os_core.o [1]
OSIntNestingCtr         0x20004ce3     0x1  Data  Gb  os_var.o [1]
OSMemCreate             0x080042cd    0xd0  Code  Gb  os_mem.o [1]
OSMemGet                0x0800439d    0x46  Code  Gb  os_mem.o [1]
OSMemPut                0x080043e3    0x50  Code  Gb  os_mem.o [1]
OSMemQty                0x20004cd6     0x2  Data  Gb  os_var.o [1]
OSMsgPool               0x20004c64     0xc  Data  Gb  os_var.o [1]
OSMutexCreate           0x08006635    0x68  Code  Gb  os_mutex.o [1]
OSMutexPend             0x0800669d   0x21c  Code  Gb  os_mutex.o [1]
OSMutexPost             0x080068b9   0x126  Code  Gb  os_mutex.o [1]
OSMutexQty              0x20004cd8     0x2  Data  Gb  os_var.o [1]
OSPrioCur               0x20004ce5     0x1  Data  Gb  os_var.o [1]
OSPrioHighRdy           0x20004ce6     0x1  Data  Gb  os_var.o [1]
OSPrioSaved             0x20004ce7     0x1  Data  Gb  os_var.o [1]
OSPrioTbl               0x20004c78     0x4  Data  Gb  os_prio.o [1]
OSQCreate               0x08003f49    0x7c  Code  Gb  os_q.o [1]
OSQPend                 0x08003fc5   0x1be  Code  Gb  os_q.o [1]
OSQPost                 0x08004183    0x84  Code  Gb  os_q.o [1]
OSQQty                  0x20004cda     0x2  Data  Gb  os_var.o [1]
OSRdyList               0x20003ed8   0x180  Data  Gb  os_var.o [1]
OSRunning               0x20004ce4     0x1  Data  Gb  os_var.o [1]
OSSched                 0x08007501    0x8e  Code  Gb  os_core.o [1]
OSSchedLock             0x0800758f    0x58  Code  Gb  os_core.o [1]
OSSchedLockNestingCtr   0x20004ce8     0x1  Data  Gb  os_var.o [1]
OSSchedRoundRobinDfltTimeQuanta
                        0x20004c9c     0x4  Data  Gb  os_var.o [1]
OSSchedRoundRobinEn     0x20004ce9     0x1  Data  Gb  os_var.o [1]
OSSchedUnlock           0x080075e7    0x72  Code  Gb  os_core.o [1]
OSSemCreate             0x08004969    0x66  Code  Gb  os_sem.o [1]
OSSemPend               0x080049cf   0x174  Code  Gb  os_sem.o [1]
OSSemPost               0x08004b43    0x60  Code  Gb  os_sem.o [1]
OSSemQty                0x20004cdc     0x2  Data  Gb  os_var.o [1]
OSStart                 0x08007659    0x64  Code  Gb  os_core.o [1]
OSStartHighRdy          0x08009dbd          Code  Gb  os_cpu_a.o [1]
OSTCBCurPtr             0x20004cbc     0x4  Data  Gb  os_var.o [1]
OSTCBHighRdyPtr         0x20004cc0     0x4  Data  Gb  os_var.o [1]
OSTaskCreate            0x080084e5   0x176  Code  Gb  os_task.o [1]
OSTaskCreateHook        0x08008333    0x12  Code  Gb  os_cpu_c.o [1]
OSTaskCtxSwCtr          0x20004ca0     0x4  Data  Gb  os_var.o [1]
OSTaskDel               0x0800865b    0xea  Code  Gb  os_task.o [1]
OSTaskDelHook           0x08008345    0x12  Code  Gb  os_cpu_c.o [1]
OSTaskQty               0x20004cde     0x2  Data  Gb  os_var.o [1]
OSTaskRegNextAvailID    0x20004cea     0x1  Data  Gb  os_var.o [1]
OSTaskReturnHook        0x08008357    0x12  Code  Gb  os_cpu_c.o [1]
OSTaskSemPend           0x08008745   0x1cc  Code  Gb  os_task.o [1]
OSTaskSemPost           0x08008911    0x34  Code  Gb  os_task.o [1]
OSTaskStkInit           0x08008369    0x80  Code  Gb  os_cpu_c.o [1]
OSTaskSwHook            0x080083e9    0x56  Code  Gb  os_cpu_c.o [1]
OSTickCtr               0x20004ca4     0x4  Data  Gb  os_var.o [1]
OSTickTaskTCB           0x20004760    0xb4  Data  Gb  os_var.o [1]
OSTickTaskTimeMax       0x20004ca8     0x4  Data  Gb  os_var.o [1]
OSTimeDly               0x08004c99    0xa0  Code  Gb  os_time.o [1]
OSTimeDlyHMSM           0x08004d39   0x178  Code  Gb  os_time.o [1]
OSTimeTick              0x08004eb1    0x4a  Code  Gb  os_time.o [1]
OSTimeTickHook          0x0800843f    0x12  Code  Gb  os_cpu_c.o [1]
OSTmrTaskTCB            0x20004814    0xb4  Data  Gb  os_var.o [1]
OSTmrTaskTimeMax        0x20004cac     0x4  Data  Gb  os_var.o [1]
OSTmrTickCtr            0x20004cb0     0x4  Data  Gb  os_var.o [1]
OSTmrUpdateCnt          0x20004cb4     0x4  Data  Gb  os_var.o [1]
OSTmrUpdateCtr          0x20004cb8     0x4  Data  Gb  os_var.o [1]
OS_AppIdleTaskHookPtr   0x20004c88     0x4  Data  Gb  os_var.o [1]
OS_AppStatTaskHookPtr   0x20004c8c     0x4  Data  Gb  os_var.o [1]
OS_AppTaskCreateHookPtr
                        0x20004c7c     0x4  Data  Gb  os_var.o [1]
OS_AppTaskDelHookPtr    0x20004c80     0x4  Data  Gb  os_var.o [1]
OS_AppTaskReturnHookPtr
                        0x20004c84     0x4  Data  Gb  os_var.o [1]
OS_AppTaskSwHookPtr     0x20004c90     0x4  Data  Gb  os_var.o [1]
OS_AppTimeTickHookPtr   0x20004c94     0x4  Data  Gb  os_var.o [1]
OS_CPU_ExceptStkBase    0x20004c74     0x4  Data  Gb  os_cpu_c.o [1]
OS_CPU_SysTickHandler   0x08008451    0x24  Code  Gb  os_cpu_c.o [1]
OS_CPU_SysTickInit      0x08008475    0x2c  Code  Gb  os_cpu_c.o [1]
OS_FlagBlock            0x08006f09    0x26  Code  Gb  os_flag.o [1]
OS_FlagInit             0x08006f2f     0xc  Code  Gb  os_flag.o [1]
OS_FlagPost             0x08006f51   0x13c  Code  Gb  os_flag.o [1]
OS_FlagTaskRdy          0x0800708d    0x56  Code  Gb  os_flag.o [1]
OS_IdleTask             0x080076bd    0x24  Code  Gb  os_core.o [1]
OS_IdleTaskInit         0x080076e1    0x50  Code  Gb  os_core.o [1]
OS_MemInit              0x08004433     0xc  Code  Gb  os_mem.o [1]
OS_MsgPoolInit          0x080070ed    0x86  Code  Gb  os_msg.o [1]
OS_MsgQFreeAll          0x08007173    0x44  Code  Gb  os_msg.o [1]
OS_MsgQGet              0x080071cb    0x70  Code  Gb  os_msg.o [1]
OS_MsgQInit             0x080071b7    0x14  Code  Gb  os_msg.o [1]
OS_MsgQPut              0x0800723b    0xa2  Code  Gb  os_msg.o [1]
OS_MutexInit            0x080069df     0xc  Code  Gb  os_mutex.o [1]
OS_Pend                 0x08007731    0x60  Code  Gb  os_core.o [1]
OS_PendDataInit         0x08007791    0x34  Code  Gb  os_core.o [1]
OS_PendListChangePrio   0x080077c5    0x34  Code  Gb  os_core.o [1]
OS_PendListInit         0x080077f9     0xe  Code  Gb  os_core.o [1]
OS_PendListInsertPrio   0x08007807    0x6e  Code  Gb  os_core.o [1]
OS_PendListRemove       0x08007875    0x28  Code  Gb  os_core.o [1]
OS_PendListRemove1      0x0800789d    0x48  Code  Gb  os_core.o [1]
OS_Post                 0x080078e5    0xb0  Code  Gb  os_core.o [1]
OS_Post1                0x08007995    0x26  Code  Gb  os_core.o [1]
OS_PrioGetHighest       0x08008c39    0x20  Code  Gb  os_prio.o [1]
OS_PrioInit             0x08008c25    0x14  Code  Gb  os_prio.o [1]
OS_PrioInsert           0x08008c59    0x26  Code  Gb  os_prio.o [1]
OS_PrioRemove           0x08008c7f    0x28  Code  Gb  os_prio.o [1]
OS_QInit                0x08004207     0xc  Code  Gb  os_q.o [1]
OS_QPost                0x08004229    0xa4  Code  Gb  os_q.o [1]
OS_RdyListInit          0x080079bb    0x24  Code  Gb  os_core.o [1]
OS_RdyListInsert        0x080079df    0x28  Code  Gb  os_core.o [1]
OS_RdyListInsertHead    0x08007a07    0x3a  Code  Gb  os_core.o [1]
OS_RdyListInsertTail    0x08007a41    0x38  Code  Gb  os_core.o [1]
OS_RdyListMoveHeadToTail
                        0x08007a79    0x40  Code  Gb  os_core.o [1]
OS_RdyListRemove        0x08007ab9    0x5c  Code  Gb  os_core.o [1]
OS_SchedRoundRobin      0x08007b15    0x8a  Code  Gb  os_core.o [1]
OS_SemInit              0x08004ba3     0xc  Code  Gb  os_sem.o [1]
OS_SemPost              0x08004bc5    0xa6  Code  Gb  os_sem.o [1]
OS_TaskBlock            0x08007c1d    0x3a  Code  Gb  os_core.o [1]
OS_TaskInit             0x08008945    0x16  Code  Gb  os_task.o [1]
OS_TaskInitTCB          0x0800895b   0x106  Code  Gb  os_task.o [1]
OS_TaskRdy              0x08007c57    0x1a  Code  Gb  os_core.o [1]
OS_TaskReturn           0x08008a6d    0x14  Code  Gb  os_task.o [1]
OS_TaskSemPost          0x08008a8d    0xd4  Code  Gb  os_task.o [1]
OS_TickListInit         0x08007fbb    0x2a  Code  Gb  os_tick.o [1]
OS_TickListInsert       0x08007fe5   0x11c  Code  Gb  os_tick.o [1]
OS_TickListRemove       0x08008101    0x42  Code  Gb  os_tick.o [1]
OS_TickListUpdate       0x08008143   0x190  Code  Gb  os_tick.o [1]
OS_TickTask             0x08007ef5    0x28  Code  Gb  os_tick.o [1]
OS_TickTaskInit         0x08007f1d    0x9e  Code  Gb  os_tick.o [1]
OS_TmrInit              0x08009a35    0xd4  Code  Gb  os_tmr.o [1]
OS_TmrLink              0x08009b09    0xd0  Code  Gb  os_tmr.o [1]
OS_TmrTask              0x08009c29    0xaa  Code  Gb  os_tmr.o [1]
OS_TmrUnlink            0x08009bd9    0x4c  Code  Gb  os_tmr.o [1]
ObjCreate               0x0800b575   0x152  Code  Gb  main.o [1]
OverLoad                0x0800490f    0x20  Code  Gb  serial.o [1]
PendSV_Handler          0x08009ddb          Code  Gb  os_cpu_a.o [1]
PutFlash                0x080063a3   0x12c  Code  Gb  spi_flash.o [1]
Q_Config                0x20004abc    0x24  Data  Gb  main.o [1]
Q_Deal                  0x20004ae0    0x24  Data  Gb  main.o [1]
Q_Read                  0x20004a74    0x24  Data  Gb  main.o [1]
Q_ReadData              0x20004a98    0x24  Data  Gb  main.o [1]
Q_Slave                 0x20004a50    0x24  Data  Gb  main.o [1]
RCC_APB1PeriphClockCmd  0x0800a52d    0x20  Code  Gb  stm32f10x_rcc.o [1]
RCC_APB2PeriphClockCmd  0x0800a50d    0x20  Code  Gb  stm32f10x_rcc.o [1]
RCC_DeInit              0x0800a375    0x60  Code  Gb  stm32f10x_rcc.o [1]
RCC_GetClocksFreq       0x0800a44d    0xc0  Code  Gb  stm32f10x_rcc.o [1]
RCC_GetFlagStatus       0x0800a54d    0x44  Code  Gb  stm32f10x_rcc.o [1]
RCC_HCLKConfig          0x0800a407    0x14  Code  Gb  stm32f10x_rcc.o [1]
RCC_LSICmd              0x0800a445     0x8  Code  Gb  stm32f10x_rcc.o [1]
RCC_PCLK1Config         0x0800a41b    0x14  Code  Gb  stm32f10x_rcc.o [1]
RCC_PCLK2Config         0x0800a42f    0x16  Code  Gb  stm32f10x_rcc.o [1]
RCC_PLLCmd              0x0800a3eb     0x8  Code  Gb  stm32f10x_rcc.o [1]
RCC_PLLConfig           0x0800a3d5    0x16  Code  Gb  stm32f10x_rcc.o [1]
RCC_SYSCLKConfig        0x0800a3f3    0x14  Code  Gb  stm32f10x_rcc.o [1]
Region$$Table$$Base     0x0800b8a4           --   Gb  - Linker created -
Region$$Table$$Limit    0x0800b8c8           --   Gb  - Linker created -
SEM_ACKData             0x20004bb4    0x1c  Data  Gb  main.o [1]
SEM_HeartBeat           0x20004b98    0x1c  Data  Gb  main.o [1]
SEM_Send                0x20004bd0    0x1c  Data  Gb  main.o [1]
SEM_SendOver            0x20004bec    0x1c  Data  Gb  main.o [1]
SEM_ServerTX            0x20004b44    0x1c  Data  Gb  main.o [1]
SEM_Slave_485TX         0x20004b60    0x1c  Data  Gb  main.o [1]
SEM_Slave_mbusTX        0x20004b7c    0x1c  Data  Gb  main.o [1]
SPI_Cmd                 0x08008bc1    0x1c  Code  Gb  stm32f10x_spi.o [1]
SPI_I2S_GetFlagStatus   0x08008c11    0x14  Code  Gb  stm32f10x_spi.o [1]
SPI_I2S_ITConfig        0x08008bdd    0x2c  Code  Gb  stm32f10x_spi.o [1]
SPI_I2S_ReceiveData     0x08008c0d     0x4  Code  Gb  stm32f10x_spi.o [1]
SPI_I2S_SendData        0x08008c09     0x4  Code  Gb  stm32f10x_spi.o [1]
SPI_Init                0x08008b81    0x40  Code  Gb  stm32f10x_spi.o [1]
STK_Config              0x200016d8   0x600  Data  Gb  main.o [1]
STK_DealServer          0x200032d8   0x200  Data  Gb  main.o [1]
STK_HeartBeat           0x200030d8   0x200  Data  Gb  main.o [1]
STK_LED1                0x20002ad8   0x200  Data  Gb  main.o [1]
STK_OverLoad            0x200034d8   0x200  Data  Gb  main.o [1]
STK_Read                0x20001cd8   0x600  Data  Gb  main.o [1]
STK_Server              0x20002cd8   0x200  Data  Gb  main.o [1]
STK_Slave               0x20002ed8   0x200  Data  Gb  main.o [1]
STK_Start               0x200028d8   0x200  Data  Gb  main.o [1]
SVC_Handler             0x0800b851     0x2  Code  Gb  stm32f10x_it.o [1]
Send_ReadATs            0x08004f25    0x2a  Code  Gb  sim800g.o [1]
Server_Post2Buf         0x080048bd    0x1e  Code  Gb  serial.o [1]
Server_Write            0x08004803    0x5c  Code  Gb  serial.o [1]
Server_WriteStr         0x0800485f    0x5e  Code  Gb  serial.o [1]
Server_Write_485        0x0800478b    0x78  Code  Gb  serial.o [1]
SetSysClock             0x0800b845     0x2  Code  Lc  system_stm32f10x.o [1]
Slave_Write             0x080046b3    0xd8  Code  Gb  serial.o [1]
Str_Cat                 0x080056df     0xc  Code  Gb  lib_str.o [1]
Str_Cat_N               0x080056eb    0x62  Code  Gb  lib_str.o [1]
Str_Char_N              0x080057e1    0x50  Code  Gb  lib_str.o [1]
Str_Cmp_N               0x0800574d    0x94  Code  Gb  lib_str.o [1]
Str_Len_N               0x080056c5    0x1a  Code  Gb  lib_str.o [1]
Str_Str                 0x08005831     0xc  Code  Gb  lib_str.o [1]
Str_Str_N               0x0800583d    0xa6  Code  Gb  lib_str.o [1]
SysTick_Handler         0x0800b855     0x8  Code  Gb  stm32f10x_it.o [1]
SystemInit              0x0800b7d9    0x54  Code  Gb  system_stm32f10x.o [1]
TCB_Config              0x20004328    0xb4  Data  Gb  main.o [1]
TCB_DealServer          0x20004544    0xb4  Data  Gb  main.o [1]
TCB_HeartBeat           0x20004490    0xb4  Data  Gb  main.o [1]
TCB_LED1                0x2000410c    0xb4  Data  Gb  main.o [1]
TCB_OverLoad            0x200045f8    0xb4  Data  Gb  main.o [1]
TCB_Read                0x200043dc    0xb4  Data  Gb  main.o [1]
TCB_Server              0x200041c0    0xb4  Data  Gb  main.o [1]
TCB_Slave               0x20004274    0xb4  Data  Gb  main.o [1]
TCB_Start               0x20004058    0xb4  Data  Gb  main.o [1]
TaskCreate              0x0800b3e9   0x18c  Code  Gb  main.o [1]
TaskStart               0x0800b349    0xa0  Code  Gb  main.o [1]
Task_Config             0x0800200d    0x52  Code  Gb  tasks.o [1]
Task_DealServer         0x08000623   0x174  Code  Gb  tasks.o [1]
Task_HeartBeat          0x0800080f   0x116  Code  Gb  tasks.o [1]
Task_LED1               0x08003225   0x11c  Code  Gb  tasks.o [1]
Task_OverLoad           0x08003e7f    0x70  Code  Gb  tasks.o [1]
Task_Read               0x08000965    0x6a  Code  Gb  tasks.o [1]
Task_Server             0x0800046d   0x1b6  Code  Gb  tasks.o [1]
Task_Slave              0x080000ed   0x35e  Code  Gb  tasks.o [1]
USART1_Handler          0x080045e5    0x68  Code  Gb  serial.o [1]
USART1_IRQHandler       0x0800b85d     0x8  Code  Gb  stm32f10x_it.o [1]
USART2_Handler          0x0800464d    0x66  Code  Gb  serial.o [1]
USART2_IRQHandler       0x0800b865     0x8  Code  Gb  stm32f10x_it.o [1]
USART3_Handler          0x08004569    0x7c  Code  Gb  serial.o [1]
USART3_IRQHandler       0x0800b86d     0x8  Code  Gb  stm32f10x_it.o [1]
USART_ClearITPendingBit
                        0x08007e09    0x22  Code  Gb  stm32f10x_usart.o [1]
USART_Cmd               0x08007d71    0x1c  Code  Gb  stm32f10x_usart.o [1]
USART_GetFlagStatus     0x08007def    0x1a  Code  Gb  stm32f10x_usart.o [1]
USART_ITConfig          0x08007d8d    0x52  Code  Gb  stm32f10x_usart.o [1]
USART_Init              0x08007cad    0xbe  Code  Gb  stm32f10x_usart.o [1]
USART_ReceiveData       0x08007de7     0x8  Code  Gb  stm32f10x_usart.o [1]
USART_SendData          0x08007ddf     0x8  Code  Gb  stm32f10x_usart.o [1]
UsageFault_Handler      0x0800b84f     0x2  Code  Gb  stm32f10x_it.o [1]
_GenldFullNoMb          0x08009789   0x262  Code  Lc  xprintffull_nomb.o [3]
_LdtobFullNoMb          0x0800939d   0x3e6  Code  Lc  xprintffull_nomb.o [3]
_LitobFullNoMb          0x08009295   0x106  Code  Lc  xprintffull_nomb.o [3]
_PrintfFullNoMb         0x08008cad   0x5e2  Code  Gb  xprintffull_nomb.o [3]
_PutcharsFullNoMb       0x080099eb    0x2e  Code  Lc  xprintffull_nomb.o [3]
_SProut                 0x080070e3     0xa  Code  Gb  xsprout.o [3]
__aeabi_cdcmple         0x0800a9b9          Code  Gb  DblCmpLe.o [4]
__aeabi_cdrcmple        0x0800a9e9          Code  Gb  DblCmpGe.o [4]
__aeabi_d2iz            0x0800ab25          Code  Gb  DblToI32.o [4]
__aeabi_d2uiz           0x0800ab51          Code  Gb  DblToI32.o [4]
__aeabi_ddiv            0x0800aed1          Code  Gb  DblDiv.o [4]
__aeabi_dmul            0x0800ad2d          Code  Gb  DblMul.o [4]
__aeabi_dsub            0x0800abad          Code  Gb  DblSub.o [4]
__aeabi_errno_addr      0x0800b20d     0x6  Code  Gb  errno.o [3]
__aeabi_i2d             0x0800ab7d          Code  Gb  I32ToDbl.o [4]
__aeabi_ldiv0           0x0800b219          Code  Gb  I64DivZer.o [5]
__aeabi_ui2d            0x0800ab91          Code  Gb  I32ToDbl.o [4]
__aeabi_uldivmod        0x0800a811          Code  Gb  I64DivMod.o [5]
__cmain                 0x0800b8c9          Code  Gb  cmain.o [5]
__exit                  0x0800b8f9    0x14  Code  Gb  exit.o [6]
__iar_Dnorm             0x0800a977    0x42  Code  Gb  xdnorm.o [4]
__iar_Dscale            0x0800aa19   0x10c  Code  Gb  xdscale.o [4]
__iar_Errno             0x2000008c     0x4  Data  Gb  errno.o [3]
__iar_Memchr            0x0800a7b9          Code  Gb  memchr.o [5]
__iar_Stoul             0x0800a715     0x4  Code  Gb  xstoul.o [3]
__iar_Stoulx            0x0800a5cd   0x142  Code  Gb  xstoul.o [3]
__iar_Strchr            0x0800a769          Code  Gb  strchr.o [5]
__iar_copy_init3        0x08004c6b    0x2e  Code  Gb  copy_init3.o [5]
__iar_d2uiz             0x0800ab5d          Code  Gb  DblToI32.o [4]
__iar_dadd              0x0800b21d          Code  Gb  DblAdd.o [4]
__iar_data_init3        0x0800b87d    0x28  Code  Gb  data_init.o [5]
__iar_dlib_perthread_access
                        0x0800b2f1     0x2  Code  Gb  xtls.o [3]
__iar_dsub              0x0800abc1          Code  Gb  DblSub.o [4]
__iar_dsubStart         0x0800abd3          Code  Gb  DblSub.o [4]
__iar_program_start     0x0800ba51          Code  Gb  cstartup_M.o [5]
__iar_ui2d              0x0800ab95          Code  Gb  I32ToDbl.o [4]
__iar_unaligned___aeabi_memcpy
                        0x0800a901          Code  Gb  ABImemcpy_unaligned.o [5]
__iar_unaligned___aeabi_memcpy4
                        0x0800a921          Code  Gb  ABImemcpy_unaligned.o [5]
__iar_unaligned___aeabi_memcpy8
                        0x0800a921          Code  Gb  ABImemcpy_unaligned.o [5]
__iar_zero_init3        0x080058e3    0x22  Code  Gb  zero_init3.o [5]
__low_level_init        0x0800b8e3     0x4  Code  Gb  low_level_init.o [3]
__vector_table          0x08000000          Data  Gb  startup_stm32f10x_md.o [1]
_call_main              0x0800b8d5          Code  Gb  cmain.o [5]
_exit                   0x0800b8ed          Code  Gb  cexit.o [5]
_main                   0x0800b8df          Code  Gb  cmain.o [5]
ack_query_addr          0x08003a75    0xc0  Code  Gb  tasks.o [1]
ack_query_cjq           0x080033f5   0x152  Code  Gb  tasks.o [1]
ack_query_di_seq        0x08003db7    0xc8  Code  Gb  tasks.o [1]
ack_query_ip            0x08003b35    0xf2  Code  Gb  tasks.o [1]
ack_query_mbus          0x08003c27    0xc8  Code  Gb  tasks.o [1]
ack_query_meter         0x08003559   0x50e  Code  Gb  tasks.o [1]
ack_query_test          0x08003cef    0xc8  Code  Gb  tasks.o [1]
addSEQ                  0x080007df    0x30  Code  Gb  tasks.o [1]
add_cjq                 0x08002cf1   0x108  Code  Gb  tasks.o [1]
add_meter               0x080025c5   0x210  Code  Gb  tasks.o [1]
at_apn                  0x080052e1    0x62  Code  Gb  sim800g.o [1]
at_cipmux               0x0800527d    0x64  Code  Gb  sim800g.o [1]
at_cpin                 0x08004fc7    0x90  Code  Gb  sim800g.o [1]
at_creg                 0x08005147    0x9e  Code  Gb  sim800g.o [1]
at_csq                  0x08005057    0xf0  Code  Gb  sim800g.o [1]
at_tcpsetup             0x0800543b    0x8e  Code  Gb  sim800g.o [1]
at_xiic                 0x08005343    0x6c  Code  Gb  sim800g.o [1]
ate_                    0x08004f63    0x64  Code  Gb  sim800g.o [1]
atoi                    0x08008b79     0x8  Code  Gb  atoi.o [3]
ats                     0x20000000    0x50  Data  Gb  sim800g.o [1]
buf                     0x20004cc4     0x4  Data  Gb  tasks.o [1]
buf_                    0x20004cc8     0x4  Data  Gb  tasks.o [1]
change_connect          0x08005661    0x18  Code  Gb  sim800g.o [1]
check_cgatt             0x080051e5    0x90  Code  Gb  sim800g.o [1]
check_cs                0x0800044b    0x20  Code  Gb  tasks.o [1]
check_frame             0x0800079d    0x42  Code  Gb  tasks.o [1]
check_str               0x08004f4f    0x14  Code  Gb  sim800g.o [1]
check_xiic              0x080053b5    0x86  Code  Gb  sim800g.o [1]
cjq_close               0x08001a81   0x12e  Code  Gb  tasks.o [1]
cjq_open                0x080018c5   0x1b2  Code  Gb  tasks.o [1]
config_flash            0x20000098  0x1000  Data  Gb  main.o [1]
connect                 0x08005541    0x84  Code  Gb  sim800g.o [1]
connectstate            0x20004ce0     0x1  Data  Gb  main.o [1]
data_seq                0x20004cec     0x1  Data  Gb  tasks.o [1]
delete_cjq              0x08002e41   0x344  Code  Gb  tasks.o [1]
delete_meter            0x080027e9   0x4a4  Code  Gb  tasks.o [1]
device_ack              0x08003345    0xa8  Code  Gb  tasks.o [1]
device_test             0x20000093     0x1  Data  Gb  main.o [1]
deviceaddr              0x2000007c     0x8  Data  Gb  sim800g.o [1]
di_seq                  0x20004ce2     0x1  Data  Gb  main.o [1]
digits                  0x0800a718    0x28  Data  Lc  xstoul.o [3]
div                     0x0800b117     0xe  Code  Gb  div.o [3]
exit                    0x0800b8e7     0x4  Code  Gb  exit.o [3]
fe                      0x20000088     0x4  Data  Gb  tasks.o [1]
heart_seq               0x20004ceb     0x1  Data  Gb  tasks.o [1]
ip                      0x20000050    0x14  Data  Gb  sim800g.o [1]
ip1                     0x20000094     0x1  Data  Gb  sim800g.o [1]
ip2                     0x20000095     0x1  Data  Gb  sim800g.o [1]
ip3                     0x20000096     0x1  Data  Gb  sim800g.o [1]
ip4                     0x20000097     0x1  Data  Gb  sim800g.o [1]
local_seq               0x20004ced     0x1  Data  Gb  tasks.o [1]
main                    0x0800b2f5    0x52  Code  Gb  main.o [1]
mbus_power              0x080009cf    0x30  Code  Gb  tasks.o [1]
mem_buf                 0x200022d8   0x600  Data  Gb  main.o [1]
mem_isr                 0x200049d8    0x78  Data  Gb  main.o [1]
memchr                  0x0800a7b9          Code  Gb  memchr.o [5]
meter_close             0x08001dd5   0x230  Code  Gb  tasks.o [1]
meter_control           0x080016b1   0x1fa  Code  Gb  tasks.o [1]
meter_open              0x08001bc1   0x20e  Code  Gb  tasks.o [1]
meter_read              0x08000aed   0x35a  Code  Gb  tasks.o [1]
meter_read_single       0x08000e59   0x26c  Code  Gb  tasks.o [1]
meter_send              0x0800110d   0x592  Code  Gb  tasks.o [1]
ndigs                   0x0800a740    0x28  Data  Lc  xstoul.o [3]
param_conf              0x080064cf    0xc0  Code  Gb  spi_flash.o [1]
param_config            0x08002069   0x4ea  Code  Gb  tasks.o [1]
param_query             0x080031a1    0x84  Code  Gb  tasks.o [1]
port                    0x20000074     0x8  Data  Gb  sim800g.o [1]
port_                   0x20000090     0x2  Data  Gb  sim800g.o [1]
power_cmd               0x08000929    0x3c  Code  Gb  tasks.o [1]
reading                 0x20004ce1     0x1  Data  Gb  main.o [1]
readingall              0x20004cf0     0x1  Data  Gb  tasks.o [1]
readingall_progress     0x20004cf1     0x1  Data  Gb  tasks.o [1]
relay_1                 0x08000a2b    0x2c  Code  Gb  tasks.o [1]
relay_2                 0x08000a57    0x2c  Code  Gb  tasks.o [1]
relay_3                 0x08000a83    0x2c  Code  Gb  tasks.o [1]
relay_4                 0x08000aaf    0x2c  Code  Gb  tasks.o [1]
relay_485               0x080009ff    0x2c  Code  Gb  tasks.o [1]
sFLASH_EraseBulk        0x08005d61    0x2e  Code  Gb  spi_flash.o [1]
sFLASH_EraseSector      0x08005d1d    0x44  Code  Gb  spi_flash.o [1]
sFLASH_EraseWritePage   0x08005deb    0x62  Code  Gb  spi_flash.o [1]
sFLASH_PoolInit         0x08006135   0x140  Code  Gb  spi_flash.o [1]
sFLASH_ReadBuffer       0x08005fa1    0x56  Code  Gb  spi_flash.o [1]
sFLASH_ReadID           0x08006053    0x54  Code  Gb  spi_flash.o [1]
sFLASH_ReadStr          0x08005ff7    0x5c  Code  Gb  spi_flash.o [1]
sFLASH_SendByte         0x080060a7    0x3a  Code  Gb  spi_flash.o [1]
sFLASH_WaitForWriteEnd  0x08006103    0x32  Code  Gb  spi_flash.o [1]
sFLASH_WriteBuffer      0x08005e4d   0x154  Code  Gb  spi_flash.o [1]
sFLASH_WriteEnable      0x080060e1    0x22  Code  Gb  spi_flash.o [1]
sFLASH_WritePage        0x08005d8f    0x5c  Code  Gb  spi_flash.o [1]
search_cjq              0x08002c8d    0x64  Code  Gb  tasks.o [1]
search_meter            0x08002559    0x6c  Code  Gb  tasks.o [1]
send_server             0x080054c9    0x72  Code  Gb  sim800g.o [1]
server_ptr              0x20004ccc     0x4  Data  Gb  tasks.o [1]
server_ptr_             0x20004cd0     0x4  Data  Gb  tasks.o [1]
server_seq              0x20004cee     0x1  Data  Gb  tasks.o [1]
slave_mbus              0x20000092     0x1  Data  Gb  main.o [1]
sprintf                 0x08006a05    0x34  Code  Gb  sprintf.o [3]
start_slave             0x20004cef     0x1  Data  Gb  tasks.o [1]
strchr                  0x0800a769          Code  Gb  strchr.o [5]
strlen                  0x0800a781          Code  Gb  strlen.o [5]


[1] = D:\IAR_Workspace\Concentrator_MBUS_485\Test\Debug\Obj
[2] = command line
[3] = dl7M_tln.a
[4] = m7M_tl.a
[5] = rt7M_tl.a
[6] = shb_l.a

  47 512 bytes of readonly  code memory
     792 bytes of readonly  data memory
  20 210 bytes of readwrite data memory

Errors: none
Warnings: none
