###############################################################################
#
# IAR ELF Linker V7.10.3.6832/W32 for ARM                 01/Dec/2015  18:47:15
# Copyright 2007-2014 IAR Systems AB.
#
#    Output file  =  
#        D:\IAR_Workspace\Concentrator_MBUS_485\Test\Debug\Exe\Test.out
#    Map file     =  
#        D:\IAR_Workspace\Concentrator_MBUS_485\Test\Debug\List\Test.map
#    Command line =  
#        D:\IAR_Workspace\Concentrator_MBUS_485\Test\Debug\Obj\bsp.o
#        D:\IAR_Workspace\Concentrator_MBUS_485\Test\Debug\Obj\cpu_a.o
#        D:\IAR_Workspace\Concentrator_MBUS_485\Test\Debug\Obj\cpu_c.o
#        D:\IAR_Workspace\Concentrator_MBUS_485\Test\Debug\Obj\cpu_core.o
#        D:\IAR_Workspace\Concentrator_MBUS_485\Test\Debug\Obj\lib_ascii.o
#        D:\IAR_Workspace\Concentrator_MBUS_485\Test\Debug\Obj\lib_math.o
#        D:\IAR_Workspace\Concentrator_MBUS_485\Test\Debug\Obj\lib_mem.o
#        D:\IAR_Workspace\Concentrator_MBUS_485\Test\Debug\Obj\lib_mem_a.o
#        D:\IAR_Workspace\Concentrator_MBUS_485\Test\Debug\Obj\lib_str.o
#        D:\IAR_Workspace\Concentrator_MBUS_485\Test\Debug\Obj\main.o
#        D:\IAR_Workspace\Concentrator_MBUS_485\Test\Debug\Obj\misc.o
#        D:\IAR_Workspace\Concentrator_MBUS_485\Test\Debug\Obj\os_app_hooks.o
#        D:\IAR_Workspace\Concentrator_MBUS_485\Test\Debug\Obj\os_cfg_app.o
#        D:\IAR_Workspace\Concentrator_MBUS_485\Test\Debug\Obj\os_core.o
#        D:\IAR_Workspace\Concentrator_MBUS_485\Test\Debug\Obj\os_cpu_a.o
#        D:\IAR_Workspace\Concentrator_MBUS_485\Test\Debug\Obj\os_cpu_c.o
#        D:\IAR_Workspace\Concentrator_MBUS_485\Test\Debug\Obj\os_dbg.o
#        D:\IAR_Workspace\Concentrator_MBUS_485\Test\Debug\Obj\os_flag.o
#        D:\IAR_Workspace\Concentrator_MBUS_485\Test\Debug\Obj\os_int.o
#        D:\IAR_Workspace\Concentrator_MBUS_485\Test\Debug\Obj\os_mem.o
#        D:\IAR_Workspace\Concentrator_MBUS_485\Test\Debug\Obj\os_msg.o
#        D:\IAR_Workspace\Concentrator_MBUS_485\Test\Debug\Obj\os_mutex.o
#        D:\IAR_Workspace\Concentrator_MBUS_485\Test\Debug\Obj\os_pend_multi.o
#        D:\IAR_Workspace\Concentrator_MBUS_485\Test\Debug\Obj\os_prio.o
#        D:\IAR_Workspace\Concentrator_MBUS_485\Test\Debug\Obj\os_q.o
#        D:\IAR_Workspace\Concentrator_MBUS_485\Test\Debug\Obj\os_sem.o
#        D:\IAR_Workspace\Concentrator_MBUS_485\Test\Debug\Obj\os_stat.o
#        D:\IAR_Workspace\Concentrator_MBUS_485\Test\Debug\Obj\os_task.o
#        D:\IAR_Workspace\Concentrator_MBUS_485\Test\Debug\Obj\os_tick.o
#        D:\IAR_Workspace\Concentrator_MBUS_485\Test\Debug\Obj\os_time.o
#        D:\IAR_Workspace\Concentrator_MBUS_485\Test\Debug\Obj\os_tmr.o
#        D:\IAR_Workspace\Concentrator_MBUS_485\Test\Debug\Obj\os_var.o
#        D:\IAR_Workspace\Concentrator_MBUS_485\Test\Debug\Obj\serial.o
#        D:\IAR_Workspace\Concentrator_MBUS_485\Test\Debug\Obj\sim800g.o
#        D:\IAR_Workspace\Concentrator_MBUS_485\Test\Debug\Obj\spi_flash.o
#        D:\IAR_Workspace\Concentrator_MBUS_485\Test\Debug\Obj\startup_stm32f10x_md.o
#        D:\IAR_Workspace\Concentrator_MBUS_485\Test\Debug\Obj\stm32f10x_adc.o
#        D:\IAR_Workspace\Concentrator_MBUS_485\Test\Debug\Obj\stm32f10x_bkp.o
#        D:\IAR_Workspace\Concentrator_MBUS_485\Test\Debug\Obj\stm32f10x_can.o
#        D:\IAR_Workspace\Concentrator_MBUS_485\Test\Debug\Obj\stm32f10x_cec.o
#        D:\IAR_Workspace\Concentrator_MBUS_485\Test\Debug\Obj\stm32f10x_crc.o
#        D:\IAR_Workspace\Concentrator_MBUS_485\Test\Debug\Obj\stm32f10x_dac.o
#        D:\IAR_Workspace\Concentrator_MBUS_485\Test\Debug\Obj\stm32f10x_dbgmcu.o
#        D:\IAR_Workspace\Concentrator_MBUS_485\Test\Debug\Obj\stm32f10x_dma.o
#        D:\IAR_Workspace\Concentrator_MBUS_485\Test\Debug\Obj\stm32f10x_exti.o
#        D:\IAR_Workspace\Concentrator_MBUS_485\Test\Debug\Obj\stm32f10x_flash.o
#        D:\IAR_Workspace\Concentrator_MBUS_485\Test\Debug\Obj\stm32f10x_fsmc.o
#        D:\IAR_Workspace\Concentrator_MBUS_485\Test\Debug\Obj\stm32f10x_gpio.o
#        D:\IAR_Workspace\Concentrator_MBUS_485\Test\Debug\Obj\stm32f10x_i2c.o
#        D:\IAR_Workspace\Concentrator_MBUS_485\Test\Debug\Obj\stm32f10x_it.o
#        D:\IAR_Workspace\Concentrator_MBUS_485\Test\Debug\Obj\stm32f10x_iwdg.o
#        D:\IAR_Workspace\Concentrator_MBUS_485\Test\Debug\Obj\stm32f10x_pwr.o
#        D:\IAR_Workspace\Concentrator_MBUS_485\Test\Debug\Obj\stm32f10x_rcc.o
#        D:\IAR_Workspace\Concentrator_MBUS_485\Test\Debug\Obj\stm32f10x_rtc.o
#        D:\IAR_Workspace\Concentrator_MBUS_485\Test\Debug\Obj\stm32f10x_sdio.o
#        D:\IAR_Workspace\Concentrator_MBUS_485\Test\Debug\Obj\stm32f10x_spi.o
#        D:\IAR_Workspace\Concentrator_MBUS_485\Test\Debug\Obj\stm32f10x_tim.o
#        D:\IAR_Workspace\Concentrator_MBUS_485\Test\Debug\Obj\stm32f10x_usart.o
#        D:\IAR_Workspace\Concentrator_MBUS_485\Test\Debug\Obj\stm32f10x_wwdg.o
#        D:\IAR_Workspace\Concentrator_MBUS_485\Test\Debug\Obj\system_stm32f10x.o
#        D:\IAR_Workspace\Concentrator_MBUS_485\Test\Debug\Obj\tasks.o
#        D:\IAR_Workspace\Concentrator_MBUS_485\Test\Debug\Obj\timestamp.o -o
#        D:\IAR_Workspace\Concentrator_MBUS_485\Test\Debug\Exe\Test.out --map
#        D:\IAR_Workspace\Concentrator_MBUS_485\Test\Debug\List\Test.map
#        --config D:\IAR_Workspace\Concentrator_MBUS_485\Test\Test.icf
#        --semihosting --entry __iar_program_start --vfe
#
###############################################################################

*******************************************************************************
*** RUNTIME MODEL ATTRIBUTES
***

CppFlavor       = *
__SystemLibrary = DLib


*******************************************************************************
*** PLACEMENT SUMMARY
***

"A1":  place at 0x08000000 { ro section .intvec };
"P1":  place in [from 0x08000000 to 0x0801ffff] { ro };
"P2":  place in [from 0x20000000 to 0x20004fff] { rw, block CSTACK, block HEAP };

  Section             Kind        Address    Size  Object
  -------             ----        -------    ----  ------
"A1":                                        0xec
  .intvec             ro code  0x08000000    0xec  startup_stm32f10x_md.o [1]
                             - 0x080000ec    0xec

"P1":                                      0xb620
  .text               ro code  0x080000ec  0x38f0  tasks.o [1]
  .text               ro code  0x080039dc   0x384  os_q.o [1]
  .text               ro code  0x08003d60   0x180  os_mem.o [1]
  .text               ro code  0x08003ee0   0x11c  lib_mem.o [1]
  .text               ro code  0x08003ffc   0x400  serial.o [1]
  .text               ro code  0x080043fc   0x302  os_sem.o [1]
  .text               ro code  0x080046fe    0x2e  copy_init3.o [5]
  .text               ro code  0x0800472c   0x28c  os_time.o [1]
  .text               ro code  0x080049b8   0x764  sim800g.o [1]
  .text               ro code  0x0800511c   0x21e  lib_str.o [1]
  .text               ro code  0x0800533a    0x22  zero_init3.o [5]
  CODE                ro code  0x0800535c   0x220  lib_mem_a.o [1]
  CODE                ro code  0x0800557c    0x34  cpu_a.o [1]
  .text               ro code  0x080055b0   0x1c4  stm32f10x_gpio.o [1]
  .text               ro code  0x08005774   0x934  spi_flash.o [1]
  .text               ro code  0x080060a8   0x3d0  os_mutex.o [1]
  .text               ro code  0x08006478    0x34  sprintf.o [3]
  .text               ro code  0x080064ac   0x6aa  os_flag.o [1]
  .text               ro code  0x08006b56     0xa  xsprout.o [3]
  .text               ro code  0x08006b60   0x1fc  os_msg.o [1]
  .text               ro code  0x08006d5c   0x988  os_core.o [1]
  .text               ro code  0x080076e4    0x3c  timestamp.o [1]
  .text               ro code  0x08007720   0x17e  stm32f10x_usart.o [1]
  .rodata             const    0x0800789e     0x2  os_cfg_app.o [1]
  .text               ro code  0x080078a0    0xc8  stm32f10x_exti.o [1]
  .text               ro code  0x08007968   0x418  os_tick.o [1]
  .text               ro code  0x08007d80   0x1d8  os_cpu_c.o [1]
  .text               ro code  0x08007f58   0x694  os_task.o [1]
  .text               ro code  0x080085ec     0x8  atoi.o [3]
  .text               ro code  0x080085f4    0xa4  stm32f10x_spi.o [1]
  .text               ro code  0x08008698    0x88  os_prio.o [1]
  .text               ro code  0x08008720   0xd86  xprintffull_nomb.o [3]
  .rodata             const    0x080094a6     0x2  os_cfg_app.o [1]
  .text               ro code  0x080094a8   0x2dc  os_tmr.o [1]
  .text               ro code  0x08009784    0xac  os_cfg_app.o [1]
  CODE                ro code  0x08009830    0x84  os_cpu_a.o [1]
  .text               ro code  0x080098b4   0x4cc  bsp.o [1]
  .text               ro code  0x08009d80    0x4c  cpu_core.o [1]
  .text               ro code  0x08009dcc   0x258  stm32f10x_rcc.o [1]
  .text               ro code  0x0800a024   0x19c  xstoul.o [3]
  .text               ro code  0x0800a1c0    0x16  strchr.o [5]
  .rodata             const    0x0800a1d6     0x2  os_cfg_app.o [1]
  .text               ro code  0x0800a1d8    0x36  strlen.o [5]
  .rodata             const    0x0800a20e     0x1  os_cfg_app.o [1]
  .rodata             const    0x0800a20f     0x1  os_cfg_app.o [1]
  .text               ro code  0x0800a210    0x58  memchr.o [5]
  .text               ro code  0x0800a268    0xee  I64DivMod.o [5]
  .text               ro code  0x0800a358    0x76  ABImemcpy_unaligned.o [5]
  .text               ro code  0x0800a3ce    0x42  xdnorm.o [4]
  .text               ro code  0x0800a410    0x2e  DblCmpLe.o [4]
  .text               ro code  0x0800a440    0x2e  DblCmpGe.o [4]
  .text               ro code  0x0800a470   0x10c  xdscale.o [4]
  .text               ro code  0x0800a57c    0x58  DblToI32.o [4]
  .text               ro code  0x0800a5d4    0x30  I32ToDbl.o [4]
  .text               ro code  0x0800a604   0x180  DblSub.o [4]
  .text               ro code  0x0800a784   0x1a2  DblMul.o [4]
  .text               ro code  0x0800a928   0x246  DblDiv.o [4]
  .text               ro code  0x0800ab6e     0xe  div.o [3]
  .text               ro code  0x0800ab7c    0x3c  stm32f10x_flash.o [1]
  .text               ro code  0x0800abb8    0x80  misc.o [1]
  .text               ro code  0x0800ac38     0xc  errno.o [3]
  .text               ro code  0x0800ac44     0x2  I64DivZer.o [5]
  .text               ro code  0x0800ac48    0xd4  DblAdd.o [4]
  .text               ro code  0x0800ad1c     0x2  xtls.o [3]
  .text               ro code  0x0800ad20   0x4e8  main.o [1]
  .text               ro code  0x0800b208    0x10  stm32f10x_iwdg.o [1]
  .text               ro code  0x0800b218    0x6e  system_stm32f10x.o [1]
  .text               ro code  0x0800b286    0x36  stm32f10x_it.o [1]
  .text               ro code  0x0800b2bc    0x28  data_init.o [5]
  .iar.init_table     const    0x0800b2e4    0x24  - Linker created -
  .text               ro code  0x0800b308    0x1a  cmain.o [5]
  .text               ro code  0x0800b322     0x4  low_level_init.o [3]
  .text               ro code  0x0800b326     0x4  exit.o [3]
  .text               ro code  0x0800b32c     0xa  cexit.o [5]
  .text               ro code  0x0800b338    0x14  exit.o [6]
  .rodata             const    0x0800b34c    0x18  os_tmr.o [1]
  .rodata             const    0x0800b364    0x18  sim800g.o [1]
  .rodata             const    0x0800b37c    0x18  spi_flash.o [1]
  .rodata             const    0x0800b394    0x14  os_core.o [1]
  .rodata             const    0x0800b3a8    0x14  os_tick.o [1]
  .rodata             const    0x0800b3bc    0x14  sim800g.o [1]
  .rodata             const    0x0800b3d0    0x10  sim800g.o [1]
  .rodata             const    0x0800b3e0    0x10  sim800g.o [1]
  .text               ro code  0x0800b3f0    0x10  startup_stm32f10x_md.o [1]
  .rodata             const    0x0800b400     0xc  main.o [1]
  .rodata             const    0x0800b40c     0xc  main.o [1]
  .rodata             const    0x0800b418     0xc  main.o [1]
  .rodata             const    0x0800b424     0xc  sim800g.o [1]
  .rodata             const    0x0800b430     0xc  sim800g.o [1]
  .rodata             const    0x0800b43c     0xc  sim800g.o [1]
  .rodata             const    0x0800b448     0xc  sim800g.o [1]
  .rodata             const    0x0800b454     0xc  sim800g.o [1]
  .rodata             const    0x0800b460     0xc  sim800g.o [1]
  .rodata             const    0x0800b46c     0xc  sim800g.o [1]
  .rodata             const    0x0800b478     0xc  sim800g.o [1]
  .rodata             const    0x0800b484     0xc  sim800g.o [1]
  .text               ro code  0x0800b490     0xc  cstartup_M.o [5]
  .rodata             const    0x0800b49c     0x8  main.o [1]
  .rodata             const    0x0800b4a4     0x8  main.o [1]
  .rodata             const    0x0800b4ac     0x8  main.o [1]
  .rodata             const    0x0800b4b4     0x8  main.o [1]
  .rodata             const    0x0800b4bc     0x8  main.o [1]
  .rodata             const    0x0800b4c4     0x8  main.o [1]
  .rodata             const    0x0800b4cc     0x8  main.o [1]
  .rodata             const    0x0800b4d4     0x8  main.o [1]
  .rodata             const    0x0800b4dc     0x8  main.o [1]
  .rodata             const    0x0800b4e4     0x8  main.o [1]
  .rodata             const    0x0800b4ec     0x8  main.o [1]
  .rodata             const    0x0800b4f4     0x8  main.o [1]
  .rodata             const    0x0800b4fc     0x8  main.o [1]
  .rodata             const    0x0800b504     0x8  main.o [1]
  .rodata             const    0x0800b50c     0x8  main.o [1]
  .rodata             const    0x0800b514     0x8  os_task.o [1]
  .rodata             const    0x0800b51c     0x8  sim800g.o [1]
  .rodata             const    0x0800b524     0x8  sim800g.o [1]
  .rodata             const    0x0800b52c     0x8  sim800g.o [1]
  .rodata             const    0x0800b534     0x8  tasks.o [1]
  .rodata             const    0x0800b53c     0x8  tasks.o [1]
  .rodata             const    0x0800b544     0x8  tasks.o [1]
  .rodata             const    0x0800b54c     0x8  tasks.o [1]
  .rodata             const    0x0800b554     0x8  tasks.o [1]
  .rodata             const    0x0800b55c     0x4  os_cfg_app.o [1]
  .rodata             const    0x0800b560     0x4  os_cfg_app.o [1]
  .rodata             const    0x0800b564     0x4  os_cfg_app.o [1]
  .rodata             const    0x0800b568     0x4  os_cfg_app.o [1]
  .rodata             const    0x0800b56c     0x4  os_cfg_app.o [1]
  .rodata             const    0x0800b570     0x4  os_cfg_app.o [1]
  .rodata             const    0x0800b574     0x4  os_cfg_app.o [1]
  .rodata             const    0x0800b578     0x4  os_cfg_app.o [1]
  .rodata             const    0x0800b57c     0x4  os_cfg_app.o [1]
  .rodata             const    0x0800b580     0x4  os_cfg_app.o [1]
  .rodata             const    0x0800b584     0x4  os_cfg_app.o [1]
  .rodata             const    0x0800b588     0x4  os_cfg_app.o [1]
  .rodata             const    0x0800b58c     0x4  os_cfg_app.o [1]
  .rodata             const    0x0800b590     0x4  os_cfg_app.o [1]
  .rodata             const    0x0800b594     0x4  os_cfg_app.o [1]
  .rodata             const    0x0800b598     0x4  os_cfg_app.o [1]
  .rodata             const    0x0800b59c     0x4  os_cfg_app.o [1]
  .rodata             const    0x0800b5a0     0x4  os_cfg_app.o [1]
  .rodata             const    0x0800b5a4     0x4  os_cfg_app.o [1]
  .rodata             const    0x0800b5a8     0x4  os_cfg_app.o [1]
  .rodata             const    0x0800b5ac     0x4  os_cfg_app.o [1]
  .rodata             const    0x0800b5b0     0x4  os_cfg_app.o [1]
  .rodata             const    0x0800b5b4     0x4  os_cfg_app.o [1]
  .rodata             const    0x0800b5b8     0x4  sim800g.o [1]
  .text               ro code  0x0800b5bc     0x4  startup_stm32f10x_md.o [1]
  .text               ro code  0x0800b5c0     0x4  startup_stm32f10x_md.o [1]
  .text               ro code  0x0800b5c4     0x4  startup_stm32f10x_md.o [1]
  .text               ro code  0x0800b5c8     0x4  startup_stm32f10x_md.o [1]
  .text               ro code  0x0800b5cc     0x4  startup_stm32f10x_md.o [1]
  .text               ro code  0x0800b5d0     0x4  startup_stm32f10x_md.o [1]
  .text               ro code  0x0800b5d4     0x4  startup_stm32f10x_md.o [1]
  .text               ro code  0x0800b5d8     0x4  startup_stm32f10x_md.o [1]
  .text               ro code  0x0800b5dc     0x4  startup_stm32f10x_md.o [1]
  .text               ro code  0x0800b5e0     0x4  startup_stm32f10x_md.o [1]
  .text               ro code  0x0800b5e4     0x4  startup_stm32f10x_md.o [1]
  .text               ro code  0x0800b5e8     0x4  startup_stm32f10x_md.o [1]
  .text               ro code  0x0800b5ec     0x4  startup_stm32f10x_md.o [1]
  .text               ro code  0x0800b5f0     0x4  startup_stm32f10x_md.o [1]
  .text               ro code  0x0800b5f4     0x4  startup_stm32f10x_md.o [1]
  .text               ro code  0x0800b5f8     0x4  startup_stm32f10x_md.o [1]
  .text               ro code  0x0800b5fc     0x4  startup_stm32f10x_md.o [1]
  .text               ro code  0x0800b600     0x4  startup_stm32f10x_md.o [1]
  .text               ro code  0x0800b604     0x4  startup_stm32f10x_md.o [1]
  .text               ro code  0x0800b608     0x4  startup_stm32f10x_md.o [1]
  .text               ro code  0x0800b60c     0x4  startup_stm32f10x_md.o [1]
  .text               ro code  0x0800b610     0x4  startup_stm32f10x_md.o [1]
  .text               ro code  0x0800b614     0x4  startup_stm32f10x_md.o [1]
  .text               ro code  0x0800b618     0x4  startup_stm32f10x_md.o [1]
  .text               ro code  0x0800b61c     0x4  startup_stm32f10x_md.o [1]
  .text               ro code  0x0800b620     0x4  startup_stm32f10x_md.o [1]
  .text               ro code  0x0800b624     0x4  startup_stm32f10x_md.o [1]
  .text               ro code  0x0800b628     0x4  startup_stm32f10x_md.o [1]
  .text               ro code  0x0800b62c     0x4  startup_stm32f10x_md.o [1]
  .text               ro code  0x0800b630     0x4  startup_stm32f10x_md.o [1]
  .text               ro code  0x0800b634     0x4  startup_stm32f10x_md.o [1]
  .text               ro code  0x0800b638     0x4  startup_stm32f10x_md.o [1]
  .text               ro code  0x0800b63c     0x4  startup_stm32f10x_md.o [1]
  .text               ro code  0x0800b640     0x4  startup_stm32f10x_md.o [1]
  .text               ro code  0x0800b644     0x4  startup_stm32f10x_md.o [1]
  .text               ro code  0x0800b648     0x4  startup_stm32f10x_md.o [1]
  .text               ro code  0x0800b64c     0x4  startup_stm32f10x_md.o [1]
  .text               ro code  0x0800b650     0x4  startup_stm32f10x_md.o [1]
  .text               ro code  0x0800b654     0x4  startup_stm32f10x_md.o [1]
  .rodata             const    0x0800b658     0x0  zero_init3.o [5]
  .rodata             const    0x0800b658     0x0  copy_init3.o [5]
  Initializer bytes   ro data  0x0800b658    0xb4  <for P2 s0>
                             - 0x0800b70c  0xb620

"P2", part 1 of 3:                           0xb4
  P2 s0                        0x20000000    0xb4  <Init block>
    .data             inited   0x20000000    0x50  sim800g.o [1]
    .data             inited   0x20000050    0x1c  sim800g.o [1]
    .data             inited   0x2000006c    0x14  sim800g.o [1]
    .data             inited   0x20000080    0x10  stm32f10x_rcc.o [1]
    .data             inited   0x20000090     0x8  sim800g.o [1]
    .data             inited   0x20000098     0x8  sim800g.o [1]
    .data             inited   0x200000a0     0x4  stm32f10x_rcc.o [1]
    .data             inited   0x200000a4     0x4  tasks.o [1]
    __DLIB_PERTHREAD  inited   0x200000a8     0x4  errno.o [3]
    .data             inited   0x200000ac     0x2  sim800g.o [1]
    .data             inited   0x200000ae     0x1  main.o [1]
    .data             inited   0x200000af     0x1  main.o [1]
    .data             inited   0x200000b0     0x1  sim800g.o [1]
    .data             inited   0x200000b1     0x1  sim800g.o [1]
    .data             inited   0x200000b2     0x1  sim800g.o [1]
    .data             inited   0x200000b3     0x1  sim800g.o [1]
                             - 0x200000b4    0xb4

"P2", part 2 of 3:                         0x4c3c
  .bss                zero     0x200000b4  0x1000  main.o [1]
  .bss                zero     0x200010b4   0x640  os_cfg_app.o [1]
  .bss                zero     0x200016f4   0x600  main.o [1]
  .bss                zero     0x20001cf4   0x600  main.o [1]
  .bss                zero     0x200022f4   0x600  main.o [1]
  .bss                zero     0x200028f4   0x200  main.o [1]
  .bss                zero     0x20002af4   0x200  main.o [1]
  .bss                zero     0x20002cf4   0x200  main.o [1]
  .bss                zero     0x20002ef4   0x200  main.o [1]
  .bss                zero     0x200030f4   0x200  main.o [1]
  .bss                zero     0x200032f4   0x200  main.o [1]
  .bss                zero     0x200034f4   0x200  main.o [1]
  .bss                zero     0x200036f4   0x200  os_cfg_app.o [1]
  .bss                zero     0x200038f4   0x200  os_cfg_app.o [1]
  .bss                zero     0x20003af4   0x200  os_cfg_app.o [1]
  .bss                zero     0x20003cf4   0x200  os_cfg_app.o [1]
  .bss                zero     0x20003ef4   0x180  os_var.o [1]
  .bss                zero     0x20004074    0xb4  main.o [1]
  .bss                zero     0x20004128    0xb4  main.o [1]
  .bss                zero     0x200041dc    0xb4  main.o [1]
  .bss                zero     0x20004290    0xb4  main.o [1]
  .bss                zero     0x20004344    0xb4  main.o [1]
  .bss                zero     0x200043f8    0xb4  main.o [1]
  .bss                zero     0x200044ac    0xb4  main.o [1]
  .bss                zero     0x20004560    0xb4  main.o [1]
  .bss                zero     0x20004614    0xb4  main.o [1]
  .bss                zero     0x200046c8    0xb4  os_var.o [1]
  .bss                zero     0x2000477c    0xb4  os_var.o [1]
  .bss                zero     0x20004830    0xb4  os_var.o [1]
  .bss                zero     0x200048e4    0x88  os_cfg_app.o [1]
  .bss                zero     0x2000496c    0x88  os_cfg_app.o [1]
  .bss                zero     0x200049f4    0x78  main.o [1]
  .bss                zero     0x20004a6c    0x24  main.o [1]
  .bss                zero     0x20004a90    0x24  main.o [1]
  .bss                zero     0x20004ab4    0x24  main.o [1]
  .bss                zero     0x20004ad8    0x24  main.o [1]
  .bss                zero     0x20004afc    0x24  main.o [1]
  .bss                zero     0x20004b20    0x20  main.o [1]
  .bss                zero     0x20004b40    0x1c  main.o [1]
  .bss                zero     0x20004b5c    0x1c  main.o [1]
  .bss                zero     0x20004b78    0x1c  main.o [1]
  .bss                zero     0x20004b94    0x1c  main.o [1]
  .bss                zero     0x20004bb0    0x1c  main.o [1]
  .bss                zero     0x20004bcc    0x1c  main.o [1]
  .bss                zero     0x20004be8    0x1c  main.o [1]
  .bss                zero     0x20004c04    0x1c  main.o [1]
  .bss                zero     0x20004c20    0x18  main.o [1]
  .bss                zero     0x20004c38    0x18  main.o [1]
  .bss                zero     0x20004c50    0x10  cpu_core.o [1]
  .bss                zero     0x20004c60     0xc  os_var.o [1]
  .bss                zero     0x20004c6c     0x4  cpu_core.o [1]
  .bss                zero     0x20004c70     0x4  os_cpu_c.o [1]
  .bss                zero     0x20004c74     0x4  os_prio.o [1]
  .bss                zero     0x20004c78     0x4  os_var.o [1]
  .bss                zero     0x20004c7c     0x4  os_var.o [1]
  .bss                zero     0x20004c80     0x4  os_var.o [1]
  .bss                zero     0x20004c84     0x4  os_var.o [1]
  .bss                zero     0x20004c88     0x4  os_var.o [1]
  .bss                zero     0x20004c8c     0x4  os_var.o [1]
  .bss                zero     0x20004c90     0x4  os_var.o [1]
  .bss                zero     0x20004c94     0x4  os_var.o [1]
  .bss                zero     0x20004c98     0x4  os_var.o [1]
  .bss                zero     0x20004c9c     0x4  os_var.o [1]
  .bss                zero     0x20004ca0     0x4  os_var.o [1]
  .bss                zero     0x20004ca4     0x4  os_var.o [1]
  .bss                zero     0x20004ca8     0x4  os_var.o [1]
  .bss                zero     0x20004cac     0x4  os_var.o [1]
  .bss                zero     0x20004cb0     0x4  os_var.o [1]
  .bss                zero     0x20004cb4     0x4  os_var.o [1]
  .bss                zero     0x20004cb8     0x4  os_var.o [1]
  .bss                zero     0x20004cbc     0x4  os_var.o [1]
  .bss                zero     0x20004cc0     0x4  tasks.o [1]
  .bss                zero     0x20004cc4     0x4  tasks.o [1]
  .bss                zero     0x20004cc8     0x4  tasks.o [1]
  .bss                zero     0x20004ccc     0x4  tasks.o [1]
  .bss                zero     0x20004cd0     0x2  os_var.o [1]
  .bss                zero     0x20004cd2     0x2  os_var.o [1]
  .bss                zero     0x20004cd4     0x2  os_var.o [1]
  .bss                zero     0x20004cd6     0x2  os_var.o [1]
  .bss                zero     0x20004cd8     0x2  os_var.o [1]
  .bss                zero     0x20004cda     0x2  os_var.o [1]
  .bss                zero     0x20004cdc     0x1  main.o [1]
  .bss                zero     0x20004cdd     0x1  main.o [1]
  .bss                zero     0x20004cde     0x1  main.o [1]
  .bss                zero     0x20004cdf     0x1  os_var.o [1]
  .bss                zero     0x20004ce0     0x1  os_var.o [1]
  .bss                zero     0x20004ce1     0x1  os_var.o [1]
  .bss                zero     0x20004ce2     0x1  os_var.o [1]
  .bss                zero     0x20004ce3     0x1  os_var.o [1]
  .bss                zero     0x20004ce4     0x1  os_var.o [1]
  .bss                zero     0x20004ce5     0x1  os_var.o [1]
  .bss                zero     0x20004ce6     0x1  os_var.o [1]
  .bss                zero     0x20004ce7     0x1  tasks.o [1]
  .bss                zero     0x20004ce8     0x1  tasks.o [1]
  .bss                zero     0x20004ce9     0x1  tasks.o [1]
  .bss                zero     0x20004cea     0x1  tasks.o [1]
  .bss                zero     0x20004ceb     0x1  tasks.o [1]
                             - 0x20004cec  0x4c38

"P2", part 3 of 3:                          0x200
  CSTACK                       0x20004cf0   0x200  <Block>
    CSTACK            uninit   0x20004cf0   0x200  <Block tail>
                             - 0x20004ef0   0x200


*******************************************************************************
*** INIT TABLE
***

          Address     Size
          -------     ----
Zero (__iar_zero_init3)
    1 destination range, total size 0x4c38:
          0x200000b4  0x4c38

Copy (__iar_copy_init3)
    1 source range, total size 0xb4:
          0x0800b658    0xb4
    1 destination range, total size 0xb4:
          0x20000000    0xb4



*******************************************************************************
*** MODULE SUMMARY
***

    Module                  ro code  ro data  rw data
    ------                  -------  -------  -------
D:\IAR_Workspace\Concentrator_MBUS_485\Test\Debug\Obj: [1]
    bsp.o                     1 228
    cpu_a.o                      52
    cpu_core.o                   76                20
    lib_mem.o                   284
    lib_mem_a.o                 544
    lib_str.o                   542
    main.o                    1 256      158   14 517
    misc.o                      128
    os_cfg_app.o                172      100    3 920
    os_core.o                 2 440       20
    os_cpu_a.o                  132
    os_cpu_c.o                  472                 4
    os_flag.o                 1 706
    os_mem.o                    384
    os_msg.o                    508
    os_mutex.o                  976
    os_prio.o                   136                 4
    os_q.o                      900
    os_sem.o                    770
    os_task.o                 1 684        8
    os_tick.o                 1 048       20
    os_time.o                   652
    os_tmr.o                    732       24
    os_var.o                                    1 028
    serial.o                  1 024
    sim800g.o                 1 892      362      150
    spi_flash.o               2 356       24
    startup_stm32f10x_md.o      408
    stm32f10x_exti.o            200
    stm32f10x_flash.o            60
    stm32f10x_gpio.o            452
    stm32f10x_it.o               54
    stm32f10x_iwdg.o             16
    stm32f10x_rcc.o             600       20       20
    stm32f10x_spi.o             164
    stm32f10x_usart.o           382
    system_stm32f10x.o          110
    tasks.o                  14 576       44       25
    timestamp.o                  60
    -------------------------------------------------
    Total:                   39 176      780   19 688

command line: [2]
    -------------------------------------------------
    Total:

dl7M_tln.a: [3]
    atoi.o                        8
    div.o                        14
    errno.o                      12        4        4
    exit.o                        4
    low_level_init.o              4
    sprintf.o                    52
    xprintffull_nomb.o        3 462
    xsprout.o                    10
    xstoul.o                    412
    xtls.o                        2
    -------------------------------------------------
    Total:                    3 980        4        4

m7M_tl.a: [4]
    DblAdd.o                    212
    DblCmpGe.o                   46
    DblCmpLe.o                   46
    DblDiv.o                    582
    DblMul.o                    418
    DblSub.o                    384
    DblToI32.o                   88
    I32ToDbl.o                   48
    xdnorm.o                     66
    xdscale.o                   268
    -------------------------------------------------
    Total:                    2 158

rt7M_tl.a: [5]
    ABImemcpy_unaligned.o       118
    I64DivMod.o                 238
    I64DivZer.o                   2
    cexit.o                      10
    cmain.o                      26
    copy_init3.o                 46
    cstartup_M.o                 12
    data_init.o                  40
    memchr.o                     88
    strchr.o                     22
    strlen.o                     54
    zero_init3.o                 34
    -------------------------------------------------
    Total:                      690

shb_l.a: [6]
    exit.o                       20
    -------------------------------------------------
    Total:                       20

    Gaps                         16
    Linker created                        36      512
-----------------------------------------------------
    Grand Total:             46 040      820   20 204


*******************************************************************************
*** ENTRY LIST
***

Entry                      Address    Size  Type      Object
-----                      -------    ----  ----      ------
?main                   0x0800b309          Code  Gb  cmain.o [5]
ADCPrescTable           0x200000a0     0x4  Data  Lc  stm32f10x_rcc.o [1]
APBAHBPrescTable        0x20000080    0x10  Data  Lc  stm32f10x_rcc.o [1]
BSP_CPU_ClkFreq         0x08009d71    0x10  Code  Gb  bsp.o [1]
BSP_GPIO_Init           0x08009965   0x200  Code  Gb  bsp.o [1]
BSP_Init                0x080098b5    0xb0  Code  Gb  bsp.o [1]
BSP_NVIC_Init           0x08009c7d    0x6c  Code  Gb  bsp.o [1]
BSP_SPI_Init            0x08009ce9    0x66  Code  Gb  bsp.o [1]
BSP_USART_Init          0x08009b65   0x118  Code  Gb  bsp.o [1]
BusFault_Handler        0x0800b28d     0x2  Code  Gb  stm32f10x_it.o [1]
CPU_CntLeadZeros        0x0800559b          Code  Gb  cpu_a.o [1]
CPU_CntTrailZeros       0x080055a1          Code  Gb  cpu_a.o [1]
CPU_Init                0x08009d81     0xc  Code  Gb  cpu_core.o [1]
CPU_IntDis              0x0800557d          Code  Gb  cpu_a.o [1]
CPU_IntEn               0x08005581          Code  Gb  cpu_a.o [1]
CPU_Name                0x20004c50    0x10  Data  Gb  cpu_core.o [1]
CPU_NameClr             0x08009d8d    0x1a  Code  Gb  cpu_core.o [1]
CPU_NameInit            0x08009dad     0x8  Code  Lc  cpu_core.o [1]
CPU_RevBits             0x080055ab          Code  Gb  cpu_a.o [1]
CPU_SR_Restore          0x0800558d          Code  Gb  cpu_a.o [1]
CPU_SR_Save             0x08005585          Code  Gb  cpu_a.o [1]
CPU_TS_Init             0x08009db5     0xe  Code  Lc  cpu_core.o [1]
CPU_TS_TmrFreqSet       0x08009da7     0x6  Code  Gb  cpu_core.o [1]
CPU_TS_TmrFreq_Hz       0x20004c6c     0x4  Data  Gb  cpu_core.o [1]
CPU_TS_TmrInit          0x080076e5    0x2a  Code  Gb  timestamp.o [1]
CPU_TS_TmrRd            0x0800770f     0x6  Code  Gb  timestamp.o [1]
CPU_WaitForExcept       0x08005597          Code  Gb  cpu_a.o [1]
CPU_WaitForInt          0x08005593          Code  Gb  cpu_a.o [1]
CSTACK$$Base            0x20004cf0           --   Gb  - Linker created -
CSTACK$$Limit           0x20004ef0           --   Gb  - Linker created -
DebugMon_Handler        0x0800b293     0x2  Code  Gb  stm32f10x_it.o [1]
Device_Cmd              0x08005029    0x9c  Code  Gb  sim800g.o [1]
Device_Read             0x0800436f    0x34  Code  Gb  serial.o [1]
EXTI0_IRQHandler        0x0800b2b5     0x8  Code  Gb  stm32f10x_it.o [1]
EXTI_ClearITPendingBit  0x0800794d     0x6  Code  Gb  stm32f10x_exti.o [1]
EXTI_GetITStatus        0x08007929    0x24  Code  Gb  stm32f10x_exti.o [1]
EXTI_Init               0x080078a1    0x88  Code  Gb  stm32f10x_exti.o [1]
FLAG_Event              0x20004c04    0x1c  Data  Gb  main.o [1]
FLASH_PrefetchBufferCmd
                        0x0800ab95    0x20  Code  Gb  stm32f10x_flash.o [1]
FLASH_SetLatency        0x0800ab7d    0x18  Code  Gb  stm32f10x_flash.o [1]
GPIO_EXTILineConfig     0x08005719    0x50  Code  Gb  stm32f10x_gpio.o [1]
GPIO_Init               0x080055b1    0xc8  Code  Gb  stm32f10x_gpio.o [1]
GPIO_PinRemapConfig     0x0800569b    0x7e  Code  Gb  stm32f10x_gpio.o [1]
GPIO_ReadInputDataBit   0x08005679    0x16  Code  Gb  stm32f10x_gpio.o [1]
GPIO_ResetBits          0x08005695     0x6  Code  Gb  stm32f10x_gpio.o [1]
GPIO_SetBits            0x0800568f     0x6  Code  Gb  stm32f10x_gpio.o [1]
GetFlash                0x08005ccf   0x12e  Code  Gb  spi_flash.o [1]
HardFault_Handler       0x0800b289     0x2  Code  Gb  stm32f10x_it.o [1]
IWDG_ReloadCounter      0x0800b209     0xa  Code  Gb  stm32f10x_iwdg.o [1]
MEM_Buf                 0x20004c20    0x18  Data  Gb  main.o [1]
MEM_ISR                 0x20004c38    0x18  Data  Gb  main.o [1]
MUTEX_CONFIGFLASH       0x20004b20    0x20  Data  Gb  main.o [1]
MemManage_Handler       0x0800b28b     0x2  Code  Gb  stm32f10x_it.o [1]
Mem_Clr                 0x08003ee1     0xc  Code  Gb  lib_mem.o [1]
Mem_Cmp                 0x08003f47    0xb6  Code  Gb  lib_mem.o [1]
Mem_Copy                0x0800535d          Code  Gb  lib_mem_a.o [1]
Mem_Set                 0x08003eed    0x5a  Code  Gb  lib_mem.o [1]
NMI_Handler             0x0800b287     0x2  Code  Gb  stm32f10x_it.o [1]
NVIC_Init               0x0800abc3    0x62  Code  Gb  misc.o [1]
NVIC_PriorityGroupConfig
                        0x0800abb9     0xa  Code  Gb  misc.o [1]
OSCfg_DataSizeRAM       0x0800b5b4     0x4  Data  Gb  os_cfg_app.o [1]
OSCfg_ISRStk            0x200038f4   0x200  Data  Gb  os_cfg_app.o [1]
OSCfg_ISRStkBasePtr     0x0800b56c     0x4  Data  Gb  os_cfg_app.o [1]
OSCfg_ISRStkSize        0x0800b570     0x4  Data  Gb  os_cfg_app.o [1]
OSCfg_ISRStkSizeRAM     0x0800b574     0x4  Data  Gb  os_cfg_app.o [1]
OSCfg_IdleTaskStk       0x200036f4   0x200  Data  Gb  os_cfg_app.o [1]
OSCfg_IdleTaskStkBasePtr
                        0x0800b55c     0x4  Data  Gb  os_cfg_app.o [1]
OSCfg_IdleTaskStkLimit  0x0800b560     0x4  Data  Gb  os_cfg_app.o [1]
OSCfg_IdleTaskStkSize   0x0800b564     0x4  Data  Gb  os_cfg_app.o [1]
OSCfg_IdleTaskStkSizeRAM
                        0x0800b568     0x4  Data  Gb  os_cfg_app.o [1]
OSCfg_Init              0x08009785    0xac  Code  Gb  os_cfg_app.o [1]
OSCfg_MsgPool           0x200010b4   0x640  Data  Gb  os_cfg_app.o [1]
OSCfg_MsgPoolBasePtr    0x0800b57c     0x4  Data  Gb  os_cfg_app.o [1]
OSCfg_MsgPoolSize       0x0800789e     0x2  Data  Gb  os_cfg_app.o [1]
OSCfg_MsgPoolSizeRAM    0x0800b578     0x4  Data  Gb  os_cfg_app.o [1]
OSCfg_StkSizeMin        0x0800b580     0x4  Data  Gb  os_cfg_app.o [1]
OSCfg_TickRate_Hz       0x0800b584     0x4  Data  Gb  os_cfg_app.o [1]
OSCfg_TickTaskPrio      0x0800a20e     0x1  Data  Gb  os_cfg_app.o [1]
OSCfg_TickTaskStk       0x20003af4   0x200  Data  Gb  os_cfg_app.o [1]
OSCfg_TickTaskStkBasePtr
                        0x0800b588     0x4  Data  Gb  os_cfg_app.o [1]
OSCfg_TickTaskStkLimit  0x0800b58c     0x4  Data  Gb  os_cfg_app.o [1]
OSCfg_TickTaskStkSize   0x0800b590     0x4  Data  Gb  os_cfg_app.o [1]
OSCfg_TickTaskStkSizeRAM
                        0x0800b594     0x4  Data  Gb  os_cfg_app.o [1]
OSCfg_TickWheel         0x200048e4    0x88  Data  Gb  os_cfg_app.o [1]
OSCfg_TickWheelSize     0x080094a6     0x2  Data  Gb  os_cfg_app.o [1]
OSCfg_TickWheelSizeRAM  0x0800b598     0x4  Data  Gb  os_cfg_app.o [1]
OSCfg_TmrTaskPrio       0x0800a20f     0x1  Data  Gb  os_cfg_app.o [1]
OSCfg_TmrTaskRate_Hz    0x0800b59c     0x4  Data  Gb  os_cfg_app.o [1]
OSCfg_TmrTaskStk        0x20003cf4   0x200  Data  Gb  os_cfg_app.o [1]
OSCfg_TmrTaskStkBasePtr
                        0x0800b5a0     0x4  Data  Gb  os_cfg_app.o [1]
OSCfg_TmrTaskStkLimit   0x0800b5a4     0x4  Data  Gb  os_cfg_app.o [1]
OSCfg_TmrTaskStkSize    0x0800b5a8     0x4  Data  Gb  os_cfg_app.o [1]
OSCfg_TmrTaskStkSizeRAM
                        0x0800b5ac     0x4  Data  Gb  os_cfg_app.o [1]
OSCfg_TmrWheel          0x2000496c    0x88  Data  Gb  os_cfg_app.o [1]
OSCfg_TmrWheelSize      0x0800a1d6     0x2  Data  Gb  os_cfg_app.o [1]
OSCfg_TmrWheelSizeRAM   0x0800b5b0     0x4  Data  Gb  os_cfg_app.o [1]
OSFlagCreate            0x080064ad    0x66  Code  Gb  os_flag.o [1]
OSFlagPend              0x08006513   0x40c  Code  Gb  os_flag.o [1]
OSFlagPost              0x0800691f    0x5e  Code  Gb  os_flag.o [1]
OSFlagQty               0x20004cd0     0x2  Data  Gb  os_var.o [1]
OSIdleTaskCtr           0x20004c94     0x4  Data  Gb  os_var.o [1]
OSIdleTaskHook          0x08007d81    0x12  Code  Gb  os_cpu_c.o [1]
OSIdleTaskTCB           0x200046c8    0xb4  Data  Gb  os_var.o [1]
OSInit                  0x08006d5d   0x150  Code  Gb  os_core.o [1]
OSInitHook              0x08007d93    0x14  Code  Gb  os_cpu_c.o [1]
OSIntExit               0x08006ead    0xc8  Code  Gb  os_core.o [1]
OSIntNestingCtr         0x20004cdf     0x1  Data  Gb  os_var.o [1]
OSMemCreate             0x08003d61    0xd0  Code  Gb  os_mem.o [1]
OSMemGet                0x08003e31    0x46  Code  Gb  os_mem.o [1]
OSMemPut                0x08003e77    0x50  Code  Gb  os_mem.o [1]
OSMemQty                0x20004cd2     0x2  Data  Gb  os_var.o [1]
OSMsgPool               0x20004c60     0xc  Data  Gb  os_var.o [1]
OSMutexCreate           0x080060a9    0x68  Code  Gb  os_mutex.o [1]
OSMutexPend             0x08006111   0x21c  Code  Gb  os_mutex.o [1]
OSMutexPost             0x0800632d   0x126  Code  Gb  os_mutex.o [1]
OSMutexQty              0x20004cd4     0x2  Data  Gb  os_var.o [1]
OSPrioCur               0x20004ce1     0x1  Data  Gb  os_var.o [1]
OSPrioHighRdy           0x20004ce2     0x1  Data  Gb  os_var.o [1]
OSPrioSaved             0x20004ce3     0x1  Data  Gb  os_var.o [1]
OSPrioTbl               0x20004c74     0x4  Data  Gb  os_prio.o [1]
OSQCreate               0x080039dd    0x7c  Code  Gb  os_q.o [1]
OSQPend                 0x08003a59   0x1be  Code  Gb  os_q.o [1]
OSQPost                 0x08003c17    0x84  Code  Gb  os_q.o [1]
OSQQty                  0x20004cd6     0x2  Data  Gb  os_var.o [1]
OSRdyList               0x20003ef4   0x180  Data  Gb  os_var.o [1]
OSRunning               0x20004ce0     0x1  Data  Gb  os_var.o [1]
OSSched                 0x08006f75    0x8e  Code  Gb  os_core.o [1]
OSSchedLock             0x08007003    0x58  Code  Gb  os_core.o [1]
OSSchedLockNestingCtr   0x20004ce4     0x1  Data  Gb  os_var.o [1]
OSSchedRoundRobinDfltTimeQuanta
                        0x20004c98     0x4  Data  Gb  os_var.o [1]
OSSchedRoundRobinEn     0x20004ce5     0x1  Data  Gb  os_var.o [1]
OSSchedUnlock           0x0800705b    0x72  Code  Gb  os_core.o [1]
OSSemCreate             0x080043fd    0x66  Code  Gb  os_sem.o [1]
OSSemPend               0x08004463   0x174  Code  Gb  os_sem.o [1]
OSSemPost               0x080045d7    0x60  Code  Gb  os_sem.o [1]
OSSemQty                0x20004cd8     0x2  Data  Gb  os_var.o [1]
OSStart                 0x080070cd    0x64  Code  Gb  os_core.o [1]
OSStartHighRdy          0x08009831          Code  Gb  os_cpu_a.o [1]
OSTCBCurPtr             0x20004cb8     0x4  Data  Gb  os_var.o [1]
OSTCBHighRdyPtr         0x20004cbc     0x4  Data  Gb  os_var.o [1]
OSTaskCreate            0x08007f59   0x176  Code  Gb  os_task.o [1]
OSTaskCreateHook        0x08007da7    0x12  Code  Gb  os_cpu_c.o [1]
OSTaskCtxSwCtr          0x20004c9c     0x4  Data  Gb  os_var.o [1]
OSTaskDel               0x080080cf    0xea  Code  Gb  os_task.o [1]
OSTaskDelHook           0x08007db9    0x12  Code  Gb  os_cpu_c.o [1]
OSTaskQty               0x20004cda     0x2  Data  Gb  os_var.o [1]
OSTaskRegNextAvailID    0x20004ce6     0x1  Data  Gb  os_var.o [1]
OSTaskReturnHook        0x08007dcb    0x12  Code  Gb  os_cpu_c.o [1]
OSTaskSemPend           0x080081b9   0x1cc  Code  Gb  os_task.o [1]
OSTaskSemPost           0x08008385    0x34  Code  Gb  os_task.o [1]
OSTaskStkInit           0x08007ddd    0x80  Code  Gb  os_cpu_c.o [1]
OSTaskSwHook            0x08007e5d    0x56  Code  Gb  os_cpu_c.o [1]
OSTickCtr               0x20004ca0     0x4  Data  Gb  os_var.o [1]
OSTickTaskTCB           0x2000477c    0xb4  Data  Gb  os_var.o [1]
OSTickTaskTimeMax       0x20004ca4     0x4  Data  Gb  os_var.o [1]
OSTimeDly               0x0800472d    0xa0  Code  Gb  os_time.o [1]
OSTimeDlyHMSM           0x080047cd   0x178  Code  Gb  os_time.o [1]
OSTimeTick              0x08004945    0x4a  Code  Gb  os_time.o [1]
OSTimeTickHook          0x08007eb3    0x12  Code  Gb  os_cpu_c.o [1]
OSTmrTaskTCB            0x20004830    0xb4  Data  Gb  os_var.o [1]
OSTmrTaskTimeMax        0x20004ca8     0x4  Data  Gb  os_var.o [1]
OSTmrTickCtr            0x20004cac     0x4  Data  Gb  os_var.o [1]
OSTmrUpdateCnt          0x20004cb0     0x4  Data  Gb  os_var.o [1]
OSTmrUpdateCtr          0x20004cb4     0x4  Data  Gb  os_var.o [1]
OS_AppIdleTaskHookPtr   0x20004c84     0x4  Data  Gb  os_var.o [1]
OS_AppStatTaskHookPtr   0x20004c88     0x4  Data  Gb  os_var.o [1]
OS_AppTaskCreateHookPtr
                        0x20004c78     0x4  Data  Gb  os_var.o [1]
OS_AppTaskDelHookPtr    0x20004c7c     0x4  Data  Gb  os_var.o [1]
OS_AppTaskReturnHookPtr
                        0x20004c80     0x4  Data  Gb  os_var.o [1]
OS_AppTaskSwHookPtr     0x20004c8c     0x4  Data  Gb  os_var.o [1]
OS_AppTimeTickHookPtr   0x20004c90     0x4  Data  Gb  os_var.o [1]
OS_CPU_ExceptStkBase    0x20004c70     0x4  Data  Gb  os_cpu_c.o [1]
OS_CPU_SysTickHandler   0x08007ec5    0x24  Code  Gb  os_cpu_c.o [1]
OS_CPU_SysTickInit      0x08007ee9    0x2c  Code  Gb  os_cpu_c.o [1]
OS_FlagBlock            0x0800697d    0x26  Code  Gb  os_flag.o [1]
OS_FlagInit             0x080069a3     0xc  Code  Gb  os_flag.o [1]
OS_FlagPost             0x080069c5   0x13c  Code  Gb  os_flag.o [1]
OS_FlagTaskRdy          0x08006b01    0x56  Code  Gb  os_flag.o [1]
OS_IdleTask             0x08007131    0x24  Code  Gb  os_core.o [1]
OS_IdleTaskInit         0x08007155    0x50  Code  Gb  os_core.o [1]
OS_MemInit              0x08003ec7     0xc  Code  Gb  os_mem.o [1]
OS_MsgPoolInit          0x08006b61    0x86  Code  Gb  os_msg.o [1]
OS_MsgQFreeAll          0x08006be7    0x44  Code  Gb  os_msg.o [1]
OS_MsgQGet              0x08006c3f    0x70  Code  Gb  os_msg.o [1]
OS_MsgQInit             0x08006c2b    0x14  Code  Gb  os_msg.o [1]
OS_MsgQPut              0x08006caf    0xa2  Code  Gb  os_msg.o [1]
OS_MutexInit            0x08006453     0xc  Code  Gb  os_mutex.o [1]
OS_Pend                 0x080071a5    0x60  Code  Gb  os_core.o [1]
OS_PendDataInit         0x08007205    0x34  Code  Gb  os_core.o [1]
OS_PendListChangePrio   0x08007239    0x34  Code  Gb  os_core.o [1]
OS_PendListInit         0x0800726d     0xe  Code  Gb  os_core.o [1]
OS_PendListInsertPrio   0x0800727b    0x6e  Code  Gb  os_core.o [1]
OS_PendListRemove       0x080072e9    0x28  Code  Gb  os_core.o [1]
OS_PendListRemove1      0x08007311    0x48  Code  Gb  os_core.o [1]
OS_Post                 0x08007359    0xb0  Code  Gb  os_core.o [1]
OS_Post1                0x08007409    0x26  Code  Gb  os_core.o [1]
OS_PrioGetHighest       0x080086ad    0x20  Code  Gb  os_prio.o [1]
OS_PrioInit             0x08008699    0x14  Code  Gb  os_prio.o [1]
OS_PrioInsert           0x080086cd    0x26  Code  Gb  os_prio.o [1]
OS_PrioRemove           0x080086f3    0x28  Code  Gb  os_prio.o [1]
OS_QInit                0x08003c9b     0xc  Code  Gb  os_q.o [1]
OS_QPost                0x08003cbd    0xa4  Code  Gb  os_q.o [1]
OS_RdyListInit          0x0800742f    0x24  Code  Gb  os_core.o [1]
OS_RdyListInsert        0x08007453    0x28  Code  Gb  os_core.o [1]
OS_RdyListInsertHead    0x0800747b    0x3a  Code  Gb  os_core.o [1]
OS_RdyListInsertTail    0x080074b5    0x38  Code  Gb  os_core.o [1]
OS_RdyListMoveHeadToTail
                        0x080074ed    0x40  Code  Gb  os_core.o [1]
OS_RdyListRemove        0x0800752d    0x5c  Code  Gb  os_core.o [1]
OS_SchedRoundRobin      0x08007589    0x8a  Code  Gb  os_core.o [1]
OS_SemInit              0x08004637     0xc  Code  Gb  os_sem.o [1]
OS_SemPost              0x08004659    0xa6  Code  Gb  os_sem.o [1]
OS_TaskBlock            0x08007691    0x3a  Code  Gb  os_core.o [1]
OS_TaskInit             0x080083b9    0x16  Code  Gb  os_task.o [1]
OS_TaskInitTCB          0x080083cf   0x106  Code  Gb  os_task.o [1]
OS_TaskRdy              0x080076cb    0x1a  Code  Gb  os_core.o [1]
OS_TaskReturn           0x080084e1    0x14  Code  Gb  os_task.o [1]
OS_TaskSemPost          0x08008501    0xd4  Code  Gb  os_task.o [1]
OS_TickListInit         0x08007a2f    0x2a  Code  Gb  os_tick.o [1]
OS_TickListInsert       0x08007a59   0x11c  Code  Gb  os_tick.o [1]
OS_TickListRemove       0x08007b75    0x42  Code  Gb  os_tick.o [1]
OS_TickListUpdate       0x08007bb7   0x190  Code  Gb  os_tick.o [1]
OS_TickTask             0x08007969    0x28  Code  Gb  os_tick.o [1]
OS_TickTaskInit         0x08007991    0x9e  Code  Gb  os_tick.o [1]
OS_TmrInit              0x080094a9    0xd4  Code  Gb  os_tmr.o [1]
OS_TmrLink              0x0800957d    0xd0  Code  Gb  os_tmr.o [1]
OS_TmrTask              0x0800969d    0xaa  Code  Gb  os_tmr.o [1]
OS_TmrUnlink            0x0800964d    0x4c  Code  Gb  os_tmr.o [1]
ObjCreate               0x0800afb5   0x148  Code  Gb  main.o [1]
OverLoad                0x080043a3    0x20  Code  Gb  serial.o [1]
PendSV_Handler          0x0800984f          Code  Gb  os_cpu_a.o [1]
PutFlash                0x08005dfd   0x12c  Code  Gb  spi_flash.o [1]
Q_Config                0x20004ad8    0x24  Data  Gb  main.o [1]
Q_Deal                  0x20004afc    0x24  Data  Gb  main.o [1]
Q_Read                  0x20004a90    0x24  Data  Gb  main.o [1]
Q_ReadData              0x20004ab4    0x24  Data  Gb  main.o [1]
Q_Slave                 0x20004a6c    0x24  Data  Gb  main.o [1]
RCC_APB1PeriphClockCmd  0x08009f85    0x20  Code  Gb  stm32f10x_rcc.o [1]
RCC_APB2PeriphClockCmd  0x08009f65    0x20  Code  Gb  stm32f10x_rcc.o [1]
RCC_DeInit              0x08009dcd    0x60  Code  Gb  stm32f10x_rcc.o [1]
RCC_GetClocksFreq       0x08009ea5    0xc0  Code  Gb  stm32f10x_rcc.o [1]
RCC_GetFlagStatus       0x08009fa5    0x44  Code  Gb  stm32f10x_rcc.o [1]
RCC_HCLKConfig          0x08009e5f    0x14  Code  Gb  stm32f10x_rcc.o [1]
RCC_LSICmd              0x08009e9d     0x8  Code  Gb  stm32f10x_rcc.o [1]
RCC_PCLK1Config         0x08009e73    0x14  Code  Gb  stm32f10x_rcc.o [1]
RCC_PCLK2Config         0x08009e87    0x16  Code  Gb  stm32f10x_rcc.o [1]
RCC_PLLCmd              0x08009e43     0x8  Code  Gb  stm32f10x_rcc.o [1]
RCC_PLLConfig           0x08009e2d    0x16  Code  Gb  stm32f10x_rcc.o [1]
RCC_SYSCLKConfig        0x08009e4b    0x14  Code  Gb  stm32f10x_rcc.o [1]
Region$$Table$$Base     0x0800b2e4           --   Gb  - Linker created -
Region$$Table$$Limit    0x0800b308           --   Gb  - Linker created -
SEM_ACKData             0x20004bb0    0x1c  Data  Gb  main.o [1]
SEM_HeartBeat           0x20004b94    0x1c  Data  Gb  main.o [1]
SEM_Send                0x20004bcc    0x1c  Data  Gb  main.o [1]
SEM_SendOver            0x20004be8    0x1c  Data  Gb  main.o [1]
SEM_ServerTX            0x20004b40    0x1c  Data  Gb  main.o [1]
SEM_Slave_485TX         0x20004b5c    0x1c  Data  Gb  main.o [1]
SEM_Slave_mbusTX        0x20004b78    0x1c  Data  Gb  main.o [1]
SPI_Cmd                 0x08008635    0x1c  Code  Gb  stm32f10x_spi.o [1]
SPI_I2S_GetFlagStatus   0x08008685    0x14  Code  Gb  stm32f10x_spi.o [1]
SPI_I2S_ITConfig        0x08008651    0x2c  Code  Gb  stm32f10x_spi.o [1]
SPI_I2S_ReceiveData     0x08008681     0x4  Code  Gb  stm32f10x_spi.o [1]
SPI_I2S_SendData        0x0800867d     0x4  Code  Gb  stm32f10x_spi.o [1]
SPI_Init                0x080085f5    0x40  Code  Gb  stm32f10x_spi.o [1]
STK_Config              0x200016f4   0x600  Data  Gb  main.o [1]
STK_DealServer          0x200032f4   0x200  Data  Gb  main.o [1]
STK_HeartBeat           0x200030f4   0x200  Data  Gb  main.o [1]
STK_LED1                0x20002af4   0x200  Data  Gb  main.o [1]
STK_OverLoad            0x200034f4   0x200  Data  Gb  main.o [1]
STK_Read                0x20001cf4   0x600  Data  Gb  main.o [1]
STK_Server              0x20002cf4   0x200  Data  Gb  main.o [1]
STK_Slave               0x20002ef4   0x200  Data  Gb  main.o [1]
STK_Start               0x200028f4   0x200  Data  Gb  main.o [1]
SVC_Handler             0x0800b291     0x2  Code  Gb  stm32f10x_it.o [1]
Send_ReadATs            0x080049b9    0x2a  Code  Gb  sim800g.o [1]
Server_Post2Buf         0x08004351    0x1e  Code  Gb  serial.o [1]
Server_Write            0x08004297    0x5c  Code  Gb  serial.o [1]
Server_WriteStr         0x080042f3    0x5e  Code  Gb  serial.o [1]
Server_Write_485        0x0800421f    0x78  Code  Gb  serial.o [1]
SetSysClock             0x0800b285     0x2  Code  Lc  system_stm32f10x.o [1]
Slave_Write             0x08004147    0xd8  Code  Gb  serial.o [1]
Str_Cat                 0x08005137     0xc  Code  Gb  lib_str.o [1]
Str_Cat_N               0x08005143    0x62  Code  Gb  lib_str.o [1]
Str_Char_N              0x08005239    0x50  Code  Gb  lib_str.o [1]
Str_Cmp_N               0x080051a5    0x94  Code  Gb  lib_str.o [1]
Str_Len_N               0x0800511d    0x1a  Code  Gb  lib_str.o [1]
Str_Str                 0x08005289     0xc  Code  Gb  lib_str.o [1]
Str_Str_N               0x08005295    0xa6  Code  Gb  lib_str.o [1]
SysTick_Handler         0x0800b295     0x8  Code  Gb  stm32f10x_it.o [1]
SystemInit              0x0800b219    0x54  Code  Gb  system_stm32f10x.o [1]
TCB_Config              0x20004344    0xb4  Data  Gb  main.o [1]
TCB_DealServer          0x20004560    0xb4  Data  Gb  main.o [1]
TCB_HeartBeat           0x200044ac    0xb4  Data  Gb  main.o [1]
TCB_LED1                0x20004128    0xb4  Data  Gb  main.o [1]
TCB_OverLoad            0x20004614    0xb4  Data  Gb  main.o [1]
TCB_Read                0x200043f8    0xb4  Data  Gb  main.o [1]
TCB_Server              0x200041dc    0xb4  Data  Gb  main.o [1]
TCB_Slave               0x20004290    0xb4  Data  Gb  main.o [1]
TCB_Start               0x20004074    0xb4  Data  Gb  main.o [1]
TaskCreate              0x0800ae29   0x18c  Code  Gb  main.o [1]
TaskStart               0x0800ad75    0xb4  Code  Gb  main.o [1]
Task_Config             0x08001b21    0x50  Code  Gb  tasks.o [1]
Task_DealServer         0x08000623   0x174  Code  Gb  tasks.o [1]
Task_HeartBeat          0x0800080f   0x128  Code  Gb  tasks.o [1]
Task_LED1               0x08002d31    0x8c  Code  Gb  tasks.o [1]
Task_OverLoad           0x08003909    0x8c  Code  Gb  tasks.o [1]
Task_Read               0x08000979    0x68  Code  Gb  tasks.o [1]
Task_Server             0x0800046d   0x1b6  Code  Gb  tasks.o [1]
Task_Slave              0x080000ed   0x35e  Code  Gb  tasks.o [1]
USART1_Handler          0x08004079    0x68  Code  Gb  serial.o [1]
USART1_IRQHandler       0x0800b29d     0x8  Code  Gb  stm32f10x_it.o [1]
USART2_Handler          0x080040e1    0x66  Code  Gb  serial.o [1]
USART2_IRQHandler       0x0800b2a5     0x8  Code  Gb  stm32f10x_it.o [1]
USART3_Handler          0x08003ffd    0x7c  Code  Gb  serial.o [1]
USART3_IRQHandler       0x0800b2ad     0x8  Code  Gb  stm32f10x_it.o [1]
USART_ClearITPendingBit
                        0x0800787d    0x22  Code  Gb  stm32f10x_usart.o [1]
USART_Cmd               0x080077e5    0x1c  Code  Gb  stm32f10x_usart.o [1]
USART_GetFlagStatus     0x08007863    0x1a  Code  Gb  stm32f10x_usart.o [1]
USART_ITConfig          0x08007801    0x52  Code  Gb  stm32f10x_usart.o [1]
USART_Init              0x08007721    0xbe  Code  Gb  stm32f10x_usart.o [1]
USART_ReceiveData       0x0800785b     0x8  Code  Gb  stm32f10x_usart.o [1]
USART_SendData          0x08007853     0x8  Code  Gb  stm32f10x_usart.o [1]
UsageFault_Handler      0x0800b28f     0x2  Code  Gb  stm32f10x_it.o [1]
_GenldFullNoMb          0x080091fd   0x262  Code  Lc  xprintffull_nomb.o [3]
_LdtobFullNoMb          0x08008e11   0x3e6  Code  Lc  xprintffull_nomb.o [3]
_LitobFullNoMb          0x08008d09   0x106  Code  Lc  xprintffull_nomb.o [3]
_PrintfFullNoMb         0x08008721   0x5e2  Code  Gb  xprintffull_nomb.o [3]
_PutcharsFullNoMb       0x0800945f    0x2e  Code  Lc  xprintffull_nomb.o [3]
_SProut                 0x08006b57     0xa  Code  Gb  xsprout.o [3]
__aeabi_cdcmple         0x0800a411          Code  Gb  DblCmpLe.o [4]
__aeabi_cdrcmple        0x0800a441          Code  Gb  DblCmpGe.o [4]
__aeabi_d2iz            0x0800a57d          Code  Gb  DblToI32.o [4]
__aeabi_d2uiz           0x0800a5a9          Code  Gb  DblToI32.o [4]
__aeabi_ddiv            0x0800a929          Code  Gb  DblDiv.o [4]
__aeabi_dmul            0x0800a785          Code  Gb  DblMul.o [4]
__aeabi_dsub            0x0800a605          Code  Gb  DblSub.o [4]
__aeabi_errno_addr      0x0800ac39     0x6  Code  Gb  errno.o [3]
__aeabi_i2d             0x0800a5d5          Code  Gb  I32ToDbl.o [4]
__aeabi_ldiv0           0x0800ac45          Code  Gb  I64DivZer.o [5]
__aeabi_ui2d            0x0800a5e9          Code  Gb  I32ToDbl.o [4]
__aeabi_uldivmod        0x0800a269          Code  Gb  I64DivMod.o [5]
__cmain                 0x0800b309          Code  Gb  cmain.o [5]
__exit                  0x0800b339    0x14  Code  Gb  exit.o [6]
__iar_Dnorm             0x0800a3cf    0x42  Code  Gb  xdnorm.o [4]
__iar_Dscale            0x0800a471   0x10c  Code  Gb  xdscale.o [4]
__iar_Errno             0x200000a8     0x4  Data  Gb  errno.o [3]
__iar_Memchr            0x0800a211          Code  Gb  memchr.o [5]
__iar_Stoul             0x0800a16d     0x4  Code  Gb  xstoul.o [3]
__iar_Stoulx            0x0800a025   0x142  Code  Gb  xstoul.o [3]
__iar_Strchr            0x0800a1c1          Code  Gb  strchr.o [5]
__iar_copy_init3        0x080046ff    0x2e  Code  Gb  copy_init3.o [5]
__iar_d2uiz             0x0800a5b5          Code  Gb  DblToI32.o [4]
__iar_dadd              0x0800ac49          Code  Gb  DblAdd.o [4]
__iar_data_init3        0x0800b2bd    0x28  Code  Gb  data_init.o [5]
__iar_dlib_perthread_access
                        0x0800ad1d     0x2  Code  Gb  xtls.o [3]
__iar_dsub              0x0800a619          Code  Gb  DblSub.o [4]
__iar_dsubStart         0x0800a62b          Code  Gb  DblSub.o [4]
__iar_program_start     0x0800b491          Code  Gb  cstartup_M.o [5]
__iar_ui2d              0x0800a5ed          Code  Gb  I32ToDbl.o [4]
__iar_unaligned___aeabi_memcpy
                        0x0800a359          Code  Gb  ABImemcpy_unaligned.o [5]
__iar_unaligned___aeabi_memcpy4
                        0x0800a379          Code  Gb  ABImemcpy_unaligned.o [5]
__iar_unaligned___aeabi_memcpy8
                        0x0800a379          Code  Gb  ABImemcpy_unaligned.o [5]
__iar_zero_init3        0x0800533b    0x22  Code  Gb  zero_init3.o [5]
__low_level_init        0x0800b323     0x4  Code  Gb  low_level_init.o [3]
__vector_table          0x08000000          Data  Gb  startup_stm32f10x_md.o [1]
_call_main              0x0800b315          Code  Gb  cmain.o [5]
_exit                   0x0800b32d          Code  Gb  cexit.o [5]
_main                   0x0800b31f          Code  Gb  cmain.o [5]
ack_query_addr          0x080034e9    0xc0  Code  Gb  tasks.o [1]
ack_query_cjq           0x08002e75   0x154  Code  Gb  tasks.o [1]
ack_query_di_seq        0x08003841    0xc8  Code  Gb  tasks.o [1]
ack_query_ip            0x080035b5    0xf8  Code  Gb  tasks.o [1]
ack_query_mbus          0x080036ad    0xc8  Code  Gb  tasks.o [1]
ack_query_meter         0x08002fd1   0x50e  Code  Gb  tasks.o [1]
ack_query_test          0x08003779    0xc8  Code  Gb  tasks.o [1]
addSEQ                  0x080007df    0x30  Code  Gb  tasks.o [1]
add_cjq                 0x08002811   0x104  Code  Gb  tasks.o [1]
add_meter               0x080020f3   0x22a  Code  Gb  tasks.o [1]
at_apn                  0x08004d75    0x5e  Code  Gb  sim800g.o [1]
at_cipmux               0x08004d11    0x64  Code  Gb  sim800g.o [1]
at_cpin                 0x08004a5b    0x90  Code  Gb  sim800g.o [1]
at_creg                 0x08004bdb    0x9e  Code  Gb  sim800g.o [1]
at_csq                  0x08004aeb    0xf0  Code  Gb  sim800g.o [1]
at_tcpsetup             0x08004ecb    0x7e  Code  Gb  sim800g.o [1]
at_xiic                 0x08004dd3    0x6c  Code  Gb  sim800g.o [1]
ate_                    0x080049f7    0x64  Code  Gb  sim800g.o [1]
atoi                    0x080085ed     0x8  Code  Gb  atoi.o [3]
ats                     0x20000000    0x50  Data  Gb  sim800g.o [1]
buf                     0x20004cc0     0x4  Data  Gb  tasks.o [1]
buf_                    0x20004cc4     0x4  Data  Gb  tasks.o [1]
change_connect          0x080050c5    0x18  Code  Gb  sim800g.o [1]
check_cgatt             0x08004c79    0x90  Code  Gb  sim800g.o [1]
check_cs                0x0800044b    0x20  Code  Gb  tasks.o [1]
check_frame             0x0800079d    0x42  Code  Gb  tasks.o [1]
check_str               0x080049e3    0x14  Code  Gb  sim800g.o [1]
check_xiic              0x08004e45    0x86  Code  Gb  sim800g.o [1]
cjq_close               0x0800170b    0x42  Code  Gb  tasks.o [1]
cjq_open                0x080016c9    0x42  Code  Gb  tasks.o [1]
config_flash            0x200000b4  0x1000  Data  Gb  main.o [1]
connect                 0x08004fa5    0x84  Code  Gb  sim800g.o [1]
connectstate            0x20004cdc     0x1  Data  Gb  main.o [1]
data_seq                0x20004ce8     0x1  Data  Gb  tasks.o [1]
delete_cjq              0x08002965   0x330  Code  Gb  tasks.o [1]
delete_meter            0x0800231d   0x490  Code  Gb  tasks.o [1]
device_ack              0x08002dc5    0xa8  Code  Gb  tasks.o [1]
device_test             0x200000af     0x1  Data  Gb  main.o [1]
deviceaddr              0x20000098     0x8  Data  Gb  sim800g.o [1]
di_seq                  0x20004cde     0x1  Data  Gb  main.o [1]
digits                  0x0800a170    0x28  Data  Lc  xstoul.o [3]
div                     0x0800ab6f     0xe  Code  Gb  div.o [3]
dns                     0x20000050    0x1c  Data  Gb  sim800g.o [1]
exit                    0x0800b327     0x4  Code  Gb  exit.o [3]
fe                      0x200000a4     0x4  Data  Gb  tasks.o [1]
heart_seq               0x20004ce7     0x1  Data  Gb  tasks.o [1]
ip                      0x2000006c    0x14  Data  Gb  sim800g.o [1]
ip1                     0x200000b0     0x1  Data  Gb  sim800g.o [1]
ip2                     0x200000b1     0x1  Data  Gb  sim800g.o [1]
ip3                     0x200000b2     0x1  Data  Gb  sim800g.o [1]
ip4                     0x200000b3     0x1  Data  Gb  sim800g.o [1]
local_seq               0x20004ce9     0x1  Data  Gb  tasks.o [1]
main                    0x0800ad21    0x52  Code  Gb  main.o [1]
mbus_power              0x080009e1    0x3a  Code  Gb  tasks.o [1]
mem_buf                 0x200022f4   0x600  Data  Gb  main.o [1]
mem_isr                 0x200049f4    0x78  Data  Gb  main.o [1]
memchr                  0x0800a211          Code  Gb  memchr.o [5]
meter_close             0x0800193d   0x1e0  Code  Gb  tasks.o [1]
meter_control           0x0800155d   0x16c  Code  Gb  tasks.o [1]
meter_open              0x0800175d   0x1d2  Code  Gb  tasks.o [1]
meter_read              0x08000b21   0x1e8  Code  Gb  tasks.o [1]
meter_read_single       0x08000d29   0x26c  Code  Gb  tasks.o [1]
meter_send              0x08000fd5   0x57e  Code  Gb  tasks.o [1]
ndigs                   0x0800a198    0x28  Data  Lc  xstoul.o [3]
param_conf              0x08005f29    0xd2  Code  Gb  spi_flash.o [1]
param_config            0x08001b91   0x4f6  Code  Gb  tasks.o [1]
param_query             0x08002cad    0x84  Code  Gb  tasks.o [1]
port                    0x20000090     0x8  Data  Gb  sim800g.o [1]
port_                   0x200000ac     0x2  Data  Gb  sim800g.o [1]
power_cmd               0x0800093d    0x3c  Code  Gb  tasks.o [1]
reading                 0x20004cdd     0x1  Data  Gb  main.o [1]
relay_1                 0x08000a51    0x34  Code  Gb  tasks.o [1]
relay_2                 0x08000a85    0x34  Code  Gb  tasks.o [1]
relay_3                 0x08000ab9    0x34  Code  Gb  tasks.o [1]
relay_4                 0x08000aed    0x34  Code  Gb  tasks.o [1]
relay_485               0x08000a1b    0x36  Code  Gb  tasks.o [1]
sFLASH_EraseBulk        0x080057b9    0x2e  Code  Gb  spi_flash.o [1]
sFLASH_EraseSector      0x08005775    0x44  Code  Gb  spi_flash.o [1]
sFLASH_EraseWritePage   0x08005843    0x62  Code  Gb  spi_flash.o [1]
sFLASH_PoolInit         0x08005b8d   0x142  Code  Gb  spi_flash.o [1]
sFLASH_ReadBuffer       0x080059f9    0x56  Code  Gb  spi_flash.o [1]
sFLASH_ReadID           0x08005aab    0x54  Code  Gb  spi_flash.o [1]
sFLASH_ReadStr          0x08005a4f    0x5c  Code  Gb  spi_flash.o [1]
sFLASH_SendByte         0x08005aff    0x3a  Code  Gb  spi_flash.o [1]
sFLASH_WaitForWriteEnd  0x08005b5b    0x32  Code  Gb  spi_flash.o [1]
sFLASH_WriteBuffer      0x080058a5   0x154  Code  Gb  spi_flash.o [1]
sFLASH_WriteEnable      0x08005b39    0x22  Code  Gb  spi_flash.o [1]
sFLASH_WritePage        0x080057e7    0x5c  Code  Gb  spi_flash.o [1]
search_cjq              0x080027ad    0x64  Code  Gb  tasks.o [1]
search_meter            0x08002087    0x6c  Code  Gb  tasks.o [1]
send_server             0x08004f49    0x56  Code  Gb  sim800g.o [1]
server_ptr              0x20004cc8     0x4  Data  Gb  tasks.o [1]
server_ptr_             0x20004ccc     0x4  Data  Gb  tasks.o [1]
server_seq              0x20004cea     0x1  Data  Gb  tasks.o [1]
slave_mbus              0x200000ae     0x1  Data  Gb  main.o [1]
sprintf                 0x08006479    0x34  Code  Gb  sprintf.o [3]
start_slave             0x20004ceb     0x1  Data  Gb  tasks.o [1]
strchr                  0x0800a1c1          Code  Gb  strchr.o [5]
strlen                  0x0800a1d9          Code  Gb  strlen.o [5]


[1] = D:\IAR_Workspace\Concentrator_MBUS_485\Test\Debug\Obj
[2] = command line
[3] = dl7M_tln.a
[4] = m7M_tl.a
[5] = rt7M_tl.a
[6] = shb_l.a

  46 040 bytes of readonly  code memory
     820 bytes of readonly  data memory
  20 204 bytes of readwrite data memory

Errors: none
Warnings: none
