###############################################################################
#
# IAR ELF Linker V7.10.3.6832/W32 for ARM                 17/Feb/2016  17:27:37
# Copyright 2007-2014 IAR Systems AB.
#
#    Output file  =  
#        D:\IAR_Workspace\Code_Concentrator_MBUS_485\Test\Debug\Exe\Test.out
#    Map file     =  
#        D:\IAR_Workspace\Code_Concentrator_MBUS_485\Test\Debug\List\Test.map
#    Command line =  
#        D:\IAR_Workspace\Code_Concentrator_MBUS_485\Test\Debug\Obj\bsp.o
#        D:\IAR_Workspace\Code_Concentrator_MBUS_485\Test\Debug\Obj\cpu_a.o
#        D:\IAR_Workspace\Code_Concentrator_MBUS_485\Test\Debug\Obj\cpu_c.o
#        D:\IAR_Workspace\Code_Concentrator_MBUS_485\Test\Debug\Obj\cpu_core.o
#        D:\IAR_Workspace\Code_Concentrator_MBUS_485\Test\Debug\Obj\lib_ascii.o
#        D:\IAR_Workspace\Code_Concentrator_MBUS_485\Test\Debug\Obj\lib_math.o
#        D:\IAR_Workspace\Code_Concentrator_MBUS_485\Test\Debug\Obj\lib_mem.o
#        D:\IAR_Workspace\Code_Concentrator_MBUS_485\Test\Debug\Obj\lib_mem_a.o
#        D:\IAR_Workspace\Code_Concentrator_MBUS_485\Test\Debug\Obj\lib_str.o
#        D:\IAR_Workspace\Code_Concentrator_MBUS_485\Test\Debug\Obj\main.o
#        D:\IAR_Workspace\Code_Concentrator_MBUS_485\Test\Debug\Obj\misc.o
#        D:\IAR_Workspace\Code_Concentrator_MBUS_485\Test\Debug\Obj\os_app_hooks.o
#        D:\IAR_Workspace\Code_Concentrator_MBUS_485\Test\Debug\Obj\os_cfg_app.o
#        D:\IAR_Workspace\Code_Concentrator_MBUS_485\Test\Debug\Obj\os_core.o
#        D:\IAR_Workspace\Code_Concentrator_MBUS_485\Test\Debug\Obj\os_cpu_a.o
#        D:\IAR_Workspace\Code_Concentrator_MBUS_485\Test\Debug\Obj\os_cpu_c.o
#        D:\IAR_Workspace\Code_Concentrator_MBUS_485\Test\Debug\Obj\os_dbg.o
#        D:\IAR_Workspace\Code_Concentrator_MBUS_485\Test\Debug\Obj\os_flag.o
#        D:\IAR_Workspace\Code_Concentrator_MBUS_485\Test\Debug\Obj\os_int.o
#        D:\IAR_Workspace\Code_Concentrator_MBUS_485\Test\Debug\Obj\os_mem.o
#        D:\IAR_Workspace\Code_Concentrator_MBUS_485\Test\Debug\Obj\os_msg.o
#        D:\IAR_Workspace\Code_Concentrator_MBUS_485\Test\Debug\Obj\os_mutex.o
#        D:\IAR_Workspace\Code_Concentrator_MBUS_485\Test\Debug\Obj\os_pend_multi.o
#        D:\IAR_Workspace\Code_Concentrator_MBUS_485\Test\Debug\Obj\os_prio.o
#        D:\IAR_Workspace\Code_Concentrator_MBUS_485\Test\Debug\Obj\os_q.o
#        D:\IAR_Workspace\Code_Concentrator_MBUS_485\Test\Debug\Obj\os_sem.o
#        D:\IAR_Workspace\Code_Concentrator_MBUS_485\Test\Debug\Obj\os_stat.o
#        D:\IAR_Workspace\Code_Concentrator_MBUS_485\Test\Debug\Obj\os_task.o
#        D:\IAR_Workspace\Code_Concentrator_MBUS_485\Test\Debug\Obj\os_tick.o
#        D:\IAR_Workspace\Code_Concentrator_MBUS_485\Test\Debug\Obj\os_time.o
#        D:\IAR_Workspace\Code_Concentrator_MBUS_485\Test\Debug\Obj\os_tmr.o
#        D:\IAR_Workspace\Code_Concentrator_MBUS_485\Test\Debug\Obj\os_var.o
#        D:\IAR_Workspace\Code_Concentrator_MBUS_485\Test\Debug\Obj\serial.o
#        D:\IAR_Workspace\Code_Concentrator_MBUS_485\Test\Debug\Obj\sim800g.o
#        D:\IAR_Workspace\Code_Concentrator_MBUS_485\Test\Debug\Obj\spi_flash.o
#        D:\IAR_Workspace\Code_Concentrator_MBUS_485\Test\Debug\Obj\startup_stm32f10x_md.o
#        D:\IAR_Workspace\Code_Concentrator_MBUS_485\Test\Debug\Obj\stm32f10x_adc.o
#        D:\IAR_Workspace\Code_Concentrator_MBUS_485\Test\Debug\Obj\stm32f10x_bkp.o
#        D:\IAR_Workspace\Code_Concentrator_MBUS_485\Test\Debug\Obj\stm32f10x_can.o
#        D:\IAR_Workspace\Code_Concentrator_MBUS_485\Test\Debug\Obj\stm32f10x_cec.o
#        D:\IAR_Workspace\Code_Concentrator_MBUS_485\Test\Debug\Obj\stm32f10x_crc.o
#        D:\IAR_Workspace\Code_Concentrator_MBUS_485\Test\Debug\Obj\stm32f10x_dac.o
#        D:\IAR_Workspace\Code_Concentrator_MBUS_485\Test\Debug\Obj\stm32f10x_dbgmcu.o
#        D:\IAR_Workspace\Code_Concentrator_MBUS_485\Test\Debug\Obj\stm32f10x_dma.o
#        D:\IAR_Workspace\Code_Concentrator_MBUS_485\Test\Debug\Obj\stm32f10x_exti.o
#        D:\IAR_Workspace\Code_Concentrator_MBUS_485\Test\Debug\Obj\stm32f10x_flash.o
#        D:\IAR_Workspace\Code_Concentrator_MBUS_485\Test\Debug\Obj\stm32f10x_fsmc.o
#        D:\IAR_Workspace\Code_Concentrator_MBUS_485\Test\Debug\Obj\stm32f10x_gpio.o
#        D:\IAR_Workspace\Code_Concentrator_MBUS_485\Test\Debug\Obj\stm32f10x_i2c.o
#        D:\IAR_Workspace\Code_Concentrator_MBUS_485\Test\Debug\Obj\stm32f10x_it.o
#        D:\IAR_Workspace\Code_Concentrator_MBUS_485\Test\Debug\Obj\stm32f10x_iwdg.o
#        D:\IAR_Workspace\Code_Concentrator_MBUS_485\Test\Debug\Obj\stm32f10x_pwr.o
#        D:\IAR_Workspace\Code_Concentrator_MBUS_485\Test\Debug\Obj\stm32f10x_rcc.o
#        D:\IAR_Workspace\Code_Concentrator_MBUS_485\Test\Debug\Obj\stm32f10x_rtc.o
#        D:\IAR_Workspace\Code_Concentrator_MBUS_485\Test\Debug\Obj\stm32f10x_sdio.o
#        D:\IAR_Workspace\Code_Concentrator_MBUS_485\Test\Debug\Obj\stm32f10x_spi.o
#        D:\IAR_Workspace\Code_Concentrator_MBUS_485\Test\Debug\Obj\stm32f10x_tim.o
#        D:\IAR_Workspace\Code_Concentrator_MBUS_485\Test\Debug\Obj\stm32f10x_usart.o
#        D:\IAR_Workspace\Code_Concentrator_MBUS_485\Test\Debug\Obj\stm32f10x_wwdg.o
#        D:\IAR_Workspace\Code_Concentrator_MBUS_485\Test\Debug\Obj\system_stm32f10x.o
#        D:\IAR_Workspace\Code_Concentrator_MBUS_485\Test\Debug\Obj\tasks.o
#        D:\IAR_Workspace\Code_Concentrator_MBUS_485\Test\Debug\Obj\timestamp.o
#        -o D:\IAR_Workspace\Code_Concentrator_MBUS_485\Test\Debug\Exe\Test.out
#        --map
#        D:\IAR_Workspace\Code_Concentrator_MBUS_485\Test\Debug\List\Test.map
#        --config D:\IAR_Workspace\Code_Concentrator_MBUS_485\Test\Test.icf
#        --semihosting --entry __iar_program_start --vfe
#
###############################################################################

*******************************************************************************
*** RUNTIME MODEL ATTRIBUTES
***

CppFlavor       = *
__SystemLibrary = DLib


*******************************************************************************
*** PLACEMENT SUMMARY
***

"A1":  place at 0x08000000 { ro section .intvec };
"P1":  place in [from 0x08000000 to 0x0801ffff] { ro };
"P2":  place in [from 0x20000000 to 0x20004fff] { rw, block CSTACK, block HEAP };

  Section             Kind        Address    Size  Object
  -------             ----        -------    ----  ------
"A1":                                        0xec
  .intvec             ro code  0x08000000    0xec  startup_stm32f10x_md.o [1]
                             - 0x080000ec    0xec

"P1":                                      0xc184
  .text               ro code  0x080000ec  0x438c  tasks.o [1]
  .text               ro code  0x08004478   0x384  os_q.o [1]
  .text               ro code  0x080047fc   0x180  os_mem.o [1]
  .text               ro code  0x0800497c   0x11c  lib_mem.o [1]
  .text               ro code  0x08004a98   0x400  serial.o [1]
  .text               ro code  0x08004e98   0x110  os_time.o [1]
  .text               ro code  0x08004fa8   0x778  sim800g.o [1]
  .text               ro code  0x08005720   0x21e  lib_str.o [1]
  .text               ro code  0x0800593e    0x2e  copy_init3.o [5]
  .text               ro code  0x0800596c   0x302  os_sem.o [1]
  .text               ro code  0x08005c6e    0x22  zero_init3.o [5]
  CODE                ro code  0x08005c90   0x220  lib_mem_a.o [1]
  CODE                ro code  0x08005eb0    0x34  cpu_a.o [1]
  .text               ro code  0x08005ee4   0x1c4  stm32f10x_gpio.o [1]
  .text               ro code  0x080060a8   0x920  spi_flash.o [1]
  .text               ro code  0x080069c8   0x3d0  os_mutex.o [1]
  .text               ro code  0x08006d98   0x530  os_tmr.o [1]
  .text               ro code  0x080072c8    0x34  sprintf.o [3]
  .text               ro code  0x080072fc   0x6aa  os_flag.o [1]
  .text               ro code  0x080079a6     0xa  xsprout.o [3]
  .text               ro code  0x080079b0   0x1fc  os_msg.o [1]
  .text               ro code  0x08007bac   0x988  os_core.o [1]
  .text               ro code  0x08008534    0x3c  timestamp.o [1]
  .text               ro code  0x08008570   0x17e  stm32f10x_usart.o [1]
  .rodata             const    0x080086ee     0x2  os_cfg_app.o [1]
  .text               ro code  0x080086f0    0xc8  stm32f10x_exti.o [1]
  .text               ro code  0x080087b8   0x418  os_tick.o [1]
  .text               ro code  0x08008bd0   0x1d8  os_cpu_c.o [1]
  .text               ro code  0x08008da8   0x694  os_task.o [1]
  .text               ro code  0x0800943c     0x8  atoi.o [3]
  .text               ro code  0x08009444    0xa4  stm32f10x_spi.o [1]
  .text               ro code  0x080094e8    0x88  os_prio.o [1]
  .text               ro code  0x08009570   0xd86  xprintffull_nomb.o [3]
  .rodata             const    0x0800a2f6     0x2  os_cfg_app.o [1]
  .text               ro code  0x0800a2f8    0xac  os_cfg_app.o [1]
  CODE                ro code  0x0800a3a4    0x84  os_cpu_a.o [1]
  .text               ro code  0x0800a428   0x4d6  bsp.o [1]
  .rodata             const    0x0800a8fe     0x2  os_cfg_app.o [1]
  .text               ro code  0x0800a900    0x20  cpu_core.o [1]
  .text               ro code  0x0800a920   0x258  stm32f10x_rcc.o [1]
  .text               ro code  0x0800ab78   0x19c  xstoul.o [3]
  .text               ro code  0x0800ad14    0x16  strchr.o [5]
  .rodata             const    0x0800ad2a     0x1  os_cfg_app.o [1]
  .rodata             const    0x0800ad2b     0x1  os_cfg_app.o [1]
  .text               ro code  0x0800ad2c    0x36  strlen.o [5]
  .text               ro code  0x0800ad64    0x58  memchr.o [5]
  .text               ro code  0x0800adbc    0xee  I64DivMod.o [5]
  .text               ro code  0x0800aeac    0x76  ABImemcpy_unaligned.o [5]
  .text               ro code  0x0800af22    0x42  xdnorm.o [4]
  .text               ro code  0x0800af64    0x2e  DblCmpLe.o [4]
  .text               ro code  0x0800af94    0x2e  DblCmpGe.o [4]
  .text               ro code  0x0800afc4   0x10c  xdscale.o [4]
  .text               ro code  0x0800b0d0    0x58  DblToI32.o [4]
  .text               ro code  0x0800b128    0x30  I32ToDbl.o [4]
  .text               ro code  0x0800b158   0x180  DblSub.o [4]
  .text               ro code  0x0800b2d8   0x1a2  DblMul.o [4]
  .text               ro code  0x0800b47c   0x246  DblDiv.o [4]
  .text               ro code  0x0800b6c2     0xe  div.o [3]
  .text               ro code  0x0800b6d0    0x3c  stm32f10x_flash.o [1]
  .text               ro code  0x0800b70c    0x80  misc.o [1]
  .text               ro code  0x0800b78c    0x2c  stm32f10x_iwdg.o [1]
  .text               ro code  0x0800b7b8     0xc  errno.o [3]
  .text               ro code  0x0800b7c4     0x2  I64DivZer.o [5]
  .text               ro code  0x0800b7c8    0xd4  DblAdd.o [4]
  .text               ro code  0x0800b89c     0x2  xtls.o [3]
  .text               ro code  0x0800b8a0   0x518  main.o [1]
  .text               ro code  0x0800bdb8    0x6e  system_stm32f10x.o [1]
  .text               ro code  0x0800be26    0x36  stm32f10x_it.o [1]
  .text               ro code  0x0800be5c    0x28  data_init.o [5]
  .iar.init_table     const    0x0800be84    0x24  - Linker created -
  .text               ro code  0x0800bea8    0x1a  cmain.o [5]
  .text               ro code  0x0800bec2     0x4  low_level_init.o [3]
  .text               ro code  0x0800bec6     0x4  exit.o [3]
  .text               ro code  0x0800becc     0xa  cexit.o [5]
  .text               ro code  0x0800bed8    0x14  exit.o [6]
  .rodata             const    0x0800beec    0x18  os_tmr.o [1]
  .rodata             const    0x0800bf04    0x18  sim800g.o [1]
  .rodata             const    0x0800bf1c    0x14  os_core.o [1]
  .rodata             const    0x0800bf30    0x14  os_tick.o [1]
  .rodata             const    0x0800bf44    0x14  sim800g.o [1]
  .rodata             const    0x0800bf58    0x10  sim800g.o [1]
  .rodata             const    0x0800bf68    0x10  sim800g.o [1]
  .text               ro code  0x0800bf78    0x10  startup_stm32f10x_md.o [1]
  .rodata             const    0x0800bf88     0xc  main.o [1]
  .rodata             const    0x0800bf94     0xc  main.o [1]
  .rodata             const    0x0800bfa0     0xc  main.o [1]
  .rodata             const    0x0800bfac     0xc  sim800g.o [1]
  .rodata             const    0x0800bfb8     0xc  sim800g.o [1]
  .rodata             const    0x0800bfc4     0xc  sim800g.o [1]
  .rodata             const    0x0800bfd0     0xc  sim800g.o [1]
  .rodata             const    0x0800bfdc     0xc  sim800g.o [1]
  .rodata             const    0x0800bfe8     0xc  sim800g.o [1]
  .rodata             const    0x0800bff4     0xc  sim800g.o [1]
  .rodata             const    0x0800c000     0xc  sim800g.o [1]
  .rodata             const    0x0800c00c     0xc  sim800g.o [1]
  .text               ro code  0x0800c018     0xc  cstartup_M.o [5]
  .rodata             const    0x0800c024     0x8  main.o [1]
  .rodata             const    0x0800c02c     0x8  main.o [1]
  .rodata             const    0x0800c034     0x8  main.o [1]
  .rodata             const    0x0800c03c     0x8  main.o [1]
  .rodata             const    0x0800c044     0x8  main.o [1]
  .rodata             const    0x0800c04c     0x8  main.o [1]
  .rodata             const    0x0800c054     0x8  main.o [1]
  .rodata             const    0x0800c05c     0x8  main.o [1]
  .rodata             const    0x0800c064     0x8  main.o [1]
  .rodata             const    0x0800c06c     0x8  main.o [1]
  .rodata             const    0x0800c074     0x8  main.o [1]
  .rodata             const    0x0800c07c     0x8  main.o [1]
  .rodata             const    0x0800c084     0x8  main.o [1]
  .rodata             const    0x0800c08c     0x8  main.o [1]
  .rodata             const    0x0800c094     0x8  os_task.o [1]
  .rodata             const    0x0800c09c     0x8  sim800g.o [1]
  .rodata             const    0x0800c0a4     0x8  sim800g.o [1]
  .rodata             const    0x0800c0ac     0x8  sim800g.o [1]
  .rodata             const    0x0800c0b4     0x8  tasks.o [1]
  .rodata             const    0x0800c0bc     0x8  tasks.o [1]
  .rodata             const    0x0800c0c4     0x8  tasks.o [1]
  .rodata             const    0x0800c0cc     0x8  tasks.o [1]
  .rodata             const    0x0800c0d4     0x8  tasks.o [1]
  .rodata             const    0x0800c0dc     0x4  os_cfg_app.o [1]
  .rodata             const    0x0800c0e0     0x4  os_cfg_app.o [1]
  .rodata             const    0x0800c0e4     0x4  os_cfg_app.o [1]
  .rodata             const    0x0800c0e8     0x4  os_cfg_app.o [1]
  .rodata             const    0x0800c0ec     0x4  os_cfg_app.o [1]
  .rodata             const    0x0800c0f0     0x4  os_cfg_app.o [1]
  .rodata             const    0x0800c0f4     0x4  os_cfg_app.o [1]
  .rodata             const    0x0800c0f8     0x4  os_cfg_app.o [1]
  .rodata             const    0x0800c0fc     0x4  os_cfg_app.o [1]
  .rodata             const    0x0800c100     0x4  os_cfg_app.o [1]
  .rodata             const    0x0800c104     0x4  os_cfg_app.o [1]
  .rodata             const    0x0800c108     0x4  os_cfg_app.o [1]
  .rodata             const    0x0800c10c     0x4  os_cfg_app.o [1]
  .rodata             const    0x0800c110     0x4  os_cfg_app.o [1]
  .rodata             const    0x0800c114     0x4  os_cfg_app.o [1]
  .rodata             const    0x0800c118     0x4  os_cfg_app.o [1]
  .rodata             const    0x0800c11c     0x4  os_cfg_app.o [1]
  .rodata             const    0x0800c120     0x4  os_cfg_app.o [1]
  .rodata             const    0x0800c124     0x4  os_cfg_app.o [1]
  .rodata             const    0x0800c128     0x4  os_cfg_app.o [1]
  .rodata             const    0x0800c12c     0x4  os_cfg_app.o [1]
  .rodata             const    0x0800c130     0x4  os_cfg_app.o [1]
  .rodata             const    0x0800c134     0x4  os_cfg_app.o [1]
  .rodata             const    0x0800c138     0x4  sim800g.o [1]
  .text               ro code  0x0800c13c     0x4  startup_stm32f10x_md.o [1]
  .text               ro code  0x0800c140     0x4  startup_stm32f10x_md.o [1]
  .text               ro code  0x0800c144     0x4  startup_stm32f10x_md.o [1]
  .text               ro code  0x0800c148     0x4  startup_stm32f10x_md.o [1]
  .text               ro code  0x0800c14c     0x4  startup_stm32f10x_md.o [1]
  .text               ro code  0x0800c150     0x4  startup_stm32f10x_md.o [1]
  .text               ro code  0x0800c154     0x4  startup_stm32f10x_md.o [1]
  .text               ro code  0x0800c158     0x4  startup_stm32f10x_md.o [1]
  .text               ro code  0x0800c15c     0x4  startup_stm32f10x_md.o [1]
  .text               ro code  0x0800c160     0x4  startup_stm32f10x_md.o [1]
  .text               ro code  0x0800c164     0x4  startup_stm32f10x_md.o [1]
  .text               ro code  0x0800c168     0x4  startup_stm32f10x_md.o [1]
  .text               ro code  0x0800c16c     0x4  startup_stm32f10x_md.o [1]
  .text               ro code  0x0800c170     0x4  startup_stm32f10x_md.o [1]
  .text               ro code  0x0800c174     0x4  startup_stm32f10x_md.o [1]
  .text               ro code  0x0800c178     0x4  startup_stm32f10x_md.o [1]
  .text               ro code  0x0800c17c     0x4  startup_stm32f10x_md.o [1]
  .text               ro code  0x0800c180     0x4  startup_stm32f10x_md.o [1]
  .text               ro code  0x0800c184     0x4  startup_stm32f10x_md.o [1]
  .text               ro code  0x0800c188     0x4  startup_stm32f10x_md.o [1]
  .text               ro code  0x0800c18c     0x4  startup_stm32f10x_md.o [1]
  .text               ro code  0x0800c190     0x4  startup_stm32f10x_md.o [1]
  .text               ro code  0x0800c194     0x4  startup_stm32f10x_md.o [1]
  .text               ro code  0x0800c198     0x4  startup_stm32f10x_md.o [1]
  .text               ro code  0x0800c19c     0x4  startup_stm32f10x_md.o [1]
  .text               ro code  0x0800c1a0     0x4  startup_stm32f10x_md.o [1]
  .text               ro code  0x0800c1a4     0x4  startup_stm32f10x_md.o [1]
  .text               ro code  0x0800c1a8     0x4  startup_stm32f10x_md.o [1]
  .text               ro code  0x0800c1ac     0x4  startup_stm32f10x_md.o [1]
  .text               ro code  0x0800c1b0     0x4  startup_stm32f10x_md.o [1]
  .text               ro code  0x0800c1b4     0x4  startup_stm32f10x_md.o [1]
  .text               ro code  0x0800c1b8     0x4  startup_stm32f10x_md.o [1]
  .text               ro code  0x0800c1bc     0x4  startup_stm32f10x_md.o [1]
  .text               ro code  0x0800c1c0     0x4  startup_stm32f10x_md.o [1]
  .text               ro code  0x0800c1c4     0x4  startup_stm32f10x_md.o [1]
  .text               ro code  0x0800c1c8     0x4  startup_stm32f10x_md.o [1]
  .text               ro code  0x0800c1cc     0x4  startup_stm32f10x_md.o [1]
  .text               ro code  0x0800c1d0     0x4  startup_stm32f10x_md.o [1]
  .text               ro code  0x0800c1d4     0x4  startup_stm32f10x_md.o [1]
  .rodata             const    0x0800c1d8     0x0  zero_init3.o [5]
  .rodata             const    0x0800c1d8     0x0  copy_init3.o [5]
  Initializer bytes   ro data  0x0800c1d8    0x98  <for P2 s0>
                             - 0x0800c270  0xc184

"P2", part 1 of 3:                           0x98
  P2 s0                        0x20000000    0x98  <Init block>
    .data             inited   0x20000000    0x50  sim800g.o [1]
    .data             inited   0x20000050    0x14  sim800g.o [1]
    .data             inited   0x20000064    0x10  stm32f10x_rcc.o [1]
    .data             inited   0x20000074     0x8  sim800g.o [1]
    .data             inited   0x2000007c     0x8  sim800g.o [1]
    .data             inited   0x20000084     0x4  stm32f10x_rcc.o [1]
    .data             inited   0x20000088     0x4  tasks.o [1]
    __DLIB_PERTHREAD  inited   0x2000008c     0x4  errno.o [3]
    .data             inited   0x20000090     0x2  sim800g.o [1]
    .data             inited   0x20000092     0x1  main.o [1]
    .data             inited   0x20000093     0x1  main.o [1]
    .data             inited   0x20000094     0x1  sim800g.o [1]
    .data             inited   0x20000095     0x1  sim800g.o [1]
    .data             inited   0x20000096     0x1  sim800g.o [1]
    .data             inited   0x20000097     0x1  sim800g.o [1]
                             - 0x20000098    0x98

"P2", part 2 of 3:                         0x4c80
  .bss                zero     0x20000098  0x1000  main.o [1]
  .bss                zero     0x20001098   0x640  os_cfg_app.o [1]
  .bss                zero     0x200016d8   0x600  main.o [1]
  .bss                zero     0x20001cd8   0x600  main.o [1]
  .bss                zero     0x200022d8   0x600  main.o [1]
  .bss                zero     0x200028d8   0x200  main.o [1]
  .bss                zero     0x20002ad8   0x200  main.o [1]
  .bss                zero     0x20002cd8   0x200  main.o [1]
  .bss                zero     0x20002ed8   0x200  main.o [1]
  .bss                zero     0x200030d8   0x200  main.o [1]
  .bss                zero     0x200032d8   0x200  main.o [1]
  .bss                zero     0x200034d8   0x200  main.o [1]
  .bss                zero     0x200036d8   0x200  os_cfg_app.o [1]
  .bss                zero     0x200038d8   0x200  os_cfg_app.o [1]
  .bss                zero     0x20003ad8   0x200  os_cfg_app.o [1]
  .bss                zero     0x20003cd8   0x200  os_cfg_app.o [1]
  .bss                zero     0x20003ed8   0x180  os_var.o [1]
  .bss                zero     0x20004058    0xb4  main.o [1]
  .bss                zero     0x2000410c    0xb4  main.o [1]
  .bss                zero     0x200041c0    0xb4  main.o [1]
  .bss                zero     0x20004274    0xb4  main.o [1]
  .bss                zero     0x20004328    0xb4  main.o [1]
  .bss                zero     0x200043dc    0xb4  main.o [1]
  .bss                zero     0x20004490    0xb4  main.o [1]
  .bss                zero     0x20004544    0xb4  main.o [1]
  .bss                zero     0x200045f8    0xb4  main.o [1]
  .bss                zero     0x200046ac    0xb4  os_var.o [1]
  .bss                zero     0x20004760    0xb4  os_var.o [1]
  .bss                zero     0x20004814    0xb4  os_var.o [1]
  .bss                zero     0x200048c8    0x88  os_cfg_app.o [1]
  .bss                zero     0x20004950    0x88  os_cfg_app.o [1]
  .bss                zero     0x200049d8    0x78  main.o [1]
  .bss                zero     0x20004a50    0x2c  main.o [1]
  .bss                zero     0x20004a7c    0x24  main.o [1]
  .bss                zero     0x20004aa0    0x24  main.o [1]
  .bss                zero     0x20004ac4    0x24  main.o [1]
  .bss                zero     0x20004ae8    0x24  main.o [1]
  .bss                zero     0x20004b0c    0x24  main.o [1]
  .bss                zero     0x20004b30    0x20  main.o [1]
  .bss                zero     0x20004b50    0x20  main.o [1]
  .bss                zero     0x20004b70    0x1c  main.o [1]
  .bss                zero     0x20004b8c    0x1c  main.o [1]
  .bss                zero     0x20004ba8    0x1c  main.o [1]
  .bss                zero     0x20004bc4    0x1c  main.o [1]
  .bss                zero     0x20004be0    0x1c  main.o [1]
  .bss                zero     0x20004bfc    0x1c  main.o [1]
  .bss                zero     0x20004c18    0x1c  main.o [1]
  .bss                zero     0x20004c34    0x1c  main.o [1]
  .bss                zero     0x20004c50    0x18  main.o [1]
  .bss                zero     0x20004c68    0x18  main.o [1]
  .bss                zero     0x20004c80     0xc  os_var.o [1]
  .bss                zero     0x20004c8c     0x4  cpu_core.o [1]
  .bss                zero     0x20004c90     0x4  os_cpu_c.o [1]
  .bss                zero     0x20004c94     0x4  os_prio.o [1]
  .bss                zero     0x20004c98     0x4  os_var.o [1]
  .bss                zero     0x20004c9c     0x4  os_var.o [1]
  .bss                zero     0x20004ca0     0x4  os_var.o [1]
  .bss                zero     0x20004ca4     0x4  os_var.o [1]
  .bss                zero     0x20004ca8     0x4  os_var.o [1]
  .bss                zero     0x20004cac     0x4  os_var.o [1]
  .bss                zero     0x20004cb0     0x4  os_var.o [1]
  .bss                zero     0x20004cb4     0x4  os_var.o [1]
  .bss                zero     0x20004cb8     0x4  os_var.o [1]
  .bss                zero     0x20004cbc     0x4  os_var.o [1]
  .bss                zero     0x20004cc0     0x4  os_var.o [1]
  .bss                zero     0x20004cc4     0x4  os_var.o [1]
  .bss                zero     0x20004cc8     0x4  os_var.o [1]
  .bss                zero     0x20004ccc     0x4  os_var.o [1]
  .bss                zero     0x20004cd0     0x4  os_var.o [1]
  .bss                zero     0x20004cd4     0x4  os_var.o [1]
  .bss                zero     0x20004cd8     0x4  os_var.o [1]
  .bss                zero     0x20004cdc     0x4  os_var.o [1]
  .bss                zero     0x20004ce0     0x4  tasks.o [1]
  .bss                zero     0x20004ce4     0x4  tasks.o [1]
  .bss                zero     0x20004ce8     0x4  tasks.o [1]
  .bss                zero     0x20004cec     0x4  tasks.o [1]
  .bss                zero     0x20004cf0     0x2  os_var.o [1]
  .bss                zero     0x20004cf2     0x2  os_var.o [1]
  .bss                zero     0x20004cf4     0x2  os_var.o [1]
  .bss                zero     0x20004cf6     0x2  os_var.o [1]
  .bss                zero     0x20004cf8     0x2  os_var.o [1]
  .bss                zero     0x20004cfa     0x2  os_var.o [1]
  .bss                zero     0x20004cfc     0x2  os_var.o [1]
  .bss                zero     0x20004cfe     0x1  main.o [1]
  .bss                zero     0x20004cff     0x1  main.o [1]
  .bss                zero     0x20004d00     0x1  main.o [1]
  .bss                zero     0x20004d01     0x1  os_var.o [1]
  .bss                zero     0x20004d02     0x1  os_var.o [1]
  .bss                zero     0x20004d03     0x1  os_var.o [1]
  .bss                zero     0x20004d04     0x1  os_var.o [1]
  .bss                zero     0x20004d05     0x1  os_var.o [1]
  .bss                zero     0x20004d06     0x1  os_var.o [1]
  .bss                zero     0x20004d07     0x1  os_var.o [1]
  .bss                zero     0x20004d08     0x1  os_var.o [1]
  .bss                zero     0x20004d09     0x1  tasks.o [1]
  .bss                zero     0x20004d0a     0x1  tasks.o [1]
  .bss                zero     0x20004d0b     0x1  tasks.o [1]
  .bss                zero     0x20004d0c     0x1  tasks.o [1]
  .bss                zero     0x20004d0d     0x1  tasks.o [1]
  .bss                zero     0x20004d0e     0x1  tasks.o [1]
  .bss                zero     0x20004d0f     0x1  tasks.o [1]
  .bss                zero     0x20004d10     0x1  tasks.o [1]
                             - 0x20004d11  0x4c79

"P2", part 3 of 3:                          0x200
  CSTACK                       0x20004d18   0x200  <Block>
    CSTACK            uninit   0x20004d18   0x200  <Block tail>
                             - 0x20004f18   0x200


*******************************************************************************
*** INIT TABLE
***

          Address     Size
          -------     ----
Zero (__iar_zero_init3)
    1 destination range, total size 0x4c79:
          0x20000098  0x4c79

Copy (__iar_copy_init3)
    1 source range, total size 0x98:
          0x0800c1d8    0x98
    1 destination range, total size 0x98:
          0x20000000    0x98



*******************************************************************************
*** MODULE SUMMARY
***

    Module                  ro code  ro data  rw data
    ------                  -------  -------  -------
D:\IAR_Workspace\Code_Concentrator_MBUS_485\Test\Debug\Obj: [1]
    bsp.o                     1 238
    cpu_a.o                      52
    cpu_core.o                   32                 4
    lib_mem.o                   284
    lib_mem_a.o                 544
    lib_str.o                   542
    main.o                    1 304      150   14 593
    misc.o                      128
    os_cfg_app.o                172      100    3 920
    os_core.o                 2 440       20
    os_cpu_a.o                  132
    os_cpu_c.o                  472                 4
    os_flag.o                 1 706
    os_mem.o                    384
    os_msg.o                    508
    os_mutex.o                  976
    os_prio.o                   136                 4
    os_q.o                      900
    os_sem.o                    770
    os_task.o                 1 684        8
    os_tick.o                 1 048       20
    os_time.o                   272
    os_tmr.o                  1 328       24
    os_var.o                                    1 030
    serial.o                  1 024
    sim800g.o                 1 912      334      122
    spi_flash.o               2 336
    startup_stm32f10x_md.o      408
    stm32f10x_exti.o            200
    stm32f10x_flash.o            60
    stm32f10x_gpio.o            452
    stm32f10x_it.o               54
    stm32f10x_iwdg.o             44
    stm32f10x_rcc.o             600       20       20
    stm32f10x_spi.o             164
    stm32f10x_usart.o           382
    system_stm32f10x.o          110
    tasks.o                  17 292       44       28
    timestamp.o                  60
    -------------------------------------------------
    Total:                   42 150      720   19 725

command line: [2]
    -------------------------------------------------
    Total:

dl7M_tln.a: [3]
    atoi.o                        8
    div.o                        14
    errno.o                      12        4        4
    exit.o                        4
    low_level_init.o              4
    sprintf.o                    52
    xprintffull_nomb.o        3 462
    xsprout.o                    10
    xstoul.o                    412
    xtls.o                        2
    -------------------------------------------------
    Total:                    3 980        4        4

m7M_tl.a: [4]
    DblAdd.o                    212
    DblCmpGe.o                   46
    DblCmpLe.o                   46
    DblDiv.o                    582
    DblMul.o                    418
    DblSub.o                    384
    DblToI32.o                   88
    I32ToDbl.o                   48
    xdnorm.o                     66
    xdscale.o                   268
    -------------------------------------------------
    Total:                    2 158

rt7M_tl.a: [5]
    ABImemcpy_unaligned.o       118
    I64DivMod.o                 238
    I64DivZer.o                   2
    cexit.o                      10
    cmain.o                      26
    copy_init3.o                 46
    cstartup_M.o                 12
    data_init.o                  40
    memchr.o                     88
    strchr.o                     22
    strlen.o                     54
    zero_init3.o                 34
    -------------------------------------------------
    Total:                      690

shb_l.a: [6]
    exit.o                       20
    -------------------------------------------------
    Total:                       20

    Gaps                         18
    Linker created                        36      512
-----------------------------------------------------
    Grand Total:             49 016      760   20 241


*******************************************************************************
*** ENTRY LIST
***

Entry                      Address    Size  Type      Object
-----                      -------    ----  ----      ------
?main                   0x0800bea9          Code  Gb  cmain.o [5]
ADCPrescTable           0x20000084     0x4  Data  Lc  stm32f10x_rcc.o [1]
APBAHBPrescTable        0x20000064    0x10  Data  Lc  stm32f10x_rcc.o [1]
BSP_CPU_ClkFreq         0x0800a8ef    0x10  Code  Gb  bsp.o [1]
BSP_GPIO_Init           0x0800a4d9   0x1f2  Code  Gb  bsp.o [1]
BSP_IWDG_Init           0x0800a8d5    0x1a  Code  Gb  bsp.o [1]
BSP_Init                0x0800a429    0xb0  Code  Gb  bsp.o [1]
BSP_NVIC_Init           0x0800a7e3    0x6c  Code  Gb  bsp.o [1]
BSP_SPI_Init            0x0800a84f    0x66  Code  Gb  bsp.o [1]
BSP_USART_Init          0x0800a6cb   0x118  Code  Gb  bsp.o [1]
BusFault_Handler        0x0800be2d     0x2  Code  Gb  stm32f10x_it.o [1]
CPU_CntLeadZeros        0x08005ecf          Code  Gb  cpu_a.o [1]
CPU_CntTrailZeros       0x08005ed5          Code  Gb  cpu_a.o [1]
CPU_Init                0x0800a901     0x8  Code  Gb  cpu_core.o [1]
CPU_IntDis              0x08005eb1          Code  Gb  cpu_a.o [1]
CPU_IntEn               0x08005eb5          Code  Gb  cpu_a.o [1]
CPU_RevBits             0x08005edf          Code  Gb  cpu_a.o [1]
CPU_SR_Restore          0x08005ec1          Code  Gb  cpu_a.o [1]
CPU_SR_Save             0x08005eb9          Code  Gb  cpu_a.o [1]
CPU_TS_Init             0x0800a90f     0xe  Code  Lc  cpu_core.o [1]
CPU_TS_TmrFreqSet       0x0800a909     0x6  Code  Gb  cpu_core.o [1]
CPU_TS_TmrFreq_Hz       0x20004c8c     0x4  Data  Gb  cpu_core.o [1]
CPU_TS_TmrInit          0x08008535    0x2a  Code  Gb  timestamp.o [1]
CPU_TS_TmrRd            0x0800855f     0x6  Code  Gb  timestamp.o [1]
CPU_WaitForExcept       0x08005ecb          Code  Gb  cpu_a.o [1]
CPU_WaitForInt          0x08005ec7          Code  Gb  cpu_a.o [1]
CSTACK$$Base            0x20004d18           --   Gb  - Linker created -
CSTACK$$Limit           0x20004f18           --   Gb  - Linker created -
DebugMon_Handler        0x0800be33     0x2  Code  Gb  stm32f10x_it.o [1]
Device_Cmd              0x08005645    0x80  Code  Gb  sim800g.o [1]
Device_Read             0x08004e09    0x34  Code  Gb  serial.o [1]
EXTI15_10_IRQHandler    0x0800be55     0x8  Code  Gb  stm32f10x_it.o [1]
EXTI_ClearITPendingBit  0x0800879d     0x6  Code  Gb  stm32f10x_exti.o [1]
EXTI_GetITStatus        0x08008779    0x24  Code  Gb  stm32f10x_exti.o [1]
EXTI_Init               0x080086f1    0x88  Code  Gb  stm32f10x_exti.o [1]
FLAG_Event              0x20004c34    0x1c  Data  Gb  main.o [1]
FLASH_PrefetchBufferCmd
                        0x0800b6e9    0x20  Code  Gb  stm32f10x_flash.o [1]
FLASH_SetLatency        0x0800b6d1    0x18  Code  Gb  stm32f10x_flash.o [1]
GPIO_EXTILineConfig     0x0800604d    0x50  Code  Gb  stm32f10x_gpio.o [1]
GPIO_Init               0x08005ee5    0xc8  Code  Gb  stm32f10x_gpio.o [1]
GPIO_PinRemapConfig     0x08005fcf    0x7e  Code  Gb  stm32f10x_gpio.o [1]
GPIO_ReadInputDataBit   0x08005fad    0x16  Code  Gb  stm32f10x_gpio.o [1]
GPIO_ResetBits          0x08005fc9     0x6  Code  Gb  stm32f10x_gpio.o [1]
GPIO_SetBits            0x08005fc3     0x6  Code  Gb  stm32f10x_gpio.o [1]
GetFlash                0x08006603   0x12e  Code  Gb  spi_flash.o [1]
HardFault_Handler       0x0800be29     0x2  Code  Gb  stm32f10x_it.o [1]
IWDG_Enable             0x0800b7a7     0xa  Code  Gb  stm32f10x_iwdg.o [1]
IWDG_ReloadCounter      0x0800b79d     0xa  Code  Gb  stm32f10x_iwdg.o [1]
IWDG_SetPrescaler       0x0800b795     0x8  Code  Gb  stm32f10x_iwdg.o [1]
IWDG_WriteAccessCmd     0x0800b78d     0x8  Code  Gb  stm32f10x_iwdg.o [1]
MEM_Buf                 0x20004c50    0x18  Data  Gb  main.o [1]
MEM_ISR                 0x20004c68    0x18  Data  Gb  main.o [1]
MUTEX_CONFIGFLASH       0x20004b30    0x20  Data  Gb  main.o [1]
MUTEX_SENDSERVER        0x20004b50    0x20  Data  Gb  main.o [1]
MemManage_Handler       0x0800be2b     0x2  Code  Gb  stm32f10x_it.o [1]
Mem_Clr                 0x0800497d     0xc  Code  Gb  lib_mem.o [1]
Mem_Cmp                 0x080049e3    0xb6  Code  Gb  lib_mem.o [1]
Mem_Copy                0x08005c91          Code  Gb  lib_mem_a.o [1]
Mem_Set                 0x08004989    0x5a  Code  Gb  lib_mem.o [1]
NMI_Handler             0x0800be27     0x2  Code  Gb  stm32f10x_it.o [1]
NVIC_Init               0x0800b717    0x62  Code  Gb  misc.o [1]
NVIC_PriorityGroupConfig
                        0x0800b70d     0xa  Code  Gb  misc.o [1]
OSCfg_DataSizeRAM       0x0800c134     0x4  Data  Gb  os_cfg_app.o [1]
OSCfg_ISRStk            0x200038d8   0x200  Data  Gb  os_cfg_app.o [1]
OSCfg_ISRStkBasePtr     0x0800c0ec     0x4  Data  Gb  os_cfg_app.o [1]
OSCfg_ISRStkSize        0x0800c0f0     0x4  Data  Gb  os_cfg_app.o [1]
OSCfg_ISRStkSizeRAM     0x0800c0f4     0x4  Data  Gb  os_cfg_app.o [1]
OSCfg_IdleTaskStk       0x200036d8   0x200  Data  Gb  os_cfg_app.o [1]
OSCfg_IdleTaskStkBasePtr
                        0x0800c0dc     0x4  Data  Gb  os_cfg_app.o [1]
OSCfg_IdleTaskStkLimit  0x0800c0e0     0x4  Data  Gb  os_cfg_app.o [1]
OSCfg_IdleTaskStkSize   0x0800c0e4     0x4  Data  Gb  os_cfg_app.o [1]
OSCfg_IdleTaskStkSizeRAM
                        0x0800c0e8     0x4  Data  Gb  os_cfg_app.o [1]
OSCfg_Init              0x0800a2f9    0xac  Code  Gb  os_cfg_app.o [1]
OSCfg_MsgPool           0x20001098   0x640  Data  Gb  os_cfg_app.o [1]
OSCfg_MsgPoolBasePtr    0x0800c0fc     0x4  Data  Gb  os_cfg_app.o [1]
OSCfg_MsgPoolSize       0x080086ee     0x2  Data  Gb  os_cfg_app.o [1]
OSCfg_MsgPoolSizeRAM    0x0800c0f8     0x4  Data  Gb  os_cfg_app.o [1]
OSCfg_StkSizeMin        0x0800c100     0x4  Data  Gb  os_cfg_app.o [1]
OSCfg_TickRate_Hz       0x0800c104     0x4  Data  Gb  os_cfg_app.o [1]
OSCfg_TickTaskPrio      0x0800ad2a     0x1  Data  Gb  os_cfg_app.o [1]
OSCfg_TickTaskStk       0x20003ad8   0x200  Data  Gb  os_cfg_app.o [1]
OSCfg_TickTaskStkBasePtr
                        0x0800c108     0x4  Data  Gb  os_cfg_app.o [1]
OSCfg_TickTaskStkLimit  0x0800c10c     0x4  Data  Gb  os_cfg_app.o [1]
OSCfg_TickTaskStkSize   0x0800c110     0x4  Data  Gb  os_cfg_app.o [1]
OSCfg_TickTaskStkSizeRAM
                        0x0800c114     0x4  Data  Gb  os_cfg_app.o [1]
OSCfg_TickWheel         0x200048c8    0x88  Data  Gb  os_cfg_app.o [1]
OSCfg_TickWheelSize     0x0800a2f6     0x2  Data  Gb  os_cfg_app.o [1]
OSCfg_TickWheelSizeRAM  0x0800c118     0x4  Data  Gb  os_cfg_app.o [1]
OSCfg_TmrTaskPrio       0x0800ad2b     0x1  Data  Gb  os_cfg_app.o [1]
OSCfg_TmrTaskRate_Hz    0x0800c11c     0x4  Data  Gb  os_cfg_app.o [1]
OSCfg_TmrTaskStk        0x20003cd8   0x200  Data  Gb  os_cfg_app.o [1]
OSCfg_TmrTaskStkBasePtr
                        0x0800c120     0x4  Data  Gb  os_cfg_app.o [1]
OSCfg_TmrTaskStkLimit   0x0800c124     0x4  Data  Gb  os_cfg_app.o [1]
OSCfg_TmrTaskStkSize    0x0800c128     0x4  Data  Gb  os_cfg_app.o [1]
OSCfg_TmrTaskStkSizeRAM
                        0x0800c12c     0x4  Data  Gb  os_cfg_app.o [1]
OSCfg_TmrWheel          0x20004950    0x88  Data  Gb  os_cfg_app.o [1]
OSCfg_TmrWheelSize      0x0800a8fe     0x2  Data  Gb  os_cfg_app.o [1]
OSCfg_TmrWheelSizeRAM   0x0800c130     0x4  Data  Gb  os_cfg_app.o [1]
OSFlagCreate            0x080072fd    0x66  Code  Gb  os_flag.o [1]
OSFlagPend              0x08007363   0x40c  Code  Gb  os_flag.o [1]
OSFlagPost              0x0800776f    0x5e  Code  Gb  os_flag.o [1]
OSFlagQty               0x20004cf0     0x2  Data  Gb  os_var.o [1]
OSIdleTaskCtr           0x20004cb4     0x4  Data  Gb  os_var.o [1]
OSIdleTaskHook          0x08008bd1    0x12  Code  Gb  os_cpu_c.o [1]
OSIdleTaskTCB           0x200046ac    0xb4  Data  Gb  os_var.o [1]
OSInit                  0x08007bad   0x150  Code  Gb  os_core.o [1]
OSInitHook              0x08008be3    0x14  Code  Gb  os_cpu_c.o [1]
OSIntExit               0x08007cfd    0xc8  Code  Gb  os_core.o [1]
OSIntNestingCtr         0x20004d01     0x1  Data  Gb  os_var.o [1]
OSMemCreate             0x080047fd    0xd0  Code  Gb  os_mem.o [1]
OSMemGet                0x080048cd    0x46  Code  Gb  os_mem.o [1]
OSMemPut                0x08004913    0x50  Code  Gb  os_mem.o [1]
OSMemQty                0x20004cf2     0x2  Data  Gb  os_var.o [1]
OSMsgPool               0x20004c80     0xc  Data  Gb  os_var.o [1]
OSMutexCreate           0x080069c9    0x68  Code  Gb  os_mutex.o [1]
OSMutexPend             0x08006a31   0x21c  Code  Gb  os_mutex.o [1]
OSMutexPost             0x08006c4d   0x126  Code  Gb  os_mutex.o [1]
OSMutexQty              0x20004cf4     0x2  Data  Gb  os_var.o [1]
OSPrioCur               0x20004d03     0x1  Data  Gb  os_var.o [1]
OSPrioHighRdy           0x20004d04     0x1  Data  Gb  os_var.o [1]
OSPrioSaved             0x20004d05     0x1  Data  Gb  os_var.o [1]
OSPrioTbl               0x20004c94     0x4  Data  Gb  os_prio.o [1]
OSQCreate               0x08004479    0x7c  Code  Gb  os_q.o [1]
OSQPend                 0x080044f5   0x1be  Code  Gb  os_q.o [1]
OSQPost                 0x080046b3    0x84  Code  Gb  os_q.o [1]
OSQQty                  0x20004cf6     0x2  Data  Gb  os_var.o [1]
OSRdyList               0x20003ed8   0x180  Data  Gb  os_var.o [1]
OSRunning               0x20004d02     0x1  Data  Gb  os_var.o [1]
OSSched                 0x08007dc5    0x8e  Code  Gb  os_core.o [1]
OSSchedLock             0x08007e53    0x58  Code  Gb  os_core.o [1]
OSSchedLockNestingCtr   0x20004d06     0x1  Data  Gb  os_var.o [1]
OSSchedRoundRobinDfltTimeQuanta
                        0x20004cb8     0x4  Data  Gb  os_var.o [1]
OSSchedRoundRobinEn     0x20004d07     0x1  Data  Gb  os_var.o [1]
OSSchedUnlock           0x08007eab    0x72  Code  Gb  os_core.o [1]
OSSemCreate             0x0800596d    0x66  Code  Gb  os_sem.o [1]
OSSemPend               0x080059d3   0x174  Code  Gb  os_sem.o [1]
OSSemPost               0x08005b47    0x60  Code  Gb  os_sem.o [1]
OSSemQty                0x20004cf8     0x2  Data  Gb  os_var.o [1]
OSStart                 0x08007f1d    0x64  Code  Gb  os_core.o [1]
OSStartHighRdy          0x0800a3a5          Code  Gb  os_cpu_a.o [1]
OSTCBCurPtr             0x20004cd8     0x4  Data  Gb  os_var.o [1]
OSTCBHighRdyPtr         0x20004cdc     0x4  Data  Gb  os_var.o [1]
OSTaskCreate            0x08008da9   0x176  Code  Gb  os_task.o [1]
OSTaskCreateHook        0x08008bf7    0x12  Code  Gb  os_cpu_c.o [1]
OSTaskCtxSwCtr          0x20004cbc     0x4  Data  Gb  os_var.o [1]
OSTaskDel               0x08008f1f    0xea  Code  Gb  os_task.o [1]
OSTaskDelHook           0x08008c09    0x12  Code  Gb  os_cpu_c.o [1]
OSTaskQty               0x20004cfa     0x2  Data  Gb  os_var.o [1]
OSTaskRegNextAvailID    0x20004d08     0x1  Data  Gb  os_var.o [1]
OSTaskReturnHook        0x08008c1b    0x12  Code  Gb  os_cpu_c.o [1]
OSTaskSemPend           0x08009009   0x1cc  Code  Gb  os_task.o [1]
OSTaskSemPost           0x080091d5    0x34  Code  Gb  os_task.o [1]
OSTaskStkInit           0x08008c2d    0x80  Code  Gb  os_cpu_c.o [1]
OSTaskSwHook            0x08008cad    0x56  Code  Gb  os_cpu_c.o [1]
OSTickCtr               0x20004cc0     0x4  Data  Gb  os_var.o [1]
OSTickTaskTCB           0x20004760    0xb4  Data  Gb  os_var.o [1]
OSTickTaskTimeMax       0x20004cc4     0x4  Data  Gb  os_var.o [1]
OSTimeDly               0x08004e99    0xa0  Code  Gb  os_time.o [1]
OSTimeTick              0x08004f39    0x4a  Code  Gb  os_time.o [1]
OSTimeTickHook          0x08008d03    0x12  Code  Gb  os_cpu_c.o [1]
OSTmrCreate             0x08006d99    0xb0  Code  Gb  os_tmr.o [1]
OSTmrQty                0x20004cfc     0x2  Data  Gb  os_var.o [1]
OSTmrStart              0x08006e49    0xaa  Code  Gb  os_tmr.o [1]
OSTmrStop               0x08006ef3    0xf0  Code  Gb  os_tmr.o [1]
OSTmrTaskTCB            0x20004814    0xb4  Data  Gb  os_var.o [1]
OSTmrTaskTimeMax        0x20004cc8     0x4  Data  Gb  os_var.o [1]
OSTmrTickCtr            0x20004ccc     0x4  Data  Gb  os_var.o [1]
OSTmrUpdateCnt          0x20004cd0     0x4  Data  Gb  os_var.o [1]
OSTmrUpdateCtr          0x20004cd4     0x4  Data  Gb  os_var.o [1]
OS_AppIdleTaskHookPtr   0x20004ca4     0x4  Data  Gb  os_var.o [1]
OS_AppStatTaskHookPtr   0x20004ca8     0x4  Data  Gb  os_var.o [1]
OS_AppTaskCreateHookPtr
                        0x20004c98     0x4  Data  Gb  os_var.o [1]
OS_AppTaskDelHookPtr    0x20004c9c     0x4  Data  Gb  os_var.o [1]
OS_AppTaskReturnHookPtr
                        0x20004ca0     0x4  Data  Gb  os_var.o [1]
OS_AppTaskSwHookPtr     0x20004cac     0x4  Data  Gb  os_var.o [1]
OS_AppTimeTickHookPtr   0x20004cb0     0x4  Data  Gb  os_var.o [1]
OS_CPU_ExceptStkBase    0x20004c90     0x4  Data  Gb  os_cpu_c.o [1]
OS_CPU_SysTickHandler   0x08008d15    0x24  Code  Gb  os_cpu_c.o [1]
OS_CPU_SysTickInit      0x08008d39    0x2c  Code  Gb  os_cpu_c.o [1]
OS_FlagBlock            0x080077cd    0x26  Code  Gb  os_flag.o [1]
OS_FlagInit             0x080077f3     0xc  Code  Gb  os_flag.o [1]
OS_FlagPost             0x08007815   0x13c  Code  Gb  os_flag.o [1]
OS_FlagTaskRdy          0x08007951    0x56  Code  Gb  os_flag.o [1]
OS_IdleTask             0x08007f81    0x24  Code  Gb  os_core.o [1]
OS_IdleTaskInit         0x08007fa5    0x50  Code  Gb  os_core.o [1]
OS_MemInit              0x08004963     0xc  Code  Gb  os_mem.o [1]
OS_MsgPoolInit          0x080079b1    0x86  Code  Gb  os_msg.o [1]
OS_MsgQFreeAll          0x08007a37    0x44  Code  Gb  os_msg.o [1]
OS_MsgQGet              0x08007a8f    0x70  Code  Gb  os_msg.o [1]
OS_MsgQInit             0x08007a7b    0x14  Code  Gb  os_msg.o [1]
OS_MsgQPut              0x08007aff    0xa2  Code  Gb  os_msg.o [1]
OS_MutexInit            0x08006d73     0xc  Code  Gb  os_mutex.o [1]
OS_Pend                 0x08007ff5    0x60  Code  Gb  os_core.o [1]
OS_PendDataInit         0x08008055    0x34  Code  Gb  os_core.o [1]
OS_PendListChangePrio   0x08008089    0x34  Code  Gb  os_core.o [1]
OS_PendListInit         0x080080bd     0xe  Code  Gb  os_core.o [1]
OS_PendListInsertPrio   0x080080cb    0x6e  Code  Gb  os_core.o [1]
OS_PendListRemove       0x08008139    0x28  Code  Gb  os_core.o [1]
OS_PendListRemove1      0x08008161    0x48  Code  Gb  os_core.o [1]
OS_Post                 0x080081a9    0xb0  Code  Gb  os_core.o [1]
OS_Post1                0x08008259    0x26  Code  Gb  os_core.o [1]
OS_PrioGetHighest       0x080094fd    0x20  Code  Gb  os_prio.o [1]
OS_PrioInit             0x080094e9    0x14  Code  Gb  os_prio.o [1]
OS_PrioInsert           0x0800951d    0x26  Code  Gb  os_prio.o [1]
OS_PrioRemove           0x08009543    0x28  Code  Gb  os_prio.o [1]
OS_QInit                0x08004737     0xc  Code  Gb  os_q.o [1]
OS_QPost                0x08004759    0xa4  Code  Gb  os_q.o [1]
OS_RdyListInit          0x0800827f    0x24  Code  Gb  os_core.o [1]
OS_RdyListInsert        0x080082a3    0x28  Code  Gb  os_core.o [1]
OS_RdyListInsertHead    0x080082cb    0x3a  Code  Gb  os_core.o [1]
OS_RdyListInsertTail    0x08008305    0x38  Code  Gb  os_core.o [1]
OS_RdyListMoveHeadToTail
                        0x0800833d    0x40  Code  Gb  os_core.o [1]
OS_RdyListRemove        0x0800837d    0x5c  Code  Gb  os_core.o [1]
OS_SchedRoundRobin      0x080083d9    0x8a  Code  Gb  os_core.o [1]
OS_SemInit              0x08005ba7     0xc  Code  Gb  os_sem.o [1]
OS_SemPost              0x08005bc9    0xa6  Code  Gb  os_sem.o [1]
OS_TaskBlock            0x080084e1    0x3a  Code  Gb  os_core.o [1]
OS_TaskInit             0x08009209    0x16  Code  Gb  os_task.o [1]
OS_TaskInitTCB          0x0800921f   0x106  Code  Gb  os_task.o [1]
OS_TaskRdy              0x0800851b    0x1a  Code  Gb  os_core.o [1]
OS_TaskReturn           0x08009331    0x14  Code  Gb  os_task.o [1]
OS_TaskSemPost          0x08009351    0xd4  Code  Gb  os_task.o [1]
OS_TickListInit         0x0800887f    0x2a  Code  Gb  os_tick.o [1]
OS_TickListInsert       0x080088a9   0x11c  Code  Gb  os_tick.o [1]
OS_TickListRemove       0x080089c5    0x42  Code  Gb  os_tick.o [1]
OS_TickListUpdate       0x08008a07   0x190  Code  Gb  os_tick.o [1]
OS_TickTask             0x080087b9    0x28  Code  Gb  os_tick.o [1]
OS_TickTaskInit         0x080087e1    0x9e  Code  Gb  os_tick.o [1]
OS_TmrInit              0x08006fe3    0xd4  Code  Gb  os_tmr.o [1]
OS_TmrLink              0x080070b7    0xd0  Code  Gb  os_tmr.o [1]
OS_TmrTask              0x080071d5    0xaa  Code  Gb  os_tmr.o [1]
OS_TmrUnlink            0x08007187    0x4c  Code  Gb  os_tmr.o [1]
ObjCreate               0x0800bb2d   0x176  Code  Gb  main.o [1]
OverLoad                0x08004e3d    0x24  Code  Gb  serial.o [1]
PendSV_Handler          0x0800a3c3          Code  Gb  os_cpu_a.o [1]
PutFlash                0x08006731   0x134  Code  Gb  spi_flash.o [1]
Q_Config                0x20004ae8    0x24  Data  Gb  main.o [1]
Q_Deal                  0x20004b0c    0x24  Data  Gb  main.o [1]
Q_Read                  0x20004aa0    0x24  Data  Gb  main.o [1]
Q_ReadData              0x20004ac4    0x24  Data  Gb  main.o [1]
Q_Slave                 0x20004a7c    0x24  Data  Gb  main.o [1]
RCC_APB1PeriphClockCmd  0x0800aad9    0x20  Code  Gb  stm32f10x_rcc.o [1]
RCC_APB2PeriphClockCmd  0x0800aab9    0x20  Code  Gb  stm32f10x_rcc.o [1]
RCC_DeInit              0x0800a921    0x60  Code  Gb  stm32f10x_rcc.o [1]
RCC_GetClocksFreq       0x0800a9f9    0xc0  Code  Gb  stm32f10x_rcc.o [1]
RCC_GetFlagStatus       0x0800aaf9    0x44  Code  Gb  stm32f10x_rcc.o [1]
RCC_HCLKConfig          0x0800a9b3    0x14  Code  Gb  stm32f10x_rcc.o [1]
RCC_LSICmd              0x0800a9f1     0x8  Code  Gb  stm32f10x_rcc.o [1]
RCC_PCLK1Config         0x0800a9c7    0x14  Code  Gb  stm32f10x_rcc.o [1]
RCC_PCLK2Config         0x0800a9db    0x16  Code  Gb  stm32f10x_rcc.o [1]
RCC_PLLCmd              0x0800a997     0x8  Code  Gb  stm32f10x_rcc.o [1]
RCC_PLLConfig           0x0800a981    0x16  Code  Gb  stm32f10x_rcc.o [1]
RCC_SYSCLKConfig        0x0800a99f    0x14  Code  Gb  stm32f10x_rcc.o [1]
Region$$Table$$Base     0x0800be84           --   Gb  - Linker created -
Region$$Table$$Limit    0x0800bea8           --   Gb  - Linker created -
SEM_ACKData             0x20004be0    0x1c  Data  Gb  main.o [1]
SEM_HeartBeat           0x20004bc4    0x1c  Data  Gb  main.o [1]
SEM_Send                0x20004bfc    0x1c  Data  Gb  main.o [1]
SEM_SendOver            0x20004c18    0x1c  Data  Gb  main.o [1]
SEM_ServerTX            0x20004b70    0x1c  Data  Gb  main.o [1]
SEM_Slave_485TX         0x20004b8c    0x1c  Data  Gb  main.o [1]
SEM_Slave_mbusTX        0x20004ba8    0x1c  Data  Gb  main.o [1]
SPI_Cmd                 0x08009485    0x1c  Code  Gb  stm32f10x_spi.o [1]
SPI_I2S_GetFlagStatus   0x080094d5    0x14  Code  Gb  stm32f10x_spi.o [1]
SPI_I2S_ITConfig        0x080094a1    0x2c  Code  Gb  stm32f10x_spi.o [1]
SPI_I2S_ReceiveData     0x080094d1     0x4  Code  Gb  stm32f10x_spi.o [1]
SPI_I2S_SendData        0x080094cd     0x4  Code  Gb  stm32f10x_spi.o [1]
SPI_Init                0x08009445    0x40  Code  Gb  stm32f10x_spi.o [1]
STK_Config              0x200016d8   0x600  Data  Gb  main.o [1]
STK_DealServer          0x200032d8   0x200  Data  Gb  main.o [1]
STK_HeartBeat           0x200030d8   0x200  Data  Gb  main.o [1]
STK_LED                 0x20002ad8   0x200  Data  Gb  main.o [1]
STK_OverLoad            0x200034d8   0x200  Data  Gb  main.o [1]
STK_Read                0x20001cd8   0x600  Data  Gb  main.o [1]
STK_Server              0x20002cd8   0x200  Data  Gb  main.o [1]
STK_Slave               0x20002ed8   0x200  Data  Gb  main.o [1]
STK_Start               0x200028d8   0x200  Data  Gb  main.o [1]
SVC_Handler             0x0800be31     0x2  Code  Gb  stm32f10x_it.o [1]
Send_ReadATs            0x08004fa9    0x2a  Code  Gb  sim800g.o [1]
Server_Post2Buf         0x08004deb    0x1e  Code  Gb  serial.o [1]
Server_Write            0x08004d31    0x5c  Code  Gb  serial.o [1]
Server_WriteStr         0x08004d8d    0x5e  Code  Gb  serial.o [1]
Server_Write_485        0x08004cbd    0x74  Code  Gb  serial.o [1]
SetSysClock             0x0800be25     0x2  Code  Lc  system_stm32f10x.o [1]
Slave_Write             0x08004be9    0xd4  Code  Gb  serial.o [1]
Str_Cat                 0x0800573b     0xc  Code  Gb  lib_str.o [1]
Str_Cat_N               0x08005747    0x62  Code  Gb  lib_str.o [1]
Str_Char_N              0x0800583d    0x50  Code  Gb  lib_str.o [1]
Str_Cmp_N               0x080057a9    0x94  Code  Gb  lib_str.o [1]
Str_Len_N               0x08005721    0x1a  Code  Gb  lib_str.o [1]
Str_Str                 0x0800588d     0xc  Code  Gb  lib_str.o [1]
Str_Str_N               0x08005899    0xa6  Code  Gb  lib_str.o [1]
SysTick_Handler         0x0800be35     0x8  Code  Gb  stm32f10x_it.o [1]
SystemInit              0x0800bdb9    0x54  Code  Gb  system_stm32f10x.o [1]
TCB_Config              0x20004328    0xb4  Data  Gb  main.o [1]
TCB_DealServer          0x20004544    0xb4  Data  Gb  main.o [1]
TCB_HeartBeat           0x20004490    0xb4  Data  Gb  main.o [1]
TCB_LED                 0x2000410c    0xb4  Data  Gb  main.o [1]
TCB_OverLoad            0x200045f8    0xb4  Data  Gb  main.o [1]
TCB_Read                0x200043dc    0xb4  Data  Gb  main.o [1]
TCB_Server              0x200041c0    0xb4  Data  Gb  main.o [1]
TCB_Slave               0x20004274    0xb4  Data  Gb  main.o [1]
TCB_Start               0x20004058    0xb4  Data  Gb  main.o [1]
TMR_CJQTIMEOUT          0x20004a50    0x2c  Data  Gb  main.o [1]
TaskCreate              0x0800b99d   0x18c  Code  Gb  main.o [1]
TaskStart               0x0800b8f5    0xa8  Code  Gb  main.o [1]
Task_Config             0x080023fb    0x52  Code  Gb  tasks.o [1]
Task_DealServer         0x08000627   0x172  Code  Gb  tasks.o [1]
Task_HeartBeat          0x0800080f   0x116  Code  Gb  tasks.o [1]
Task_LED                0x08003749   0x124  Code  Gb  tasks.o [1]
Task_OverLoad           0x080043b5    0x6c  Code  Gb  tasks.o [1]
Task_Read               0x08000965    0x68  Code  Gb  tasks.o [1]
Task_Server             0x0800046d   0x1ba  Code  Gb  tasks.o [1]
Task_Slave              0x080000ed   0x360  Code  Gb  tasks.o [1]
USART1_Handler          0x08004a99    0x7c  Code  Gb  serial.o [1]
USART1_IRQHandler       0x0800be3d     0x8  Code  Gb  stm32f10x_it.o [1]
USART2_Handler          0x08004b81    0x68  Code  Gb  serial.o [1]
USART2_IRQHandler       0x0800be45     0x8  Code  Gb  stm32f10x_it.o [1]
USART3_Handler          0x08004b15    0x6a  Code  Gb  serial.o [1]
USART3_IRQHandler       0x0800be4d     0x8  Code  Gb  stm32f10x_it.o [1]
USART_ClearITPendingBit
                        0x080086cd    0x22  Code  Gb  stm32f10x_usart.o [1]
USART_Cmd               0x08008635    0x1c  Code  Gb  stm32f10x_usart.o [1]
USART_GetFlagStatus     0x080086b3    0x1a  Code  Gb  stm32f10x_usart.o [1]
USART_ITConfig          0x08008651    0x52  Code  Gb  stm32f10x_usart.o [1]
USART_Init              0x08008571    0xbe  Code  Gb  stm32f10x_usart.o [1]
USART_ReceiveData       0x080086ab     0x8  Code  Gb  stm32f10x_usart.o [1]
USART_SendData          0x080086a3     0x8  Code  Gb  stm32f10x_usart.o [1]
UsageFault_Handler      0x0800be2f     0x2  Code  Gb  stm32f10x_it.o [1]
_GenldFullNoMb          0x0800a04d   0x262  Code  Lc  xprintffull_nomb.o [3]
_LdtobFullNoMb          0x08009c61   0x3e6  Code  Lc  xprintffull_nomb.o [3]
_LitobFullNoMb          0x08009b59   0x106  Code  Lc  xprintffull_nomb.o [3]
_PrintfFullNoMb         0x08009571   0x5e2  Code  Gb  xprintffull_nomb.o [3]
_PutcharsFullNoMb       0x0800a2af    0x2e  Code  Lc  xprintffull_nomb.o [3]
_SProut                 0x080079a7     0xa  Code  Gb  xsprout.o [3]
__aeabi_cdcmple         0x0800af65          Code  Gb  DblCmpLe.o [4]
__aeabi_cdrcmple        0x0800af95          Code  Gb  DblCmpGe.o [4]
__aeabi_d2iz            0x0800b0d1          Code  Gb  DblToI32.o [4]
__aeabi_d2uiz           0x0800b0fd          Code  Gb  DblToI32.o [4]
__aeabi_ddiv            0x0800b47d          Code  Gb  DblDiv.o [4]
__aeabi_dmul            0x0800b2d9          Code  Gb  DblMul.o [4]
__aeabi_dsub            0x0800b159          Code  Gb  DblSub.o [4]
__aeabi_errno_addr      0x0800b7b9     0x6  Code  Gb  errno.o [3]
__aeabi_i2d             0x0800b129          Code  Gb  I32ToDbl.o [4]
__aeabi_ldiv0           0x0800b7c5          Code  Gb  I64DivZer.o [5]
__aeabi_ui2d            0x0800b13d          Code  Gb  I32ToDbl.o [4]
__aeabi_uldivmod        0x0800adbd          Code  Gb  I64DivMod.o [5]
__cmain                 0x0800bea9          Code  Gb  cmain.o [5]
__exit                  0x0800bed9    0x14  Code  Gb  exit.o [6]
__iar_Dnorm             0x0800af23    0x42  Code  Gb  xdnorm.o [4]
__iar_Dscale            0x0800afc5   0x10c  Code  Gb  xdscale.o [4]
__iar_Errno             0x2000008c     0x4  Data  Gb  errno.o [3]
__iar_Memchr            0x0800ad65          Code  Gb  memchr.o [5]
__iar_Stoul             0x0800acc1     0x4  Code  Gb  xstoul.o [3]
__iar_Stoulx            0x0800ab79   0x142  Code  Gb  xstoul.o [3]
__iar_Strchr            0x0800ad15          Code  Gb  strchr.o [5]
__iar_copy_init3        0x0800593f    0x2e  Code  Gb  copy_init3.o [5]
__iar_d2uiz             0x0800b109          Code  Gb  DblToI32.o [4]
__iar_dadd              0x0800b7c9          Code  Gb  DblAdd.o [4]
__iar_data_init3        0x0800be5d    0x28  Code  Gb  data_init.o [5]
__iar_dlib_perthread_access
                        0x0800b89d     0x2  Code  Gb  xtls.o [3]
__iar_dsub              0x0800b16d          Code  Gb  DblSub.o [4]
__iar_dsubStart         0x0800b17f          Code  Gb  DblSub.o [4]
__iar_program_start     0x0800c019          Code  Gb  cstartup_M.o [5]
__iar_ui2d              0x0800b141          Code  Gb  I32ToDbl.o [4]
__iar_unaligned___aeabi_memcpy
                        0x0800aead          Code  Gb  ABImemcpy_unaligned.o [5]
__iar_unaligned___aeabi_memcpy4
                        0x0800aecd          Code  Gb  ABImemcpy_unaligned.o [5]
__iar_unaligned___aeabi_memcpy8
                        0x0800aecd          Code  Gb  ABImemcpy_unaligned.o [5]
__iar_zero_init3        0x08005c6f    0x22  Code  Gb  zero_init3.o [5]
__low_level_init        0x0800bec3     0x4  Code  Gb  low_level_init.o [3]
__vector_table          0x08000000          Data  Gb  startup_stm32f10x_md.o [1]
_call_main              0x0800beb5          Code  Gb  cmain.o [5]
_exit                   0x0800becd          Code  Gb  cexit.o [5]
_main                   0x0800bebf          Code  Gb  cmain.o [5]
ack_action              0x20000092     0x1  Data  Gb  main.o [1]
ack_query_ack_action    0x080042ed    0xc8  Code  Gb  tasks.o [1]
ack_query_addr          0x08003fa5    0xc0  Code  Gb  tasks.o [1]
ack_query_cjq           0x08003925   0x150  Code  Gb  tasks.o [1]
ack_query_di_seq        0x08004225    0xc8  Code  Gb  tasks.o [1]
ack_query_ip            0x08004065    0xf2  Code  Gb  tasks.o [1]
ack_query_mbus          0x0800415d    0xc8  Code  Gb  tasks.o [1]
ack_query_meter         0x08003a81   0x518  Code  Gb  tasks.o [1]
addSEQ                  0x080007df    0x30  Code  Gb  tasks.o [1]
add_cjq                 0x08003225   0x112  Code  Gb  tasks.o [1]
add_meter               0x08002acd   0x22a  Code  Gb  tasks.o [1]
at_apn                  0x08005361    0x68  Code  Gb  sim800g.o [1]
at_cipmux               0x080052f5    0x6c  Code  Gb  sim800g.o [1]
at_cpin                 0x08005053    0x8c  Code  Gb  sim800g.o [1]
at_creg                 0x080051c7    0x9a  Code  Gb  sim800g.o [1]
at_csq                  0x080050df    0xe8  Code  Gb  sim800g.o [1]
at_tcpsetup             0x080054c3    0x86  Code  Gb  sim800g.o [1]
at_xiic                 0x080053c9    0x74  Code  Gb  sim800g.o [1]
ate_                    0x08004fe7    0x6c  Code  Gb  sim800g.o [1]
atoi                    0x0800943d     0x8  Code  Gb  atoi.o [3]
ats                     0x20000000    0x50  Data  Gb  sim800g.o [1]
buf                     0x20004ce0     0x4  Data  Gb  tasks.o [1]
buf_                    0x20004ce4     0x4  Data  Gb  tasks.o [1]
change_connect          0x080056c5    0x18  Code  Gb  sim800g.o [1]
check_cgatt             0x08005261    0x8c  Code  Gb  sim800g.o [1]
check_cs                0x0800044d    0x20  Code  Gb  tasks.o [1]
check_frame             0x0800079d    0x42  Code  Gb  tasks.o [1]
check_str               0x08004fd3    0x14  Code  Gb  sim800g.o [1]
check_xiic              0x08005441    0x82  Code  Gb  sim800g.o [1]
cjq_close               0x08001b6f   0x12a  Code  Gb  tasks.o [1]
cjq_isopen              0x20004d10     0x1  Data  Gb  tasks.o [1]
cjq_open                0x08001949   0x226  Code  Gb  tasks.o [1]
cjq_timeout             0x08001c9d    0x38  Code  Gb  tasks.o [1]
config_flash            0x20000098  0x1000  Data  Gb  main.o [1]
connect                 0x080055c1    0x84  Code  Gb  sim800g.o [1]
connectstate            0x20004cfe     0x1  Data  Gb  main.o [1]
data_seq                0x20004d0a     0x1  Data  Gb  tasks.o [1]
delete_cjq              0x08003371   0x348  Code  Gb  tasks.o [1]
delete_meter            0x08002d01   0x4a0  Code  Gb  tasks.o [1]
device_ack              0x08003871    0xa8  Code  Gb  tasks.o [1]
deviceaddr              0x2000007c     0x8  Data  Gb  sim800g.o [1]
di_seq                  0x20004d00     0x1  Data  Gb  main.o [1]
digits                  0x0800acc4    0x28  Data  Lc  xstoul.o [3]
div                     0x0800b6c3     0xe  Code  Gb  div.o [3]
exit                    0x0800bec7     0x4  Code  Gb  exit.o [3]
fe                      0x20000088     0x4  Data  Gb  tasks.o [1]
heart_seq               0x20004d09     0x1  Data  Gb  tasks.o [1]
ip                      0x20000050    0x14  Data  Gb  sim800g.o [1]
ip1                     0x20000094     0x1  Data  Gb  sim800g.o [1]
ip2                     0x20000095     0x1  Data  Gb  sim800g.o [1]
ip3                     0x20000096     0x1  Data  Gb  sim800g.o [1]
ip4                     0x20000097     0x1  Data  Gb  sim800g.o [1]
local_seq               0x20004d0b     0x1  Data  Gb  tasks.o [1]
main                    0x0800b8a1    0x52  Code  Gb  main.o [1]
mbus_power              0x080009cd    0x2c  Code  Gb  tasks.o [1]
mem_buf                 0x200022d8   0x600  Data  Gb  main.o [1]
mem_isr                 0x200049d8    0x78  Data  Gb  main.o [1]
memchr                  0x0800ad65          Code  Gb  memchr.o [5]
meter_clean             0x0800227d   0x17e  Code  Gb  tasks.o [1]
meter_close             0x08001fbd   0x2c0  Code  Gb  tasks.o [1]
meter_control           0x08001721   0x20a  Code  Gb  tasks.o [1]
meter_open              0x08001ce1   0x2c6  Code  Gb  tasks.o [1]
meter_read              0x08000aed   0x36a  Code  Gb  tasks.o [1]
meter_read_single       0x08000e6d   0x2a0  Code  Gb  tasks.o [1]
meter_send              0x0800114d   0x5c2  Code  Gb  tasks.o [1]
ndigs                   0x0800acec    0x28  Data  Lc  xstoul.o [3]
param_conf              0x08006865    0xc0  Code  Gb  spi_flash.o [1]
param_config            0x08002461   0x5ea  Code  Gb  tasks.o [1]
param_query             0x080036c5    0x84  Code  Gb  tasks.o [1]
port                    0x20000074     0x8  Data  Gb  sim800g.o [1]
port_                   0x20000090     0x2  Data  Gb  sim800g.o [1]
power_cmd               0x08000929    0x3c  Code  Gb  tasks.o [1]
reading                 0x20004cff     0x1  Data  Gb  main.o [1]
readingall              0x20004d0e     0x1  Data  Gb  tasks.o [1]
readingall_progress     0x20004d0f     0x1  Data  Gb  tasks.o [1]
relay_1                 0x08000a25    0x30  Code  Gb  tasks.o [1]
relay_2                 0x08000a55    0x2c  Code  Gb  tasks.o [1]
relay_3                 0x08000a81    0x2c  Code  Gb  tasks.o [1]
relay_4                 0x08000aad    0x2c  Code  Gb  tasks.o [1]
relay_485               0x080009f9    0x2c  Code  Gb  tasks.o [1]
sFLASH_EraseBulk        0x080060ed    0x2e  Code  Gb  spi_flash.o [1]
sFLASH_EraseSector      0x080060a9    0x44  Code  Gb  spi_flash.o [1]
sFLASH_EraseWritePage   0x08006177    0x62  Code  Gb  spi_flash.o [1]
sFLASH_PoolInit         0x080064c1   0x142  Code  Gb  spi_flash.o [1]
sFLASH_ReadBuffer       0x0800632d    0x56  Code  Gb  spi_flash.o [1]
sFLASH_ReadID           0x080063df    0x54  Code  Gb  spi_flash.o [1]
sFLASH_ReadStr          0x08006383    0x5c  Code  Gb  spi_flash.o [1]
sFLASH_SendByte         0x08006433    0x3a  Code  Gb  spi_flash.o [1]
sFLASH_WaitForWriteEnd  0x0800648f    0x32  Code  Gb  spi_flash.o [1]
sFLASH_WriteBuffer      0x080061d9   0x154  Code  Gb  spi_flash.o [1]
sFLASH_WriteEnable      0x0800646d    0x22  Code  Gb  spi_flash.o [1]
sFLASH_WritePage        0x0800611b    0x5c  Code  Gb  spi_flash.o [1]
search_cjq              0x080031a1    0x64  Code  Gb  tasks.o [1]
search_meter            0x08002a61    0x6c  Code  Gb  tasks.o [1]
send_server             0x08005549    0x72  Code  Gb  sim800g.o [1]
server_ptr              0x20004ce8     0x4  Data  Gb  tasks.o [1]
server_ptr_             0x20004cec     0x4  Data  Gb  tasks.o [1]
server_seq              0x20004d0c     0x1  Data  Gb  tasks.o [1]
slave_mbus              0x20000093     0x1  Data  Gb  main.o [1]
sprintf                 0x080072c9    0x34  Code  Gb  sprintf.o [3]
start_slave             0x20004d0d     0x1  Data  Gb  tasks.o [1]
strchr                  0x0800ad15          Code  Gb  strchr.o [5]
strlen                  0x0800ad2d          Code  Gb  strlen.o [5]


[1] = D:\IAR_Workspace\Code_Concentrator_MBUS_485\Test\Debug\Obj
[2] = command line
[3] = dl7M_tln.a
[4] = m7M_tl.a
[5] = rt7M_tl.a
[6] = shb_l.a

  49 016 bytes of readonly  code memory
     760 bytes of readonly  data memory
  20 241 bytes of readwrite data memory

Errors: none
Warnings: none
