###############################################################################
#
# IAR ELF Linker V7.10.3.6832/W32 for ARM                 09/Jan/2016  10:52:29
# Copyright 2007-2014 IAR Systems AB.
#
#    Output file  =  
#        D:\IAR_Workspace\Code_Concentrator_MBUS_485\Test\Debug\Exe\Test.out
#    Map file     =  
#        D:\IAR_Workspace\Code_Concentrator_MBUS_485\Test\Debug\List\Test.map
#    Command line =  
#        D:\IAR_Workspace\Code_Concentrator_MBUS_485\Test\Debug\Obj\bsp.o
#        D:\IAR_Workspace\Code_Concentrator_MBUS_485\Test\Debug\Obj\cpu_a.o
#        D:\IAR_Workspace\Code_Concentrator_MBUS_485\Test\Debug\Obj\cpu_c.o
#        D:\IAR_Workspace\Code_Concentrator_MBUS_485\Test\Debug\Obj\cpu_core.o
#        D:\IAR_Workspace\Code_Concentrator_MBUS_485\Test\Debug\Obj\lib_ascii.o
#        D:\IAR_Workspace\Code_Concentrator_MBUS_485\Test\Debug\Obj\lib_math.o
#        D:\IAR_Workspace\Code_Concentrator_MBUS_485\Test\Debug\Obj\lib_mem.o
#        D:\IAR_Workspace\Code_Concentrator_MBUS_485\Test\Debug\Obj\lib_mem_a.o
#        D:\IAR_Workspace\Code_Concentrator_MBUS_485\Test\Debug\Obj\lib_str.o
#        D:\IAR_Workspace\Code_Concentrator_MBUS_485\Test\Debug\Obj\main.o
#        D:\IAR_Workspace\Code_Concentrator_MBUS_485\Test\Debug\Obj\misc.o
#        D:\IAR_Workspace\Code_Concentrator_MBUS_485\Test\Debug\Obj\os_app_hooks.o
#        D:\IAR_Workspace\Code_Concentrator_MBUS_485\Test\Debug\Obj\os_cfg_app.o
#        D:\IAR_Workspace\Code_Concentrator_MBUS_485\Test\Debug\Obj\os_core.o
#        D:\IAR_Workspace\Code_Concentrator_MBUS_485\Test\Debug\Obj\os_cpu_a.o
#        D:\IAR_Workspace\Code_Concentrator_MBUS_485\Test\Debug\Obj\os_cpu_c.o
#        D:\IAR_Workspace\Code_Concentrator_MBUS_485\Test\Debug\Obj\os_dbg.o
#        D:\IAR_Workspace\Code_Concentrator_MBUS_485\Test\Debug\Obj\os_flag.o
#        D:\IAR_Workspace\Code_Concentrator_MBUS_485\Test\Debug\Obj\os_int.o
#        D:\IAR_Workspace\Code_Concentrator_MBUS_485\Test\Debug\Obj\os_mem.o
#        D:\IAR_Workspace\Code_Concentrator_MBUS_485\Test\Debug\Obj\os_msg.o
#        D:\IAR_Workspace\Code_Concentrator_MBUS_485\Test\Debug\Obj\os_mutex.o
#        D:\IAR_Workspace\Code_Concentrator_MBUS_485\Test\Debug\Obj\os_pend_multi.o
#        D:\IAR_Workspace\Code_Concentrator_MBUS_485\Test\Debug\Obj\os_prio.o
#        D:\IAR_Workspace\Code_Concentrator_MBUS_485\Test\Debug\Obj\os_q.o
#        D:\IAR_Workspace\Code_Concentrator_MBUS_485\Test\Debug\Obj\os_sem.o
#        D:\IAR_Workspace\Code_Concentrator_MBUS_485\Test\Debug\Obj\os_stat.o
#        D:\IAR_Workspace\Code_Concentrator_MBUS_485\Test\Debug\Obj\os_task.o
#        D:\IAR_Workspace\Code_Concentrator_MBUS_485\Test\Debug\Obj\os_tick.o
#        D:\IAR_Workspace\Code_Concentrator_MBUS_485\Test\Debug\Obj\os_time.o
#        D:\IAR_Workspace\Code_Concentrator_MBUS_485\Test\Debug\Obj\os_tmr.o
#        D:\IAR_Workspace\Code_Concentrator_MBUS_485\Test\Debug\Obj\os_var.o
#        D:\IAR_Workspace\Code_Concentrator_MBUS_485\Test\Debug\Obj\serial.o
#        D:\IAR_Workspace\Code_Concentrator_MBUS_485\Test\Debug\Obj\sim800g.o
#        D:\IAR_Workspace\Code_Concentrator_MBUS_485\Test\Debug\Obj\spi_flash.o
#        D:\IAR_Workspace\Code_Concentrator_MBUS_485\Test\Debug\Obj\startup_stm32f10x_md.o
#        D:\IAR_Workspace\Code_Concentrator_MBUS_485\Test\Debug\Obj\stm32f10x_adc.o
#        D:\IAR_Workspace\Code_Concentrator_MBUS_485\Test\Debug\Obj\stm32f10x_bkp.o
#        D:\IAR_Workspace\Code_Concentrator_MBUS_485\Test\Debug\Obj\stm32f10x_can.o
#        D:\IAR_Workspace\Code_Concentrator_MBUS_485\Test\Debug\Obj\stm32f10x_cec.o
#        D:\IAR_Workspace\Code_Concentrator_MBUS_485\Test\Debug\Obj\stm32f10x_crc.o
#        D:\IAR_Workspace\Code_Concentrator_MBUS_485\Test\Debug\Obj\stm32f10x_dac.o
#        D:\IAR_Workspace\Code_Concentrator_MBUS_485\Test\Debug\Obj\stm32f10x_dbgmcu.o
#        D:\IAR_Workspace\Code_Concentrator_MBUS_485\Test\Debug\Obj\stm32f10x_dma.o
#        D:\IAR_Workspace\Code_Concentrator_MBUS_485\Test\Debug\Obj\stm32f10x_exti.o
#        D:\IAR_Workspace\Code_Concentrator_MBUS_485\Test\Debug\Obj\stm32f10x_flash.o
#        D:\IAR_Workspace\Code_Concentrator_MBUS_485\Test\Debug\Obj\stm32f10x_fsmc.o
#        D:\IAR_Workspace\Code_Concentrator_MBUS_485\Test\Debug\Obj\stm32f10x_gpio.o
#        D:\IAR_Workspace\Code_Concentrator_MBUS_485\Test\Debug\Obj\stm32f10x_i2c.o
#        D:\IAR_Workspace\Code_Concentrator_MBUS_485\Test\Debug\Obj\stm32f10x_it.o
#        D:\IAR_Workspace\Code_Concentrator_MBUS_485\Test\Debug\Obj\stm32f10x_iwdg.o
#        D:\IAR_Workspace\Code_Concentrator_MBUS_485\Test\Debug\Obj\stm32f10x_pwr.o
#        D:\IAR_Workspace\Code_Concentrator_MBUS_485\Test\Debug\Obj\stm32f10x_rcc.o
#        D:\IAR_Workspace\Code_Concentrator_MBUS_485\Test\Debug\Obj\stm32f10x_rtc.o
#        D:\IAR_Workspace\Code_Concentrator_MBUS_485\Test\Debug\Obj\stm32f10x_sdio.o
#        D:\IAR_Workspace\Code_Concentrator_MBUS_485\Test\Debug\Obj\stm32f10x_spi.o
#        D:\IAR_Workspace\Code_Concentrator_MBUS_485\Test\Debug\Obj\stm32f10x_tim.o
#        D:\IAR_Workspace\Code_Concentrator_MBUS_485\Test\Debug\Obj\stm32f10x_usart.o
#        D:\IAR_Workspace\Code_Concentrator_MBUS_485\Test\Debug\Obj\stm32f10x_wwdg.o
#        D:\IAR_Workspace\Code_Concentrator_MBUS_485\Test\Debug\Obj\system_stm32f10x.o
#        D:\IAR_Workspace\Code_Concentrator_MBUS_485\Test\Debug\Obj\tasks.o
#        D:\IAR_Workspace\Code_Concentrator_MBUS_485\Test\Debug\Obj\timestamp.o
#        -o D:\IAR_Workspace\Code_Concentrator_MBUS_485\Test\Debug\Exe\Test.out
#        --map
#        D:\IAR_Workspace\Code_Concentrator_MBUS_485\Test\Debug\List\Test.map
#        --config D:\IAR_Workspace\Code_Concentrator_MBUS_485\Test\Test.icf
#        --semihosting --entry __iar_program_start --vfe
#
###############################################################################

*******************************************************************************
*** RUNTIME MODEL ATTRIBUTES
***

CppFlavor       = *
__SystemLibrary = DLib


*******************************************************************************
*** PLACEMENT SUMMARY
***

"A1":  place at 0x08000000 { ro section .intvec };
"P1":  place in [from 0x08000000 to 0x0801ffff] { ro };
"P2":  place in [from 0x20000000 to 0x20004fff] { rw, block CSTACK, block HEAP };

  Section             Kind        Address    Size  Object
  -------             ----        -------    ----  ------
"A1":                                        0xec
  .intvec             ro code  0x08000000    0xec  startup_stm32f10x_md.o [1]
                             - 0x080000ec    0xec

"P1":                                      0xbd64
  .text               ro code  0x080000ec  0x4190  tasks.o [1]
  .text               ro code  0x0800427c   0x384  os_q.o [1]
  .text               ro code  0x08004600   0x180  os_mem.o [1]
  .text               ro code  0x08004780   0x11c  lib_mem.o [1]
  .text               ro code  0x0800489c   0x400  serial.o [1]
  .text               ro code  0x08004c9c   0x110  os_time.o [1]
  .text               ro code  0x08004dac   0x790  sim800g.o [1]
  .text               ro code  0x0800553c   0x21e  lib_str.o [1]
  .text               ro code  0x0800575a    0x2e  copy_init3.o [5]
  .text               ro code  0x08005788   0x302  os_sem.o [1]
  .text               ro code  0x08005a8a    0x22  zero_init3.o [5]
  CODE                ro code  0x08005aac   0x220  lib_mem_a.o [1]
  CODE                ro code  0x08005ccc    0x34  cpu_a.o [1]
  .text               ro code  0x08005d00   0x1c4  stm32f10x_gpio.o [1]
  .text               ro code  0x08005ec4   0x920  spi_flash.o [1]
  .text               ro code  0x080067e4   0x3d0  os_mutex.o [1]
  .text               ro code  0x08006bb4    0x34  sprintf.o [3]
  .text               ro code  0x08006be8   0x6aa  os_flag.o [1]
  .text               ro code  0x08007292     0xa  xsprout.o [3]
  .text               ro code  0x0800729c   0x1fc  os_msg.o [1]
  .text               ro code  0x08007498   0x988  os_core.o [1]
  .text               ro code  0x08007e20    0x3c  timestamp.o [1]
  .text               ro code  0x08007e5c   0x17e  stm32f10x_usart.o [1]
  .rodata             const    0x08007fda     0x2  os_cfg_app.o [1]
  .text               ro code  0x08007fdc    0xc8  stm32f10x_exti.o [1]
  .text               ro code  0x080080a4   0x418  os_tick.o [1]
  .text               ro code  0x080084bc   0x1d8  os_cpu_c.o [1]
  .text               ro code  0x08008694   0x694  os_task.o [1]
  .text               ro code  0x08008d28     0x8  atoi.o [3]
  .text               ro code  0x08008d30    0xa4  stm32f10x_spi.o [1]
  .text               ro code  0x08008dd4    0x88  os_prio.o [1]
  .text               ro code  0x08008e5c   0xd86  xprintffull_nomb.o [3]
  .rodata             const    0x08009be2     0x2  os_cfg_app.o [1]
  .text               ro code  0x08009be4   0x2dc  os_tmr.o [1]
  .text               ro code  0x08009ec0    0xac  os_cfg_app.o [1]
  CODE                ro code  0x08009f6c    0x84  os_cpu_a.o [1]
  .text               ro code  0x08009ff0   0x4d6  bsp.o [1]
  .rodata             const    0x0800a4c6     0x2  os_cfg_app.o [1]
  .text               ro code  0x0800a4c8    0x4c  cpu_core.o [1]
  .text               ro code  0x0800a514   0x258  stm32f10x_rcc.o [1]
  .text               ro code  0x0800a76c   0x19c  xstoul.o [3]
  .text               ro code  0x0800a908    0x16  strchr.o [5]
  .rodata             const    0x0800a91e     0x1  os_cfg_app.o [1]
  .rodata             const    0x0800a91f     0x1  os_cfg_app.o [1]
  .text               ro code  0x0800a920    0x36  strlen.o [5]
  .text               ro code  0x0800a958    0x58  memchr.o [5]
  .text               ro code  0x0800a9b0    0xee  I64DivMod.o [5]
  .text               ro code  0x0800aaa0    0x76  ABImemcpy_unaligned.o [5]
  .text               ro code  0x0800ab16    0x42  xdnorm.o [4]
  .text               ro code  0x0800ab58    0x2e  DblCmpLe.o [4]
  .text               ro code  0x0800ab88    0x2e  DblCmpGe.o [4]
  .text               ro code  0x0800abb8   0x10c  xdscale.o [4]
  .text               ro code  0x0800acc4    0x58  DblToI32.o [4]
  .text               ro code  0x0800ad1c    0x30  I32ToDbl.o [4]
  .text               ro code  0x0800ad4c   0x180  DblSub.o [4]
  .text               ro code  0x0800aecc   0x1a2  DblMul.o [4]
  .text               ro code  0x0800b070   0x246  DblDiv.o [4]
  .text               ro code  0x0800b2b6     0xe  div.o [3]
  .text               ro code  0x0800b2c4    0x3c  stm32f10x_flash.o [1]
  .text               ro code  0x0800b300    0x80  misc.o [1]
  .text               ro code  0x0800b380    0x2c  stm32f10x_iwdg.o [1]
  .text               ro code  0x0800b3ac     0xc  errno.o [3]
  .text               ro code  0x0800b3b8     0x2  I64DivZer.o [5]
  .text               ro code  0x0800b3bc    0xd4  DblAdd.o [4]
  .text               ro code  0x0800b490     0x2  xtls.o [3]
  .text               ro code  0x0800b494   0x4ec  main.o [1]
  .text               ro code  0x0800b980    0x6e  system_stm32f10x.o [1]
  .text               ro code  0x0800b9ee    0x36  stm32f10x_it.o [1]
  .text               ro code  0x0800ba24    0x28  data_init.o [5]
  .iar.init_table     const    0x0800ba4c    0x24  - Linker created -
  .text               ro code  0x0800ba70    0x1a  cmain.o [5]
  .text               ro code  0x0800ba8a     0x4  low_level_init.o [3]
  .text               ro code  0x0800ba8e     0x4  exit.o [3]
  .text               ro code  0x0800ba94     0xa  cexit.o [5]
  .text               ro code  0x0800baa0    0x14  exit.o [6]
  .rodata             const    0x0800bab4    0x18  os_tmr.o [1]
  .rodata             const    0x0800bacc    0x18  sim800g.o [1]
  .rodata             const    0x0800bae4    0x18  sim800g.o [1]
  .rodata             const    0x0800bafc    0x14  os_core.o [1]
  .rodata             const    0x0800bb10    0x14  os_tick.o [1]
  .rodata             const    0x0800bb24    0x14  sim800g.o [1]
  .rodata             const    0x0800bb38    0x10  sim800g.o [1]
  .rodata             const    0x0800bb48    0x10  sim800g.o [1]
  .text               ro code  0x0800bb58    0x10  startup_stm32f10x_md.o [1]
  .rodata             const    0x0800bb68     0xc  main.o [1]
  .rodata             const    0x0800bb74     0xc  main.o [1]
  .rodata             const    0x0800bb80     0xc  main.o [1]
  .rodata             const    0x0800bb8c     0xc  sim800g.o [1]
  .rodata             const    0x0800bb98     0xc  sim800g.o [1]
  .rodata             const    0x0800bba4     0xc  sim800g.o [1]
  .rodata             const    0x0800bbb0     0xc  sim800g.o [1]
  .rodata             const    0x0800bbbc     0xc  sim800g.o [1]
  .rodata             const    0x0800bbc8     0xc  sim800g.o [1]
  .rodata             const    0x0800bbd4     0xc  sim800g.o [1]
  .rodata             const    0x0800bbe0     0xc  sim800g.o [1]
  .rodata             const    0x0800bbec     0xc  sim800g.o [1]
  .text               ro code  0x0800bbf8     0xc  cstartup_M.o [5]
  .rodata             const    0x0800bc04     0x8  main.o [1]
  .rodata             const    0x0800bc0c     0x8  main.o [1]
  .rodata             const    0x0800bc14     0x8  main.o [1]
  .rodata             const    0x0800bc1c     0x8  main.o [1]
  .rodata             const    0x0800bc24     0x8  main.o [1]
  .rodata             const    0x0800bc2c     0x8  main.o [1]
  .rodata             const    0x0800bc34     0x8  main.o [1]
  .rodata             const    0x0800bc3c     0x8  main.o [1]
  .rodata             const    0x0800bc44     0x8  main.o [1]
  .rodata             const    0x0800bc4c     0x8  main.o [1]
  .rodata             const    0x0800bc54     0x8  main.o [1]
  .rodata             const    0x0800bc5c     0x8  main.o [1]
  .rodata             const    0x0800bc64     0x8  main.o [1]
  .rodata             const    0x0800bc6c     0x8  main.o [1]
  .rodata             const    0x0800bc74     0x8  os_task.o [1]
  .rodata             const    0x0800bc7c     0x8  sim800g.o [1]
  .rodata             const    0x0800bc84     0x8  sim800g.o [1]
  .rodata             const    0x0800bc8c     0x8  sim800g.o [1]
  .rodata             const    0x0800bc94     0x8  tasks.o [1]
  .rodata             const    0x0800bc9c     0x8  tasks.o [1]
  .rodata             const    0x0800bca4     0x8  tasks.o [1]
  .rodata             const    0x0800bcac     0x8  tasks.o [1]
  .rodata             const    0x0800bcb4     0x8  tasks.o [1]
  .rodata             const    0x0800bcbc     0x4  os_cfg_app.o [1]
  .rodata             const    0x0800bcc0     0x4  os_cfg_app.o [1]
  .rodata             const    0x0800bcc4     0x4  os_cfg_app.o [1]
  .rodata             const    0x0800bcc8     0x4  os_cfg_app.o [1]
  .rodata             const    0x0800bccc     0x4  os_cfg_app.o [1]
  .rodata             const    0x0800bcd0     0x4  os_cfg_app.o [1]
  .rodata             const    0x0800bcd4     0x4  os_cfg_app.o [1]
  .rodata             const    0x0800bcd8     0x4  os_cfg_app.o [1]
  .rodata             const    0x0800bcdc     0x4  os_cfg_app.o [1]
  .rodata             const    0x0800bce0     0x4  os_cfg_app.o [1]
  .rodata             const    0x0800bce4     0x4  os_cfg_app.o [1]
  .rodata             const    0x0800bce8     0x4  os_cfg_app.o [1]
  .rodata             const    0x0800bcec     0x4  os_cfg_app.o [1]
  .rodata             const    0x0800bcf0     0x4  os_cfg_app.o [1]
  .rodata             const    0x0800bcf4     0x4  os_cfg_app.o [1]
  .rodata             const    0x0800bcf8     0x4  os_cfg_app.o [1]
  .rodata             const    0x0800bcfc     0x4  os_cfg_app.o [1]
  .rodata             const    0x0800bd00     0x4  os_cfg_app.o [1]
  .rodata             const    0x0800bd04     0x4  os_cfg_app.o [1]
  .rodata             const    0x0800bd08     0x4  os_cfg_app.o [1]
  .rodata             const    0x0800bd0c     0x4  os_cfg_app.o [1]
  .rodata             const    0x0800bd10     0x4  os_cfg_app.o [1]
  .rodata             const    0x0800bd14     0x4  os_cfg_app.o [1]
  .rodata             const    0x0800bd18     0x4  sim800g.o [1]
  .text               ro code  0x0800bd1c     0x4  startup_stm32f10x_md.o [1]
  .text               ro code  0x0800bd20     0x4  startup_stm32f10x_md.o [1]
  .text               ro code  0x0800bd24     0x4  startup_stm32f10x_md.o [1]
  .text               ro code  0x0800bd28     0x4  startup_stm32f10x_md.o [1]
  .text               ro code  0x0800bd2c     0x4  startup_stm32f10x_md.o [1]
  .text               ro code  0x0800bd30     0x4  startup_stm32f10x_md.o [1]
  .text               ro code  0x0800bd34     0x4  startup_stm32f10x_md.o [1]
  .text               ro code  0x0800bd38     0x4  startup_stm32f10x_md.o [1]
  .text               ro code  0x0800bd3c     0x4  startup_stm32f10x_md.o [1]
  .text               ro code  0x0800bd40     0x4  startup_stm32f10x_md.o [1]
  .text               ro code  0x0800bd44     0x4  startup_stm32f10x_md.o [1]
  .text               ro code  0x0800bd48     0x4  startup_stm32f10x_md.o [1]
  .text               ro code  0x0800bd4c     0x4  startup_stm32f10x_md.o [1]
  .text               ro code  0x0800bd50     0x4  startup_stm32f10x_md.o [1]
  .text               ro code  0x0800bd54     0x4  startup_stm32f10x_md.o [1]
  .text               ro code  0x0800bd58     0x4  startup_stm32f10x_md.o [1]
  .text               ro code  0x0800bd5c     0x4  startup_stm32f10x_md.o [1]
  .text               ro code  0x0800bd60     0x4  startup_stm32f10x_md.o [1]
  .text               ro code  0x0800bd64     0x4  startup_stm32f10x_md.o [1]
  .text               ro code  0x0800bd68     0x4  startup_stm32f10x_md.o [1]
  .text               ro code  0x0800bd6c     0x4  startup_stm32f10x_md.o [1]
  .text               ro code  0x0800bd70     0x4  startup_stm32f10x_md.o [1]
  .text               ro code  0x0800bd74     0x4  startup_stm32f10x_md.o [1]
  .text               ro code  0x0800bd78     0x4  startup_stm32f10x_md.o [1]
  .text               ro code  0x0800bd7c     0x4  startup_stm32f10x_md.o [1]
  .text               ro code  0x0800bd80     0x4  startup_stm32f10x_md.o [1]
  .text               ro code  0x0800bd84     0x4  startup_stm32f10x_md.o [1]
  .text               ro code  0x0800bd88     0x4  startup_stm32f10x_md.o [1]
  .text               ro code  0x0800bd8c     0x4  startup_stm32f10x_md.o [1]
  .text               ro code  0x0800bd90     0x4  startup_stm32f10x_md.o [1]
  .text               ro code  0x0800bd94     0x4  startup_stm32f10x_md.o [1]
  .text               ro code  0x0800bd98     0x4  startup_stm32f10x_md.o [1]
  .text               ro code  0x0800bd9c     0x4  startup_stm32f10x_md.o [1]
  .text               ro code  0x0800bda0     0x4  startup_stm32f10x_md.o [1]
  .text               ro code  0x0800bda4     0x4  startup_stm32f10x_md.o [1]
  .text               ro code  0x0800bda8     0x4  startup_stm32f10x_md.o [1]
  .text               ro code  0x0800bdac     0x4  startup_stm32f10x_md.o [1]
  .text               ro code  0x0800bdb0     0x4  startup_stm32f10x_md.o [1]
  .text               ro code  0x0800bdb4     0x4  startup_stm32f10x_md.o [1]
  .rodata             const    0x0800bdb8     0x0  zero_init3.o [5]
  .rodata             const    0x0800bdb8     0x0  copy_init3.o [5]
  Initializer bytes   ro data  0x0800bdb8    0x98  <for P2 s0>
                             - 0x0800be50  0xbd64

"P2", part 1 of 3:                           0x98
  P2 s0                        0x20000000    0x98  <Init block>
    .data             inited   0x20000000    0x50  sim800g.o [1]
    .data             inited   0x20000050    0x14  sim800g.o [1]
    .data             inited   0x20000064    0x10  stm32f10x_rcc.o [1]
    .data             inited   0x20000074     0x8  sim800g.o [1]
    .data             inited   0x2000007c     0x8  sim800g.o [1]
    .data             inited   0x20000084     0x4  stm32f10x_rcc.o [1]
    .data             inited   0x20000088     0x4  tasks.o [1]
    __DLIB_PERTHREAD  inited   0x2000008c     0x4  errno.o [3]
    .data             inited   0x20000090     0x2  sim800g.o [1]
    .data             inited   0x20000092     0x1  main.o [1]
    .data             inited   0x20000093     0x1  main.o [1]
    .data             inited   0x20000094     0x1  sim800g.o [1]
    .data             inited   0x20000095     0x1  sim800g.o [1]
    .data             inited   0x20000096     0x1  sim800g.o [1]
    .data             inited   0x20000097     0x1  sim800g.o [1]
                             - 0x20000098    0x98

"P2", part 2 of 3:                         0x4c60
  .bss                zero     0x20000098  0x1000  main.o [1]
  .bss                zero     0x20001098   0x640  os_cfg_app.o [1]
  .bss                zero     0x200016d8   0x600  main.o [1]
  .bss                zero     0x20001cd8   0x600  main.o [1]
  .bss                zero     0x200022d8   0x600  main.o [1]
  .bss                zero     0x200028d8   0x200  main.o [1]
  .bss                zero     0x20002ad8   0x200  main.o [1]
  .bss                zero     0x20002cd8   0x200  main.o [1]
  .bss                zero     0x20002ed8   0x200  main.o [1]
  .bss                zero     0x200030d8   0x200  main.o [1]
  .bss                zero     0x200032d8   0x200  main.o [1]
  .bss                zero     0x200034d8   0x200  main.o [1]
  .bss                zero     0x200036d8   0x200  os_cfg_app.o [1]
  .bss                zero     0x200038d8   0x200  os_cfg_app.o [1]
  .bss                zero     0x20003ad8   0x200  os_cfg_app.o [1]
  .bss                zero     0x20003cd8   0x200  os_cfg_app.o [1]
  .bss                zero     0x20003ed8   0x180  os_var.o [1]
  .bss                zero     0x20004058    0xb4  main.o [1]
  .bss                zero     0x2000410c    0xb4  main.o [1]
  .bss                zero     0x200041c0    0xb4  main.o [1]
  .bss                zero     0x20004274    0xb4  main.o [1]
  .bss                zero     0x20004328    0xb4  main.o [1]
  .bss                zero     0x200043dc    0xb4  main.o [1]
  .bss                zero     0x20004490    0xb4  main.o [1]
  .bss                zero     0x20004544    0xb4  main.o [1]
  .bss                zero     0x200045f8    0xb4  main.o [1]
  .bss                zero     0x200046ac    0xb4  os_var.o [1]
  .bss                zero     0x20004760    0xb4  os_var.o [1]
  .bss                zero     0x20004814    0xb4  os_var.o [1]
  .bss                zero     0x200048c8    0x88  os_cfg_app.o [1]
  .bss                zero     0x20004950    0x88  os_cfg_app.o [1]
  .bss                zero     0x200049d8    0x78  main.o [1]
  .bss                zero     0x20004a50    0x24  main.o [1]
  .bss                zero     0x20004a74    0x24  main.o [1]
  .bss                zero     0x20004a98    0x24  main.o [1]
  .bss                zero     0x20004abc    0x24  main.o [1]
  .bss                zero     0x20004ae0    0x24  main.o [1]
  .bss                zero     0x20004b04    0x20  main.o [1]
  .bss                zero     0x20004b24    0x20  main.o [1]
  .bss                zero     0x20004b44    0x1c  main.o [1]
  .bss                zero     0x20004b60    0x1c  main.o [1]
  .bss                zero     0x20004b7c    0x1c  main.o [1]
  .bss                zero     0x20004b98    0x1c  main.o [1]
  .bss                zero     0x20004bb4    0x1c  main.o [1]
  .bss                zero     0x20004bd0    0x1c  main.o [1]
  .bss                zero     0x20004bec    0x1c  main.o [1]
  .bss                zero     0x20004c08    0x1c  main.o [1]
  .bss                zero     0x20004c24    0x18  main.o [1]
  .bss                zero     0x20004c3c    0x18  main.o [1]
  .bss                zero     0x20004c54    0x10  cpu_core.o [1]
  .bss                zero     0x20004c64     0xc  os_var.o [1]
  .bss                zero     0x20004c70     0x4  cpu_core.o [1]
  .bss                zero     0x20004c74     0x4  os_cpu_c.o [1]
  .bss                zero     0x20004c78     0x4  os_prio.o [1]
  .bss                zero     0x20004c7c     0x4  os_var.o [1]
  .bss                zero     0x20004c80     0x4  os_var.o [1]
  .bss                zero     0x20004c84     0x4  os_var.o [1]
  .bss                zero     0x20004c88     0x4  os_var.o [1]
  .bss                zero     0x20004c8c     0x4  os_var.o [1]
  .bss                zero     0x20004c90     0x4  os_var.o [1]
  .bss                zero     0x20004c94     0x4  os_var.o [1]
  .bss                zero     0x20004c98     0x4  os_var.o [1]
  .bss                zero     0x20004c9c     0x4  os_var.o [1]
  .bss                zero     0x20004ca0     0x4  os_var.o [1]
  .bss                zero     0x20004ca4     0x4  os_var.o [1]
  .bss                zero     0x20004ca8     0x4  os_var.o [1]
  .bss                zero     0x20004cac     0x4  os_var.o [1]
  .bss                zero     0x20004cb0     0x4  os_var.o [1]
  .bss                zero     0x20004cb4     0x4  os_var.o [1]
  .bss                zero     0x20004cb8     0x4  os_var.o [1]
  .bss                zero     0x20004cbc     0x4  os_var.o [1]
  .bss                zero     0x20004cc0     0x4  os_var.o [1]
  .bss                zero     0x20004cc4     0x4  tasks.o [1]
  .bss                zero     0x20004cc8     0x4  tasks.o [1]
  .bss                zero     0x20004ccc     0x4  tasks.o [1]
  .bss                zero     0x20004cd0     0x4  tasks.o [1]
  .bss                zero     0x20004cd4     0x2  os_var.o [1]
  .bss                zero     0x20004cd6     0x2  os_var.o [1]
  .bss                zero     0x20004cd8     0x2  os_var.o [1]
  .bss                zero     0x20004cda     0x2  os_var.o [1]
  .bss                zero     0x20004cdc     0x2  os_var.o [1]
  .bss                zero     0x20004cde     0x2  os_var.o [1]
  .bss                zero     0x20004ce0     0x1  main.o [1]
  .bss                zero     0x20004ce1     0x1  main.o [1]
  .bss                zero     0x20004ce2     0x1  main.o [1]
  .bss                zero     0x20004ce3     0x1  os_var.o [1]
  .bss                zero     0x20004ce4     0x1  os_var.o [1]
  .bss                zero     0x20004ce5     0x1  os_var.o [1]
  .bss                zero     0x20004ce6     0x1  os_var.o [1]
  .bss                zero     0x20004ce7     0x1  os_var.o [1]
  .bss                zero     0x20004ce8     0x1  os_var.o [1]
  .bss                zero     0x20004ce9     0x1  os_var.o [1]
  .bss                zero     0x20004cea     0x1  os_var.o [1]
  .bss                zero     0x20004ceb     0x1  tasks.o [1]
  .bss                zero     0x20004cec     0x1  tasks.o [1]
  .bss                zero     0x20004ced     0x1  tasks.o [1]
  .bss                zero     0x20004cee     0x1  tasks.o [1]
  .bss                zero     0x20004cef     0x1  tasks.o [1]
  .bss                zero     0x20004cf0     0x1  tasks.o [1]
  .bss                zero     0x20004cf1     0x1  tasks.o [1]
                             - 0x20004cf2  0x4c5a

"P2", part 3 of 3:                          0x200
  CSTACK                       0x20004cf8   0x200  <Block>
    CSTACK            uninit   0x20004cf8   0x200  <Block tail>
                             - 0x20004ef8   0x200


*******************************************************************************
*** INIT TABLE
***

          Address     Size
          -------     ----
Zero (__iar_zero_init3)
    1 destination range, total size 0x4c5a:
          0x20000098  0x4c5a

Copy (__iar_copy_init3)
    1 source range, total size 0x98:
          0x0800bdb8    0x98
    1 destination range, total size 0x98:
          0x20000000    0x98



*******************************************************************************
*** MODULE SUMMARY
***

    Module                  ro code  ro data  rw data
    ------                  -------  -------  -------
D:\IAR_Workspace\Code_Concentrator_MBUS_485\Test\Debug\Obj: [1]
    bsp.o                     1 238
    cpu_a.o                      52
    cpu_core.o                   76                20
    lib_mem.o                   284
    lib_mem_a.o                 544
    lib_str.o                   542
    main.o                    1 260      150   14 549
    misc.o                      128
    os_cfg_app.o                172      100    3 920
    os_core.o                 2 440       20
    os_cpu_a.o                  132
    os_cpu_c.o                  472                 4
    os_flag.o                 1 706
    os_mem.o                    384
    os_msg.o                    508
    os_mutex.o                  976
    os_prio.o                   136                 4
    os_q.o                      900
    os_sem.o                    770
    os_task.o                 1 684        8
    os_tick.o                 1 048       20
    os_time.o                   272
    os_tmr.o                    732       24
    os_var.o                                    1 028
    serial.o                  1 024
    sim800g.o                 1 936      358      122
    spi_flash.o               2 336
    startup_stm32f10x_md.o      408
    stm32f10x_exti.o            200
    stm32f10x_flash.o            60
    stm32f10x_gpio.o            452
    stm32f10x_it.o               54
    stm32f10x_iwdg.o             44
    stm32f10x_rcc.o             600       20       20
    stm32f10x_spi.o             164
    stm32f10x_usart.o           382
    system_stm32f10x.o          110
    tasks.o                  16 784       44       27
    timestamp.o                  60
    -------------------------------------------------
    Total:                   41 070      744   19 694

command line: [2]
    -------------------------------------------------
    Total:

dl7M_tln.a: [3]
    atoi.o                        8
    div.o                        14
    errno.o                      12        4        4
    exit.o                        4
    low_level_init.o              4
    sprintf.o                    52
    xprintffull_nomb.o        3 462
    xsprout.o                    10
    xstoul.o                    412
    xtls.o                        2
    -------------------------------------------------
    Total:                    3 980        4        4

m7M_tl.a: [4]
    DblAdd.o                    212
    DblCmpGe.o                   46
    DblCmpLe.o                   46
    DblDiv.o                    582
    DblMul.o                    418
    DblSub.o                    384
    DblToI32.o                   88
    I32ToDbl.o                   48
    xdnorm.o                     66
    xdscale.o                   268
    -------------------------------------------------
    Total:                    2 158

rt7M_tl.a: [5]
    ABImemcpy_unaligned.o       118
    I64DivMod.o                 238
    I64DivZer.o                   2
    cexit.o                      10
    cmain.o                      26
    copy_init3.o                 46
    cstartup_M.o                 12
    data_init.o                  40
    memchr.o                     88
    strchr.o                     22
    strlen.o                     54
    zero_init3.o                 34
    -------------------------------------------------
    Total:                      690

shb_l.a: [6]
    exit.o                       20
    -------------------------------------------------
    Total:                       20

    Gaps                         18
    Linker created                        36      512
-----------------------------------------------------
    Grand Total:             47 936      784   20 210


*******************************************************************************
*** ENTRY LIST
***

Entry                      Address    Size  Type      Object
-----                      -------    ----  ----      ------
?main                   0x0800ba71          Code  Gb  cmain.o [5]
ADCPrescTable           0x20000084     0x4  Data  Lc  stm32f10x_rcc.o [1]
APBAHBPrescTable        0x20000064    0x10  Data  Lc  stm32f10x_rcc.o [1]
BSP_CPU_ClkFreq         0x0800a4b7    0x10  Code  Gb  bsp.o [1]
BSP_GPIO_Init           0x0800a0a1   0x1f2  Code  Gb  bsp.o [1]
BSP_IWDG_Init           0x0800a49d    0x1a  Code  Gb  bsp.o [1]
BSP_Init                0x08009ff1    0xb0  Code  Gb  bsp.o [1]
BSP_NVIC_Init           0x0800a3ab    0x6c  Code  Gb  bsp.o [1]
BSP_SPI_Init            0x0800a417    0x66  Code  Gb  bsp.o [1]
BSP_USART_Init          0x0800a293   0x118  Code  Gb  bsp.o [1]
BusFault_Handler        0x0800b9f5     0x2  Code  Gb  stm32f10x_it.o [1]
CPU_CntLeadZeros        0x08005ceb          Code  Gb  cpu_a.o [1]
CPU_CntTrailZeros       0x08005cf1          Code  Gb  cpu_a.o [1]
CPU_Init                0x0800a4c9     0xc  Code  Gb  cpu_core.o [1]
CPU_IntDis              0x08005ccd          Code  Gb  cpu_a.o [1]
CPU_IntEn               0x08005cd1          Code  Gb  cpu_a.o [1]
CPU_Name                0x20004c54    0x10  Data  Gb  cpu_core.o [1]
CPU_NameClr             0x0800a4d5    0x1a  Code  Gb  cpu_core.o [1]
CPU_NameInit            0x0800a4f5     0x8  Code  Lc  cpu_core.o [1]
CPU_RevBits             0x08005cfb          Code  Gb  cpu_a.o [1]
CPU_SR_Restore          0x08005cdd          Code  Gb  cpu_a.o [1]
CPU_SR_Save             0x08005cd5          Code  Gb  cpu_a.o [1]
CPU_TS_Init             0x0800a4fd     0xe  Code  Lc  cpu_core.o [1]
CPU_TS_TmrFreqSet       0x0800a4ef     0x6  Code  Gb  cpu_core.o [1]
CPU_TS_TmrFreq_Hz       0x20004c70     0x4  Data  Gb  cpu_core.o [1]
CPU_TS_TmrInit          0x08007e21    0x2a  Code  Gb  timestamp.o [1]
CPU_TS_TmrRd            0x08007e4b     0x6  Code  Gb  timestamp.o [1]
CPU_WaitForExcept       0x08005ce7          Code  Gb  cpu_a.o [1]
CPU_WaitForInt          0x08005ce3          Code  Gb  cpu_a.o [1]
CSTACK$$Base            0x20004cf8           --   Gb  - Linker created -
CSTACK$$Limit           0x20004ef8           --   Gb  - Linker created -
DebugMon_Handler        0x0800b9fb     0x2  Code  Gb  stm32f10x_it.o [1]
Device_Cmd              0x08005459    0x80  Code  Gb  sim800g.o [1]
Device_Read             0x08004c0d    0x34  Code  Gb  serial.o [1]
EXTI15_10_IRQHandler    0x0800ba1d     0x8  Code  Gb  stm32f10x_it.o [1]
EXTI_ClearITPendingBit  0x08008089     0x6  Code  Gb  stm32f10x_exti.o [1]
EXTI_GetITStatus        0x08008065    0x24  Code  Gb  stm32f10x_exti.o [1]
EXTI_Init               0x08007fdd    0x88  Code  Gb  stm32f10x_exti.o [1]
FLAG_Event              0x20004c08    0x1c  Data  Gb  main.o [1]
FLASH_PrefetchBufferCmd
                        0x0800b2dd    0x20  Code  Gb  stm32f10x_flash.o [1]
FLASH_SetLatency        0x0800b2c5    0x18  Code  Gb  stm32f10x_flash.o [1]
GPIO_EXTILineConfig     0x08005e69    0x50  Code  Gb  stm32f10x_gpio.o [1]
GPIO_Init               0x08005d01    0xc8  Code  Gb  stm32f10x_gpio.o [1]
GPIO_PinRemapConfig     0x08005deb    0x7e  Code  Gb  stm32f10x_gpio.o [1]
GPIO_ReadInputDataBit   0x08005dc9    0x16  Code  Gb  stm32f10x_gpio.o [1]
GPIO_ResetBits          0x08005de5     0x6  Code  Gb  stm32f10x_gpio.o [1]
GPIO_SetBits            0x08005ddf     0x6  Code  Gb  stm32f10x_gpio.o [1]
GetFlash                0x0800641f   0x12e  Code  Gb  spi_flash.o [1]
HardFault_Handler       0x0800b9f1     0x2  Code  Gb  stm32f10x_it.o [1]
IWDG_Enable             0x0800b39b     0xa  Code  Gb  stm32f10x_iwdg.o [1]
IWDG_ReloadCounter      0x0800b391     0xa  Code  Gb  stm32f10x_iwdg.o [1]
IWDG_SetPrescaler       0x0800b389     0x8  Code  Gb  stm32f10x_iwdg.o [1]
IWDG_WriteAccessCmd     0x0800b381     0x8  Code  Gb  stm32f10x_iwdg.o [1]
MEM_Buf                 0x20004c24    0x18  Data  Gb  main.o [1]
MEM_ISR                 0x20004c3c    0x18  Data  Gb  main.o [1]
MUTEX_CONFIGFLASH       0x20004b04    0x20  Data  Gb  main.o [1]
MUTEX_SENDSERVER        0x20004b24    0x20  Data  Gb  main.o [1]
MemManage_Handler       0x0800b9f3     0x2  Code  Gb  stm32f10x_it.o [1]
Mem_Clr                 0x08004781     0xc  Code  Gb  lib_mem.o [1]
Mem_Cmp                 0x080047e7    0xb6  Code  Gb  lib_mem.o [1]
Mem_Copy                0x08005aad          Code  Gb  lib_mem_a.o [1]
Mem_Set                 0x0800478d    0x5a  Code  Gb  lib_mem.o [1]
NMI_Handler             0x0800b9ef     0x2  Code  Gb  stm32f10x_it.o [1]
NVIC_Init               0x0800b30b    0x62  Code  Gb  misc.o [1]
NVIC_PriorityGroupConfig
                        0x0800b301     0xa  Code  Gb  misc.o [1]
OSCfg_DataSizeRAM       0x0800bd14     0x4  Data  Gb  os_cfg_app.o [1]
OSCfg_ISRStk            0x200038d8   0x200  Data  Gb  os_cfg_app.o [1]
OSCfg_ISRStkBasePtr     0x0800bccc     0x4  Data  Gb  os_cfg_app.o [1]
OSCfg_ISRStkSize        0x0800bcd0     0x4  Data  Gb  os_cfg_app.o [1]
OSCfg_ISRStkSizeRAM     0x0800bcd4     0x4  Data  Gb  os_cfg_app.o [1]
OSCfg_IdleTaskStk       0x200036d8   0x200  Data  Gb  os_cfg_app.o [1]
OSCfg_IdleTaskStkBasePtr
                        0x0800bcbc     0x4  Data  Gb  os_cfg_app.o [1]
OSCfg_IdleTaskStkLimit  0x0800bcc0     0x4  Data  Gb  os_cfg_app.o [1]
OSCfg_IdleTaskStkSize   0x0800bcc4     0x4  Data  Gb  os_cfg_app.o [1]
OSCfg_IdleTaskStkSizeRAM
                        0x0800bcc8     0x4  Data  Gb  os_cfg_app.o [1]
OSCfg_Init              0x08009ec1    0xac  Code  Gb  os_cfg_app.o [1]
OSCfg_MsgPool           0x20001098   0x640  Data  Gb  os_cfg_app.o [1]
OSCfg_MsgPoolBasePtr    0x0800bcdc     0x4  Data  Gb  os_cfg_app.o [1]
OSCfg_MsgPoolSize       0x08007fda     0x2  Data  Gb  os_cfg_app.o [1]
OSCfg_MsgPoolSizeRAM    0x0800bcd8     0x4  Data  Gb  os_cfg_app.o [1]
OSCfg_StkSizeMin        0x0800bce0     0x4  Data  Gb  os_cfg_app.o [1]
OSCfg_TickRate_Hz       0x0800bce4     0x4  Data  Gb  os_cfg_app.o [1]
OSCfg_TickTaskPrio      0x0800a91e     0x1  Data  Gb  os_cfg_app.o [1]
OSCfg_TickTaskStk       0x20003ad8   0x200  Data  Gb  os_cfg_app.o [1]
OSCfg_TickTaskStkBasePtr
                        0x0800bce8     0x4  Data  Gb  os_cfg_app.o [1]
OSCfg_TickTaskStkLimit  0x0800bcec     0x4  Data  Gb  os_cfg_app.o [1]
OSCfg_TickTaskStkSize   0x0800bcf0     0x4  Data  Gb  os_cfg_app.o [1]
OSCfg_TickTaskStkSizeRAM
                        0x0800bcf4     0x4  Data  Gb  os_cfg_app.o [1]
OSCfg_TickWheel         0x200048c8    0x88  Data  Gb  os_cfg_app.o [1]
OSCfg_TickWheelSize     0x08009be2     0x2  Data  Gb  os_cfg_app.o [1]
OSCfg_TickWheelSizeRAM  0x0800bcf8     0x4  Data  Gb  os_cfg_app.o [1]
OSCfg_TmrTaskPrio       0x0800a91f     0x1  Data  Gb  os_cfg_app.o [1]
OSCfg_TmrTaskRate_Hz    0x0800bcfc     0x4  Data  Gb  os_cfg_app.o [1]
OSCfg_TmrTaskStk        0x20003cd8   0x200  Data  Gb  os_cfg_app.o [1]
OSCfg_TmrTaskStkBasePtr
                        0x0800bd00     0x4  Data  Gb  os_cfg_app.o [1]
OSCfg_TmrTaskStkLimit   0x0800bd04     0x4  Data  Gb  os_cfg_app.o [1]
OSCfg_TmrTaskStkSize    0x0800bd08     0x4  Data  Gb  os_cfg_app.o [1]
OSCfg_TmrTaskStkSizeRAM
                        0x0800bd0c     0x4  Data  Gb  os_cfg_app.o [1]
OSCfg_TmrWheel          0x20004950    0x88  Data  Gb  os_cfg_app.o [1]
OSCfg_TmrWheelSize      0x0800a4c6     0x2  Data  Gb  os_cfg_app.o [1]
OSCfg_TmrWheelSizeRAM   0x0800bd10     0x4  Data  Gb  os_cfg_app.o [1]
OSFlagCreate            0x08006be9    0x66  Code  Gb  os_flag.o [1]
OSFlagPend              0x08006c4f   0x40c  Code  Gb  os_flag.o [1]
OSFlagPost              0x0800705b    0x5e  Code  Gb  os_flag.o [1]
OSFlagQty               0x20004cd4     0x2  Data  Gb  os_var.o [1]
OSIdleTaskCtr           0x20004c98     0x4  Data  Gb  os_var.o [1]
OSIdleTaskHook          0x080084bd    0x12  Code  Gb  os_cpu_c.o [1]
OSIdleTaskTCB           0x200046ac    0xb4  Data  Gb  os_var.o [1]
OSInit                  0x08007499   0x150  Code  Gb  os_core.o [1]
OSInitHook              0x080084cf    0x14  Code  Gb  os_cpu_c.o [1]
OSIntExit               0x080075e9    0xc8  Code  Gb  os_core.o [1]
OSIntNestingCtr         0x20004ce3     0x1  Data  Gb  os_var.o [1]
OSMemCreate             0x08004601    0xd0  Code  Gb  os_mem.o [1]
OSMemGet                0x080046d1    0x46  Code  Gb  os_mem.o [1]
OSMemPut                0x08004717    0x50  Code  Gb  os_mem.o [1]
OSMemQty                0x20004cd6     0x2  Data  Gb  os_var.o [1]
OSMsgPool               0x20004c64     0xc  Data  Gb  os_var.o [1]
OSMutexCreate           0x080067e5    0x68  Code  Gb  os_mutex.o [1]
OSMutexPend             0x0800684d   0x21c  Code  Gb  os_mutex.o [1]
OSMutexPost             0x08006a69   0x126  Code  Gb  os_mutex.o [1]
OSMutexQty              0x20004cd8     0x2  Data  Gb  os_var.o [1]
OSPrioCur               0x20004ce5     0x1  Data  Gb  os_var.o [1]
OSPrioHighRdy           0x20004ce6     0x1  Data  Gb  os_var.o [1]
OSPrioSaved             0x20004ce7     0x1  Data  Gb  os_var.o [1]
OSPrioTbl               0x20004c78     0x4  Data  Gb  os_prio.o [1]
OSQCreate               0x0800427d    0x7c  Code  Gb  os_q.o [1]
OSQPend                 0x080042f9   0x1be  Code  Gb  os_q.o [1]
OSQPost                 0x080044b7    0x84  Code  Gb  os_q.o [1]
OSQQty                  0x20004cda     0x2  Data  Gb  os_var.o [1]
OSRdyList               0x20003ed8   0x180  Data  Gb  os_var.o [1]
OSRunning               0x20004ce4     0x1  Data  Gb  os_var.o [1]
OSSched                 0x080076b1    0x8e  Code  Gb  os_core.o [1]
OSSchedLock             0x0800773f    0x58  Code  Gb  os_core.o [1]
OSSchedLockNestingCtr   0x20004ce8     0x1  Data  Gb  os_var.o [1]
OSSchedRoundRobinDfltTimeQuanta
                        0x20004c9c     0x4  Data  Gb  os_var.o [1]
OSSchedRoundRobinEn     0x20004ce9     0x1  Data  Gb  os_var.o [1]
OSSchedUnlock           0x08007797    0x72  Code  Gb  os_core.o [1]
OSSemCreate             0x08005789    0x66  Code  Gb  os_sem.o [1]
OSSemPend               0x080057ef   0x174  Code  Gb  os_sem.o [1]
OSSemPost               0x08005963    0x60  Code  Gb  os_sem.o [1]
OSSemQty                0x20004cdc     0x2  Data  Gb  os_var.o [1]
OSStart                 0x08007809    0x64  Code  Gb  os_core.o [1]
OSStartHighRdy          0x08009f6d          Code  Gb  os_cpu_a.o [1]
OSTCBCurPtr             0x20004cbc     0x4  Data  Gb  os_var.o [1]
OSTCBHighRdyPtr         0x20004cc0     0x4  Data  Gb  os_var.o [1]
OSTaskCreate            0x08008695   0x176  Code  Gb  os_task.o [1]
OSTaskCreateHook        0x080084e3    0x12  Code  Gb  os_cpu_c.o [1]
OSTaskCtxSwCtr          0x20004ca0     0x4  Data  Gb  os_var.o [1]
OSTaskDel               0x0800880b    0xea  Code  Gb  os_task.o [1]
OSTaskDelHook           0x080084f5    0x12  Code  Gb  os_cpu_c.o [1]
OSTaskQty               0x20004cde     0x2  Data  Gb  os_var.o [1]
OSTaskRegNextAvailID    0x20004cea     0x1  Data  Gb  os_var.o [1]
OSTaskReturnHook        0x08008507    0x12  Code  Gb  os_cpu_c.o [1]
OSTaskSemPend           0x080088f5   0x1cc  Code  Gb  os_task.o [1]
OSTaskSemPost           0x08008ac1    0x34  Code  Gb  os_task.o [1]
OSTaskStkInit           0x08008519    0x80  Code  Gb  os_cpu_c.o [1]
OSTaskSwHook            0x08008599    0x56  Code  Gb  os_cpu_c.o [1]
OSTickCtr               0x20004ca4     0x4  Data  Gb  os_var.o [1]
OSTickTaskTCB           0x20004760    0xb4  Data  Gb  os_var.o [1]
OSTickTaskTimeMax       0x20004ca8     0x4  Data  Gb  os_var.o [1]
OSTimeDly               0x08004c9d    0xa0  Code  Gb  os_time.o [1]
OSTimeTick              0x08004d3d    0x4a  Code  Gb  os_time.o [1]
OSTimeTickHook          0x080085ef    0x12  Code  Gb  os_cpu_c.o [1]
OSTmrTaskTCB            0x20004814    0xb4  Data  Gb  os_var.o [1]
OSTmrTaskTimeMax        0x20004cac     0x4  Data  Gb  os_var.o [1]
OSTmrTickCtr            0x20004cb0     0x4  Data  Gb  os_var.o [1]
OSTmrUpdateCnt          0x20004cb4     0x4  Data  Gb  os_var.o [1]
OSTmrUpdateCtr          0x20004cb8     0x4  Data  Gb  os_var.o [1]
OS_AppIdleTaskHookPtr   0x20004c88     0x4  Data  Gb  os_var.o [1]
OS_AppStatTaskHookPtr   0x20004c8c     0x4  Data  Gb  os_var.o [1]
OS_AppTaskCreateHookPtr
                        0x20004c7c     0x4  Data  Gb  os_var.o [1]
OS_AppTaskDelHookPtr    0x20004c80     0x4  Data  Gb  os_var.o [1]
OS_AppTaskReturnHookPtr
                        0x20004c84     0x4  Data  Gb  os_var.o [1]
OS_AppTaskSwHookPtr     0x20004c90     0x4  Data  Gb  os_var.o [1]
OS_AppTimeTickHookPtr   0x20004c94     0x4  Data  Gb  os_var.o [1]
OS_CPU_ExceptStkBase    0x20004c74     0x4  Data  Gb  os_cpu_c.o [1]
OS_CPU_SysTickHandler   0x08008601    0x24  Code  Gb  os_cpu_c.o [1]
OS_CPU_SysTickInit      0x08008625    0x2c  Code  Gb  os_cpu_c.o [1]
OS_FlagBlock            0x080070b9    0x26  Code  Gb  os_flag.o [1]
OS_FlagInit             0x080070df     0xc  Code  Gb  os_flag.o [1]
OS_FlagPost             0x08007101   0x13c  Code  Gb  os_flag.o [1]
OS_FlagTaskRdy          0x0800723d    0x56  Code  Gb  os_flag.o [1]
OS_IdleTask             0x0800786d    0x24  Code  Gb  os_core.o [1]
OS_IdleTaskInit         0x08007891    0x50  Code  Gb  os_core.o [1]
OS_MemInit              0x08004767     0xc  Code  Gb  os_mem.o [1]
OS_MsgPoolInit          0x0800729d    0x86  Code  Gb  os_msg.o [1]
OS_MsgQFreeAll          0x08007323    0x44  Code  Gb  os_msg.o [1]
OS_MsgQGet              0x0800737b    0x70  Code  Gb  os_msg.o [1]
OS_MsgQInit             0x08007367    0x14  Code  Gb  os_msg.o [1]
OS_MsgQPut              0x080073eb    0xa2  Code  Gb  os_msg.o [1]
OS_MutexInit            0x08006b8f     0xc  Code  Gb  os_mutex.o [1]
OS_Pend                 0x080078e1    0x60  Code  Gb  os_core.o [1]
OS_PendDataInit         0x08007941    0x34  Code  Gb  os_core.o [1]
OS_PendListChangePrio   0x08007975    0x34  Code  Gb  os_core.o [1]
OS_PendListInit         0x080079a9     0xe  Code  Gb  os_core.o [1]
OS_PendListInsertPrio   0x080079b7    0x6e  Code  Gb  os_core.o [1]
OS_PendListRemove       0x08007a25    0x28  Code  Gb  os_core.o [1]
OS_PendListRemove1      0x08007a4d    0x48  Code  Gb  os_core.o [1]
OS_Post                 0x08007a95    0xb0  Code  Gb  os_core.o [1]
OS_Post1                0x08007b45    0x26  Code  Gb  os_core.o [1]
OS_PrioGetHighest       0x08008de9    0x20  Code  Gb  os_prio.o [1]
OS_PrioInit             0x08008dd5    0x14  Code  Gb  os_prio.o [1]
OS_PrioInsert           0x08008e09    0x26  Code  Gb  os_prio.o [1]
OS_PrioRemove           0x08008e2f    0x28  Code  Gb  os_prio.o [1]
OS_QInit                0x0800453b     0xc  Code  Gb  os_q.o [1]
OS_QPost                0x0800455d    0xa4  Code  Gb  os_q.o [1]
OS_RdyListInit          0x08007b6b    0x24  Code  Gb  os_core.o [1]
OS_RdyListInsert        0x08007b8f    0x28  Code  Gb  os_core.o [1]
OS_RdyListInsertHead    0x08007bb7    0x3a  Code  Gb  os_core.o [1]
OS_RdyListInsertTail    0x08007bf1    0x38  Code  Gb  os_core.o [1]
OS_RdyListMoveHeadToTail
                        0x08007c29    0x40  Code  Gb  os_core.o [1]
OS_RdyListRemove        0x08007c69    0x5c  Code  Gb  os_core.o [1]
OS_SchedRoundRobin      0x08007cc5    0x8a  Code  Gb  os_core.o [1]
OS_SemInit              0x080059c3     0xc  Code  Gb  os_sem.o [1]
OS_SemPost              0x080059e5    0xa6  Code  Gb  os_sem.o [1]
OS_TaskBlock            0x08007dcd    0x3a  Code  Gb  os_core.o [1]
OS_TaskInit             0x08008af5    0x16  Code  Gb  os_task.o [1]
OS_TaskInitTCB          0x08008b0b   0x106  Code  Gb  os_task.o [1]
OS_TaskRdy              0x08007e07    0x1a  Code  Gb  os_core.o [1]
OS_TaskReturn           0x08008c1d    0x14  Code  Gb  os_task.o [1]
OS_TaskSemPost          0x08008c3d    0xd4  Code  Gb  os_task.o [1]
OS_TickListInit         0x0800816b    0x2a  Code  Gb  os_tick.o [1]
OS_TickListInsert       0x08008195   0x11c  Code  Gb  os_tick.o [1]
OS_TickListRemove       0x080082b1    0x42  Code  Gb  os_tick.o [1]
OS_TickListUpdate       0x080082f3   0x190  Code  Gb  os_tick.o [1]
OS_TickTask             0x080080a5    0x28  Code  Gb  os_tick.o [1]
OS_TickTaskInit         0x080080cd    0x9e  Code  Gb  os_tick.o [1]
OS_TmrInit              0x08009be5    0xd4  Code  Gb  os_tmr.o [1]
OS_TmrLink              0x08009cb9    0xd0  Code  Gb  os_tmr.o [1]
OS_TmrTask              0x08009dd9    0xaa  Code  Gb  os_tmr.o [1]
OS_TmrUnlink            0x08009d89    0x4c  Code  Gb  os_tmr.o [1]
ObjCreate               0x0800b721   0x152  Code  Gb  main.o [1]
OverLoad                0x08004c41    0x24  Code  Gb  serial.o [1]
PendSV_Handler          0x08009f8b          Code  Gb  os_cpu_a.o [1]
PutFlash                0x0800654d   0x134  Code  Gb  spi_flash.o [1]
Q_Config                0x20004abc    0x24  Data  Gb  main.o [1]
Q_Deal                  0x20004ae0    0x24  Data  Gb  main.o [1]
Q_Read                  0x20004a74    0x24  Data  Gb  main.o [1]
Q_ReadData              0x20004a98    0x24  Data  Gb  main.o [1]
Q_Slave                 0x20004a50    0x24  Data  Gb  main.o [1]
RCC_APB1PeriphClockCmd  0x0800a6cd    0x20  Code  Gb  stm32f10x_rcc.o [1]
RCC_APB2PeriphClockCmd  0x0800a6ad    0x20  Code  Gb  stm32f10x_rcc.o [1]
RCC_DeInit              0x0800a515    0x60  Code  Gb  stm32f10x_rcc.o [1]
RCC_GetClocksFreq       0x0800a5ed    0xc0  Code  Gb  stm32f10x_rcc.o [1]
RCC_GetFlagStatus       0x0800a6ed    0x44  Code  Gb  stm32f10x_rcc.o [1]
RCC_HCLKConfig          0x0800a5a7    0x14  Code  Gb  stm32f10x_rcc.o [1]
RCC_LSICmd              0x0800a5e5     0x8  Code  Gb  stm32f10x_rcc.o [1]
RCC_PCLK1Config         0x0800a5bb    0x14  Code  Gb  stm32f10x_rcc.o [1]
RCC_PCLK2Config         0x0800a5cf    0x16  Code  Gb  stm32f10x_rcc.o [1]
RCC_PLLCmd              0x0800a58b     0x8  Code  Gb  stm32f10x_rcc.o [1]
RCC_PLLConfig           0x0800a575    0x16  Code  Gb  stm32f10x_rcc.o [1]
RCC_SYSCLKConfig        0x0800a593    0x14  Code  Gb  stm32f10x_rcc.o [1]
Region$$Table$$Base     0x0800ba4c           --   Gb  - Linker created -
Region$$Table$$Limit    0x0800ba70           --   Gb  - Linker created -
SEM_ACKData             0x20004bb4    0x1c  Data  Gb  main.o [1]
SEM_HeartBeat           0x20004b98    0x1c  Data  Gb  main.o [1]
SEM_Send                0x20004bd0    0x1c  Data  Gb  main.o [1]
SEM_SendOver            0x20004bec    0x1c  Data  Gb  main.o [1]
SEM_ServerTX            0x20004b44    0x1c  Data  Gb  main.o [1]
SEM_Slave_485TX         0x20004b60    0x1c  Data  Gb  main.o [1]
SEM_Slave_mbusTX        0x20004b7c    0x1c  Data  Gb  main.o [1]
SPI_Cmd                 0x08008d71    0x1c  Code  Gb  stm32f10x_spi.o [1]
SPI_I2S_GetFlagStatus   0x08008dc1    0x14  Code  Gb  stm32f10x_spi.o [1]
SPI_I2S_ITConfig        0x08008d8d    0x2c  Code  Gb  stm32f10x_spi.o [1]
SPI_I2S_ReceiveData     0x08008dbd     0x4  Code  Gb  stm32f10x_spi.o [1]
SPI_I2S_SendData        0x08008db9     0x4  Code  Gb  stm32f10x_spi.o [1]
SPI_Init                0x08008d31    0x40  Code  Gb  stm32f10x_spi.o [1]
STK_Config              0x200016d8   0x600  Data  Gb  main.o [1]
STK_DealServer          0x200032d8   0x200  Data  Gb  main.o [1]
STK_HeartBeat           0x200030d8   0x200  Data  Gb  main.o [1]
STK_LED                 0x20002ad8   0x200  Data  Gb  main.o [1]
STK_OverLoad            0x200034d8   0x200  Data  Gb  main.o [1]
STK_Read                0x20001cd8   0x600  Data  Gb  main.o [1]
STK_Server              0x20002cd8   0x200  Data  Gb  main.o [1]
STK_Slave               0x20002ed8   0x200  Data  Gb  main.o [1]
STK_Start               0x200028d8   0x200  Data  Gb  main.o [1]
SVC_Handler             0x0800b9f9     0x2  Code  Gb  stm32f10x_it.o [1]
Send_ReadATs            0x08004dad    0x2a  Code  Gb  sim800g.o [1]
Server_Post2Buf         0x08004bef    0x1e  Code  Gb  serial.o [1]
Server_Write            0x08004b35    0x5c  Code  Gb  serial.o [1]
Server_WriteStr         0x08004b91    0x5e  Code  Gb  serial.o [1]
Server_Write_485        0x08004ac1    0x74  Code  Gb  serial.o [1]
SetSysClock             0x0800b9ed     0x2  Code  Lc  system_stm32f10x.o [1]
Slave_Write             0x080049ed    0xd4  Code  Gb  serial.o [1]
Str_Cat                 0x08005557     0xc  Code  Gb  lib_str.o [1]
Str_Cat_N               0x08005563    0x62  Code  Gb  lib_str.o [1]
Str_Char_N              0x08005659    0x50  Code  Gb  lib_str.o [1]
Str_Cmp_N               0x080055c5    0x94  Code  Gb  lib_str.o [1]
Str_Len_N               0x0800553d    0x1a  Code  Gb  lib_str.o [1]
Str_Str                 0x080056a9     0xc  Code  Gb  lib_str.o [1]
Str_Str_N               0x080056b5    0xa6  Code  Gb  lib_str.o [1]
SysTick_Handler         0x0800b9fd     0x8  Code  Gb  stm32f10x_it.o [1]
SystemInit              0x0800b981    0x54  Code  Gb  system_stm32f10x.o [1]
TCB_Config              0x20004328    0xb4  Data  Gb  main.o [1]
TCB_DealServer          0x20004544    0xb4  Data  Gb  main.o [1]
TCB_HeartBeat           0x20004490    0xb4  Data  Gb  main.o [1]
TCB_LED                 0x2000410c    0xb4  Data  Gb  main.o [1]
TCB_OverLoad            0x200045f8    0xb4  Data  Gb  main.o [1]
TCB_Read                0x200043dc    0xb4  Data  Gb  main.o [1]
TCB_Server              0x200041c0    0xb4  Data  Gb  main.o [1]
TCB_Slave               0x20004274    0xb4  Data  Gb  main.o [1]
TCB_Start               0x20004058    0xb4  Data  Gb  main.o [1]
TaskCreate              0x0800b58f   0x18c  Code  Gb  main.o [1]
TaskStart               0x0800b4e9    0xa6  Code  Gb  main.o [1]
Task_Config             0x080022b3    0x52  Code  Gb  tasks.o [1]
Task_DealServer         0x08000627   0x174  Code  Gb  tasks.o [1]
Task_HeartBeat          0x08000813   0x116  Code  Gb  tasks.o [1]
Task_LED                0x0800354d   0x124  Code  Gb  tasks.o [1]
Task_OverLoad           0x080041b7    0x6c  Code  Gb  tasks.o [1]
Task_Read               0x08000969    0x68  Code  Gb  tasks.o [1]
Task_Server             0x0800046d   0x1ba  Code  Gb  tasks.o [1]
Task_Slave              0x080000ed   0x360  Code  Gb  tasks.o [1]
USART1_Handler          0x0800489d    0x7c  Code  Gb  serial.o [1]
USART1_IRQHandler       0x0800ba05     0x8  Code  Gb  stm32f10x_it.o [1]
USART2_Handler          0x08004985    0x68  Code  Gb  serial.o [1]
USART2_IRQHandler       0x0800ba0d     0x8  Code  Gb  stm32f10x_it.o [1]
USART3_Handler          0x08004919    0x6a  Code  Gb  serial.o [1]
USART3_IRQHandler       0x0800ba15     0x8  Code  Gb  stm32f10x_it.o [1]
USART_ClearITPendingBit
                        0x08007fb9    0x22  Code  Gb  stm32f10x_usart.o [1]
USART_Cmd               0x08007f21    0x1c  Code  Gb  stm32f10x_usart.o [1]
USART_GetFlagStatus     0x08007f9f    0x1a  Code  Gb  stm32f10x_usart.o [1]
USART_ITConfig          0x08007f3d    0x52  Code  Gb  stm32f10x_usart.o [1]
USART_Init              0x08007e5d    0xbe  Code  Gb  stm32f10x_usart.o [1]
USART_ReceiveData       0x08007f97     0x8  Code  Gb  stm32f10x_usart.o [1]
USART_SendData          0x08007f8f     0x8  Code  Gb  stm32f10x_usart.o [1]
UsageFault_Handler      0x0800b9f7     0x2  Code  Gb  stm32f10x_it.o [1]
_GenldFullNoMb          0x08009939   0x262  Code  Lc  xprintffull_nomb.o [3]
_LdtobFullNoMb          0x0800954d   0x3e6  Code  Lc  xprintffull_nomb.o [3]
_LitobFullNoMb          0x08009445   0x106  Code  Lc  xprintffull_nomb.o [3]
_PrintfFullNoMb         0x08008e5d   0x5e2  Code  Gb  xprintffull_nomb.o [3]
_PutcharsFullNoMb       0x08009b9b    0x2e  Code  Lc  xprintffull_nomb.o [3]
_SProut                 0x08007293     0xa  Code  Gb  xsprout.o [3]
__aeabi_cdcmple         0x0800ab59          Code  Gb  DblCmpLe.o [4]
__aeabi_cdrcmple        0x0800ab89          Code  Gb  DblCmpGe.o [4]
__aeabi_d2iz            0x0800acc5          Code  Gb  DblToI32.o [4]
__aeabi_d2uiz           0x0800acf1          Code  Gb  DblToI32.o [4]
__aeabi_ddiv            0x0800b071          Code  Gb  DblDiv.o [4]
__aeabi_dmul            0x0800aecd          Code  Gb  DblMul.o [4]
__aeabi_dsub            0x0800ad4d          Code  Gb  DblSub.o [4]
__aeabi_errno_addr      0x0800b3ad     0x6  Code  Gb  errno.o [3]
__aeabi_i2d             0x0800ad1d          Code  Gb  I32ToDbl.o [4]
__aeabi_ldiv0           0x0800b3b9          Code  Gb  I64DivZer.o [5]
__aeabi_ui2d            0x0800ad31          Code  Gb  I32ToDbl.o [4]
__aeabi_uldivmod        0x0800a9b1          Code  Gb  I64DivMod.o [5]
__cmain                 0x0800ba71          Code  Gb  cmain.o [5]
__exit                  0x0800baa1    0x14  Code  Gb  exit.o [6]
__iar_Dnorm             0x0800ab17    0x42  Code  Gb  xdnorm.o [4]
__iar_Dscale            0x0800abb9   0x10c  Code  Gb  xdscale.o [4]
__iar_Errno             0x2000008c     0x4  Data  Gb  errno.o [3]
__iar_Memchr            0x0800a959          Code  Gb  memchr.o [5]
__iar_Stoul             0x0800a8b5     0x4  Code  Gb  xstoul.o [3]
__iar_Stoulx            0x0800a76d   0x142  Code  Gb  xstoul.o [3]
__iar_Strchr            0x0800a909          Code  Gb  strchr.o [5]
__iar_copy_init3        0x0800575b    0x2e  Code  Gb  copy_init3.o [5]
__iar_d2uiz             0x0800acfd          Code  Gb  DblToI32.o [4]
__iar_dadd              0x0800b3bd          Code  Gb  DblAdd.o [4]
__iar_data_init3        0x0800ba25    0x28  Code  Gb  data_init.o [5]
__iar_dlib_perthread_access
                        0x0800b491     0x2  Code  Gb  xtls.o [3]
__iar_dsub              0x0800ad61          Code  Gb  DblSub.o [4]
__iar_dsubStart         0x0800ad73          Code  Gb  DblSub.o [4]
__iar_program_start     0x0800bbf9          Code  Gb  cstartup_M.o [5]
__iar_ui2d              0x0800ad35          Code  Gb  I32ToDbl.o [4]
__iar_unaligned___aeabi_memcpy
                        0x0800aaa1          Code  Gb  ABImemcpy_unaligned.o [5]
__iar_unaligned___aeabi_memcpy4
                        0x0800aac1          Code  Gb  ABImemcpy_unaligned.o [5]
__iar_unaligned___aeabi_memcpy8
                        0x0800aac1          Code  Gb  ABImemcpy_unaligned.o [5]
__iar_zero_init3        0x08005a8b    0x22  Code  Gb  zero_init3.o [5]
__low_level_init        0x0800ba8b     0x4  Code  Gb  low_level_init.o [3]
__vector_table          0x08000000          Data  Gb  startup_stm32f10x_md.o [1]
_call_main              0x0800ba7d          Code  Gb  cmain.o [5]
_exit                   0x0800ba95          Code  Gb  cexit.o [5]
_main                   0x0800ba87          Code  Gb  cmain.o [5]
ack_query_addr          0x08003dad    0xc0  Code  Gb  tasks.o [1]
ack_query_cjq           0x0800372d   0x150  Code  Gb  tasks.o [1]
ack_query_di_seq        0x080040ef    0xc8  Code  Gb  tasks.o [1]
ack_query_ip            0x08003e6d    0xf2  Code  Gb  tasks.o [1]
ack_query_mbus          0x08003f5f    0xc8  Code  Gb  tasks.o [1]
ack_query_meter         0x08003889   0x518  Code  Gb  tasks.o [1]
ack_query_test          0x08004027    0xc8  Code  Gb  tasks.o [1]
addSEQ                  0x080007e3    0x30  Code  Gb  tasks.o [1]
add_cjq                 0x0800301d   0x116  Code  Gb  tasks.o [1]
add_meter               0x080028d1   0x22a  Code  Gb  tasks.o [1]
at_apn                  0x08005165    0x68  Code  Gb  sim800g.o [1]
at_cipmux               0x080050f9    0x6c  Code  Gb  sim800g.o [1]
at_cpin                 0x08004e57    0x8c  Code  Gb  sim800g.o [1]
at_creg                 0x08004fcb    0x9a  Code  Gb  sim800g.o [1]
at_csq                  0x08004ee3    0xe8  Code  Gb  sim800g.o [1]
at_tcpsetup             0x080052c7    0x96  Code  Gb  sim800g.o [1]
at_xiic                 0x080051cd    0x74  Code  Gb  sim800g.o [1]
ate_                    0x08004deb    0x6c  Code  Gb  sim800g.o [1]
atoi                    0x08008d29     0x8  Code  Gb  atoi.o [3]
ats                     0x20000000    0x50  Data  Gb  sim800g.o [1]
buf                     0x20004cc4     0x4  Data  Gb  tasks.o [1]
buf_                    0x20004cc8     0x4  Data  Gb  tasks.o [1]
change_connect          0x080054d9    0x18  Code  Gb  sim800g.o [1]
check_cgatt             0x08005065    0x8c  Code  Gb  sim800g.o [1]
check_cs                0x0800044d    0x20  Code  Gb  tasks.o [1]
check_frame             0x080007a1    0x42  Code  Gb  tasks.o [1]
check_str               0x08004dd7    0x14  Code  Gb  sim800g.o [1]
check_xiic              0x08005245    0x82  Code  Gb  sim800g.o [1]
cjq_close               0x08001b17   0x12e  Code  Gb  tasks.o [1]
cjq_open                0x0800194d   0x1ca  Code  Gb  tasks.o [1]
config_flash            0x20000098  0x1000  Data  Gb  main.o [1]
connect                 0x080053d5    0x84  Code  Gb  sim800g.o [1]
connectstate            0x20004ce0     0x1  Data  Gb  main.o [1]
data_seq                0x20004cec     0x1  Data  Gb  tasks.o [1]
delete_cjq              0x08003171   0x346  Code  Gb  tasks.o [1]
delete_meter            0x08002b05   0x4a0  Code  Gb  tasks.o [1]
device_ack              0x08003675    0xa8  Code  Gb  tasks.o [1]
device_test             0x20000093     0x1  Data  Gb  main.o [1]
deviceaddr              0x2000007c     0x8  Data  Gb  sim800g.o [1]
di_seq                  0x20004ce2     0x1  Data  Gb  main.o [1]
digits                  0x0800a8b8    0x28  Data  Lc  xstoul.o [3]
div                     0x0800b2b7     0xe  Code  Gb  div.o [3]
exit                    0x0800ba8f     0x4  Code  Gb  exit.o [3]
fe                      0x20000088     0x4  Data  Gb  tasks.o [1]
heart_seq               0x20004ceb     0x1  Data  Gb  tasks.o [1]
ip                      0x20000050    0x14  Data  Gb  sim800g.o [1]
ip1                     0x20000094     0x1  Data  Gb  sim800g.o [1]
ip2                     0x20000095     0x1  Data  Gb  sim800g.o [1]
ip3                     0x20000096     0x1  Data  Gb  sim800g.o [1]
ip4                     0x20000097     0x1  Data  Gb  sim800g.o [1]
local_seq               0x20004ced     0x1  Data  Gb  tasks.o [1]
main                    0x0800b495    0x52  Code  Gb  main.o [1]
mbus_power              0x080009d1    0x2c  Code  Gb  tasks.o [1]
mem_buf                 0x200022d8   0x600  Data  Gb  main.o [1]
mem_isr                 0x200049d8    0x78  Data  Gb  main.o [1]
memchr                  0x0800a959          Code  Gb  memchr.o [5]
meter_clean             0x08002135   0x17e  Code  Gb  tasks.o [1]
meter_close             0x08001ec5   0x266  Code  Gb  tasks.o [1]
meter_control           0x08001725   0x20c  Code  Gb  tasks.o [1]
meter_open              0x08001c55   0x264  Code  Gb  tasks.o [1]
meter_read              0x08000af1   0x36a  Code  Gb  tasks.o [1]
meter_read_single       0x08000e71   0x2a0  Code  Gb  tasks.o [1]
meter_send              0x08001151   0x5c2  Code  Gb  tasks.o [1]
ndigs                   0x0800a8e0    0x28  Data  Lc  xstoul.o [3]
param_conf              0x08006681    0xc0  Code  Gb  spi_flash.o [1]
param_config            0x0800230d   0x542  Code  Gb  tasks.o [1]
param_query             0x080034c9    0x84  Code  Gb  tasks.o [1]
port                    0x20000074     0x8  Data  Gb  sim800g.o [1]
port_                   0x20000090     0x2  Data  Gb  sim800g.o [1]
power_cmd               0x0800092d    0x3c  Code  Gb  tasks.o [1]
reading                 0x20004ce1     0x1  Data  Gb  main.o [1]
readingall              0x20004cf0     0x1  Data  Gb  tasks.o [1]
readingall_progress     0x20004cf1     0x1  Data  Gb  tasks.o [1]
relay_1                 0x08000a29    0x30  Code  Gb  tasks.o [1]
relay_2                 0x08000a59    0x2c  Code  Gb  tasks.o [1]
relay_3                 0x08000a85    0x2c  Code  Gb  tasks.o [1]
relay_4                 0x08000ab1    0x2c  Code  Gb  tasks.o [1]
relay_485               0x080009fd    0x2c  Code  Gb  tasks.o [1]
sFLASH_EraseBulk        0x08005f09    0x2e  Code  Gb  spi_flash.o [1]
sFLASH_EraseSector      0x08005ec5    0x44  Code  Gb  spi_flash.o [1]
sFLASH_EraseWritePage   0x08005f93    0x62  Code  Gb  spi_flash.o [1]
sFLASH_PoolInit         0x080062dd   0x142  Code  Gb  spi_flash.o [1]
sFLASH_ReadBuffer       0x08006149    0x56  Code  Gb  spi_flash.o [1]
sFLASH_ReadID           0x080061fb    0x54  Code  Gb  spi_flash.o [1]
sFLASH_ReadStr          0x0800619f    0x5c  Code  Gb  spi_flash.o [1]
sFLASH_SendByte         0x0800624f    0x3a  Code  Gb  spi_flash.o [1]
sFLASH_WaitForWriteEnd  0x080062ab    0x32  Code  Gb  spi_flash.o [1]
sFLASH_WriteBuffer      0x08005ff5   0x154  Code  Gb  spi_flash.o [1]
sFLASH_WriteEnable      0x08006289    0x22  Code  Gb  spi_flash.o [1]
sFLASH_WritePage        0x08005f37    0x5c  Code  Gb  spi_flash.o [1]
search_cjq              0x08002fa5    0x64  Code  Gb  tasks.o [1]
search_meter            0x08002865    0x6c  Code  Gb  tasks.o [1]
send_server             0x0800535d    0x72  Code  Gb  sim800g.o [1]
server_ptr              0x20004ccc     0x4  Data  Gb  tasks.o [1]
server_ptr_             0x20004cd0     0x4  Data  Gb  tasks.o [1]
server_seq              0x20004cee     0x1  Data  Gb  tasks.o [1]
slave_mbus              0x20000092     0x1  Data  Gb  main.o [1]
sprintf                 0x08006bb5    0x34  Code  Gb  sprintf.o [3]
start_slave             0x20004cef     0x1  Data  Gb  tasks.o [1]
strchr                  0x0800a909          Code  Gb  strchr.o [5]
strlen                  0x0800a921          Code  Gb  strlen.o [5]


[1] = D:\IAR_Workspace\Code_Concentrator_MBUS_485\Test\Debug\Obj
[2] = command line
[3] = dl7M_tln.a
[4] = m7M_tl.a
[5] = rt7M_tl.a
[6] = shb_l.a

  47 936 bytes of readonly  code memory
     784 bytes of readonly  data memory
  20 210 bytes of readwrite data memory

Errors: none
Warnings: none
