###############################################################################
#
# IAR ELF Linker V7.10.3.6832/W32 for ARM                 20/Sep/2015  01:00:25
# Copyright 2007-2014 IAR Systems AB.
#
#    Output file  =  D:\IAR_Workspace\STM32F103MBUS\Test\Debug\Exe\Test.out
#    Map file     =  D:\IAR_Workspace\STM32F103MBUS\Test\Debug\List\Test.map
#    Command line =  
#        D:\IAR_Workspace\STM32F103MBUS\Test\Debug\Obj\bsp.o
#        D:\IAR_Workspace\STM32F103MBUS\Test\Debug\Obj\cpu_a.o
#        D:\IAR_Workspace\STM32F103MBUS\Test\Debug\Obj\cpu_c.o
#        D:\IAR_Workspace\STM32F103MBUS\Test\Debug\Obj\cpu_core.o
#        D:\IAR_Workspace\STM32F103MBUS\Test\Debug\Obj\lib_ascii.o
#        D:\IAR_Workspace\STM32F103MBUS\Test\Debug\Obj\lib_math.o
#        D:\IAR_Workspace\STM32F103MBUS\Test\Debug\Obj\lib_mem.o
#        D:\IAR_Workspace\STM32F103MBUS\Test\Debug\Obj\lib_mem_a.o
#        D:\IAR_Workspace\STM32F103MBUS\Test\Debug\Obj\lib_str.o
#        D:\IAR_Workspace\STM32F103MBUS\Test\Debug\Obj\m590e.o
#        D:\IAR_Workspace\STM32F103MBUS\Test\Debug\Obj\main.o
#        D:\IAR_Workspace\STM32F103MBUS\Test\Debug\Obj\misc.o
#        D:\IAR_Workspace\STM32F103MBUS\Test\Debug\Obj\os_app_hooks.o
#        D:\IAR_Workspace\STM32F103MBUS\Test\Debug\Obj\os_cfg_app.o
#        D:\IAR_Workspace\STM32F103MBUS\Test\Debug\Obj\os_core.o
#        D:\IAR_Workspace\STM32F103MBUS\Test\Debug\Obj\os_cpu_a.o
#        D:\IAR_Workspace\STM32F103MBUS\Test\Debug\Obj\os_cpu_c.o
#        D:\IAR_Workspace\STM32F103MBUS\Test\Debug\Obj\os_dbg.o
#        D:\IAR_Workspace\STM32F103MBUS\Test\Debug\Obj\os_flag.o
#        D:\IAR_Workspace\STM32F103MBUS\Test\Debug\Obj\os_int.o
#        D:\IAR_Workspace\STM32F103MBUS\Test\Debug\Obj\os_mem.o
#        D:\IAR_Workspace\STM32F103MBUS\Test\Debug\Obj\os_msg.o
#        D:\IAR_Workspace\STM32F103MBUS\Test\Debug\Obj\os_mutex.o
#        D:\IAR_Workspace\STM32F103MBUS\Test\Debug\Obj\os_pend_multi.o
#        D:\IAR_Workspace\STM32F103MBUS\Test\Debug\Obj\os_prio.o
#        D:\IAR_Workspace\STM32F103MBUS\Test\Debug\Obj\os_q.o
#        D:\IAR_Workspace\STM32F103MBUS\Test\Debug\Obj\os_sem.o
#        D:\IAR_Workspace\STM32F103MBUS\Test\Debug\Obj\os_stat.o
#        D:\IAR_Workspace\STM32F103MBUS\Test\Debug\Obj\os_task.o
#        D:\IAR_Workspace\STM32F103MBUS\Test\Debug\Obj\os_tick.o
#        D:\IAR_Workspace\STM32F103MBUS\Test\Debug\Obj\os_time.o
#        D:\IAR_Workspace\STM32F103MBUS\Test\Debug\Obj\os_tmr.o
#        D:\IAR_Workspace\STM32F103MBUS\Test\Debug\Obj\os_var.o
#        D:\IAR_Workspace\STM32F103MBUS\Test\Debug\Obj\serial.o
#        D:\IAR_Workspace\STM32F103MBUS\Test\Debug\Obj\spi_flash.o
#        D:\IAR_Workspace\STM32F103MBUS\Test\Debug\Obj\startup_stm32f10x_md.o
#        D:\IAR_Workspace\STM32F103MBUS\Test\Debug\Obj\stm32f10x_adc.o
#        D:\IAR_Workspace\STM32F103MBUS\Test\Debug\Obj\stm32f10x_bkp.o
#        D:\IAR_Workspace\STM32F103MBUS\Test\Debug\Obj\stm32f10x_can.o
#        D:\IAR_Workspace\STM32F103MBUS\Test\Debug\Obj\stm32f10x_cec.o
#        D:\IAR_Workspace\STM32F103MBUS\Test\Debug\Obj\stm32f10x_crc.o
#        D:\IAR_Workspace\STM32F103MBUS\Test\Debug\Obj\stm32f10x_dac.o
#        D:\IAR_Workspace\STM32F103MBUS\Test\Debug\Obj\stm32f10x_dbgmcu.o
#        D:\IAR_Workspace\STM32F103MBUS\Test\Debug\Obj\stm32f10x_dma.o
#        D:\IAR_Workspace\STM32F103MBUS\Test\Debug\Obj\stm32f10x_exti.o
#        D:\IAR_Workspace\STM32F103MBUS\Test\Debug\Obj\stm32f10x_flash.o
#        D:\IAR_Workspace\STM32F103MBUS\Test\Debug\Obj\stm32f10x_fsmc.o
#        D:\IAR_Workspace\STM32F103MBUS\Test\Debug\Obj\stm32f10x_gpio.o
#        D:\IAR_Workspace\STM32F103MBUS\Test\Debug\Obj\stm32f10x_i2c.o
#        D:\IAR_Workspace\STM32F103MBUS\Test\Debug\Obj\stm32f10x_it.o
#        D:\IAR_Workspace\STM32F103MBUS\Test\Debug\Obj\stm32f10x_iwdg.o
#        D:\IAR_Workspace\STM32F103MBUS\Test\Debug\Obj\stm32f10x_pwr.o
#        D:\IAR_Workspace\STM32F103MBUS\Test\Debug\Obj\stm32f10x_rcc.o
#        D:\IAR_Workspace\STM32F103MBUS\Test\Debug\Obj\stm32f10x_rtc.o
#        D:\IAR_Workspace\STM32F103MBUS\Test\Debug\Obj\stm32f10x_sdio.o
#        D:\IAR_Workspace\STM32F103MBUS\Test\Debug\Obj\stm32f10x_spi.o
#        D:\IAR_Workspace\STM32F103MBUS\Test\Debug\Obj\stm32f10x_tim.o
#        D:\IAR_Workspace\STM32F103MBUS\Test\Debug\Obj\stm32f10x_usart.o
#        D:\IAR_Workspace\STM32F103MBUS\Test\Debug\Obj\stm32f10x_wwdg.o
#        D:\IAR_Workspace\STM32F103MBUS\Test\Debug\Obj\system_stm32f10x.o
#        D:\IAR_Workspace\STM32F103MBUS\Test\Debug\Obj\tasks.o
#        D:\IAR_Workspace\STM32F103MBUS\Test\Debug\Obj\timestamp.o -o
#        D:\IAR_Workspace\STM32F103MBUS\Test\Debug\Exe\Test.out --map
#        D:\IAR_Workspace\STM32F103MBUS\Test\Debug\List\Test.map --config
#        "D:\Program Files (x86)\IAR Systems\Embedded Workbench
#        7.0\arm\config\linker\ST\stm32f103xB.icf" --semihosting --entry
#        __iar_program_start --vfe
#
###############################################################################

*******************************************************************************
*** RUNTIME MODEL ATTRIBUTES
***

CppFlavor       = *
__SystemLibrary = DLib


*******************************************************************************
*** PLACEMENT SUMMARY
***

"A1":  place at 0x08000000 { ro section .intvec };
"P1":  place in [from 0x08000000 to 0x0801ffff] { ro };
"P2":  place in [from 0x20000000 to 0x20004fff] { rw, block CSTACK, block HEAP };

  Section             Kind        Address    Size  Object
  -------             ----        -------    ----  ------
"A1":                                        0xec
  .intvec             ro code  0x08000000    0xec  startup_stm32f10x_md.o [1]
                             - 0x080000ec    0xec

"P1":                                      0xb238
  .text               ro code  0x080000ec  0x35d0  tasks.o [1]
  .text               ro code  0x080036bc   0x530  os_tmr.o [1]
  .text               ro code  0x08003bec   0x180  os_mem.o [1]
  .text               ro code  0x08003d6c   0x11c  lib_mem.o [1]
  .text               ro code  0x08003e88   0x384  os_q.o [1]
  .text               ro code  0x0800420c   0x400  serial.o [1]
  .text               ro code  0x0800460c   0x302  os_sem.o [1]
  .text               ro code  0x0800490e    0x2e  copy_init3.o [5]
  .text               ro code  0x0800493c   0x28c  os_time.o [1]
  .text               ro code  0x08004bc8   0x988  m590e.o [1]
  .text               ro code  0x08005550   0x21e  lib_str.o [1]
  .text               ro code  0x0800576e    0x22  zero_init3.o [5]
  CODE                ro code  0x08005790   0x220  lib_mem_a.o [1]
  CODE                ro code  0x080059b0    0x34  cpu_a.o [1]
  .text               ro code  0x080059e4   0x1c4  stm32f10x_gpio.o [1]
  .text               ro code  0x08005ba8   0x72c  spi_flash.o [1]
  .text               ro code  0x080062d4    0x34  sprintf.o [3]
  .text               ro code  0x08006308   0x6aa  os_flag.o [1]
  .text               ro code  0x080069b2     0xa  xsprout.o [3]
  .text               ro code  0x080069bc   0x954  os_core.o [1]
  .text               ro code  0x08007310   0x694  os_task.o [1]
  .text               ro code  0x080079a4    0x3c  timestamp.o [1]
  .text               ro code  0x080079e0   0x1fc  os_msg.o [1]
  .text               ro code  0x08007bdc   0x17e  stm32f10x_usart.o [1]
  .rodata             const    0x08007d5a     0x2  os_cfg_app.o [1]
  .text               ro code  0x08007d5c    0xc8  stm32f10x_exti.o [1]
  .text               ro code  0x08007e24   0x418  os_tick.o [1]
  .text               ro code  0x0800823c   0x1d8  os_cpu_c.o [1]
  .text               ro code  0x08008414     0x8  atoi.o [3]
  .text               ro code  0x0800841c    0xa4  stm32f10x_spi.o [1]
  .text               ro code  0x080084c0   0xd86  xprintffull_nomb.o [3]
  .rodata             const    0x08009246     0x2  os_cfg_app.o [1]
  .text               ro code  0x08009248    0x88  os_prio.o [1]
  .text               ro code  0x080092d0    0x10  os_mutex.o [1]
  .text               ro code  0x080092e0    0xac  os_cfg_app.o [1]
  CODE                ro code  0x0800938c    0x84  os_cpu_a.o [1]
  .text               ro code  0x08009410   0x4cc  bsp.o [1]
  .text               ro code  0x080098dc    0x4c  cpu_core.o [1]
  .text               ro code  0x08009928   0x258  stm32f10x_rcc.o [1]
  .text               ro code  0x08009b80   0x19c  xstoul.o [3]
  .text               ro code  0x08009d1c    0x16  strchr.o [5]
  .rodata             const    0x08009d32     0x2  os_cfg_app.o [1]
  .text               ro code  0x08009d34    0x36  strlen.o [5]
  .rodata             const    0x08009d6a     0x1  os_cfg_app.o [1]
  .rodata             const    0x08009d6b     0x1  os_cfg_app.o [1]
  .text               ro code  0x08009d6c    0x58  memchr.o [5]
  .text               ro code  0x08009dc4    0xee  I64DivMod.o [5]
  .text               ro code  0x08009eb4    0x76  ABImemcpy_unaligned.o [5]
  .text               ro code  0x08009f2a    0x42  xdnorm.o [4]
  .text               ro code  0x08009f6c    0x2e  DblCmpLe.o [4]
  .text               ro code  0x08009f9c    0x2e  DblCmpGe.o [4]
  .text               ro code  0x08009fcc   0x10c  xdscale.o [4]
  .text               ro code  0x0800a0d8    0x58  DblToI32.o [4]
  .text               ro code  0x0800a130    0x30  I32ToDbl.o [4]
  .text               ro code  0x0800a160   0x180  DblSub.o [4]
  .text               ro code  0x0800a2e0   0x1a2  DblMul.o [4]
  .text               ro code  0x0800a484   0x246  DblDiv.o [4]
  .text               ro code  0x0800a6ca     0xe  div.o [3]
  .text               ro code  0x0800a6d8    0x3c  stm32f10x_flash.o [1]
  .text               ro code  0x0800a714    0x80  misc.o [1]
  .text               ro code  0x0800a794     0xc  errno.o [3]
  .text               ro code  0x0800a7a0     0x2  I64DivZer.o [5]
  .text               ro code  0x0800a7a4    0xd4  DblAdd.o [4]
  .text               ro code  0x0800a878     0x2  xtls.o [3]
  .text               ro code  0x0800a87c   0x518  main.o [1]
  .text               ro code  0x0800ad94    0x10  stm32f10x_iwdg.o [1]
  .text               ro code  0x0800ada4    0x6e  system_stm32f10x.o [1]
  .text               ro code  0x0800ae12    0x36  stm32f10x_it.o [1]
  .text               ro code  0x0800ae48    0x28  data_init.o [5]
  .iar.init_table     const    0x0800ae70    0x24  - Linker created -
  .rodata             const    0x0800ae94    0x1c  m590e.o [1]
  .rodata             const    0x0800aeb0    0x1c  m590e.o [1]
  .text               ro code  0x0800aecc    0x1a  cmain.o [5]
  .text               ro code  0x0800aee6     0x4  low_level_init.o [3]
  .text               ro code  0x0800aeea     0x4  exit.o [3]
  .text               ro code  0x0800aef0     0xa  cexit.o [5]
  .text               ro code  0x0800aefc    0x14  exit.o [6]
  .rodata             const    0x0800af10    0x18  os_tmr.o [1]
  .rodata             const    0x0800af28    0x14  os_core.o [1]
  .rodata             const    0x0800af3c    0x14  os_tick.o [1]
  .rodata             const    0x0800af50    0x10  m590e.o [1]
  .rodata             const    0x0800af60    0x10  m590e.o [1]
  .rodata             const    0x0800af70    0x10  m590e.o [1]
  .rodata             const    0x0800af80    0x10  m590e.o [1]
  .rodata             const    0x0800af90    0x10  m590e.o [1]
  .text               ro code  0x0800afa0    0x10  startup_stm32f10x_md.o [1]
  .rodata             const    0x0800afb0     0xc  m590e.o [1]
  .rodata             const    0x0800afbc     0xc  m590e.o [1]
  .rodata             const    0x0800afc8     0xc  m590e.o [1]
  .rodata             const    0x0800afd4     0xc  m590e.o [1]
  .rodata             const    0x0800afe0     0xc  m590e.o [1]
  .rodata             const    0x0800afec     0xc  m590e.o [1]
  .rodata             const    0x0800aff8     0xc  m590e.o [1]
  .rodata             const    0x0800b004     0xc  m590e.o [1]
  .rodata             const    0x0800b010     0xc  m590e.o [1]
  .rodata             const    0x0800b01c     0xc  m590e.o [1]
  .rodata             const    0x0800b028     0xc  m590e.o [1]
  .rodata             const    0x0800b034     0xc  main.o [1]
  .rodata             const    0x0800b040     0xc  main.o [1]
  .rodata             const    0x0800b04c     0xc  main.o [1]
  .rodata             const    0x0800b058     0xc  tasks.o [1]
  .rodata             const    0x0800b064     0xc  tasks.o [1]
  .text               ro code  0x0800b070     0xc  cstartup_M.o [5]
  .rodata             const    0x0800b07c     0x8  m590e.o [1]
  .rodata             const    0x0800b084     0x8  m590e.o [1]
  .rodata             const    0x0800b08c     0x8  m590e.o [1]
  .rodata             const    0x0800b094     0x8  m590e.o [1]
  .rodata             const    0x0800b09c     0x8  m590e.o [1]
  .rodata             const    0x0800b0a4     0x8  m590e.o [1]
  .rodata             const    0x0800b0ac     0x8  main.o [1]
  .rodata             const    0x0800b0b4     0x8  main.o [1]
  .rodata             const    0x0800b0bc     0x8  main.o [1]
  .rodata             const    0x0800b0c4     0x8  main.o [1]
  .rodata             const    0x0800b0cc     0x8  main.o [1]
  .rodata             const    0x0800b0d4     0x8  main.o [1]
  .rodata             const    0x0800b0dc     0x8  main.o [1]
  .rodata             const    0x0800b0e4     0x8  main.o [1]
  .rodata             const    0x0800b0ec     0x8  main.o [1]
  .rodata             const    0x0800b0f4     0x8  main.o [1]
  .rodata             const    0x0800b0fc     0x8  main.o [1]
  .rodata             const    0x0800b104     0x8  main.o [1]
  .rodata             const    0x0800b10c     0x8  main.o [1]
  .rodata             const    0x0800b114     0x8  main.o [1]
  .rodata             const    0x0800b11c     0x8  main.o [1]
  .rodata             const    0x0800b124     0x8  os_task.o [1]
  .rodata             const    0x0800b12c     0x8  tasks.o [1]
  .rodata             const    0x0800b134     0x8  tasks.o [1]
  .rodata             const    0x0800b13c     0x8  tasks.o [1]
  .rodata             const    0x0800b144     0x8  tasks.o [1]
  .rodata             const    0x0800b14c     0x8  tasks.o [1]
  .rodata             const    0x0800b154     0x8  tasks.o [1]
  .rodata             const    0x0800b15c     0x4  m590e.o [1]
  .rodata             const    0x0800b160     0x4  os_cfg_app.o [1]
  .rodata             const    0x0800b164     0x4  os_cfg_app.o [1]
  .rodata             const    0x0800b168     0x4  os_cfg_app.o [1]
  .rodata             const    0x0800b16c     0x4  os_cfg_app.o [1]
  .rodata             const    0x0800b170     0x4  os_cfg_app.o [1]
  .rodata             const    0x0800b174     0x4  os_cfg_app.o [1]
  .rodata             const    0x0800b178     0x4  os_cfg_app.o [1]
  .rodata             const    0x0800b17c     0x4  os_cfg_app.o [1]
  .rodata             const    0x0800b180     0x4  os_cfg_app.o [1]
  .rodata             const    0x0800b184     0x4  os_cfg_app.o [1]
  .rodata             const    0x0800b188     0x4  os_cfg_app.o [1]
  .rodata             const    0x0800b18c     0x4  os_cfg_app.o [1]
  .rodata             const    0x0800b190     0x4  os_cfg_app.o [1]
  .rodata             const    0x0800b194     0x4  os_cfg_app.o [1]
  .rodata             const    0x0800b198     0x4  os_cfg_app.o [1]
  .rodata             const    0x0800b19c     0x4  os_cfg_app.o [1]
  .rodata             const    0x0800b1a0     0x4  os_cfg_app.o [1]
  .rodata             const    0x0800b1a4     0x4  os_cfg_app.o [1]
  .rodata             const    0x0800b1a8     0x4  os_cfg_app.o [1]
  .rodata             const    0x0800b1ac     0x4  os_cfg_app.o [1]
  .rodata             const    0x0800b1b0     0x4  os_cfg_app.o [1]
  .rodata             const    0x0800b1b4     0x4  os_cfg_app.o [1]
  .rodata             const    0x0800b1b8     0x4  os_cfg_app.o [1]
  .text               ro code  0x0800b1bc     0x4  startup_stm32f10x_md.o [1]
  .text               ro code  0x0800b1c0     0x4  startup_stm32f10x_md.o [1]
  .text               ro code  0x0800b1c4     0x4  startup_stm32f10x_md.o [1]
  .text               ro code  0x0800b1c8     0x4  startup_stm32f10x_md.o [1]
  .text               ro code  0x0800b1cc     0x4  startup_stm32f10x_md.o [1]
  .text               ro code  0x0800b1d0     0x4  startup_stm32f10x_md.o [1]
  .text               ro code  0x0800b1d4     0x4  startup_stm32f10x_md.o [1]
  .text               ro code  0x0800b1d8     0x4  startup_stm32f10x_md.o [1]
  .text               ro code  0x0800b1dc     0x4  startup_stm32f10x_md.o [1]
  .text               ro code  0x0800b1e0     0x4  startup_stm32f10x_md.o [1]
  .text               ro code  0x0800b1e4     0x4  startup_stm32f10x_md.o [1]
  .text               ro code  0x0800b1e8     0x4  startup_stm32f10x_md.o [1]
  .text               ro code  0x0800b1ec     0x4  startup_stm32f10x_md.o [1]
  .text               ro code  0x0800b1f0     0x4  startup_stm32f10x_md.o [1]
  .text               ro code  0x0800b1f4     0x4  startup_stm32f10x_md.o [1]
  .text               ro code  0x0800b1f8     0x4  startup_stm32f10x_md.o [1]
  .text               ro code  0x0800b1fc     0x4  startup_stm32f10x_md.o [1]
  .text               ro code  0x0800b200     0x4  startup_stm32f10x_md.o [1]
  .text               ro code  0x0800b204     0x4  startup_stm32f10x_md.o [1]
  .text               ro code  0x0800b208     0x4  startup_stm32f10x_md.o [1]
  .text               ro code  0x0800b20c     0x4  startup_stm32f10x_md.o [1]
  .text               ro code  0x0800b210     0x4  startup_stm32f10x_md.o [1]
  .text               ro code  0x0800b214     0x4  startup_stm32f10x_md.o [1]
  .text               ro code  0x0800b218     0x4  startup_stm32f10x_md.o [1]
  .text               ro code  0x0800b21c     0x4  startup_stm32f10x_md.o [1]
  .text               ro code  0x0800b220     0x4  startup_stm32f10x_md.o [1]
  .text               ro code  0x0800b224     0x4  startup_stm32f10x_md.o [1]
  .text               ro code  0x0800b228     0x4  startup_stm32f10x_md.o [1]
  .text               ro code  0x0800b22c     0x4  startup_stm32f10x_md.o [1]
  .text               ro code  0x0800b230     0x4  startup_stm32f10x_md.o [1]
  .text               ro code  0x0800b234     0x4  startup_stm32f10x_md.o [1]
  .text               ro code  0x0800b238     0x4  startup_stm32f10x_md.o [1]
  .text               ro code  0x0800b23c     0x4  startup_stm32f10x_md.o [1]
  .text               ro code  0x0800b240     0x4  startup_stm32f10x_md.o [1]
  .text               ro code  0x0800b244     0x4  startup_stm32f10x_md.o [1]
  .text               ro code  0x0800b248     0x4  startup_stm32f10x_md.o [1]
  .text               ro code  0x0800b24c     0x4  startup_stm32f10x_md.o [1]
  .text               ro code  0x0800b250     0x4  startup_stm32f10x_md.o [1]
  .text               ro code  0x0800b254     0x4  startup_stm32f10x_md.o [1]
  .rodata             const    0x0800b258     0x0  zero_init3.o [5]
  .rodata             const    0x0800b258     0x0  copy_init3.o [5]
  Initializer bytes   ro data  0x0800b258    0xcc  <for P2 s0>
                             - 0x0800b324  0xb238

"P2", part 1 of 3:                           0xcc
  P2 s0                        0x20000000    0xcc  <Init block>
    .data             inited   0x20000000    0x50  m590e.o [1]
    .data             inited   0x20000050    0x1c  m590e.o [1]
    .data             inited   0x2000006c    0x14  m590e.o [1]
    .data             inited   0x20000080    0x10  stm32f10x_rcc.o [1]
    .data             inited   0x20000090     0xc  m590e.o [1]
    .data             inited   0x2000009c     0xc  m590e.o [1]
    .data             inited   0x200000a8     0xc  m590e.o [1]
    .data             inited   0x200000b4     0x8  m590e.o [1]
    .data             inited   0x200000bc     0x4  stm32f10x_rcc.o [1]
    __DLIB_PERTHREAD  inited   0x200000c0     0x4  errno.o [3]
    .data             inited   0x200000c4     0x2  m590e.o [1]
    .data             inited   0x200000c6     0x1  m590e.o [1]
    .data             inited   0x200000c7     0x1  m590e.o [1]
    .data             inited   0x200000c8     0x1  m590e.o [1]
    .data             inited   0x200000c9     0x1  m590e.o [1]
    .data             inited   0x200000ca     0x1  main.o [1]
                             - 0x200000cc    0xcc

"P2", part 2 of 3:                         0x3c54
  .bss                zero     0x200000cc   0x640  os_cfg_app.o [1]
  .bss                zero     0x2000070c   0x600  main.o [1]
  .bss                zero     0x20000d0c   0x600  main.o [1]
  .bss                zero     0x2000130c   0x600  main.o [1]
  .bss                zero     0x2000190c   0x200  main.o [1]
  .bss                zero     0x20001b0c   0x200  main.o [1]
  .bss                zero     0x20001d0c   0x200  main.o [1]
  .bss                zero     0x20001f0c   0x200  main.o [1]
  .bss                zero     0x2000210c   0x200  main.o [1]
  .bss                zero     0x2000230c   0x200  main.o [1]
  .bss                zero     0x2000250c   0x200  main.o [1]
  .bss                zero     0x2000270c   0x200  os_cfg_app.o [1]
  .bss                zero     0x2000290c   0x200  os_cfg_app.o [1]
  .bss                zero     0x20002b0c   0x200  os_cfg_app.o [1]
  .bss                zero     0x20002d0c   0x200  os_cfg_app.o [1]
  .bss                zero     0x20002f0c   0x180  os_var.o [1]
  .bss                zero     0x2000308c    0xb4  main.o [1]
  .bss                zero     0x20003140    0xb4  main.o [1]
  .bss                zero     0x200031f4    0xb4  main.o [1]
  .bss                zero     0x200032a8    0xb4  main.o [1]
  .bss                zero     0x2000335c    0xb4  main.o [1]
  .bss                zero     0x20003410    0xb4  main.o [1]
  .bss                zero     0x200034c4    0xb4  main.o [1]
  .bss                zero     0x20003578    0xb4  main.o [1]
  .bss                zero     0x2000362c    0xb4  main.o [1]
  .bss                zero     0x200036e0    0xb4  os_var.o [1]
  .bss                zero     0x20003794    0xb4  os_var.o [1]
  .bss                zero     0x20003848    0xb4  os_var.o [1]
  .bss                zero     0x200038fc    0x88  os_cfg_app.o [1]
  .bss                zero     0x20003984    0x88  os_cfg_app.o [1]
  .bss                zero     0x20003a0c    0x78  main.o [1]
  .bss                zero     0x20003a84    0x2c  main.o [1]
  .bss                zero     0x20003ab0    0x24  main.o [1]
  .bss                zero     0x20003ad4    0x24  main.o [1]
  .bss                zero     0x20003af8    0x24  main.o [1]
  .bss                zero     0x20003b1c    0x24  main.o [1]
  .bss                zero     0x20003b40    0x24  main.o [1]
  .bss                zero     0x20003b64    0x1c  main.o [1]
  .bss                zero     0x20003b80    0x1c  main.o [1]
  .bss                zero     0x20003b9c    0x1c  main.o [1]
  .bss                zero     0x20003bb8    0x1c  main.o [1]
  .bss                zero     0x20003bd4    0x1c  main.o [1]
  .bss                zero     0x20003bf0    0x1c  main.o [1]
  .bss                zero     0x20003c0c    0x1c  main.o [1]
  .bss                zero     0x20003c28    0x1c  main.o [1]
  .bss                zero     0x20003c44    0x18  main.o [1]
  .bss                zero     0x20003c5c    0x18  main.o [1]
  .bss                zero     0x20003c74    0x10  cpu_core.o [1]
  .bss                zero     0x20003c84     0xc  os_var.o [1]
  .bss                zero     0x20003c90     0x8  m590e.o [1]
  .bss                zero     0x20003c98     0x4  cpu_core.o [1]
  .bss                zero     0x20003c9c     0x4  os_cpu_c.o [1]
  .bss                zero     0x20003ca0     0x4  os_prio.o [1]
  .bss                zero     0x20003ca4     0x4  os_var.o [1]
  .bss                zero     0x20003ca8     0x4  os_var.o [1]
  .bss                zero     0x20003cac     0x4  os_var.o [1]
  .bss                zero     0x20003cb0     0x4  os_var.o [1]
  .bss                zero     0x20003cb4     0x4  os_var.o [1]
  .bss                zero     0x20003cb8     0x4  os_var.o [1]
  .bss                zero     0x20003cbc     0x4  os_var.o [1]
  .bss                zero     0x20003cc0     0x4  os_var.o [1]
  .bss                zero     0x20003cc4     0x4  os_var.o [1]
  .bss                zero     0x20003cc8     0x4  os_var.o [1]
  .bss                zero     0x20003ccc     0x4  os_var.o [1]
  .bss                zero     0x20003cd0     0x4  os_var.o [1]
  .bss                zero     0x20003cd4     0x4  os_var.o [1]
  .bss                zero     0x20003cd8     0x4  os_var.o [1]
  .bss                zero     0x20003cdc     0x4  os_var.o [1]
  .bss                zero     0x20003ce0     0x4  os_var.o [1]
  .bss                zero     0x20003ce4     0x4  os_var.o [1]
  .bss                zero     0x20003ce8     0x4  os_var.o [1]
  .bss                zero     0x20003cec     0x4  tasks.o [1]
  .bss                zero     0x20003cf0     0x4  tasks.o [1]
  .bss                zero     0x20003cf4     0x4  tasks.o [1]
  .bss                zero     0x20003cf8     0x4  tasks.o [1]
  .bss                zero     0x20003cfc     0x2  os_var.o [1]
  .bss                zero     0x20003cfe     0x2  os_var.o [1]
  .bss                zero     0x20003d00     0x2  os_var.o [1]
  .bss                zero     0x20003d02     0x2  os_var.o [1]
  .bss                zero     0x20003d04     0x2  os_var.o [1]
  .bss                zero     0x20003d06     0x2  os_var.o [1]
  .bss                zero     0x20003d08     0x2  os_var.o [1]
  .bss                zero     0x20003d0a     0x1  main.o [1]
  .bss                zero     0x20003d0b     0x1  main.o [1]
  .bss                zero     0x20003d0c     0x1  os_var.o [1]
  .bss                zero     0x20003d0d     0x1  os_var.o [1]
  .bss                zero     0x20003d0e     0x1  os_var.o [1]
  .bss                zero     0x20003d0f     0x1  os_var.o [1]
  .bss                zero     0x20003d10     0x1  os_var.o [1]
  .bss                zero     0x20003d11     0x1  os_var.o [1]
  .bss                zero     0x20003d12     0x1  os_var.o [1]
  .bss                zero     0x20003d13     0x1  os_var.o [1]
  .bss                zero     0x20003d14     0x1  tasks.o [1]
  .bss                zero     0x20003d15     0x1  tasks.o [1]
  .bss                zero     0x20003d16     0x1  tasks.o [1]
  .bss                zero     0x20003d17     0x1  tasks.o [1]
  .bss                zero     0x20003d18     0x1  tasks.o [1]
                             - 0x20003d19  0x3c4d

"P2", part 3 of 3:                          0x800
  CSTACK                       0x20003d20   0x800  <Block>
    CSTACK            uninit   0x20003d20   0x800  <Block tail>
                             - 0x20004520   0x800


*******************************************************************************
*** INIT TABLE
***

          Address     Size
          -------     ----
Zero (__iar_zero_init3)
    1 destination range, total size 0x3c4d:
          0x200000cc  0x3c4d

Copy (__iar_copy_init3)
    1 source range, total size 0xcc (100% of destination):
          0x0800b258    0xcc
    1 destination range, total size 0xcb:
          0x20000000    0xcb



*******************************************************************************
*** MODULE SUMMARY
***

    Module                  ro code  ro data  rw data
    ------                  -------  -------  -------
D:\IAR_Workspace\STM32F103MBUS\Test\Debug\Obj: [1]
    bsp.o                     1 228
    cpu_a.o                      52
    cpu_core.o                   76                20
    lib_mem.o                   284
    lib_mem_a.o                 544
    lib_str.o                   542
    m590e.o                   2 440      498      186
    main.o                    1 304      157   10 431
    misc.o                      128
    os_cfg_app.o                172      100    3 920
    os_core.o                 2 388       20
    os_cpu_a.o                  132
    os_cpu_c.o                  472                 4
    os_flag.o                 1 706
    os_mem.o                    384
    os_msg.o                    508
    os_mutex.o                   16
    os_prio.o                   136                 4
    os_q.o                      900
    os_sem.o                    770
    os_task.o                 1 684        8
    os_tick.o                 1 048       20
    os_time.o                   652
    os_tmr.o                  1 328       24
    os_var.o                                    1 030
    serial.o                  1 024
    spi_flash.o               1 836
    startup_stm32f10x_md.o      408
    stm32f10x_exti.o            200
    stm32f10x_flash.o            60
    stm32f10x_gpio.o            452
    stm32f10x_it.o               54
    stm32f10x_iwdg.o             16
    stm32f10x_rcc.o             600       20       20
    stm32f10x_spi.o             164
    stm32f10x_usart.o           382
    system_stm32f10x.o          110
    tasks.o                  13 776       72       21
    timestamp.o                  60
    -------------------------------------------------
    Total:                   38 036      919   15 636

command line: [2]
    -------------------------------------------------
    Total:

dl7M_tln.a: [3]
    atoi.o                        8
    div.o                        14
    errno.o                      12        4        4
    exit.o                        4
    low_level_init.o              4
    sprintf.o                    52
    xprintffull_nomb.o        3 462
    xsprout.o                    10
    xstoul.o                    412
    xtls.o                        2
    -------------------------------------------------
    Total:                    3 980        4        4

m7M_tl.a: [4]
    DblAdd.o                    212
    DblCmpGe.o                   46
    DblCmpLe.o                   46
    DblDiv.o                    582
    DblMul.o                    418
    DblSub.o                    384
    DblToI32.o                   88
    I32ToDbl.o                   48
    xdnorm.o                     66
    xdscale.o                   268
    -------------------------------------------------
    Total:                    2 158

rt7M_tl.a: [5]
    ABImemcpy_unaligned.o       118
    I64DivMod.o                 238
    I64DivZer.o                   2
    cexit.o                      10
    cmain.o                      26
    copy_init3.o                 46
    cstartup_M.o                 12
    data_init.o                  40
    memchr.o                     88
    strchr.o                     22
    strlen.o                     54
    zero_init3.o                 34
    -------------------------------------------------
    Total:                      690

shb_l.a: [6]
    exit.o                       20
    -------------------------------------------------
    Total:                       20

    Gaps                         16
    Linker created                        37    2 048
-----------------------------------------------------
    Grand Total:             44 900      960   17 688


*******************************************************************************
*** ENTRY LIST
***

Entry                      Address   Size  Type      Object
-----                      -------   ----  ----      ------
?main                   0x0800aecd         Code  Gb  cmain.o [5]
ADCPrescTable           0x200000bc    0x4  Data  Lc  stm32f10x_rcc.o [1]
APBAHBPrescTable        0x20000080   0x10  Data  Lc  stm32f10x_rcc.o [1]
BSP_CPU_ClkFreq         0x080098cd   0x10  Code  Gb  bsp.o [1]
BSP_GPIO_Init           0x080094c1  0x200  Code  Gb  bsp.o [1]
BSP_Init                0x08009411   0xb0  Code  Gb  bsp.o [1]
BSP_NVIC_Init           0x080097d9   0x6c  Code  Gb  bsp.o [1]
BSP_SPI_Init            0x08009845   0x66  Code  Gb  bsp.o [1]
BSP_USART_Init          0x080096c1  0x118  Code  Gb  bsp.o [1]
BusFault_Handler        0x0800ae19    0x2  Code  Gb  stm32f10x_it.o [1]
CPU_CntLeadZeros        0x080059cf         Code  Gb  cpu_a.o [1]
CPU_CntTrailZeros       0x080059d5         Code  Gb  cpu_a.o [1]
CPU_Init                0x080098dd    0xc  Code  Gb  cpu_core.o [1]
CPU_IntDis              0x080059b1         Code  Gb  cpu_a.o [1]
CPU_IntEn               0x080059b5         Code  Gb  cpu_a.o [1]
CPU_Name                0x20003c74   0x10  Data  Gb  cpu_core.o [1]
CPU_NameClr             0x080098e9   0x1a  Code  Gb  cpu_core.o [1]
CPU_NameInit            0x08009909    0x8  Code  Lc  cpu_core.o [1]
CPU_RevBits             0x080059df         Code  Gb  cpu_a.o [1]
CPU_SR_Restore          0x080059c1         Code  Gb  cpu_a.o [1]
CPU_SR_Save             0x080059b9         Code  Gb  cpu_a.o [1]
CPU_TS_Init             0x08009911    0xe  Code  Lc  cpu_core.o [1]
CPU_TS_TmrFreqSet       0x08009903    0x6  Code  Gb  cpu_core.o [1]
CPU_TS_TmrFreq_Hz       0x20003c98    0x4  Data  Gb  cpu_core.o [1]
CPU_TS_TmrInit          0x080079a5   0x2a  Code  Gb  timestamp.o [1]
CPU_TS_TmrRd            0x080079cf    0x6  Code  Gb  timestamp.o [1]
CPU_WaitForExcept       0x080059cb         Code  Gb  cpu_a.o [1]
CPU_WaitForInt          0x080059c7         Code  Gb  cpu_a.o [1]
CSTACK$$Base            0x20003d20          --   Gb  - Linker created -
CSTACK$$Limit           0x20004520          --   Gb  - Linker created -
DebugMon_Handler        0x0800ae1f    0x2  Code  Gb  stm32f10x_it.o [1]
Device_Cmd              0x080053e7   0x82  Code  Gb  m590e.o [1]
Device_Read             0x0800457f   0x34  Code  Gb  serial.o [1]
EXTI0_IRQHandler        0x0800ae41    0x8  Code  Gb  stm32f10x_it.o [1]
EXTI_ClearITPendingBit  0x08007e09    0x6  Code  Gb  stm32f10x_exti.o [1]
EXTI_GetITStatus        0x08007de5   0x24  Code  Gb  stm32f10x_exti.o [1]
EXTI_Init               0x08007d5d   0x88  Code  Gb  stm32f10x_exti.o [1]
FLAG_Event              0x20003c28   0x1c  Data  Gb  main.o [1]
FLASH_PrefetchBufferCmd
                        0x0800a6f1   0x20  Code  Gb  stm32f10x_flash.o [1]
FLASH_SetLatency        0x0800a6d9   0x18  Code  Gb  stm32f10x_flash.o [1]
GPIO_EXTILineConfig     0x08005b4d   0x50  Code  Gb  stm32f10x_gpio.o [1]
GPIO_Init               0x080059e5   0xc8  Code  Gb  stm32f10x_gpio.o [1]
GPIO_PinRemapConfig     0x08005acf   0x7e  Code  Gb  stm32f10x_gpio.o [1]
GPIO_ReadInputDataBit   0x08005aad   0x16  Code  Gb  stm32f10x_gpio.o [1]
GPIO_ResetBits          0x08005ac9    0x6  Code  Gb  stm32f10x_gpio.o [1]
GPIO_SetBits            0x08005ac3    0x6  Code  Gb  stm32f10x_gpio.o [1]
GetFlash                0x08005f93   0xc0  Code  Gb  spi_flash.o [1]
HardFault_Handler       0x0800ae15    0x2  Code  Gb  stm32f10x_it.o [1]
IWDG_ReloadCounter      0x0800ad95    0xa  Code  Gb  stm32f10x_iwdg.o [1]
MEM_Buf                 0x20003c44   0x18  Data  Gb  main.o [1]
MEM_ISR                 0x20003c5c   0x18  Data  Gb  main.o [1]
MemManage_Handler       0x0800ae17    0x2  Code  Gb  stm32f10x_it.o [1]
Mem_Clr                 0x08003d6d    0xc  Code  Gb  lib_mem.o [1]
Mem_Cmp                 0x08003dd3   0xb6  Code  Gb  lib_mem.o [1]
Mem_Copy                0x08005791         Code  Gb  lib_mem_a.o [1]
Mem_Set                 0x08003d79   0x5a  Code  Gb  lib_mem.o [1]
NMI_Handler             0x0800ae13    0x2  Code  Gb  stm32f10x_it.o [1]
NVIC_Init               0x0800a71f   0x62  Code  Gb  misc.o [1]
NVIC_PriorityGroupConfig
                        0x0800a715    0xa  Code  Gb  misc.o [1]
OSCfg_DataSizeRAM       0x0800b1b8    0x4  Data  Gb  os_cfg_app.o [1]
OSCfg_ISRStk            0x2000290c  0x200  Data  Gb  os_cfg_app.o [1]
OSCfg_ISRStkBasePtr     0x0800b170    0x4  Data  Gb  os_cfg_app.o [1]
OSCfg_ISRStkSize        0x0800b174    0x4  Data  Gb  os_cfg_app.o [1]
OSCfg_ISRStkSizeRAM     0x0800b178    0x4  Data  Gb  os_cfg_app.o [1]
OSCfg_IdleTaskStk       0x2000270c  0x200  Data  Gb  os_cfg_app.o [1]
OSCfg_IdleTaskStkBasePtr
                        0x0800b160    0x4  Data  Gb  os_cfg_app.o [1]
OSCfg_IdleTaskStkLimit  0x0800b164    0x4  Data  Gb  os_cfg_app.o [1]
OSCfg_IdleTaskStkSize   0x0800b168    0x4  Data  Gb  os_cfg_app.o [1]
OSCfg_IdleTaskStkSizeRAM
                        0x0800b16c    0x4  Data  Gb  os_cfg_app.o [1]
OSCfg_Init              0x080092e1   0xac  Code  Gb  os_cfg_app.o [1]
OSCfg_MsgPool           0x200000cc  0x640  Data  Gb  os_cfg_app.o [1]
OSCfg_MsgPoolBasePtr    0x0800b180    0x4  Data  Gb  os_cfg_app.o [1]
OSCfg_MsgPoolSize       0x08007d5a    0x2  Data  Gb  os_cfg_app.o [1]
OSCfg_MsgPoolSizeRAM    0x0800b17c    0x4  Data  Gb  os_cfg_app.o [1]
OSCfg_StkSizeMin        0x0800b184    0x4  Data  Gb  os_cfg_app.o [1]
OSCfg_TickRate_Hz       0x0800b188    0x4  Data  Gb  os_cfg_app.o [1]
OSCfg_TickTaskPrio      0x08009d6a    0x1  Data  Gb  os_cfg_app.o [1]
OSCfg_TickTaskStk       0x20002b0c  0x200  Data  Gb  os_cfg_app.o [1]
OSCfg_TickTaskStkBasePtr
                        0x0800b18c    0x4  Data  Gb  os_cfg_app.o [1]
OSCfg_TickTaskStkLimit  0x0800b190    0x4  Data  Gb  os_cfg_app.o [1]
OSCfg_TickTaskStkSize   0x0800b194    0x4  Data  Gb  os_cfg_app.o [1]
OSCfg_TickTaskStkSizeRAM
                        0x0800b198    0x4  Data  Gb  os_cfg_app.o [1]
OSCfg_TickWheel         0x200038fc   0x88  Data  Gb  os_cfg_app.o [1]
OSCfg_TickWheelSize     0x08009246    0x2  Data  Gb  os_cfg_app.o [1]
OSCfg_TickWheelSizeRAM  0x0800b19c    0x4  Data  Gb  os_cfg_app.o [1]
OSCfg_TmrTaskPrio       0x08009d6b    0x1  Data  Gb  os_cfg_app.o [1]
OSCfg_TmrTaskRate_Hz    0x0800b1a0    0x4  Data  Gb  os_cfg_app.o [1]
OSCfg_TmrTaskStk        0x20002d0c  0x200  Data  Gb  os_cfg_app.o [1]
OSCfg_TmrTaskStkBasePtr
                        0x0800b1a4    0x4  Data  Gb  os_cfg_app.o [1]
OSCfg_TmrTaskStkLimit   0x0800b1a8    0x4  Data  Gb  os_cfg_app.o [1]
OSCfg_TmrTaskStkSize    0x0800b1ac    0x4  Data  Gb  os_cfg_app.o [1]
OSCfg_TmrTaskStkSizeRAM
                        0x0800b1b0    0x4  Data  Gb  os_cfg_app.o [1]
OSCfg_TmrWheel          0x20003984   0x88  Data  Gb  os_cfg_app.o [1]
OSCfg_TmrWheelSize      0x08009d32    0x2  Data  Gb  os_cfg_app.o [1]
OSCfg_TmrWheelSizeRAM   0x0800b1b4    0x4  Data  Gb  os_cfg_app.o [1]
OSFlagCreate            0x08006309   0x66  Code  Gb  os_flag.o [1]
OSFlagPend              0x0800636f  0x40c  Code  Gb  os_flag.o [1]
OSFlagPost              0x0800677b   0x5e  Code  Gb  os_flag.o [1]
OSFlagQty               0x20003cfc    0x2  Data  Gb  os_var.o [1]
OSIdleTaskCtr           0x20003cc0    0x4  Data  Gb  os_var.o [1]
OSIdleTaskHook          0x0800823d   0x12  Code  Gb  os_cpu_c.o [1]
OSIdleTaskTCB           0x200036e0   0xb4  Data  Gb  os_var.o [1]
OSInit                  0x080069bd  0x150  Code  Gb  os_core.o [1]
OSInitHook              0x0800824f   0x14  Code  Gb  os_cpu_c.o [1]
OSIntExit               0x08006b0d   0xc8  Code  Gb  os_core.o [1]
OSIntNestingCtr         0x20003d0c    0x1  Data  Gb  os_var.o [1]
OSMemCreate             0x08003bed   0xd0  Code  Gb  os_mem.o [1]
OSMemGet                0x08003cbd   0x46  Code  Gb  os_mem.o [1]
OSMemPut                0x08003d03   0x50  Code  Gb  os_mem.o [1]
OSMemQty                0x20003cfe    0x2  Data  Gb  os_var.o [1]
OSMsgPool               0x20003c84    0xc  Data  Gb  os_var.o [1]
OSMutexQty              0x20003d00    0x2  Data  Gb  os_var.o [1]
OSPrioCur               0x20003d0e    0x1  Data  Gb  os_var.o [1]
OSPrioHighRdy           0x20003d0f    0x1  Data  Gb  os_var.o [1]
OSPrioSaved             0x20003d10    0x1  Data  Gb  os_var.o [1]
OSPrioTbl               0x20003ca0    0x4  Data  Gb  os_prio.o [1]
OSQCreate               0x08003e89   0x7c  Code  Gb  os_q.o [1]
OSQPend                 0x08003f05  0x1be  Code  Gb  os_q.o [1]
OSQPost                 0x080040c3   0x84  Code  Gb  os_q.o [1]
OSQQty                  0x20003d02    0x2  Data  Gb  os_var.o [1]
OSRdyList               0x20002f0c  0x180  Data  Gb  os_var.o [1]
OSRunning               0x20003d0d    0x1  Data  Gb  os_var.o [1]
OSSched                 0x08006bd5   0x8e  Code  Gb  os_core.o [1]
OSSchedLock             0x08006c63   0x58  Code  Gb  os_core.o [1]
OSSchedLockNestingCtr   0x20003d11    0x1  Data  Gb  os_var.o [1]
OSSchedRoundRobinDfltTimeQuanta
                        0x20003cc4    0x4  Data  Gb  os_var.o [1]
OSSchedRoundRobinEn     0x20003d12    0x1  Data  Gb  os_var.o [1]
OSSchedUnlock           0x08006cbb   0x72  Code  Gb  os_core.o [1]
OSSemCreate             0x0800460d   0x66  Code  Gb  os_sem.o [1]
OSSemPend               0x08004673  0x174  Code  Gb  os_sem.o [1]
OSSemPost               0x080047e7   0x60  Code  Gb  os_sem.o [1]
OSSemQty                0x20003d04    0x2  Data  Gb  os_var.o [1]
OSStart                 0x08006d2d   0x64  Code  Gb  os_core.o [1]
OSStartHighRdy          0x0800938d         Code  Gb  os_cpu_a.o [1]
OSTCBCurPtr             0x20003ce4    0x4  Data  Gb  os_var.o [1]
OSTCBHighRdyPtr         0x20003ce8    0x4  Data  Gb  os_var.o [1]
OSTaskCreate            0x08007311  0x176  Code  Gb  os_task.o [1]
OSTaskCreateHook        0x08008263   0x12  Code  Gb  os_cpu_c.o [1]
OSTaskCtxSwCtr          0x20003cc8    0x4  Data  Gb  os_var.o [1]
OSTaskDel               0x08007487   0xea  Code  Gb  os_task.o [1]
OSTaskDelHook           0x08008275   0x12  Code  Gb  os_cpu_c.o [1]
OSTaskQty               0x20003d06    0x2  Data  Gb  os_var.o [1]
OSTaskRegNextAvailID    0x20003d13    0x1  Data  Gb  os_var.o [1]
OSTaskReturnHook        0x08008287   0x12  Code  Gb  os_cpu_c.o [1]
OSTaskSemPend           0x08007571  0x1cc  Code  Gb  os_task.o [1]
OSTaskSemPost           0x0800773d   0x34  Code  Gb  os_task.o [1]
OSTaskStkInit           0x08008299   0x80  Code  Gb  os_cpu_c.o [1]
OSTaskSwHook            0x08008319   0x56  Code  Gb  os_cpu_c.o [1]
OSTickCtr               0x20003ccc    0x4  Data  Gb  os_var.o [1]
OSTickTaskTCB           0x20003794   0xb4  Data  Gb  os_var.o [1]
OSTickTaskTimeMax       0x20003cd0    0x4  Data  Gb  os_var.o [1]
OSTimeDly               0x0800493d   0xa0  Code  Gb  os_time.o [1]
OSTimeDlyHMSM           0x080049dd  0x178  Code  Gb  os_time.o [1]
OSTimeTick              0x08004b55   0x4a  Code  Gb  os_time.o [1]
OSTimeTickHook          0x0800836f   0x12  Code  Gb  os_cpu_c.o [1]
OSTmrCreate             0x080036bd   0xb0  Code  Gb  os_tmr.o [1]
OSTmrQty                0x20003d08    0x2  Data  Gb  os_var.o [1]
OSTmrStart              0x0800376d   0xaa  Code  Gb  os_tmr.o [1]
OSTmrStop               0x08003817   0xf0  Code  Gb  os_tmr.o [1]
OSTmrTaskTCB            0x20003848   0xb4  Data  Gb  os_var.o [1]
OSTmrTaskTimeMax        0x20003cd4    0x4  Data  Gb  os_var.o [1]
OSTmrTickCtr            0x20003cd8    0x4  Data  Gb  os_var.o [1]
OSTmrUpdateCnt          0x20003cdc    0x4  Data  Gb  os_var.o [1]
OSTmrUpdateCtr          0x20003ce0    0x4  Data  Gb  os_var.o [1]
OS_AppIdleTaskHookPtr   0x20003cb0    0x4  Data  Gb  os_var.o [1]
OS_AppStatTaskHookPtr   0x20003cb4    0x4  Data  Gb  os_var.o [1]
OS_AppTaskCreateHookPtr
                        0x20003ca4    0x4  Data  Gb  os_var.o [1]
OS_AppTaskDelHookPtr    0x20003ca8    0x4  Data  Gb  os_var.o [1]
OS_AppTaskReturnHookPtr
                        0x20003cac    0x4  Data  Gb  os_var.o [1]
OS_AppTaskSwHookPtr     0x20003cb8    0x4  Data  Gb  os_var.o [1]
OS_AppTimeTickHookPtr   0x20003cbc    0x4  Data  Gb  os_var.o [1]
OS_CPU_ExceptStkBase    0x20003c9c    0x4  Data  Gb  os_cpu_c.o [1]
OS_CPU_SysTickHandler   0x08008381   0x24  Code  Gb  os_cpu_c.o [1]
OS_CPU_SysTickInit      0x080083a5   0x2c  Code  Gb  os_cpu_c.o [1]
OS_FlagBlock            0x080067d9   0x26  Code  Gb  os_flag.o [1]
OS_FlagInit             0x080067ff    0xc  Code  Gb  os_flag.o [1]
OS_FlagPost             0x08006821  0x13c  Code  Gb  os_flag.o [1]
OS_FlagTaskRdy          0x0800695d   0x56  Code  Gb  os_flag.o [1]
OS_IdleTask             0x08006d91   0x24  Code  Gb  os_core.o [1]
OS_IdleTaskInit         0x08006db5   0x50  Code  Gb  os_core.o [1]
OS_MemInit              0x08003d53    0xc  Code  Gb  os_mem.o [1]
OS_MsgPoolInit          0x080079e1   0x86  Code  Gb  os_msg.o [1]
OS_MsgQFreeAll          0x08007a67   0x44  Code  Gb  os_msg.o [1]
OS_MsgQGet              0x08007abf   0x70  Code  Gb  os_msg.o [1]
OS_MsgQInit             0x08007aab   0x14  Code  Gb  os_msg.o [1]
OS_MsgQPut              0x08007b2f   0xa2  Code  Gb  os_msg.o [1]
OS_MutexInit            0x080092d1    0xc  Code  Gb  os_mutex.o [1]
OS_Pend                 0x08006e05   0x60  Code  Gb  os_core.o [1]
OS_PendDataInit         0x08006e65   0x34  Code  Gb  os_core.o [1]
OS_PendListInit         0x08006e99    0xe  Code  Gb  os_core.o [1]
OS_PendListInsertPrio   0x08006ea7   0x6e  Code  Gb  os_core.o [1]
OS_PendListRemove       0x08006f15   0x28  Code  Gb  os_core.o [1]
OS_PendListRemove1      0x08006f3d   0x48  Code  Gb  os_core.o [1]
OS_Post                 0x08006f85   0xb0  Code  Gb  os_core.o [1]
OS_Post1                0x08007035   0x26  Code  Gb  os_core.o [1]
OS_PrioGetHighest       0x0800925d   0x20  Code  Gb  os_prio.o [1]
OS_PrioInit             0x08009249   0x14  Code  Gb  os_prio.o [1]
OS_PrioInsert           0x0800927d   0x26  Code  Gb  os_prio.o [1]
OS_PrioRemove           0x080092a3   0x28  Code  Gb  os_prio.o [1]
OS_QInit                0x08004147    0xc  Code  Gb  os_q.o [1]
OS_QPost                0x08004169   0xa4  Code  Gb  os_q.o [1]
OS_RdyListInit          0x0800705b   0x24  Code  Gb  os_core.o [1]
OS_RdyListInsert        0x0800707f   0x28  Code  Gb  os_core.o [1]
OS_RdyListInsertHead    0x080070a7   0x3a  Code  Gb  os_core.o [1]
OS_RdyListInsertTail    0x080070e1   0x38  Code  Gb  os_core.o [1]
OS_RdyListMoveHeadToTail
                        0x08007119   0x40  Code  Gb  os_core.o [1]
OS_RdyListRemove        0x08007159   0x5c  Code  Gb  os_core.o [1]
OS_SchedRoundRobin      0x080071b5   0x8a  Code  Gb  os_core.o [1]
OS_SemInit              0x08004847    0xc  Code  Gb  os_sem.o [1]
OS_SemPost              0x08004869   0xa6  Code  Gb  os_sem.o [1]
OS_TaskBlock            0x080072bd   0x3a  Code  Gb  os_core.o [1]
OS_TaskInit             0x08007771   0x16  Code  Gb  os_task.o [1]
OS_TaskInitTCB          0x08007787  0x106  Code  Gb  os_task.o [1]
OS_TaskRdy              0x080072f7   0x1a  Code  Gb  os_core.o [1]
OS_TaskReturn           0x08007899   0x14  Code  Gb  os_task.o [1]
OS_TaskSemPost          0x080078b9   0xd4  Code  Gb  os_task.o [1]
OS_TickListInit         0x08007eeb   0x2a  Code  Gb  os_tick.o [1]
OS_TickListInsert       0x08007f15  0x11c  Code  Gb  os_tick.o [1]
OS_TickListRemove       0x08008031   0x42  Code  Gb  os_tick.o [1]
OS_TickListUpdate       0x08008073  0x190  Code  Gb  os_tick.o [1]
OS_TickTask             0x08007e25   0x28  Code  Gb  os_tick.o [1]
OS_TickTaskInit         0x08007e4d   0x9e  Code  Gb  os_tick.o [1]
OS_TmrInit              0x08003907   0xd4  Code  Gb  os_tmr.o [1]
OS_TmrLink              0x080039db   0xd0  Code  Gb  os_tmr.o [1]
OS_TmrTask              0x08003af9   0xaa  Code  Gb  os_tmr.o [1]
OS_TmrUnlink            0x08003aab   0x4c  Code  Gb  os_tmr.o [1]
ObjCreate               0x0800ab21  0x168  Code  Gb  main.o [1]
OverLoad                0x080045b3   0x20  Code  Gb  serial.o [1]
PendSV_Handler          0x080093ab         Code  Gb  os_cpu_a.o [1]
PutFlash                0x08006053   0xcc  Code  Gb  spi_flash.o [1]
Q_Config                0x20003b1c   0x24  Data  Gb  main.o [1]
Q_Deal                  0x20003b40   0x24  Data  Gb  main.o [1]
Q_Read                  0x20003ad4   0x24  Data  Gb  main.o [1]
Q_ReadData              0x20003af8   0x24  Data  Gb  main.o [1]
Q_Slave                 0x20003ab0   0x24  Data  Gb  main.o [1]
RCC_APB1PeriphClockCmd  0x08009ae1   0x20  Code  Gb  stm32f10x_rcc.o [1]
RCC_APB2PeriphClockCmd  0x08009ac1   0x20  Code  Gb  stm32f10x_rcc.o [1]
RCC_DeInit              0x08009929   0x60  Code  Gb  stm32f10x_rcc.o [1]
RCC_GetClocksFreq       0x08009a01   0xc0  Code  Gb  stm32f10x_rcc.o [1]
RCC_GetFlagStatus       0x08009b01   0x44  Code  Gb  stm32f10x_rcc.o [1]
RCC_HCLKConfig          0x080099bb   0x14  Code  Gb  stm32f10x_rcc.o [1]
RCC_LSICmd              0x080099f9    0x8  Code  Gb  stm32f10x_rcc.o [1]
RCC_PCLK1Config         0x080099cf   0x14  Code  Gb  stm32f10x_rcc.o [1]
RCC_PCLK2Config         0x080099e3   0x16  Code  Gb  stm32f10x_rcc.o [1]
RCC_PLLCmd              0x0800999f    0x8  Code  Gb  stm32f10x_rcc.o [1]
RCC_PLLConfig           0x08009989   0x16  Code  Gb  stm32f10x_rcc.o [1]
RCC_SYSCLKConfig        0x080099a7   0x14  Code  Gb  stm32f10x_rcc.o [1]
Region$$Table$$Base     0x0800ae70          --   Gb  - Linker created -
Region$$Table$$Limit    0x0800ae94          --   Gb  - Linker created -
SEM_ACKData             0x20003bd4   0x1c  Data  Gb  main.o [1]
SEM_HeartBeat           0x20003bb8   0x1c  Data  Gb  main.o [1]
SEM_Send                0x20003bf0   0x1c  Data  Gb  main.o [1]
SEM_SendOver            0x20003c0c   0x1c  Data  Gb  main.o [1]
SEM_ServerTX            0x20003b64   0x1c  Data  Gb  main.o [1]
SEM_Slave_485TX         0x20003b80   0x1c  Data  Gb  main.o [1]
SEM_Slave_mbusTX        0x20003b9c   0x1c  Data  Gb  main.o [1]
SPI_Cmd                 0x0800845d   0x1c  Code  Gb  stm32f10x_spi.o [1]
SPI_I2S_GetFlagStatus   0x080084ad   0x14  Code  Gb  stm32f10x_spi.o [1]
SPI_I2S_ITConfig        0x08008479   0x2c  Code  Gb  stm32f10x_spi.o [1]
SPI_I2S_ReceiveData     0x080084a9    0x4  Code  Gb  stm32f10x_spi.o [1]
SPI_I2S_SendData        0x080084a5    0x4  Code  Gb  stm32f10x_spi.o [1]
SPI_Init                0x0800841d   0x40  Code  Gb  stm32f10x_spi.o [1]
STK_Config              0x2000070c  0x600  Data  Gb  main.o [1]
STK_DealServer          0x2000230c  0x200  Data  Gb  main.o [1]
STK_HeartBeat           0x2000210c  0x200  Data  Gb  main.o [1]
STK_LED1                0x20001b0c  0x200  Data  Gb  main.o [1]
STK_OverLoad            0x2000250c  0x200  Data  Gb  main.o [1]
STK_Read                0x20000d0c  0x600  Data  Gb  main.o [1]
STK_Server              0x20001d0c  0x200  Data  Gb  main.o [1]
STK_Slave               0x20001f0c  0x200  Data  Gb  main.o [1]
STK_Start               0x2000190c  0x200  Data  Gb  main.o [1]
SVC_Handler             0x0800ae1d    0x2  Code  Gb  stm32f10x_it.o [1]
Send_ReadATs            0x08004bc9   0x2a  Code  Gb  m590e.o [1]
Server_Post2Buf         0x08004561   0x1e  Code  Gb  serial.o [1]
Server_Write            0x080044a7   0x5c  Code  Gb  serial.o [1]
Server_WriteStr         0x08004503   0x5e  Code  Gb  serial.o [1]
Server_Write_485        0x0800442f   0x78  Code  Gb  serial.o [1]
SetSysClock             0x0800ae11    0x2  Code  Lc  system_stm32f10x.o [1]
Slave_Write             0x08004357   0xd8  Code  Gb  serial.o [1]
Str_Cat                 0x0800556b    0xc  Code  Gb  lib_str.o [1]
Str_Cat_N               0x08005577   0x62  Code  Gb  lib_str.o [1]
Str_Char_N              0x0800566d   0x50  Code  Gb  lib_str.o [1]
Str_Cmp_N               0x080055d9   0x94  Code  Gb  lib_str.o [1]
Str_Len_N               0x08005551   0x1a  Code  Gb  lib_str.o [1]
Str_Str                 0x080056bd    0xc  Code  Gb  lib_str.o [1]
Str_Str_N               0x080056c9   0xa6  Code  Gb  lib_str.o [1]
SysTick_Handler         0x0800ae21    0x8  Code  Gb  stm32f10x_it.o [1]
SystemInit              0x0800ada5   0x54  Code  Gb  system_stm32f10x.o [1]
TCB_Config              0x2000335c   0xb4  Data  Gb  main.o [1]
TCB_DealServer          0x20003578   0xb4  Data  Gb  main.o [1]
TCB_HeartBeat           0x200034c4   0xb4  Data  Gb  main.o [1]
TCB_LED1                0x20003140   0xb4  Data  Gb  main.o [1]
TCB_OverLoad            0x2000362c   0xb4  Data  Gb  main.o [1]
TCB_Read                0x20003410   0xb4  Data  Gb  main.o [1]
TCB_Server              0x200031f4   0xb4  Data  Gb  main.o [1]
TCB_Slave               0x200032a8   0xb4  Data  Gb  main.o [1]
TCB_Start               0x2000308c   0xb4  Data  Gb  main.o [1]
TMR_Slave               0x20003a84   0x2c  Data  Gb  main.o [1]
TaskCreate              0x0800a995  0x18c  Code  Gb  main.o [1]
TaskStart               0x0800a8d1   0xc4  Code  Gb  main.o [1]
Task_Config             0x08001ee9   0x52  Code  Gb  tasks.o [1]
Task_DealServer         0x080006a1  0x174  Code  Gb  tasks.o [1]
Task_HeartBeat          0x08000887  0x128  Code  Gb  tasks.o [1]
Task_LED1               0x08002bc5   0x8c  Code  Gb  tasks.o [1]
Task_OverLoad           0x080035f1   0x8c  Code  Gb  tasks.o [1]
Task_Read               0x080009f1   0x68  Code  Gb  tasks.o [1]
Task_Server             0x08000485  0x218  Code  Gb  tasks.o [1]
Task_Slave              0x080000ed  0x360  Code  Gb  tasks.o [1]
Tmr_SlaveCallBack       0x0800044d   0x16  Code  Gb  tasks.o [1]
USART1_Handler          0x08004289   0x68  Code  Gb  serial.o [1]
USART1_IRQHandler       0x0800ae29    0x8  Code  Gb  stm32f10x_it.o [1]
USART2_Handler          0x080042f1   0x66  Code  Gb  serial.o [1]
USART2_IRQHandler       0x0800ae31    0x8  Code  Gb  stm32f10x_it.o [1]
USART3_Handler          0x0800420d   0x7c  Code  Gb  serial.o [1]
USART3_IRQHandler       0x0800ae39    0x8  Code  Gb  stm32f10x_it.o [1]
USART_ClearITPendingBit
                        0x08007d39   0x22  Code  Gb  stm32f10x_usart.o [1]
USART_Cmd               0x08007ca1   0x1c  Code  Gb  stm32f10x_usart.o [1]
USART_GetFlagStatus     0x08007d1f   0x1a  Code  Gb  stm32f10x_usart.o [1]
USART_ITConfig          0x08007cbd   0x52  Code  Gb  stm32f10x_usart.o [1]
USART_Init              0x08007bdd   0xbe  Code  Gb  stm32f10x_usart.o [1]
USART_ReceiveData       0x08007d17    0x8  Code  Gb  stm32f10x_usart.o [1]
USART_SendData          0x08007d0f    0x8  Code  Gb  stm32f10x_usart.o [1]
UsageFault_Handler      0x0800ae1b    0x2  Code  Gb  stm32f10x_it.o [1]
_GenldFullNoMb          0x08008f9d  0x262  Code  Lc  xprintffull_nomb.o [3]
_LdtobFullNoMb          0x08008bb1  0x3e6  Code  Lc  xprintffull_nomb.o [3]
_LitobFullNoMb          0x08008aa9  0x106  Code  Lc  xprintffull_nomb.o [3]
_PrintfFullNoMb         0x080084c1  0x5e2  Code  Gb  xprintffull_nomb.o [3]
_PutcharsFullNoMb       0x080091ff   0x2e  Code  Lc  xprintffull_nomb.o [3]
_SProut                 0x080069b3    0xa  Code  Gb  xsprout.o [3]
__aeabi_cdcmple         0x08009f6d         Code  Gb  DblCmpLe.o [4]
__aeabi_cdrcmple        0x08009f9d         Code  Gb  DblCmpGe.o [4]
__aeabi_d2iz            0x0800a0d9         Code  Gb  DblToI32.o [4]
__aeabi_d2uiz           0x0800a105         Code  Gb  DblToI32.o [4]
__aeabi_ddiv            0x0800a485         Code  Gb  DblDiv.o [4]
__aeabi_dmul            0x0800a2e1         Code  Gb  DblMul.o [4]
__aeabi_dsub            0x0800a161         Code  Gb  DblSub.o [4]
__aeabi_errno_addr      0x0800a795    0x6  Code  Gb  errno.o [3]
__aeabi_i2d             0x0800a131         Code  Gb  I32ToDbl.o [4]
__aeabi_ldiv0           0x0800a7a1         Code  Gb  I64DivZer.o [5]
__aeabi_ui2d            0x0800a145         Code  Gb  I32ToDbl.o [4]
__aeabi_uldivmod        0x08009dc5         Code  Gb  I64DivMod.o [5]
__cmain                 0x0800aecd         Code  Gb  cmain.o [5]
__exit                  0x0800aefd   0x14  Code  Gb  exit.o [6]
__iar_Dnorm             0x08009f2b   0x42  Code  Gb  xdnorm.o [4]
__iar_Dscale            0x08009fcd  0x10c  Code  Gb  xdscale.o [4]
__iar_Errno             0x200000c0    0x4  Data  Gb  errno.o [3]
__iar_Memchr            0x08009d6d         Code  Gb  memchr.o [5]
__iar_Stoul             0x08009cc9    0x4  Code  Gb  xstoul.o [3]
__iar_Stoulx            0x08009b81  0x142  Code  Gb  xstoul.o [3]
__iar_Strchr            0x08009d1d         Code  Gb  strchr.o [5]
__iar_copy_init3        0x0800490f   0x2e  Code  Gb  copy_init3.o [5]
__iar_d2uiz             0x0800a111         Code  Gb  DblToI32.o [4]
__iar_dadd              0x0800a7a5         Code  Gb  DblAdd.o [4]
__iar_data_init3        0x0800ae49   0x28  Code  Gb  data_init.o [5]
__iar_dlib_perthread_access
                        0x0800a879    0x2  Code  Gb  xtls.o [3]
__iar_dsub              0x0800a175         Code  Gb  DblSub.o [4]
__iar_dsubStart         0x0800a187         Code  Gb  DblSub.o [4]
__iar_program_start     0x0800b071         Code  Gb  cstartup_M.o [5]
__iar_ui2d              0x0800a149         Code  Gb  I32ToDbl.o [4]
__iar_unaligned___aeabi_memcpy
                        0x08009eb5         Code  Gb  ABImemcpy_unaligned.o [5]
__iar_unaligned___aeabi_memcpy4
                        0x08009ed5         Code  Gb  ABImemcpy_unaligned.o [5]
__iar_unaligned___aeabi_memcpy8
                        0x08009ed5         Code  Gb  ABImemcpy_unaligned.o [5]
__iar_zero_init3        0x0800576f   0x22  Code  Gb  zero_init3.o [5]
__low_level_init        0x0800aee7    0x4  Code  Gb  low_level_init.o [3]
__vector_table          0x08000000         Data  Gb  startup_stm32f10x_md.o [1]
_call_main              0x0800aed9         Code  Gb  cmain.o [5]
_exit                   0x0800aef1         Code  Gb  cexit.o [5]
_main                   0x0800aee3         Code  Gb  cmain.o [5]
ack_query_addr          0x0800337d   0xb2  Code  Gb  tasks.o [1]
ack_query_cjq           0x08002d15  0x144  Code  Gb  tasks.o [1]
ack_query_ip            0x08003435   0xf0  Code  Gb  tasks.o [1]
ack_query_mbus          0x08003529   0xc8  Code  Gb  tasks.o [1]
ack_query_meter         0x08002e71  0x50c  Code  Gb  tasks.o [1]
addSEQ                  0x08000857   0x30  Code  Gb  tasks.o [1]
add_cjq                 0x08002815   0xfe  Code  Gb  tasks.o [1]
add_meter               0x08002389  0x172  Code  Gb  tasks.o [1]
apn                     0x20000090    0xc  Data  Gb  m590e.o [1]
at_apn                  0x08004fad   0x64  Code  Gb  m590e.o [1]
at_auth                 0x08005011   0x64  Code  Gb  m590e.o [1]
at_ccid                 0x08004d23   0x90  Code  Gb  m590e.o [1]
at_creg                 0x08004ea5   0x9e  Code  Gb  m590e.o [1]
at_csq                  0x08004db3   0xf2  Code  Gb  m590e.o [1]
at_dns                  0x08005205   0xc4  Code  Gb  m590e.o [1]
at_signal               0x08004c07   0x8e  Code  Gb  m590e.o [1]
at_tcpsetup             0x080052c9   0x7e  Code  Gb  m590e.o [1]
at_xiic                 0x08005105   0x72  Code  Gb  m590e.o [1]
at_xisp                 0x08004f49   0x64  Code  Gb  m590e.o [1]
ate                     0x08004c95   0x8e  Code  Gb  m590e.o [1]
atoi                    0x08008415    0x8  Code  Gb  atoi.o [3]
ats                     0x20000000   0x50  Data  Gb  m590e.o [1]
buf                     0x20003cec    0x4  Data  Gb  tasks.o [1]
buf_                    0x20003cf0    0x4  Data  Gb  tasks.o [1]
change_connect          0x080054e5   0x18  Code  Gb  m590e.o [1]
check_cgatt             0x08005075   0x90  Code  Gb  m590e.o [1]
check_cs                0x08000463   0x20  Code  Gb  tasks.o [1]
check_frame             0x08000815   0x42  Code  Gb  tasks.o [1]
check_str               0x08004bf3   0x14  Code  Gb  m590e.o [1]
check_xiic              0x08005177   0x88  Code  Gb  m590e.o [1]
cjq_close               0x080019fd  0x17e  Code  Gb  tasks.o [1]
cjq_open                0x0800182d  0x1bc  Code  Gb  tasks.o [1]
connect                 0x08005347   0xa0  Code  Gb  m590e.o [1]
connectstate            0x20003d0a    0x1  Data  Gb  main.o [1]
data_seq                0x20003d15    0x1  Data  Gb  tasks.o [1]
delete_cjq              0x08002913  0x24a  Code  Gb  tasks.o [1]
delete_meter            0x08002501  0x2b0  Code  Gb  tasks.o [1]
device_ack              0x08002c51   0x9e  Code  Gb  tasks.o [1]
deviceaddr              0x20003c90    0x8  Data  Gb  m590e.o [1]
digits                  0x08009ccc   0x28  Data  Lc  xstoul.o [3]
div                     0x0800a6cb    0xe  Code  Gb  div.o [3]
dns                     0x20000050   0x1c  Data  Gb  m590e.o [1]
exit                    0x0800aeeb    0x4  Code  Gb  exit.o [3]
heart_seq               0x20003d14    0x1  Data  Gb  tasks.o [1]
ip                      0x2000006c   0x14  Data  Gb  m590e.o [1]
ip1                     0x200000c6    0x1  Data  Gb  m590e.o [1]
ip2                     0x200000c7    0x1  Data  Gb  m590e.o [1]
ip3                     0x200000c8    0x1  Data  Gb  m590e.o [1]
ip4                     0x200000c9    0x1  Data  Gb  m590e.o [1]
local_seq               0x20003d16    0x1  Data  Gb  tasks.o [1]
main                    0x0800a87d   0x52  Code  Gb  main.o [1]
mbus_power              0x08000a59   0x3a  Code  Gb  tasks.o [1]
mem_buf                 0x2000130c  0x600  Data  Gb  main.o [1]
mem_isr                 0x20003a0c   0x78  Data  Gb  main.o [1]
memchr                  0x08009d6d         Code  Gb  memchr.o [5]
meter_close             0x08001d35  0x1b0  Code  Gb  tasks.o [1]
meter_control           0x0800164d  0x1d4  Code  Gb  tasks.o [1]
meter_open              0x08001b81  0x1ae  Code  Gb  tasks.o [1]
meter_read              0x08000bb5  0x2dc  Code  Gb  tasks.o [1]
meter_read_single       0x08000e99  0x1da  Code  Gb  tasks.o [1]
meter_send              0x080010c1  0x57e  Code  Gb  tasks.o [1]
ndigs                   0x08009cf4   0x28  Data  Lc  xstoul.o [3]
param_conf              0x0800611f  0x116  Code  Gb  spi_flash.o [1]
param_config            0x08001f51  0x3ba  Code  Gb  tasks.o [1]
param_query             0x08002b61   0x64  Code  Gb  tasks.o [1]
password                0x200000a8    0xc  Data  Gb  m590e.o [1]
port                    0x200000b4    0x8  Data  Gb  m590e.o [1]
port_                   0x200000c4    0x2  Data  Gb  m590e.o [1]
power_cmd               0x080009b5   0x3c  Code  Gb  tasks.o [1]
reading                 0x20003d0b    0x1  Data  Gb  main.o [1]
relay_1                 0x08000ac9   0x34  Code  Gb  tasks.o [1]
relay_2                 0x08000afd   0x34  Code  Gb  tasks.o [1]
relay_3                 0x08000b31   0x34  Code  Gb  tasks.o [1]
relay_4                 0x08000b65   0x34  Code  Gb  tasks.o [1]
relay_485               0x08000a93   0x36  Code  Gb  tasks.o [1]
sFLASH_EraseBulk        0x08005bed   0x2e  Code  Gb  spi_flash.o [1]
sFLASH_EraseSector      0x08005ba9   0x44  Code  Gb  spi_flash.o [1]
sFLASH_EraseWritePage   0x08005c77   0x62  Code  Gb  spi_flash.o [1]
sFLASH_PoolInit         0x08005e6d  0x126  Code  Gb  spi_flash.o [1]
sFLASH_ReadBuffer       0x08005cd9   0x56  Code  Gb  spi_flash.o [1]
sFLASH_ReadID           0x08005d8b   0x54  Code  Gb  spi_flash.o [1]
sFLASH_ReadStr          0x08005d2f   0x5c  Code  Gb  spi_flash.o [1]
sFLASH_SendByte         0x08005ddf   0x3a  Code  Gb  spi_flash.o [1]
sFLASH_WaitForWriteEnd  0x08005e3b   0x32  Code  Gb  spi_flash.o [1]
sFLASH_WriteEnable      0x08005e19   0x22  Code  Gb  spi_flash.o [1]
sFLASH_WritePage        0x08005c1b   0x5c  Code  Gb  spi_flash.o [1]
search_cjq              0x080027b1   0x64  Code  Gb  tasks.o [1]
search_meter            0x0800231d   0x6c  Code  Gb  tasks.o [1]
send_server             0x08005469   0x7c  Code  Gb  m590e.o [1]
server_ptr              0x20003cf4    0x4  Data  Gb  tasks.o [1]
server_ptr_             0x20003cf8    0x4  Data  Gb  tasks.o [1]
server_seq              0x20003d17    0x1  Data  Gb  tasks.o [1]
slave_mbus              0x200000ca    0x1  Data  Gb  main.o [1]
sprintf                 0x080062d5   0x34  Code  Gb  sprintf.o [3]
start_slave             0x20003d18    0x1  Data  Gb  tasks.o [1]
strchr                  0x08009d1d         Code  Gb  strchr.o [5]
strlen                  0x08009d35         Code  Gb  strlen.o [5]
username                0x2000009c    0xc  Data  Gb  m590e.o [1]


[1] = D:\IAR_Workspace\STM32F103MBUS\Test\Debug\Obj
[2] = command line
[3] = dl7M_tln.a
[4] = m7M_tl.a
[5] = rt7M_tl.a
[6] = shb_l.a

  44 900 bytes of readonly  code memory
     960 bytes of readonly  data memory
  17 688 bytes of readwrite data memory

Errors: none
Warnings: none
