###############################################################################
#
# IAR ELF Linker V7.10.3.6832/W32 for ARM                 09/Jul/2015  16:46:55
# Copyright 2007-2014 IAR Systems AB.
#
#    Output file  =  D:\IAR_Workspace\STM32F103MBUS\Test\Debug\Exe\Test.out
#    Map file     =  D:\IAR_Workspace\STM32F103MBUS\Test\Debug\List\Test.map
#    Command line =  
#        D:\IAR_Workspace\STM32F103MBUS\Test\Debug\Obj\bsp.o
#        D:\IAR_Workspace\STM32F103MBUS\Test\Debug\Obj\cpu_a.o
#        D:\IAR_Workspace\STM32F103MBUS\Test\Debug\Obj\cpu_c.o
#        D:\IAR_Workspace\STM32F103MBUS\Test\Debug\Obj\cpu_core.o
#        D:\IAR_Workspace\STM32F103MBUS\Test\Debug\Obj\lib_ascii.o
#        D:\IAR_Workspace\STM32F103MBUS\Test\Debug\Obj\lib_math.o
#        D:\IAR_Workspace\STM32F103MBUS\Test\Debug\Obj\lib_mem.o
#        D:\IAR_Workspace\STM32F103MBUS\Test\Debug\Obj\lib_mem_a.o
#        D:\IAR_Workspace\STM32F103MBUS\Test\Debug\Obj\lib_str.o
#        D:\IAR_Workspace\STM32F103MBUS\Test\Debug\Obj\m590e.o
#        D:\IAR_Workspace\STM32F103MBUS\Test\Debug\Obj\main.o
#        D:\IAR_Workspace\STM32F103MBUS\Test\Debug\Obj\misc.o
#        D:\IAR_Workspace\STM32F103MBUS\Test\Debug\Obj\os_app_hooks.o
#        D:\IAR_Workspace\STM32F103MBUS\Test\Debug\Obj\os_cfg_app.o
#        D:\IAR_Workspace\STM32F103MBUS\Test\Debug\Obj\os_core.o
#        D:\IAR_Workspace\STM32F103MBUS\Test\Debug\Obj\os_cpu_a.o
#        D:\IAR_Workspace\STM32F103MBUS\Test\Debug\Obj\os_cpu_c.o
#        D:\IAR_Workspace\STM32F103MBUS\Test\Debug\Obj\os_dbg.o
#        D:\IAR_Workspace\STM32F103MBUS\Test\Debug\Obj\os_flag.o
#        D:\IAR_Workspace\STM32F103MBUS\Test\Debug\Obj\os_int.o
#        D:\IAR_Workspace\STM32F103MBUS\Test\Debug\Obj\os_mem.o
#        D:\IAR_Workspace\STM32F103MBUS\Test\Debug\Obj\os_msg.o
#        D:\IAR_Workspace\STM32F103MBUS\Test\Debug\Obj\os_mutex.o
#        D:\IAR_Workspace\STM32F103MBUS\Test\Debug\Obj\os_pend_multi.o
#        D:\IAR_Workspace\STM32F103MBUS\Test\Debug\Obj\os_prio.o
#        D:\IAR_Workspace\STM32F103MBUS\Test\Debug\Obj\os_q.o
#        D:\IAR_Workspace\STM32F103MBUS\Test\Debug\Obj\os_sem.o
#        D:\IAR_Workspace\STM32F103MBUS\Test\Debug\Obj\os_stat.o
#        D:\IAR_Workspace\STM32F103MBUS\Test\Debug\Obj\os_task.o
#        D:\IAR_Workspace\STM32F103MBUS\Test\Debug\Obj\os_tick.o
#        D:\IAR_Workspace\STM32F103MBUS\Test\Debug\Obj\os_time.o
#        D:\IAR_Workspace\STM32F103MBUS\Test\Debug\Obj\os_tmr.o
#        D:\IAR_Workspace\STM32F103MBUS\Test\Debug\Obj\os_var.o
#        D:\IAR_Workspace\STM32F103MBUS\Test\Debug\Obj\serial.o
#        D:\IAR_Workspace\STM32F103MBUS\Test\Debug\Obj\spi_flash.o
#        D:\IAR_Workspace\STM32F103MBUS\Test\Debug\Obj\startup_stm32f10x_md.o
#        D:\IAR_Workspace\STM32F103MBUS\Test\Debug\Obj\stm32f10x_adc.o
#        D:\IAR_Workspace\STM32F103MBUS\Test\Debug\Obj\stm32f10x_bkp.o
#        D:\IAR_Workspace\STM32F103MBUS\Test\Debug\Obj\stm32f10x_can.o
#        D:\IAR_Workspace\STM32F103MBUS\Test\Debug\Obj\stm32f10x_cec.o
#        D:\IAR_Workspace\STM32F103MBUS\Test\Debug\Obj\stm32f10x_crc.o
#        D:\IAR_Workspace\STM32F103MBUS\Test\Debug\Obj\stm32f10x_dac.o
#        D:\IAR_Workspace\STM32F103MBUS\Test\Debug\Obj\stm32f10x_dbgmcu.o
#        D:\IAR_Workspace\STM32F103MBUS\Test\Debug\Obj\stm32f10x_dma.o
#        D:\IAR_Workspace\STM32F103MBUS\Test\Debug\Obj\stm32f10x_exti.o
#        D:\IAR_Workspace\STM32F103MBUS\Test\Debug\Obj\stm32f10x_flash.o
#        D:\IAR_Workspace\STM32F103MBUS\Test\Debug\Obj\stm32f10x_fsmc.o
#        D:\IAR_Workspace\STM32F103MBUS\Test\Debug\Obj\stm32f10x_gpio.o
#        D:\IAR_Workspace\STM32F103MBUS\Test\Debug\Obj\stm32f10x_i2c.o
#        D:\IAR_Workspace\STM32F103MBUS\Test\Debug\Obj\stm32f10x_it.o
#        D:\IAR_Workspace\STM32F103MBUS\Test\Debug\Obj\stm32f10x_iwdg.o
#        D:\IAR_Workspace\STM32F103MBUS\Test\Debug\Obj\stm32f10x_pwr.o
#        D:\IAR_Workspace\STM32F103MBUS\Test\Debug\Obj\stm32f10x_rcc.o
#        D:\IAR_Workspace\STM32F103MBUS\Test\Debug\Obj\stm32f10x_rtc.o
#        D:\IAR_Workspace\STM32F103MBUS\Test\Debug\Obj\stm32f10x_sdio.o
#        D:\IAR_Workspace\STM32F103MBUS\Test\Debug\Obj\stm32f10x_spi.o
#        D:\IAR_Workspace\STM32F103MBUS\Test\Debug\Obj\stm32f10x_tim.o
#        D:\IAR_Workspace\STM32F103MBUS\Test\Debug\Obj\stm32f10x_usart.o
#        D:\IAR_Workspace\STM32F103MBUS\Test\Debug\Obj\stm32f10x_wwdg.o
#        D:\IAR_Workspace\STM32F103MBUS\Test\Debug\Obj\system_stm32f10x.o
#        D:\IAR_Workspace\STM32F103MBUS\Test\Debug\Obj\tasks.o
#        D:\IAR_Workspace\STM32F103MBUS\Test\Debug\Obj\timestamp.o -o
#        D:\IAR_Workspace\STM32F103MBUS\Test\Debug\Exe\Test.out --map
#        D:\IAR_Workspace\STM32F103MBUS\Test\Debug\List\Test.map --config
#        "D:\Program Files (x86)\IAR Systems\Embedded Workbench
#        7.0\arm\config\linker\ST\stm32f103xB.icf" --semihosting --entry
#        __iar_program_start --vfe
#
###############################################################################

*******************************************************************************
*** RUNTIME MODEL ATTRIBUTES
***

CppFlavor       = *
__SystemLibrary = DLib


*******************************************************************************
*** PLACEMENT SUMMARY
***

"A1":  place at 0x08000000 { ro section .intvec };
"P1":  place in [from 0x08000000 to 0x0801ffff] { ro };
"P2":  place in [from 0x20000000 to 0x20004fff] { rw, block CSTACK, block HEAP };

  Section            Kind        Address    Size  Object
  -------            ----        -------    ----  ------
"A1":                                       0xec
  .intvec            ro code  0x08000000    0xec  startup_stm32f10x_md.o [1]
                            - 0x080000ec    0xec

"P1":                                     0xb1d0
  .text              ro code  0x080000ec  0x3664  tasks.o [1]
  .text              ro code  0x08003750   0x598  os_tmr.o [1]
  .text              ro code  0x08003ce8   0x180  os_mem.o [1]
  .text              ro code  0x08003e68   0x11c  lib_mem.o [1]
  .text              ro code  0x08003f84   0x384  os_q.o [1]
  .text              ro code  0x08004308   0x374  serial.o [1]
  .text              ro code  0x0800467c   0x302  os_sem.o [1]
  .text              ro code  0x0800497e    0x2e  copy_init3.o [5]
  .text              ro code  0x080049ac   0x1ec  os_time.o [1]
  .text              ro code  0x08004b98   0x9ec  m590e.o [1]
  .text              ro code  0x08005584   0x1ce  lib_str.o [1]
  .text              ro code  0x08005752    0x22  zero_init3.o [5]
  CODE               ro code  0x08005774   0x220  lib_mem_a.o [1]
  .text              ro code  0x08005994   0x1c4  stm32f10x_gpio.o [1]
  .text              ro code  0x08005b58   0x72c  spi_flash.o [1]
  .text              ro code  0x08006284    0x34  sprintf.o [3]
  .text              ro code  0x080062b8   0x6aa  os_flag.o [1]
  .text              ro code  0x08006962     0xa  xsprout.o [3]
  CODE               ro code  0x0800696c    0x34  cpu_a.o [1]
  .text              ro code  0x080069a0   0x954  os_core.o [1]
  .text              ro code  0x080072f4   0x694  os_task.o [1]
  .text              ro code  0x08007988    0x3c  timestamp.o [1]
  .text              ro code  0x080079c4   0x1fc  os_msg.o [1]
  .text              ro code  0x08007bc0   0x17e  stm32f10x_usart.o [1]
  .rodata            const    0x08007d3e     0x2  os_cfg_app.o [1]
  .text              ro code  0x08007d40    0xc8  stm32f10x_exti.o [1]
  .text              ro code  0x08007e08   0x418  os_tick.o [1]
  .text              ro code  0x08008220   0x1d8  os_cpu_c.o [1]
  .text              ro code  0x080083f8    0xa4  stm32f10x_spi.o [1]
  .text              ro code  0x0800849c   0xd86  xprintffull_nomb.o [3]
  .rodata            const    0x08009222     0x2  os_cfg_app.o [1]
  .text              ro code  0x08009224    0x88  os_prio.o [1]
  .text              ro code  0x080092ac    0x10  os_mutex.o [1]
  .text              ro code  0x080092bc    0xac  os_cfg_app.o [1]
  CODE               ro code  0x08009368    0x84  os_cpu_a.o [1]
  .text              ro code  0x080093ec   0x4ca  bsp.o [1]
  .rodata            const    0x080098b6     0x2  os_cfg_app.o [1]
  .text              ro code  0x080098b8    0x4c  cpu_core.o [1]
  .text              ro code  0x08009904   0x258  stm32f10x_rcc.o [1]
  .text              ro code  0x08009b5c    0x16  strchr.o [5]
  .rodata            const    0x08009b72     0x1  os_cfg_app.o [1]
  .rodata            const    0x08009b73     0x1  os_cfg_app.o [1]
  .text              ro code  0x08009b74    0x36  strlen.o [5]
  .text              ro code  0x08009bac    0x58  memchr.o [5]
  .text              ro code  0x08009c04    0xee  I64DivMod.o [5]
  .text              ro code  0x08009cf4    0x76  ABImemcpy_unaligned.o [5]
  .text              ro code  0x08009d6a    0x42  xdnorm.o [4]
  .text              ro code  0x08009dac    0x2e  DblCmpLe.o [4]
  .text              ro code  0x08009ddc    0x2e  DblCmpGe.o [4]
  .text              ro code  0x08009e0c   0x10c  xdscale.o [4]
  .text              ro code  0x08009f18    0x58  DblToI32.o [4]
  .text              ro code  0x08009f70    0x30  I32ToDbl.o [4]
  .text              ro code  0x08009fa0   0x180  DblSub.o [4]
  .text              ro code  0x0800a120   0x1a2  DblMul.o [4]
  .text              ro code  0x0800a2c4   0x246  DblDiv.o [4]
  .text              ro code  0x0800a50a     0xe  div.o [3]
  .text              ro code  0x0800a518    0x3c  stm32f10x_flash.o [1]
  .text              ro code  0x0800a554    0x80  misc.o [1]
  .text              ro code  0x0800a5d4    0x2c  stm32f10x_iwdg.o [1]
  .text              ro code  0x0800a600     0x2  I64DivZer.o [5]
  .text              ro code  0x0800a604    0xd4  DblAdd.o [4]
  .text              ro code  0x0800a6d8   0x688  main.o [1]
  .text              ro code  0x0800ad60    0x6e  system_stm32f10x.o [1]
  .text              ro code  0x0800adce    0x36  stm32f10x_it.o [1]
  .text              ro code  0x0800ae04    0x28  data_init.o [5]
  .iar.init_table    const    0x0800ae2c    0x24  - Linker created -
  .rodata            const    0x0800ae50    0x1c  tasks.o [1]
  .text              ro code  0x0800ae6c    0x1a  cmain.o [5]
  .text              ro code  0x0800ae86     0x4  low_level_init.o [3]
  .text              ro code  0x0800ae8a     0x4  exit.o [3]
  .text              ro code  0x0800ae90     0xa  cexit.o [5]
  .text              ro code  0x0800ae9c    0x14  exit.o [6]
  .rodata            const    0x0800aeb0    0x18  os_tmr.o [1]
  .rodata            const    0x0800aec8    0x18  tasks.o [1]
  .rodata            const    0x0800aee0    0x14  m590e.o [1]
  .rodata            const    0x0800aef4    0x14  os_core.o [1]
  .rodata            const    0x0800af08    0x14  os_tick.o [1]
  .rodata            const    0x0800af1c    0x10  m590e.o [1]
  .rodata            const    0x0800af2c    0x10  m590e.o [1]
  .rodata            const    0x0800af3c    0x10  m590e.o [1]
  .rodata            const    0x0800af4c    0x10  m590e.o [1]
  .rodata            const    0x0800af5c    0x10  m590e.o [1]
  .rodata            const    0x0800af6c    0x10  tasks.o [1]
  .text              ro code  0x0800af7c    0x10  startup_stm32f10x_md.o [1]
  .rodata            const    0x0800af8c     0xc  m590e.o [1]
  .rodata            const    0x0800af98     0xc  m590e.o [1]
  .rodata            const    0x0800afa4     0xc  m590e.o [1]
  .rodata            const    0x0800afb0     0xc  m590e.o [1]
  .rodata            const    0x0800afbc     0xc  m590e.o [1]
  .rodata            const    0x0800afc8     0xc  m590e.o [1]
  .rodata            const    0x0800afd4     0xc  m590e.o [1]
  .rodata            const    0x0800afe0     0xc  m590e.o [1]
  .rodata            const    0x0800afec     0xc  m590e.o [1]
  .rodata            const    0x0800aff8     0xc  m590e.o [1]
  .rodata            const    0x0800b004     0xc  m590e.o [1]
  .rodata            const    0x0800b010     0xc  m590e.o [1]
  .rodata            const    0x0800b01c     0xc  m590e.o [1]
  .rodata            const    0x0800b028     0xc  main.o [1]
  .rodata            const    0x0800b034     0xc  main.o [1]
  .rodata            const    0x0800b040     0xc  main.o [1]
  .rodata            const    0x0800b04c     0xc  main.o [1]
  .rodata            const    0x0800b058     0xc  tasks.o [1]
  .rodata            const    0x0800b064     0xc  tasks.o [1]
  .text              ro code  0x0800b070     0xc  cstartup_M.o [5]
  .rodata            const    0x0800b07c     0x8  m590e.o [1]
  .rodata            const    0x0800b084     0x8  m590e.o [1]
  .rodata            const    0x0800b08c     0x8  m590e.o [1]
  .rodata            const    0x0800b094     0x8  m590e.o [1]
  .rodata            const    0x0800b09c     0x8  m590e.o [1]
  .rodata            const    0x0800b0a4     0x8  main.o [1]
  .rodata            const    0x0800b0ac     0x8  main.o [1]
  .rodata            const    0x0800b0b4     0x8  main.o [1]
  .rodata            const    0x0800b0bc     0x8  main.o [1]
  .rodata            const    0x0800b0c4     0x8  main.o [1]
  .rodata            const    0x0800b0cc     0x8  main.o [1]
  .rodata            const    0x0800b0d4     0x8  main.o [1]
  .rodata            const    0x0800b0dc     0x8  main.o [1]
  .rodata            const    0x0800b0e4     0x8  main.o [1]
  .rodata            const    0x0800b0ec     0x8  main.o [1]
  .rodata            const    0x0800b0f4     0x8  main.o [1]
  .rodata            const    0x0800b0fc     0x8  main.o [1]
  .rodata            const    0x0800b104     0x8  main.o [1]
  .rodata            const    0x0800b10c     0x8  main.o [1]
  .rodata            const    0x0800b114     0x8  main.o [1]
  .rodata            const    0x0800b11c     0x8  main.o [1]
  .rodata            const    0x0800b124     0x8  main.o [1]
  .rodata            const    0x0800b12c     0x8  main.o [1]
  .rodata            const    0x0800b134     0x8  os_task.o [1]
  .rodata            const    0x0800b13c     0x8  tasks.o [1]
  .rodata            const    0x0800b144     0x8  tasks.o [1]
  .rodata            const    0x0800b14c     0x4  os_cfg_app.o [1]
  .rodata            const    0x0800b150     0x4  os_cfg_app.o [1]
  .rodata            const    0x0800b154     0x4  os_cfg_app.o [1]
  .rodata            const    0x0800b158     0x4  os_cfg_app.o [1]
  .rodata            const    0x0800b15c     0x4  os_cfg_app.o [1]
  .rodata            const    0x0800b160     0x4  os_cfg_app.o [1]
  .rodata            const    0x0800b164     0x4  os_cfg_app.o [1]
  .rodata            const    0x0800b168     0x4  os_cfg_app.o [1]
  .rodata            const    0x0800b16c     0x4  os_cfg_app.o [1]
  .rodata            const    0x0800b170     0x4  os_cfg_app.o [1]
  .rodata            const    0x0800b174     0x4  os_cfg_app.o [1]
  .rodata            const    0x0800b178     0x4  os_cfg_app.o [1]
  .rodata            const    0x0800b17c     0x4  os_cfg_app.o [1]
  .rodata            const    0x0800b180     0x4  os_cfg_app.o [1]
  .rodata            const    0x0800b184     0x4  os_cfg_app.o [1]
  .rodata            const    0x0800b188     0x4  os_cfg_app.o [1]
  .rodata            const    0x0800b18c     0x4  os_cfg_app.o [1]
  .rodata            const    0x0800b190     0x4  os_cfg_app.o [1]
  .rodata            const    0x0800b194     0x4  os_cfg_app.o [1]
  .rodata            const    0x0800b198     0x4  os_cfg_app.o [1]
  .rodata            const    0x0800b19c     0x4  os_cfg_app.o [1]
  .rodata            const    0x0800b1a0     0x4  os_cfg_app.o [1]
  .rodata            const    0x0800b1a4     0x4  os_cfg_app.o [1]
  .text              ro code  0x0800b1a8     0x4  startup_stm32f10x_md.o [1]
  .text              ro code  0x0800b1ac     0x4  startup_stm32f10x_md.o [1]
  .text              ro code  0x0800b1b0     0x4  startup_stm32f10x_md.o [1]
  .text              ro code  0x0800b1b4     0x4  startup_stm32f10x_md.o [1]
  .text              ro code  0x0800b1b8     0x4  startup_stm32f10x_md.o [1]
  .text              ro code  0x0800b1bc     0x4  startup_stm32f10x_md.o [1]
  .text              ro code  0x0800b1c0     0x4  startup_stm32f10x_md.o [1]
  .text              ro code  0x0800b1c4     0x4  startup_stm32f10x_md.o [1]
  .text              ro code  0x0800b1c8     0x4  startup_stm32f10x_md.o [1]
  .text              ro code  0x0800b1cc     0x4  startup_stm32f10x_md.o [1]
  .text              ro code  0x0800b1d0     0x4  startup_stm32f10x_md.o [1]
  .text              ro code  0x0800b1d4     0x4  startup_stm32f10x_md.o [1]
  .text              ro code  0x0800b1d8     0x4  startup_stm32f10x_md.o [1]
  .text              ro code  0x0800b1dc     0x4  startup_stm32f10x_md.o [1]
  .text              ro code  0x0800b1e0     0x4  startup_stm32f10x_md.o [1]
  .text              ro code  0x0800b1e4     0x4  startup_stm32f10x_md.o [1]
  .text              ro code  0x0800b1e8     0x4  startup_stm32f10x_md.o [1]
  .text              ro code  0x0800b1ec     0x4  startup_stm32f10x_md.o [1]
  .text              ro code  0x0800b1f0     0x4  startup_stm32f10x_md.o [1]
  .text              ro code  0x0800b1f4     0x4  startup_stm32f10x_md.o [1]
  .text              ro code  0x0800b1f8     0x4  startup_stm32f10x_md.o [1]
  .text              ro code  0x0800b1fc     0x4  startup_stm32f10x_md.o [1]
  .text              ro code  0x0800b200     0x4  startup_stm32f10x_md.o [1]
  .text              ro code  0x0800b204     0x4  startup_stm32f10x_md.o [1]
  .text              ro code  0x0800b208     0x4  startup_stm32f10x_md.o [1]
  .text              ro code  0x0800b20c     0x4  startup_stm32f10x_md.o [1]
  .text              ro code  0x0800b210     0x4  startup_stm32f10x_md.o [1]
  .text              ro code  0x0800b214     0x4  startup_stm32f10x_md.o [1]
  .text              ro code  0x0800b218     0x4  startup_stm32f10x_md.o [1]
  .text              ro code  0x0800b21c     0x4  startup_stm32f10x_md.o [1]
  .text              ro code  0x0800b220     0x4  startup_stm32f10x_md.o [1]
  .text              ro code  0x0800b224     0x4  startup_stm32f10x_md.o [1]
  .text              ro code  0x0800b228     0x4  startup_stm32f10x_md.o [1]
  .text              ro code  0x0800b22c     0x4  startup_stm32f10x_md.o [1]
  .text              ro code  0x0800b230     0x4  startup_stm32f10x_md.o [1]
  .text              ro code  0x0800b234     0x4  startup_stm32f10x_md.o [1]
  .text              ro code  0x0800b238     0x4  startup_stm32f10x_md.o [1]
  .text              ro code  0x0800b23c     0x4  startup_stm32f10x_md.o [1]
  .text              ro code  0x0800b240     0x4  startup_stm32f10x_md.o [1]
  .rodata            const    0x0800b244     0x0  zero_init3.o [5]
  .rodata            const    0x0800b244     0x0  copy_init3.o [5]
  Initializer bytes  ro data  0x0800b244    0x78  <for P2 s0>
                            - 0x0800b2bc  0xb1d0

"P2", part 1 of 3:                          0x78
  P2 s0                       0x20000000    0x78  <Init block>
    .data            inited   0x20000000    0x1c  m590e.o [1]
    .data            inited   0x2000001c    0x14  m590e.o [1]
    .data            inited   0x20000030    0x10  stm32f10x_rcc.o [1]
    .data            inited   0x20000040     0xc  m590e.o [1]
    .data            inited   0x2000004c     0xc  m590e.o [1]
    .data            inited   0x20000058     0xc  m590e.o [1]
    .data            inited   0x20000064     0x8  m590e.o [1]
    .data            inited   0x2000006c     0x4  stm32f10x_rcc.o [1]
    .data            inited   0x20000070     0x2  m590e.o [1]
    .data            inited   0x20000072     0x1  m590e.o [1]
    .data            inited   0x20000073     0x1  m590e.o [1]
    .data            inited   0x20000074     0x1  m590e.o [1]
    .data            inited   0x20000075     0x1  m590e.o [1]
    .data            inited   0x20000076     0x1  main.o [1]
                            - 0x20000078    0x78

"P2", part 2 of 3:                        0x3fe8
  .bss               zero     0x20000078   0x640  os_cfg_app.o [1]
  .bss               zero     0x200006b8   0x600  main.o [1]
  .bss               zero     0x20000cb8   0x600  main.o [1]
  .bss               zero     0x200012b8   0x600  main.o [1]
  .bss               zero     0x200018b8   0x200  main.o [1]
  .bss               zero     0x20001ab8   0x200  main.o [1]
  .bss               zero     0x20001cb8   0x200  main.o [1]
  .bss               zero     0x20001eb8   0x200  main.o [1]
  .bss               zero     0x200020b8   0x200  main.o [1]
  .bss               zero     0x200022b8   0x200  main.o [1]
  .bss               zero     0x200024b8   0x200  main.o [1]
  .bss               zero     0x200026b8   0x200  main.o [1]
  .bss               zero     0x200028b8   0x200  os_cfg_app.o [1]
  .bss               zero     0x20002ab8   0x200  os_cfg_app.o [1]
  .bss               zero     0x20002cb8   0x200  os_cfg_app.o [1]
  .bss               zero     0x20002eb8   0x200  os_cfg_app.o [1]
  .bss               zero     0x200030b8   0x180  os_var.o [1]
  .bss               zero     0x20003238    0xb4  main.o [1]
  .bss               zero     0x200032ec    0xb4  main.o [1]
  .bss               zero     0x200033a0    0xb4  main.o [1]
  .bss               zero     0x20003454    0xb4  main.o [1]
  .bss               zero     0x20003508    0xb4  main.o [1]
  .bss               zero     0x200035bc    0xb4  main.o [1]
  .bss               zero     0x20003670    0xb4  main.o [1]
  .bss               zero     0x20003724    0xb4  main.o [1]
  .bss               zero     0x200037d8    0xb4  main.o [1]
  .bss               zero     0x2000388c    0xb4  main.o [1]
  .bss               zero     0x20003940    0xb4  os_var.o [1]
  .bss               zero     0x200039f4    0xb4  os_var.o [1]
  .bss               zero     0x20003aa8    0xb4  os_var.o [1]
  .bss               zero     0x20003b5c    0x88  os_cfg_app.o [1]
  .bss               zero     0x20003be4    0x88  os_cfg_app.o [1]
  .bss               zero     0x20003c6c    0x78  main.o [1]
  .bss               zero     0x20003ce4    0x2c  main.o [1]
  .bss               zero     0x20003d10    0x2c  main.o [1]
  .bss               zero     0x20003d3c    0x2c  main.o [1]
  .bss               zero     0x20003d68    0x2c  main.o [1]
  .bss               zero     0x20003d94    0x2c  main.o [1]
  .bss               zero     0x20003dc0    0x24  main.o [1]
  .bss               zero     0x20003de4    0x24  main.o [1]
  .bss               zero     0x20003e08    0x24  main.o [1]
  .bss               zero     0x20003e2c    0x24  main.o [1]
  .bss               zero     0x20003e50    0x24  main.o [1]
  .bss               zero     0x20003e74    0x1c  main.o [1]
  .bss               zero     0x20003e90    0x1c  main.o [1]
  .bss               zero     0x20003eac    0x1c  main.o [1]
  .bss               zero     0x20003ec8    0x1c  main.o [1]
  .bss               zero     0x20003ee4    0x1c  main.o [1]
  .bss               zero     0x20003f00    0x1c  main.o [1]
  .bss               zero     0x20003f1c    0x1c  main.o [1]
  .bss               zero     0x20003f38    0x1c  main.o [1]
  .bss               zero     0x20003f54    0x1c  main.o [1]
  .bss               zero     0x20003f70    0x1c  main.o [1]
  .bss               zero     0x20003f8c    0x18  main.o [1]
  .bss               zero     0x20003fa4    0x18  main.o [1]
  .bss               zero     0x20003fbc    0x10  cpu_core.o [1]
  .bss               zero     0x20003fcc     0xc  os_var.o [1]
  .bss               zero     0x20003fd8     0x8  m590e.o [1]
  .bss               zero     0x20003fe0     0x4  cpu_core.o [1]
  .bss               zero     0x20003fe4     0x4  os_cpu_c.o [1]
  .bss               zero     0x20003fe8     0x4  os_prio.o [1]
  .bss               zero     0x20003fec     0x4  os_var.o [1]
  .bss               zero     0x20003ff0     0x4  os_var.o [1]
  .bss               zero     0x20003ff4     0x4  os_var.o [1]
  .bss               zero     0x20003ff8     0x4  os_var.o [1]
  .bss               zero     0x20003ffc     0x4  os_var.o [1]
  .bss               zero     0x20004000     0x4  os_var.o [1]
  .bss               zero     0x20004004     0x4  os_var.o [1]
  .bss               zero     0x20004008     0x4  os_var.o [1]
  .bss               zero     0x2000400c     0x4  os_var.o [1]
  .bss               zero     0x20004010     0x4  os_var.o [1]
  .bss               zero     0x20004014     0x4  os_var.o [1]
  .bss               zero     0x20004018     0x4  os_var.o [1]
  .bss               zero     0x2000401c     0x4  os_var.o [1]
  .bss               zero     0x20004020     0x4  os_var.o [1]
  .bss               zero     0x20004024     0x4  os_var.o [1]
  .bss               zero     0x20004028     0x4  os_var.o [1]
  .bss               zero     0x2000402c     0x4  os_var.o [1]
  .bss               zero     0x20004030     0x4  os_var.o [1]
  .bss               zero     0x20004034     0x4  tasks.o [1]
  .bss               zero     0x20004038     0x4  tasks.o [1]
  .bss               zero     0x2000403c     0x4  tasks.o [1]
  .bss               zero     0x20004040     0x4  tasks.o [1]
  .bss               zero     0x20004044     0x2  os_var.o [1]
  .bss               zero     0x20004046     0x2  os_var.o [1]
  .bss               zero     0x20004048     0x2  os_var.o [1]
  .bss               zero     0x2000404a     0x2  os_var.o [1]
  .bss               zero     0x2000404c     0x2  os_var.o [1]
  .bss               zero     0x2000404e     0x2  os_var.o [1]
  .bss               zero     0x20004050     0x2  os_var.o [1]
  .bss               zero     0x20004052     0x1  main.o [1]
  .bss               zero     0x20004053     0x1  main.o [1]
  .bss               zero     0x20004054     0x1  os_var.o [1]
  .bss               zero     0x20004055     0x1  os_var.o [1]
  .bss               zero     0x20004056     0x1  os_var.o [1]
  .bss               zero     0x20004057     0x1  os_var.o [1]
  .bss               zero     0x20004058     0x1  os_var.o [1]
  .bss               zero     0x20004059     0x1  os_var.o [1]
  .bss               zero     0x2000405a     0x1  os_var.o [1]
  .bss               zero     0x2000405b     0x1  os_var.o [1]
  .bss               zero     0x2000405c     0x1  tasks.o [1]
                            - 0x2000405d  0x3fe5

"P2", part 3 of 3:                         0x800
  CSTACK                      0x20004060   0x800  <Block>
    CSTACK           uninit   0x20004060   0x800  <Block tail>
                            - 0x20004860   0x800


*******************************************************************************
*** INIT TABLE
***

          Address     Size
          -------     ----
Zero (__iar_zero_init3)
    1 destination range, total size 0x3fe5:
          0x20000078  0x3fe5

Copy (__iar_copy_init3)
    1 source range, total size 0x78 (100% of destination):
          0x0800b244    0x78
    1 destination range, total size 0x77:
          0x20000000    0x77



*******************************************************************************
*** MODULE SUMMARY
***

    Module                  ro code  ro data  rw data
    ------                  -------  -------  -------
D:\IAR_Workspace\STM32F103MBUS\Test\Debug\Obj: [1]
    bsp.o                     1 226
    cpu_a.o                      52
    cpu_core.o                   76                20
    lib_mem.o                   284
    lib_mem_a.o                 544
    lib_str.o                   462
    m590e.o                   2 540      394      106
    main.o                    1 672      193   11 355
    misc.o                      128
    os_cfg_app.o                172      100    3 920
    os_core.o                 2 388       20
    os_cpu_a.o                  132
    os_cpu_c.o                  472                 4
    os_flag.o                 1 706
    os_mem.o                    384
    os_msg.o                    508
    os_mutex.o                   16
    os_prio.o                   136                 4
    os_q.o                      900
    os_sem.o                    770
    os_task.o                 1 684        8
    os_tick.o                 1 048       20
    os_time.o                   492
    os_tmr.o                  1 432       24
    os_var.o                                    1 030
    serial.o                    884
    spi_flash.o               1 836
    startup_stm32f10x_md.o      408
    stm32f10x_exti.o            200
    stm32f10x_flash.o            60
    stm32f10x_gpio.o            452
    stm32f10x_it.o               54
    stm32f10x_iwdg.o             44
    stm32f10x_rcc.o             600       20       20
    stm32f10x_spi.o             164
    stm32f10x_usart.o           382
    system_stm32f10x.o          110
    tasks.o                  13 924      108       17
    timestamp.o                  60
    -------------------------------------------------
    Total:                   38 402      887   16 476

command line: [2]
    -------------------------------------------------
    Total:

dl7M_tln.a: [3]
    div.o                        14
    exit.o                        4
    low_level_init.o              4
    sprintf.o                    52
    xprintffull_nomb.o        3 462
    xsprout.o                    10
    -------------------------------------------------
    Total:                    3 546

m7M_tl.a: [4]
    DblAdd.o                    212
    DblCmpGe.o                   46
    DblCmpLe.o                   46
    DblDiv.o                    582
    DblMul.o                    418
    DblSub.o                    384
    DblToI32.o                   88
    I32ToDbl.o                   48
    xdnorm.o                     66
    xdscale.o                   268
    -------------------------------------------------
    Total:                    2 158

rt7M_tl.a: [5]
    ABImemcpy_unaligned.o       118
    I64DivMod.o                 238
    I64DivZer.o                   2
    cexit.o                      10
    cmain.o                      26
    copy_init3.o                 46
    cstartup_M.o                 12
    data_init.o                  40
    memchr.o                     88
    strchr.o                     22
    strlen.o                     54
    zero_init3.o                 34
    -------------------------------------------------
    Total:                      690

shb_l.a: [6]
    exit.o                       20
    -------------------------------------------------
    Total:                       20

    Gaps                         16
    Linker created                        37    2 048
-----------------------------------------------------
    Grand Total:             44 832      924   18 524


*******************************************************************************
*** ENTRY LIST
***

Entry                      Address   Size  Type      Object
-----                      -------   ----  ----      ------
?main                   0x0800ae6d         Code  Gb  cmain.o [5]
ADCPrescTable           0x2000006c    0x4  Data  Lc  stm32f10x_rcc.o [1]
APBAHBPrescTable        0x20000030   0x10  Data  Lc  stm32f10x_rcc.o [1]
BSP_CPU_ClkFreq         0x080098a7   0x10  Code  Gb  bsp.o [1]
BSP_GPIO_Init           0x0800949d  0x1e6  Code  Gb  bsp.o [1]
BSP_IWDG_Init           0x0800988d   0x1a  Code  Gb  bsp.o [1]
BSP_Init                0x080093ed   0xb0  Code  Gb  bsp.o [1]
BSP_NVIC_Init           0x0800979b   0x6c  Code  Gb  bsp.o [1]
BSP_SPI_Init            0x08009807   0x66  Code  Gb  bsp.o [1]
BSP_USART_Init          0x08009683  0x118  Code  Gb  bsp.o [1]
BusFault_Handler        0x0800add5    0x2  Code  Gb  stm32f10x_it.o [1]
CPU_CntLeadZeros        0x0800698b         Code  Gb  cpu_a.o [1]
CPU_CntTrailZeros       0x08006991         Code  Gb  cpu_a.o [1]
CPU_Init                0x080098b9    0xc  Code  Gb  cpu_core.o [1]
CPU_IntDis              0x0800696d         Code  Gb  cpu_a.o [1]
CPU_IntEn               0x08006971         Code  Gb  cpu_a.o [1]
CPU_Name                0x20003fbc   0x10  Data  Gb  cpu_core.o [1]
CPU_NameClr             0x080098c5   0x1a  Code  Gb  cpu_core.o [1]
CPU_NameInit            0x080098e5    0x8  Code  Lc  cpu_core.o [1]
CPU_RevBits             0x0800699b         Code  Gb  cpu_a.o [1]
CPU_SR_Restore          0x0800697d         Code  Gb  cpu_a.o [1]
CPU_SR_Save             0x08006975         Code  Gb  cpu_a.o [1]
CPU_TS_Init             0x080098ed    0xe  Code  Lc  cpu_core.o [1]
CPU_TS_TmrFreqSet       0x080098df    0x6  Code  Gb  cpu_core.o [1]
CPU_TS_TmrFreq_Hz       0x20003fe0    0x4  Data  Gb  cpu_core.o [1]
CPU_TS_TmrInit          0x08007989   0x2a  Code  Gb  timestamp.o [1]
CPU_TS_TmrRd            0x080079b3    0x6  Code  Gb  timestamp.o [1]
CPU_WaitForExcept       0x08006987         Code  Gb  cpu_a.o [1]
CPU_WaitForInt          0x08006983         Code  Gb  cpu_a.o [1]
CSTACK$$Base            0x20004060          --   Gb  - Linker created -
CSTACK$$Limit           0x20004860          --   Gb  - Linker created -
DebugMon_Handler        0x0800addb    0x2  Code  Gb  stm32f10x_it.o [1]
Device_Read             0x080045ed   0x34  Code  Gb  serial.o [1]
EXTI15_10_IRQHandler    0x0800adfd    0x8  Code  Gb  stm32f10x_it.o [1]
EXTI_ClearITPendingBit  0x08007ded    0x6  Code  Gb  stm32f10x_exti.o [1]
EXTI_GetITStatus        0x08007dc9   0x24  Code  Gb  stm32f10x_exti.o [1]
EXTI_Init               0x08007d41   0x88  Code  Gb  stm32f10x_exti.o [1]
FLAG_Event              0x20003f70   0x1c  Data  Gb  main.o [1]
FLASH_PrefetchBufferCmd
                        0x0800a531   0x20  Code  Gb  stm32f10x_flash.o [1]
FLASH_SetLatency        0x0800a519   0x18  Code  Gb  stm32f10x_flash.o [1]
GPIO_EXTILineConfig     0x08005afd   0x50  Code  Gb  stm32f10x_gpio.o [1]
GPIO_Init               0x08005995   0xc8  Code  Gb  stm32f10x_gpio.o [1]
GPIO_PinRemapConfig     0x08005a7f   0x7e  Code  Gb  stm32f10x_gpio.o [1]
GPIO_ReadInputDataBit   0x08005a5d   0x16  Code  Gb  stm32f10x_gpio.o [1]
GPIO_ResetBits          0x08005a79    0x6  Code  Gb  stm32f10x_gpio.o [1]
GPIO_SetBits            0x08005a73    0x6  Code  Gb  stm32f10x_gpio.o [1]
GetFlash                0x08005f43   0xc0  Code  Gb  spi_flash.o [1]
HardFault_Handler       0x0800add1    0x2  Code  Gb  stm32f10x_it.o [1]
IWDG_Enable             0x0800a5ef    0xa  Code  Gb  stm32f10x_iwdg.o [1]
IWDG_ReloadCounter      0x0800a5e5    0xa  Code  Gb  stm32f10x_iwdg.o [1]
IWDG_SetPrescaler       0x0800a5dd    0x8  Code  Gb  stm32f10x_iwdg.o [1]
IWDG_WriteAccessCmd     0x0800a5d5    0x8  Code  Gb  stm32f10x_iwdg.o [1]
M590E_Cmd               0x08004b99   0xfa  Code  Gb  m590e.o [1]
M590E_ReadAT_100        0x08004c93   0x4c  Code  Gb  m590e.o [1]
M590E_ReadAT_2s         0x08004cdf   0x4c  Code  Gb  m590e.o [1]
MEM_Buf                 0x20003f8c   0x18  Data  Gb  main.o [1]
MEM_ISR                 0x20003fa4   0x18  Data  Gb  main.o [1]
MemManage_Handler       0x0800add3    0x2  Code  Gb  stm32f10x_it.o [1]
Mem_Clr                 0x08003e69    0xc  Code  Gb  lib_mem.o [1]
Mem_Cmp                 0x08003ecf   0xb6  Code  Gb  lib_mem.o [1]
Mem_Copy                0x08005775         Code  Gb  lib_mem_a.o [1]
Mem_Set                 0x08003e75   0x5a  Code  Gb  lib_mem.o [1]
NMI_Handler             0x0800adcf    0x2  Code  Gb  stm32f10x_it.o [1]
NVIC_Init               0x0800a55f   0x62  Code  Gb  misc.o [1]
NVIC_PriorityGroupConfig
                        0x0800a555    0xa  Code  Gb  misc.o [1]
OSCfg_DataSizeRAM       0x0800b1a4    0x4  Data  Gb  os_cfg_app.o [1]
OSCfg_ISRStk            0x20002ab8  0x200  Data  Gb  os_cfg_app.o [1]
OSCfg_ISRStkBasePtr     0x0800b15c    0x4  Data  Gb  os_cfg_app.o [1]
OSCfg_ISRStkSize        0x0800b160    0x4  Data  Gb  os_cfg_app.o [1]
OSCfg_ISRStkSizeRAM     0x0800b164    0x4  Data  Gb  os_cfg_app.o [1]
OSCfg_IdleTaskStk       0x200028b8  0x200  Data  Gb  os_cfg_app.o [1]
OSCfg_IdleTaskStkBasePtr
                        0x0800b14c    0x4  Data  Gb  os_cfg_app.o [1]
OSCfg_IdleTaskStkLimit  0x0800b150    0x4  Data  Gb  os_cfg_app.o [1]
OSCfg_IdleTaskStkSize   0x0800b154    0x4  Data  Gb  os_cfg_app.o [1]
OSCfg_IdleTaskStkSizeRAM
                        0x0800b158    0x4  Data  Gb  os_cfg_app.o [1]
OSCfg_Init              0x080092bd   0xac  Code  Gb  os_cfg_app.o [1]
OSCfg_MsgPool           0x20000078  0x640  Data  Gb  os_cfg_app.o [1]
OSCfg_MsgPoolBasePtr    0x0800b16c    0x4  Data  Gb  os_cfg_app.o [1]
OSCfg_MsgPoolSize       0x08007d3e    0x2  Data  Gb  os_cfg_app.o [1]
OSCfg_MsgPoolSizeRAM    0x0800b168    0x4  Data  Gb  os_cfg_app.o [1]
OSCfg_StkSizeMin        0x0800b170    0x4  Data  Gb  os_cfg_app.o [1]
OSCfg_TickRate_Hz       0x0800b174    0x4  Data  Gb  os_cfg_app.o [1]
OSCfg_TickTaskPrio      0x08009b72    0x1  Data  Gb  os_cfg_app.o [1]
OSCfg_TickTaskStk       0x20002cb8  0x200  Data  Gb  os_cfg_app.o [1]
OSCfg_TickTaskStkBasePtr
                        0x0800b178    0x4  Data  Gb  os_cfg_app.o [1]
OSCfg_TickTaskStkLimit  0x0800b17c    0x4  Data  Gb  os_cfg_app.o [1]
OSCfg_TickTaskStkSize   0x0800b180    0x4  Data  Gb  os_cfg_app.o [1]
OSCfg_TickTaskStkSizeRAM
                        0x0800b184    0x4  Data  Gb  os_cfg_app.o [1]
OSCfg_TickWheel         0x20003b5c   0x88  Data  Gb  os_cfg_app.o [1]
OSCfg_TickWheelSize     0x08009222    0x2  Data  Gb  os_cfg_app.o [1]
OSCfg_TickWheelSizeRAM  0x0800b188    0x4  Data  Gb  os_cfg_app.o [1]
OSCfg_TmrTaskPrio       0x08009b73    0x1  Data  Gb  os_cfg_app.o [1]
OSCfg_TmrTaskRate_Hz    0x0800b18c    0x4  Data  Gb  os_cfg_app.o [1]
OSCfg_TmrTaskStk        0x20002eb8  0x200  Data  Gb  os_cfg_app.o [1]
OSCfg_TmrTaskStkBasePtr
                        0x0800b190    0x4  Data  Gb  os_cfg_app.o [1]
OSCfg_TmrTaskStkLimit   0x0800b194    0x4  Data  Gb  os_cfg_app.o [1]
OSCfg_TmrTaskStkSize    0x0800b198    0x4  Data  Gb  os_cfg_app.o [1]
OSCfg_TmrTaskStkSizeRAM
                        0x0800b19c    0x4  Data  Gb  os_cfg_app.o [1]
OSCfg_TmrWheel          0x20003be4   0x88  Data  Gb  os_cfg_app.o [1]
OSCfg_TmrWheelSize      0x080098b6    0x2  Data  Gb  os_cfg_app.o [1]
OSCfg_TmrWheelSizeRAM   0x0800b1a0    0x4  Data  Gb  os_cfg_app.o [1]
OSFlagCreate            0x080062b9   0x66  Code  Gb  os_flag.o [1]
OSFlagPend              0x0800631f  0x40c  Code  Gb  os_flag.o [1]
OSFlagPost              0x0800672b   0x5e  Code  Gb  os_flag.o [1]
OSFlagQty               0x20004044    0x2  Data  Gb  os_var.o [1]
OSIdleTaskCtr           0x20004008    0x4  Data  Gb  os_var.o [1]
OSIdleTaskHook          0x08008221   0x12  Code  Gb  os_cpu_c.o [1]
OSIdleTaskTCB           0x20003940   0xb4  Data  Gb  os_var.o [1]
OSInit                  0x080069a1  0x150  Code  Gb  os_core.o [1]
OSInitHook              0x08008233   0x14  Code  Gb  os_cpu_c.o [1]
OSIntExit               0x08006af1   0xc8  Code  Gb  os_core.o [1]
OSIntNestingCtr         0x20004054    0x1  Data  Gb  os_var.o [1]
OSMemCreate             0x08003ce9   0xd0  Code  Gb  os_mem.o [1]
OSMemGet                0x08003db9   0x46  Code  Gb  os_mem.o [1]
OSMemPut                0x08003dff   0x50  Code  Gb  os_mem.o [1]
OSMemQty                0x20004046    0x2  Data  Gb  os_var.o [1]
OSMsgPool               0x20003fcc    0xc  Data  Gb  os_var.o [1]
OSMutexQty              0x20004048    0x2  Data  Gb  os_var.o [1]
OSPrioCur               0x20004056    0x1  Data  Gb  os_var.o [1]
OSPrioHighRdy           0x20004057    0x1  Data  Gb  os_var.o [1]
OSPrioSaved             0x20004058    0x1  Data  Gb  os_var.o [1]
OSPrioTbl               0x20003fe8    0x4  Data  Gb  os_prio.o [1]
OSQCreate               0x08003f85   0x7c  Code  Gb  os_q.o [1]
OSQPend                 0x08004001  0x1be  Code  Gb  os_q.o [1]
OSQPost                 0x080041bf   0x84  Code  Gb  os_q.o [1]
OSQQty                  0x2000404a    0x2  Data  Gb  os_var.o [1]
OSRdyList               0x200030b8  0x180  Data  Gb  os_var.o [1]
OSRunning               0x20004055    0x1  Data  Gb  os_var.o [1]
OSSched                 0x08006bb9   0x8e  Code  Gb  os_core.o [1]
OSSchedLock             0x08006c47   0x58  Code  Gb  os_core.o [1]
OSSchedLockNestingCtr   0x20004059    0x1  Data  Gb  os_var.o [1]
OSSchedRoundRobinDfltTimeQuanta
                        0x2000400c    0x4  Data  Gb  os_var.o [1]
OSSchedRoundRobinEn     0x2000405a    0x1  Data  Gb  os_var.o [1]
OSSchedUnlock           0x08006c9f   0x72  Code  Gb  os_core.o [1]
OSSemCreate             0x0800467d   0x66  Code  Gb  os_sem.o [1]
OSSemPend               0x080046e3  0x174  Code  Gb  os_sem.o [1]
OSSemPost               0x08004857   0x60  Code  Gb  os_sem.o [1]
OSSemQty                0x2000404c    0x2  Data  Gb  os_var.o [1]
OSStart                 0x08006d11   0x64  Code  Gb  os_core.o [1]
OSStartHighRdy          0x08009369         Code  Gb  os_cpu_a.o [1]
OSTCBCurPtr             0x2000402c    0x4  Data  Gb  os_var.o [1]
OSTCBHighRdyPtr         0x20004030    0x4  Data  Gb  os_var.o [1]
OSTaskCreate            0x080072f5  0x176  Code  Gb  os_task.o [1]
OSTaskCreateHook        0x08008247   0x12  Code  Gb  os_cpu_c.o [1]
OSTaskCtxSwCtr          0x20004010    0x4  Data  Gb  os_var.o [1]
OSTaskDel               0x0800746b   0xea  Code  Gb  os_task.o [1]
OSTaskDelHook           0x08008259   0x12  Code  Gb  os_cpu_c.o [1]
OSTaskQty               0x2000404e    0x2  Data  Gb  os_var.o [1]
OSTaskRegNextAvailID    0x2000405b    0x1  Data  Gb  os_var.o [1]
OSTaskReturnHook        0x0800826b   0x12  Code  Gb  os_cpu_c.o [1]
OSTaskSemPend           0x08007555  0x1cc  Code  Gb  os_task.o [1]
OSTaskSemPost           0x08007721   0x34  Code  Gb  os_task.o [1]
OSTaskStkInit           0x0800827d   0x80  Code  Gb  os_cpu_c.o [1]
OSTaskSwHook            0x080082fd   0x56  Code  Gb  os_cpu_c.o [1]
OSTickCtr               0x20004014    0x4  Data  Gb  os_var.o [1]
OSTickTaskTCB           0x200039f4   0xb4  Data  Gb  os_var.o [1]
OSTickTaskTimeMax       0x20004018    0x4  Data  Gb  os_var.o [1]
OSTimeDlyHMSM           0x080049ad  0x178  Code  Gb  os_time.o [1]
OSTimeTick              0x08004b25   0x4a  Code  Gb  os_time.o [1]
OSTimeTickHook          0x08008353   0x12  Code  Gb  os_cpu_c.o [1]
OSTmrCreate             0x08003751   0xb0  Code  Gb  os_tmr.o [1]
OSTmrQty                0x20004050    0x2  Data  Gb  os_var.o [1]
OSTmrStart              0x08003801   0xaa  Code  Gb  os_tmr.o [1]
OSTmrStateGet           0x080038ab   0x66  Code  Gb  os_tmr.o [1]
OSTmrStop               0x08003911   0xf0  Code  Gb  os_tmr.o [1]
OSTmrTaskTCB            0x20003aa8   0xb4  Data  Gb  os_var.o [1]
OSTmrTaskTimeMax        0x2000401c    0x4  Data  Gb  os_var.o [1]
OSTmrTickCtr            0x20004020    0x4  Data  Gb  os_var.o [1]
OSTmrUpdateCnt          0x20004024    0x4  Data  Gb  os_var.o [1]
OSTmrUpdateCtr          0x20004028    0x4  Data  Gb  os_var.o [1]
OS_AppIdleTaskHookPtr   0x20003ff8    0x4  Data  Gb  os_var.o [1]
OS_AppStatTaskHookPtr   0x20003ffc    0x4  Data  Gb  os_var.o [1]
OS_AppTaskCreateHookPtr
                        0x20003fec    0x4  Data  Gb  os_var.o [1]
OS_AppTaskDelHookPtr    0x20003ff0    0x4  Data  Gb  os_var.o [1]
OS_AppTaskReturnHookPtr
                        0x20003ff4    0x4  Data  Gb  os_var.o [1]
OS_AppTaskSwHookPtr     0x20004000    0x4  Data  Gb  os_var.o [1]
OS_AppTimeTickHookPtr   0x20004004    0x4  Data  Gb  os_var.o [1]
OS_CPU_ExceptStkBase    0x20003fe4    0x4  Data  Gb  os_cpu_c.o [1]
OS_CPU_SysTickHandler   0x08008365   0x24  Code  Gb  os_cpu_c.o [1]
OS_CPU_SysTickInit      0x08008389   0x2c  Code  Gb  os_cpu_c.o [1]
OS_FlagBlock            0x08006789   0x26  Code  Gb  os_flag.o [1]
OS_FlagInit             0x080067af    0xc  Code  Gb  os_flag.o [1]
OS_FlagPost             0x080067d1  0x13c  Code  Gb  os_flag.o [1]
OS_FlagTaskRdy          0x0800690d   0x56  Code  Gb  os_flag.o [1]
OS_IdleTask             0x08006d75   0x24  Code  Gb  os_core.o [1]
OS_IdleTaskInit         0x08006d99   0x50  Code  Gb  os_core.o [1]
OS_MemInit              0x08003e4f    0xc  Code  Gb  os_mem.o [1]
OS_MsgPoolInit          0x080079c5   0x86  Code  Gb  os_msg.o [1]
OS_MsgQFreeAll          0x08007a4b   0x44  Code  Gb  os_msg.o [1]
OS_MsgQGet              0x08007aa3   0x70  Code  Gb  os_msg.o [1]
OS_MsgQInit             0x08007a8f   0x14  Code  Gb  os_msg.o [1]
OS_MsgQPut              0x08007b13   0xa2  Code  Gb  os_msg.o [1]
OS_MutexInit            0x080092ad    0xc  Code  Gb  os_mutex.o [1]
OS_Pend                 0x08006de9   0x60  Code  Gb  os_core.o [1]
OS_PendDataInit         0x08006e49   0x34  Code  Gb  os_core.o [1]
OS_PendListInit         0x08006e7d    0xe  Code  Gb  os_core.o [1]
OS_PendListInsertPrio   0x08006e8b   0x6e  Code  Gb  os_core.o [1]
OS_PendListRemove       0x08006ef9   0x28  Code  Gb  os_core.o [1]
OS_PendListRemove1      0x08006f21   0x48  Code  Gb  os_core.o [1]
OS_Post                 0x08006f69   0xb0  Code  Gb  os_core.o [1]
OS_Post1                0x08007019   0x26  Code  Gb  os_core.o [1]
OS_PrioGetHighest       0x08009239   0x20  Code  Gb  os_prio.o [1]
OS_PrioInit             0x08009225   0x14  Code  Gb  os_prio.o [1]
OS_PrioInsert           0x08009259   0x26  Code  Gb  os_prio.o [1]
OS_PrioRemove           0x0800927f   0x28  Code  Gb  os_prio.o [1]
OS_QInit                0x08004243    0xc  Code  Gb  os_q.o [1]
OS_QPost                0x08004265   0xa4  Code  Gb  os_q.o [1]
OS_RdyListInit          0x0800703f   0x24  Code  Gb  os_core.o [1]
OS_RdyListInsert        0x08007063   0x28  Code  Gb  os_core.o [1]
OS_RdyListInsertHead    0x0800708b   0x3a  Code  Gb  os_core.o [1]
OS_RdyListInsertTail    0x080070c5   0x38  Code  Gb  os_core.o [1]
OS_RdyListMoveHeadToTail
                        0x080070fd   0x40  Code  Gb  os_core.o [1]
OS_RdyListRemove        0x0800713d   0x5c  Code  Gb  os_core.o [1]
OS_SchedRoundRobin      0x08007199   0x8a  Code  Gb  os_core.o [1]
OS_SemInit              0x080048b7    0xc  Code  Gb  os_sem.o [1]
OS_SemPost              0x080048d9   0xa6  Code  Gb  os_sem.o [1]
OS_TaskBlock            0x080072a1   0x3a  Code  Gb  os_core.o [1]
OS_TaskInit             0x08007755   0x16  Code  Gb  os_task.o [1]
OS_TaskInitTCB          0x0800776b  0x106  Code  Gb  os_task.o [1]
OS_TaskRdy              0x080072db   0x1a  Code  Gb  os_core.o [1]
OS_TaskReturn           0x0800787d   0x14  Code  Gb  os_task.o [1]
OS_TaskSemPost          0x0800789d   0xd4  Code  Gb  os_task.o [1]
OS_TickListInit         0x08007ecf   0x2a  Code  Gb  os_tick.o [1]
OS_TickListInsert       0x08007ef9  0x11c  Code  Gb  os_tick.o [1]
OS_TickListRemove       0x08008015   0x42  Code  Gb  os_tick.o [1]
OS_TickListUpdate       0x08008057  0x190  Code  Gb  os_tick.o [1]
OS_TickTask             0x08007e09   0x28  Code  Gb  os_tick.o [1]
OS_TickTaskInit         0x08007e31   0x9e  Code  Gb  os_tick.o [1]
OS_TmrInit              0x08003a01   0xd4  Code  Gb  os_tmr.o [1]
OS_TmrLink              0x08003ad5   0xd0  Code  Gb  os_tmr.o [1]
OS_TmrTask              0x08003bf5   0xaa  Code  Gb  os_tmr.o [1]
OS_TmrUnlink            0x08003ba5   0x4c  Code  Gb  os_tmr.o [1]
ObjCreate               0x0800a9e1  0x232  Code  Gb  main.o [1]
OverLoad                0x08004621   0x24  Code  Gb  serial.o [1]
PendSV_Handler          0x08009387         Code  Gb  os_cpu_a.o [1]
PutFlash                0x08006003   0xcc  Code  Gb  spi_flash.o [1]
Q_Config                0x20003e2c   0x24  Data  Gb  main.o [1]
Q_Deal                  0x20003e50   0x24  Data  Gb  main.o [1]
Q_Read                  0x20003de4   0x24  Data  Gb  main.o [1]
Q_ReadData              0x20003e08   0x24  Data  Gb  main.o [1]
Q_Slave                 0x20003dc0   0x24  Data  Gb  main.o [1]
RCC_APB1PeriphClockCmd  0x08009abd   0x20  Code  Gb  stm32f10x_rcc.o [1]
RCC_APB2PeriphClockCmd  0x08009a9d   0x20  Code  Gb  stm32f10x_rcc.o [1]
RCC_DeInit              0x08009905   0x60  Code  Gb  stm32f10x_rcc.o [1]
RCC_GetClocksFreq       0x080099dd   0xc0  Code  Gb  stm32f10x_rcc.o [1]
RCC_GetFlagStatus       0x08009add   0x44  Code  Gb  stm32f10x_rcc.o [1]
RCC_HCLKConfig          0x08009997   0x14  Code  Gb  stm32f10x_rcc.o [1]
RCC_LSICmd              0x080099d5    0x8  Code  Gb  stm32f10x_rcc.o [1]
RCC_PCLK1Config         0x080099ab   0x14  Code  Gb  stm32f10x_rcc.o [1]
RCC_PCLK2Config         0x080099bf   0x16  Code  Gb  stm32f10x_rcc.o [1]
RCC_PLLCmd              0x0800997b    0x8  Code  Gb  stm32f10x_rcc.o [1]
RCC_PLLConfig           0x08009965   0x16  Code  Gb  stm32f10x_rcc.o [1]
RCC_SYSCLKConfig        0x08009983   0x14  Code  Gb  stm32f10x_rcc.o [1]
Region$$Table$$Base     0x0800ae2c          --   Gb  - Linker created -
Region$$Table$$Limit    0x0800ae50          --   Gb  - Linker created -
SEM_Connected           0x20003f38   0x1c  Data  Gb  main.o [1]
SEM_HeartBeat           0x20003ec8   0x1c  Data  Gb  main.o [1]
SEM_Restart             0x20003ee4   0x1c  Data  Gb  main.o [1]
SEM_Send                0x20003f00   0x1c  Data  Gb  main.o [1]
SEM_SendOver            0x20003f1c   0x1c  Data  Gb  main.o [1]
SEM_Send_Online         0x20003f54   0x1c  Data  Gb  main.o [1]
SEM_ServerTX            0x20003e74   0x1c  Data  Gb  main.o [1]
SEM_Slave_485TX         0x20003e90   0x1c  Data  Gb  main.o [1]
SEM_Slave_mbusTX        0x20003eac   0x1c  Data  Gb  main.o [1]
SPI_Cmd                 0x08008439   0x1c  Code  Gb  stm32f10x_spi.o [1]
SPI_I2S_GetFlagStatus   0x08008489   0x14  Code  Gb  stm32f10x_spi.o [1]
SPI_I2S_ITConfig        0x08008455   0x2c  Code  Gb  stm32f10x_spi.o [1]
SPI_I2S_ReceiveData     0x08008485    0x4  Code  Gb  stm32f10x_spi.o [1]
SPI_I2S_SendData        0x08008481    0x4  Code  Gb  stm32f10x_spi.o [1]
SPI_Init                0x080083f9   0x40  Code  Gb  stm32f10x_spi.o [1]
STK_Config              0x200006b8  0x600  Data  Gb  main.o [1]
STK_Connect             0x200020b8  0x200  Data  Gb  main.o [1]
STK_DealServer          0x200024b8  0x200  Data  Gb  main.o [1]
STK_HeartBeat           0x200022b8  0x200  Data  Gb  main.o [1]
STK_LED1                0x20001ab8  0x200  Data  Gb  main.o [1]
STK_OverLoad            0x200026b8  0x200  Data  Gb  main.o [1]
STK_Read                0x20000cb8  0x600  Data  Gb  main.o [1]
STK_Server              0x20001cb8  0x200  Data  Gb  main.o [1]
STK_Slave               0x20001eb8  0x200  Data  Gb  main.o [1]
STK_Start               0x200018b8  0x200  Data  Gb  main.o [1]
SVC_Handler             0x0800add9    0x2  Code  Gb  stm32f10x_it.o [1]
Server_Post2Buf         0x080045cf   0x1e  Code  Gb  serial.o [1]
Server_Write            0x08004515   0x5c  Code  Gb  serial.o [1]
Server_WriteStr         0x08004571   0x5e  Code  Gb  serial.o [1]
SetSysClock             0x0800adcd    0x2  Code  Lc  system_stm32f10x.o [1]
Slave_Write             0x0800443f   0xd6  Code  Gb  serial.o [1]
Str_Cat                 0x0800559f    0xc  Code  Gb  lib_str.o [1]
Str_Cat_N               0x080055ab   0x62  Code  Gb  lib_str.o [1]
Str_Cmp_N               0x0800560d   0x94  Code  Gb  lib_str.o [1]
Str_Len_N               0x08005585   0x1a  Code  Gb  lib_str.o [1]
Str_Str                 0x080056a1    0xc  Code  Gb  lib_str.o [1]
Str_Str_N               0x080056ad   0xa6  Code  Gb  lib_str.o [1]
SysTick_Handler         0x0800addd    0x8  Code  Gb  stm32f10x_it.o [1]
SystemInit              0x0800ad61   0x54  Code  Gb  system_stm32f10x.o [1]
TCB_Config              0x200035bc   0xb4  Data  Gb  main.o [1]
TCB_Connect             0x20003508   0xb4  Data  Gb  main.o [1]
TCB_DealServer          0x200037d8   0xb4  Data  Gb  main.o [1]
TCB_HeartBeat           0x20003724   0xb4  Data  Gb  main.o [1]
TCB_LED1                0x200032ec   0xb4  Data  Gb  main.o [1]
TCB_OverLoad            0x2000388c   0xb4  Data  Gb  main.o [1]
TCB_Read                0x20003670   0xb4  Data  Gb  main.o [1]
TCB_Server              0x200033a0   0xb4  Data  Gb  main.o [1]
TCB_Slave               0x20003454   0xb4  Data  Gb  main.o [1]
TCB_Start               0x20003238   0xb4  Data  Gb  main.o [1]
TMR_Server              0x20003ce4   0x2c  Data  Gb  main.o [1]
TMR_Server_100          0x20003d3c   0x2c  Data  Gb  main.o [1]
TMR_Server_200          0x20003d68   0x2c  Data  Gb  main.o [1]
TMR_Server_2s           0x20003d10   0x2c  Data  Gb  main.o [1]
TMR_Slave               0x20003d94   0x2c  Data  Gb  main.o [1]
TaskCreate              0x0800a7fd  0x1e4  Code  Gb  main.o [1]
TaskStart               0x0800a72d   0xd0  Code  Gb  main.o [1]
Task_Config             0x08001e55   0x52  Code  Gb  tasks.o [1]
Task_Connect            0x080007a7   0x32  Code  Gb  tasks.o [1]
Task_DealServer         0x0800066d   0xf8  Code  Gb  tasks.o [1]
Task_HeartBeat          0x080007dd  0x10a  Code  Gb  tasks.o [1]
Task_LED1               0x08002aef   0x94  Code  Gb  tasks.o [1]
Task_OverLoad           0x080036c1   0x52  Code  Gb  tasks.o [1]
Task_Read               0x080008e7   0x82  Code  Gb  tasks.o [1]
Task_Server             0x08000485  0x1e6  Code  Gb  tasks.o [1]
Task_Slave              0x080000ed  0x360  Code  Gb  tasks.o [1]
Tmr_ServerCallBack      0x0800066b    0x2  Code  Gb  tasks.o [1]
Tmr_SlaveCallBack       0x0800044d   0x16  Code  Gb  tasks.o [1]
USART1_Handler          0x08004371   0x66  Code  Gb  serial.o [1]
USART1_IRQHandler       0x0800ade5    0x8  Code  Gb  stm32f10x_it.o [1]
USART2_Handler          0x08004309   0x66  Code  Gb  serial.o [1]
USART2_IRQHandler       0x0800aded    0x8  Code  Gb  stm32f10x_it.o [1]
USART3_Handler          0x080043d9   0x66  Code  Gb  serial.o [1]
USART3_IRQHandler       0x0800adf5    0x8  Code  Gb  stm32f10x_it.o [1]
USART_ClearITPendingBit
                        0x08007d1d   0x22  Code  Gb  stm32f10x_usart.o [1]
USART_Cmd               0x08007c85   0x1c  Code  Gb  stm32f10x_usart.o [1]
USART_GetFlagStatus     0x08007d03   0x1a  Code  Gb  stm32f10x_usart.o [1]
USART_ITConfig          0x08007ca1   0x52  Code  Gb  stm32f10x_usart.o [1]
USART_Init              0x08007bc1   0xbe  Code  Gb  stm32f10x_usart.o [1]
USART_ReceiveData       0x08007cfb    0x8  Code  Gb  stm32f10x_usart.o [1]
USART_SendData          0x08007cf3    0x8  Code  Gb  stm32f10x_usart.o [1]
UsageFault_Handler      0x0800add7    0x2  Code  Gb  stm32f10x_it.o [1]
_GenldFullNoMb          0x08008f79  0x262  Code  Lc  xprintffull_nomb.o [3]
_LdtobFullNoMb          0x08008b8d  0x3e6  Code  Lc  xprintffull_nomb.o [3]
_LitobFullNoMb          0x08008a85  0x106  Code  Lc  xprintffull_nomb.o [3]
_PrintfFullNoMb         0x0800849d  0x5e2  Code  Gb  xprintffull_nomb.o [3]
_PutcharsFullNoMb       0x080091db   0x2e  Code  Lc  xprintffull_nomb.o [3]
_SProut                 0x08006963    0xa  Code  Gb  xsprout.o [3]
__aeabi_cdcmple         0x08009dad         Code  Gb  DblCmpLe.o [4]
__aeabi_cdrcmple        0x08009ddd         Code  Gb  DblCmpGe.o [4]
__aeabi_d2iz            0x08009f19         Code  Gb  DblToI32.o [4]
__aeabi_d2uiz           0x08009f45         Code  Gb  DblToI32.o [4]
__aeabi_ddiv            0x0800a2c5         Code  Gb  DblDiv.o [4]
__aeabi_dmul            0x0800a121         Code  Gb  DblMul.o [4]
__aeabi_dsub            0x08009fa1         Code  Gb  DblSub.o [4]
__aeabi_i2d             0x08009f71         Code  Gb  I32ToDbl.o [4]
__aeabi_ldiv0           0x0800a601         Code  Gb  I64DivZer.o [5]
__aeabi_ui2d            0x08009f85         Code  Gb  I32ToDbl.o [4]
__aeabi_uldivmod        0x08009c05         Code  Gb  I64DivMod.o [5]
__cmain                 0x0800ae6d         Code  Gb  cmain.o [5]
__exit                  0x0800ae9d   0x14  Code  Gb  exit.o [6]
__iar_Dnorm             0x08009d6b   0x42  Code  Gb  xdnorm.o [4]
__iar_Dscale            0x08009e0d  0x10c  Code  Gb  xdscale.o [4]
__iar_Memchr            0x08009bad         Code  Gb  memchr.o [5]
__iar_Strchr            0x08009b5d         Code  Gb  strchr.o [5]
__iar_copy_init3        0x0800497f   0x2e  Code  Gb  copy_init3.o [5]
__iar_d2uiz             0x08009f51         Code  Gb  DblToI32.o [4]
__iar_dadd              0x0800a605         Code  Gb  DblAdd.o [4]
__iar_data_init3        0x0800ae05   0x28  Code  Gb  data_init.o [5]
__iar_dsub              0x08009fb5         Code  Gb  DblSub.o [4]
__iar_dsubStart         0x08009fc7         Code  Gb  DblSub.o [4]
__iar_program_start     0x0800b071         Code  Gb  cstartup_M.o [5]
__iar_ui2d              0x08009f89         Code  Gb  I32ToDbl.o [4]
__iar_unaligned___aeabi_memcpy
                        0x08009cf5         Code  Gb  ABImemcpy_unaligned.o [5]
__iar_unaligned___aeabi_memcpy4
                        0x08009d15         Code  Gb  ABImemcpy_unaligned.o [5]
__iar_unaligned___aeabi_memcpy8
                        0x08009d15         Code  Gb  ABImemcpy_unaligned.o [5]
__iar_zero_init3        0x08005753   0x22  Code  Gb  zero_init3.o [5]
__low_level_init        0x0800ae87    0x4  Code  Gb  low_level_init.o [3]
__vector_table          0x08000000         Data  Gb  startup_stm32f10x_md.o [1]
_call_main              0x0800ae79         Code  Gb  cmain.o [5]
_exit                   0x0800ae91         Code  Gb  cexit.o [5]
_main                   0x0800ae83         Code  Gb  cmain.o [5]
ack_query_addr          0x0800346d   0xb0  Code  Gb  tasks.o [1]
ack_query_cjq           0x08002ced  0x146  Code  Gb  tasks.o [1]
ack_query_ip            0x08003525   0xe0  Code  Gb  tasks.o [1]
ack_query_mbus          0x08003605   0xbc  Code  Gb  tasks.o [1]
ack_query_meter         0x08002e41  0x626  Code  Gb  tasks.o [1]
add_cjq                 0x08002711   0xfc  Code  Gb  tasks.o [1]
add_meter               0x08002285  0x172  Code  Gb  tasks.o [1]
apn                     0x20000040    0xc  Data  Gb  m590e.o [1]
at_ccid                 0x08004db1   0x74  Code  Gb  m590e.o [1]
at_cgdcont              0x08004fcd   0x7a  Code  Gb  m590e.o [1]
at_creg                 0x08004ebd   0x9e  Code  Gb  m590e.o [1]
at_csq                  0x08004e25   0x98  Code  Gb  m590e.o [1]
at_dns                  0x08005261   0xa4  Code  Gb  m590e.o [1]
at_tcpsetup             0x0800530d   0x76  Code  Gb  m590e.o [1]
at_xgauth               0x0800504d   0x82  Code  Gb  m590e.o [1]
at_xiic                 0x0800515f   0x72  Code  Gb  m590e.o [1]
at_xisp                 0x08004f5b   0x72  Code  Gb  m590e.o [1]
ate                     0x08004d3f   0x72  Code  Gb  m590e.o [1]
buf                     0x20004034    0x4  Data  Gb  tasks.o [1]
buf_                    0x20004038    0x4  Data  Gb  tasks.o [1]
change_connect          0x080054bd   0x18  Code  Gb  m590e.o [1]
check_cgatt             0x080050cf   0x90  Code  Gb  m590e.o [1]
check_cs                0x08000463   0x20  Code  Gb  tasks.o [1]
check_frame             0x08000765   0x42  Code  Gb  tasks.o [1]
check_str               0x08004d2b   0x14  Code  Gb  m590e.o [1]
check_xiic              0x080051d1   0x90  Code  Gb  m590e.o [1]
cjq_close               0x08001939  0x186  Code  Gb  tasks.o [1]
cjq_open                0x08001765  0x1c6  Code  Gb  tasks.o [1]
connect                 0x08005383   0x9c  Code  Gb  m590e.o [1]
connectstate            0x20004052    0x1  Data  Gb  main.o [1]
delete_cjq              0x0800280d  0x28a  Code  Gb  tasks.o [1]
delete_meter            0x080023fd  0x2b0  Code  Gb  tasks.o [1]
device_ack              0x08002b89   0x9c  Code  Gb  tasks.o [1]
device_nack             0x08002c25   0xa6  Code  Gb  tasks.o [1]
deviceaddr              0x20003fd8    0x8  Data  Gb  m590e.o [1]
div                     0x0800a50b    0xe  Code  Gb  div.o [3]
dns                     0x20000000   0x1c  Data  Gb  m590e.o [1]
exit                    0x0800ae8b    0x4  Code  Gb  exit.o [3]
ip                      0x2000001c   0x14  Data  Gb  m590e.o [1]
ip1                     0x20000072    0x1  Data  Gb  m590e.o [1]
ip2                     0x20000073    0x1  Data  Gb  m590e.o [1]
ip3                     0x20000074    0x1  Data  Gb  m590e.o [1]
ip4                     0x20000075    0x1  Data  Gb  m590e.o [1]
main                    0x0800a6d9   0x52  Code  Gb  main.o [1]
mbus_power              0x08000969   0x3a  Code  Gb  tasks.o [1]
mem_buf                 0x200012b8  0x600  Data  Gb  main.o [1]
mem_isr                 0x20003c6c   0x78  Data  Gb  main.o [1]
memchr                  0x08009bad         Code  Gb  memchr.o [5]
meter_close             0x08001c8d  0x1c8  Code  Gb  tasks.o [1]
meter_control           0x080015a5  0x1b0  Code  Gb  tasks.o [1]
meter_open              0x08001ac5  0x1c0  Code  Gb  tasks.o [1]
meter_read              0x08000aaf  0x2e2  Code  Gb  tasks.o [1]
meter_read_single       0x08000db5  0x1da  Code  Gb  tasks.o [1]
meter_send              0x08000fcd  0x5d4  Code  Gb  tasks.o [1]
param_conf              0x080060cf  0x116  Code  Gb  spi_flash.o [1]
param_config            0x08001eb5  0x354  Code  Gb  tasks.o [1]
param_query             0x08002a9d   0x52  Code  Gb  tasks.o [1]
password                0x20000058    0xc  Data  Gb  m590e.o [1]
port                    0x20000064    0x8  Data  Gb  m590e.o [1]
port_                   0x20000070    0x2  Data  Gb  m590e.o [1]
reading                 0x20004053    0x1  Data  Gb  main.o [1]
relay_1                 0x080009df   0x34  Code  Gb  tasks.o [1]
relay_2                 0x08000a13   0x34  Code  Gb  tasks.o [1]
relay_3                 0x08000a47   0x34  Code  Gb  tasks.o [1]
relay_4                 0x08000a7b   0x34  Code  Gb  tasks.o [1]
relay_485               0x080009a9   0x36  Code  Gb  tasks.o [1]
sFLASH_EraseBulk        0x08005b9d   0x2e  Code  Gb  spi_flash.o [1]
sFLASH_EraseSector      0x08005b59   0x44  Code  Gb  spi_flash.o [1]
sFLASH_EraseWritePage   0x08005c27   0x62  Code  Gb  spi_flash.o [1]
sFLASH_PoolInit         0x08005e1d  0x126  Code  Gb  spi_flash.o [1]
sFLASH_ReadBuffer       0x08005c89   0x56  Code  Gb  spi_flash.o [1]
sFLASH_ReadID           0x08005d3b   0x54  Code  Gb  spi_flash.o [1]
sFLASH_ReadStr          0x08005cdf   0x5c  Code  Gb  spi_flash.o [1]
sFLASH_SendByte         0x08005d8f   0x3a  Code  Gb  spi_flash.o [1]
sFLASH_WaitForWriteEnd  0x08005deb   0x32  Code  Gb  spi_flash.o [1]
sFLASH_WriteEnable      0x08005dc9   0x22  Code  Gb  spi_flash.o [1]
sFLASH_WritePage        0x08005bcb   0x5c  Code  Gb  spi_flash.o [1]
search_cjq              0x080026ad   0x64  Code  Gb  tasks.o [1]
search_meter            0x08002219   0x6c  Code  Gb  tasks.o [1]
send_server             0x0800541f   0x9e  Code  Gb  m590e.o [1]
server_ptr              0x2000403c    0x4  Data  Gb  tasks.o [1]
server_ptr_             0x20004040    0x4  Data  Gb  tasks.o [1]
slave_mbus              0x20000076    0x1  Data  Gb  main.o [1]
sprintf                 0x08006285   0x34  Code  Gb  sprintf.o [3]
start_slave             0x2000405c    0x1  Data  Gb  tasks.o [1]
strchr                  0x08009b5d         Code  Gb  strchr.o [5]
strlen                  0x08009b75         Code  Gb  strlen.o [5]
username                0x2000004c    0xc  Data  Gb  m590e.o [1]


[1] = D:\IAR_Workspace\STM32F103MBUS\Test\Debug\Obj
[2] = command line
[3] = dl7M_tln.a
[4] = m7M_tl.a
[5] = rt7M_tl.a
[6] = shb_l.a

  44 832 bytes of readonly  code memory
     924 bytes of readonly  data memory
  18 524 bytes of readwrite data memory

Errors: none
Warnings: none
