###############################################################################
#
# IAR ELF Linker V7.10.3.6832/W32 for ARM                 07/Jul/2016  13:04:42
# Copyright 2007-2014 IAR Systems AB.
#
#    Output file  =  
#        C:\Users\liuyu\IAR_workspace\Code_Concentrator_MBUS_485\Test\Debug\Exe\Test.out
#    Map file     =  
#        C:\Users\liuyu\IAR_workspace\Code_Concentrator_MBUS_485\Test\Debug\List\Test.map
#    Command line =  
#        C:\Users\liuyu\IAR_workspace\Code_Concentrator_MBUS_485\Test\Debug\Obj\bsp.o
#        C:\Users\liuyu\IAR_workspace\Code_Concentrator_MBUS_485\Test\Debug\Obj\cpu_a.o
#        C:\Users\liuyu\IAR_workspace\Code_Concentrator_MBUS_485\Test\Debug\Obj\cpu_c.o
#        C:\Users\liuyu\IAR_workspace\Code_Concentrator_MBUS_485\Test\Debug\Obj\cpu_core.o
#        C:\Users\liuyu\IAR_workspace\Code_Concentrator_MBUS_485\Test\Debug\Obj\lib_ascii.o
#        C:\Users\liuyu\IAR_workspace\Code_Concentrator_MBUS_485\Test\Debug\Obj\lib_math.o
#        C:\Users\liuyu\IAR_workspace\Code_Concentrator_MBUS_485\Test\Debug\Obj\lib_mem.o
#        C:\Users\liuyu\IAR_workspace\Code_Concentrator_MBUS_485\Test\Debug\Obj\lib_mem_a.o
#        C:\Users\liuyu\IAR_workspace\Code_Concentrator_MBUS_485\Test\Debug\Obj\lib_str.o
#        C:\Users\liuyu\IAR_workspace\Code_Concentrator_MBUS_485\Test\Debug\Obj\main.o
#        C:\Users\liuyu\IAR_workspace\Code_Concentrator_MBUS_485\Test\Debug\Obj\misc.o
#        C:\Users\liuyu\IAR_workspace\Code_Concentrator_MBUS_485\Test\Debug\Obj\os_app_hooks.o
#        C:\Users\liuyu\IAR_workspace\Code_Concentrator_MBUS_485\Test\Debug\Obj\os_cfg_app.o
#        C:\Users\liuyu\IAR_workspace\Code_Concentrator_MBUS_485\Test\Debug\Obj\os_core.o
#        C:\Users\liuyu\IAR_workspace\Code_Concentrator_MBUS_485\Test\Debug\Obj\os_cpu_a.o
#        C:\Users\liuyu\IAR_workspace\Code_Concentrator_MBUS_485\Test\Debug\Obj\os_cpu_c.o
#        C:\Users\liuyu\IAR_workspace\Code_Concentrator_MBUS_485\Test\Debug\Obj\os_dbg.o
#        C:\Users\liuyu\IAR_workspace\Code_Concentrator_MBUS_485\Test\Debug\Obj\os_flag.o
#        C:\Users\liuyu\IAR_workspace\Code_Concentrator_MBUS_485\Test\Debug\Obj\os_int.o
#        C:\Users\liuyu\IAR_workspace\Code_Concentrator_MBUS_485\Test\Debug\Obj\os_mem.o
#        C:\Users\liuyu\IAR_workspace\Code_Concentrator_MBUS_485\Test\Debug\Obj\os_msg.o
#        C:\Users\liuyu\IAR_workspace\Code_Concentrator_MBUS_485\Test\Debug\Obj\os_mutex.o
#        C:\Users\liuyu\IAR_workspace\Code_Concentrator_MBUS_485\Test\Debug\Obj\os_pend_multi.o
#        C:\Users\liuyu\IAR_workspace\Code_Concentrator_MBUS_485\Test\Debug\Obj\os_prio.o
#        C:\Users\liuyu\IAR_workspace\Code_Concentrator_MBUS_485\Test\Debug\Obj\os_q.o
#        C:\Users\liuyu\IAR_workspace\Code_Concentrator_MBUS_485\Test\Debug\Obj\os_sem.o
#        C:\Users\liuyu\IAR_workspace\Code_Concentrator_MBUS_485\Test\Debug\Obj\os_stat.o
#        C:\Users\liuyu\IAR_workspace\Code_Concentrator_MBUS_485\Test\Debug\Obj\os_task.o
#        C:\Users\liuyu\IAR_workspace\Code_Concentrator_MBUS_485\Test\Debug\Obj\os_tick.o
#        C:\Users\liuyu\IAR_workspace\Code_Concentrator_MBUS_485\Test\Debug\Obj\os_time.o
#        C:\Users\liuyu\IAR_workspace\Code_Concentrator_MBUS_485\Test\Debug\Obj\os_tmr.o
#        C:\Users\liuyu\IAR_workspace\Code_Concentrator_MBUS_485\Test\Debug\Obj\os_var.o
#        C:\Users\liuyu\IAR_workspace\Code_Concentrator_MBUS_485\Test\Debug\Obj\readeg.o
#        C:\Users\liuyu\IAR_workspace\Code_Concentrator_MBUS_485\Test\Debug\Obj\serial.o
#        C:\Users\liuyu\IAR_workspace\Code_Concentrator_MBUS_485\Test\Debug\Obj\sim800g.o
#        C:\Users\liuyu\IAR_workspace\Code_Concentrator_MBUS_485\Test\Debug\Obj\spi_flash.o
#        C:\Users\liuyu\IAR_workspace\Code_Concentrator_MBUS_485\Test\Debug\Obj\startup_stm32f10x_md.o
#        C:\Users\liuyu\IAR_workspace\Code_Concentrator_MBUS_485\Test\Debug\Obj\stm32f10x_adc.o
#        C:\Users\liuyu\IAR_workspace\Code_Concentrator_MBUS_485\Test\Debug\Obj\stm32f10x_bkp.o
#        C:\Users\liuyu\IAR_workspace\Code_Concentrator_MBUS_485\Test\Debug\Obj\stm32f10x_can.o
#        C:\Users\liuyu\IAR_workspace\Code_Concentrator_MBUS_485\Test\Debug\Obj\stm32f10x_cec.o
#        C:\Users\liuyu\IAR_workspace\Code_Concentrator_MBUS_485\Test\Debug\Obj\stm32f10x_crc.o
#        C:\Users\liuyu\IAR_workspace\Code_Concentrator_MBUS_485\Test\Debug\Obj\stm32f10x_dac.o
#        C:\Users\liuyu\IAR_workspace\Code_Concentrator_MBUS_485\Test\Debug\Obj\stm32f10x_dbgmcu.o
#        C:\Users\liuyu\IAR_workspace\Code_Concentrator_MBUS_485\Test\Debug\Obj\stm32f10x_dma.o
#        C:\Users\liuyu\IAR_workspace\Code_Concentrator_MBUS_485\Test\Debug\Obj\stm32f10x_exti.o
#        C:\Users\liuyu\IAR_workspace\Code_Concentrator_MBUS_485\Test\Debug\Obj\stm32f10x_flash.o
#        C:\Users\liuyu\IAR_workspace\Code_Concentrator_MBUS_485\Test\Debug\Obj\stm32f10x_fsmc.o
#        C:\Users\liuyu\IAR_workspace\Code_Concentrator_MBUS_485\Test\Debug\Obj\stm32f10x_gpio.o
#        C:\Users\liuyu\IAR_workspace\Code_Concentrator_MBUS_485\Test\Debug\Obj\stm32f10x_i2c.o
#        C:\Users\liuyu\IAR_workspace\Code_Concentrator_MBUS_485\Test\Debug\Obj\stm32f10x_it.o
#        C:\Users\liuyu\IAR_workspace\Code_Concentrator_MBUS_485\Test\Debug\Obj\stm32f10x_iwdg.o
#        C:\Users\liuyu\IAR_workspace\Code_Concentrator_MBUS_485\Test\Debug\Obj\stm32f10x_pwr.o
#        C:\Users\liuyu\IAR_workspace\Code_Concentrator_MBUS_485\Test\Debug\Obj\stm32f10x_rcc.o
#        C:\Users\liuyu\IAR_workspace\Code_Concentrator_MBUS_485\Test\Debug\Obj\stm32f10x_rtc.o
#        C:\Users\liuyu\IAR_workspace\Code_Concentrator_MBUS_485\Test\Debug\Obj\stm32f10x_sdio.o
#        C:\Users\liuyu\IAR_workspace\Code_Concentrator_MBUS_485\Test\Debug\Obj\stm32f10x_spi.o
#        C:\Users\liuyu\IAR_workspace\Code_Concentrator_MBUS_485\Test\Debug\Obj\stm32f10x_tim.o
#        C:\Users\liuyu\IAR_workspace\Code_Concentrator_MBUS_485\Test\Debug\Obj\stm32f10x_usart.o
#        C:\Users\liuyu\IAR_workspace\Code_Concentrator_MBUS_485\Test\Debug\Obj\stm32f10x_wwdg.o
#        C:\Users\liuyu\IAR_workspace\Code_Concentrator_MBUS_485\Test\Debug\Obj\system_stm32f10x.o
#        C:\Users\liuyu\IAR_workspace\Code_Concentrator_MBUS_485\Test\Debug\Obj\tasks.o
#        C:\Users\liuyu\IAR_workspace\Code_Concentrator_MBUS_485\Test\Debug\Obj\timestamp.o
#        -o
#        C:\Users\liuyu\IAR_workspace\Code_Concentrator_MBUS_485\Test\Debug\Exe\Test.out
#        --map
#        C:\Users\liuyu\IAR_workspace\Code_Concentrator_MBUS_485\Test\Debug\List\Test.map
#        --config
#        C:\Users\liuyu\IAR_workspace\Code_Concentrator_MBUS_485\Test\Test.icf
#        --semihosting --entry __iar_program_start --vfe
#
###############################################################################

*******************************************************************************
*** RUNTIME MODEL ATTRIBUTES
***

CppFlavor       = *
__SystemLibrary = DLib


*******************************************************************************
*** PLACEMENT SUMMARY
***

"A1":  place at 0x08000000 { ro section .intvec };
"P1":  place in [from 0x08000000 to 0x0801ffff] { ro };
"P2":  place in [from 0x20000000 to 0x20004fff] { rw, block CSTACK, block HEAP };

  Section             Kind        Address    Size  Object
  -------             ----        -------    ----  ------
"A1":                                        0xec
  .intvec             ro code  0x08000000    0xec  startup_stm32f10x_md.o [1]
                             - 0x080000ec    0xec

"P1":                                      0xd088
  .text               ro code  0x080000ec  0x4728  tasks.o [1]
  .text               ro code  0x08004814   0x384  os_q.o [1]
  .text               ro code  0x08004b98   0x180  os_mem.o [1]
  .text               ro code  0x08004d18   0x11c  lib_mem.o [1]
  .text               ro code  0x08004e34   0x400  serial.o [1]
  .text               ro code  0x08005234   0x110  os_time.o [1]
  .text               ro code  0x08005344   0x778  sim800g.o [1]
  .text               ro code  0x08005abc   0x21e  lib_str.o [1]
  .text               ro code  0x08005cda    0x2e  copy_init3.o [5]
  .text               ro code  0x08005d08   0x302  os_sem.o [1]
  .text               ro code  0x0800600a    0x22  zero_init3.o [5]
  CODE                ro code  0x0800602c   0x220  lib_mem_a.o [1]
  CODE                ro code  0x0800624c    0x34  cpu_a.o [1]
  .text               ro code  0x08006280   0x1c4  stm32f10x_gpio.o [1]
  .text               ro code  0x08006444   0x3d0  os_mutex.o [1]
  .text               ro code  0x08006814   0xaa8  readeg.o [1]
  .text               ro code  0x080072bc   0x934  spi_flash.o [1]
  .text               ro code  0x08007bf0   0x530  os_tmr.o [1]
  .text               ro code  0x08008120    0x34  sprintf.o [3]
  .text               ro code  0x08008154   0x6aa  os_flag.o [1]
  .text               ro code  0x080087fe     0xa  xsprout.o [3]
  .text               ro code  0x08008808   0x1fc  os_msg.o [1]
  .text               ro code  0x08008a04   0x988  os_core.o [1]
  .text               ro code  0x0800938c    0x3c  timestamp.o [1]
  .text               ro code  0x080093c8   0x17e  stm32f10x_usart.o [1]
  .rodata             const    0x08009546     0x2  os_cfg_app.o [1]
  .text               ro code  0x08009548    0xc8  stm32f10x_exti.o [1]
  .text               ro code  0x08009610   0x418  os_tick.o [1]
  .text               ro code  0x08009a28   0x1d8  os_cpu_c.o [1]
  .text               ro code  0x08009c00   0x694  os_task.o [1]
  .text               ro code  0x0800a294     0x8  atoi.o [3]
  .text               ro code  0x0800a29c    0x88  os_prio.o [1]
  .text               ro code  0x0800a324    0x14  memset.o [3]
  .text               ro code  0x0800a338    0xa4  stm32f10x_spi.o [1]
  .text               ro code  0x0800a3dc   0xd86  xprintffull_nomb.o [3]
  .rodata             const    0x0800b162     0x2  os_cfg_app.o [1]
  .text               ro code  0x0800b164    0xac  os_cfg_app.o [1]
  CODE                ro code  0x0800b210    0x84  os_cpu_a.o [1]
  .text               ro code  0x0800b294   0x4d6  bsp.o [1]
  .rodata             const    0x0800b76a     0x2  os_cfg_app.o [1]
  .text               ro code  0x0800b76c    0x4c  cpu_core.o [1]
  .text               ro code  0x0800b7b8   0x258  stm32f10x_rcc.o [1]
  .text               ro code  0x0800ba10   0x19c  xstoul.o [3]
  .text               ro code  0x0800bbac    0x66  ABImemset.o [5]
  .rodata             const    0x0800bc12     0x1  os_cfg_app.o [1]
  .rodata             const    0x0800bc13     0x1  os_cfg_app.o [1]
  .text               ro code  0x0800bc14    0x16  strchr.o [5]
  .text               ro code  0x0800bc2c    0x36  strlen.o [5]
  .text               ro code  0x0800bc64    0x58  memchr.o [5]
  .text               ro code  0x0800bcbc    0xee  I64DivMod.o [5]
  .text               ro code  0x0800bdac    0x76  ABImemcpy_unaligned.o [5]
  .text               ro code  0x0800be22    0x42  xdnorm.o [4]
  .text               ro code  0x0800be64    0x2e  DblCmpLe.o [4]
  .text               ro code  0x0800be94    0x2e  DblCmpGe.o [4]
  .text               ro code  0x0800bec4   0x10c  xdscale.o [4]
  .text               ro code  0x0800bfd0    0x58  DblToI32.o [4]
  .text               ro code  0x0800c028    0x30  I32ToDbl.o [4]
  .text               ro code  0x0800c058   0x180  DblSub.o [4]
  .text               ro code  0x0800c1d8   0x1a2  DblMul.o [4]
  .text               ro code  0x0800c37c   0x246  DblDiv.o [4]
  .text               ro code  0x0800c5c2     0xe  div.o [3]
  .text               ro code  0x0800c5d0    0x3c  stm32f10x_flash.o [1]
  .text               ro code  0x0800c60c    0x80  misc.o [1]
  .text               ro code  0x0800c68c    0x2c  stm32f10x_iwdg.o [1]
  .text               ro code  0x0800c6b8     0xc  errno.o [3]
  .text               ro code  0x0800c6c4     0x2  I64DivZer.o [5]
  .text               ro code  0x0800c6c8    0xd4  DblAdd.o [4]
  .text               ro code  0x0800c79c     0x2  xtls.o [3]
  .text               ro code  0x0800c7a0   0x518  main.o [1]
  .text               ro code  0x0800ccb8    0x6e  system_stm32f10x.o [1]
  .text               ro code  0x0800cd26    0x36  stm32f10x_it.o [1]
  .text               ro code  0x0800cd5c    0x28  data_init.o [5]
  .iar.init_table     const    0x0800cd84    0x24  - Linker created -
  .text               ro code  0x0800cda8    0x1a  cmain.o [5]
  .text               ro code  0x0800cdc2     0x4  low_level_init.o [3]
  .text               ro code  0x0800cdc6     0x4  exit.o [3]
  .text               ro code  0x0800cdcc     0xa  cexit.o [5]
  .text               ro code  0x0800cdd8    0x14  exit.o [6]
  .rodata             const    0x0800cdec    0x18  os_tmr.o [1]
  .rodata             const    0x0800ce04    0x18  sim800g.o [1]
  .rodata             const    0x0800ce1c    0x14  os_core.o [1]
  .rodata             const    0x0800ce30    0x14  os_tick.o [1]
  .rodata             const    0x0800ce44    0x14  sim800g.o [1]
  .rodata             const    0x0800ce58    0x10  sim800g.o [1]
  .rodata             const    0x0800ce68    0x10  sim800g.o [1]
  .text               ro code  0x0800ce78    0x10  startup_stm32f10x_md.o [1]
  .rodata             const    0x0800ce88     0xc  main.o [1]
  .rodata             const    0x0800ce94     0xc  main.o [1]
  .rodata             const    0x0800cea0     0xc  main.o [1]
  .rodata             const    0x0800ceac     0xc  sim800g.o [1]
  .rodata             const    0x0800ceb8     0xc  sim800g.o [1]
  .rodata             const    0x0800cec4     0xc  sim800g.o [1]
  .rodata             const    0x0800ced0     0xc  sim800g.o [1]
  .rodata             const    0x0800cedc     0xc  sim800g.o [1]
  .rodata             const    0x0800cee8     0xc  sim800g.o [1]
  .rodata             const    0x0800cef4     0xc  sim800g.o [1]
  .rodata             const    0x0800cf00     0xc  sim800g.o [1]
  .rodata             const    0x0800cf0c     0xc  sim800g.o [1]
  .text               ro code  0x0800cf18     0xc  cstartup_M.o [5]
  .rodata             const    0x0800cf24     0x8  main.o [1]
  .rodata             const    0x0800cf2c     0x8  main.o [1]
  .rodata             const    0x0800cf34     0x8  main.o [1]
  .rodata             const    0x0800cf3c     0x8  main.o [1]
  .rodata             const    0x0800cf44     0x8  main.o [1]
  .rodata             const    0x0800cf4c     0x8  main.o [1]
  .rodata             const    0x0800cf54     0x8  main.o [1]
  .rodata             const    0x0800cf5c     0x8  main.o [1]
  .rodata             const    0x0800cf64     0x8  main.o [1]
  .rodata             const    0x0800cf6c     0x8  main.o [1]
  .rodata             const    0x0800cf74     0x8  main.o [1]
  .rodata             const    0x0800cf7c     0x8  main.o [1]
  .rodata             const    0x0800cf84     0x8  main.o [1]
  .rodata             const    0x0800cf8c     0x8  main.o [1]
  .rodata             const    0x0800cf94     0x8  os_task.o [1]
  .rodata             const    0x0800cf9c     0x8  sim800g.o [1]
  .rodata             const    0x0800cfa4     0x8  sim800g.o [1]
  .rodata             const    0x0800cfac     0x8  sim800g.o [1]
  .rodata             const    0x0800cfb4     0x8  tasks.o [1]
  .rodata             const    0x0800cfbc     0x8  tasks.o [1]
  .rodata             const    0x0800cfc4     0x8  tasks.o [1]
  .rodata             const    0x0800cfcc     0x8  tasks.o [1]
  .rodata             const    0x0800cfd4     0x8  tasks.o [1]
  .rodata             const    0x0800cfdc     0x4  os_cfg_app.o [1]
  .rodata             const    0x0800cfe0     0x4  os_cfg_app.o [1]
  .rodata             const    0x0800cfe4     0x4  os_cfg_app.o [1]
  .rodata             const    0x0800cfe8     0x4  os_cfg_app.o [1]
  .rodata             const    0x0800cfec     0x4  os_cfg_app.o [1]
  .rodata             const    0x0800cff0     0x4  os_cfg_app.o [1]
  .rodata             const    0x0800cff4     0x4  os_cfg_app.o [1]
  .rodata             const    0x0800cff8     0x4  os_cfg_app.o [1]
  .rodata             const    0x0800cffc     0x4  os_cfg_app.o [1]
  .rodata             const    0x0800d000     0x4  os_cfg_app.o [1]
  .rodata             const    0x0800d004     0x4  os_cfg_app.o [1]
  .rodata             const    0x0800d008     0x4  os_cfg_app.o [1]
  .rodata             const    0x0800d00c     0x4  os_cfg_app.o [1]
  .rodata             const    0x0800d010     0x4  os_cfg_app.o [1]
  .rodata             const    0x0800d014     0x4  os_cfg_app.o [1]
  .rodata             const    0x0800d018     0x4  os_cfg_app.o [1]
  .rodata             const    0x0800d01c     0x4  os_cfg_app.o [1]
  .rodata             const    0x0800d020     0x4  os_cfg_app.o [1]
  .rodata             const    0x0800d024     0x4  os_cfg_app.o [1]
  .rodata             const    0x0800d028     0x4  os_cfg_app.o [1]
  .rodata             const    0x0800d02c     0x4  os_cfg_app.o [1]
  .rodata             const    0x0800d030     0x4  os_cfg_app.o [1]
  .rodata             const    0x0800d034     0x4  os_cfg_app.o [1]
  .rodata             const    0x0800d038     0x4  sim800g.o [1]
  .text               ro code  0x0800d03c     0x4  startup_stm32f10x_md.o [1]
  .text               ro code  0x0800d040     0x4  startup_stm32f10x_md.o [1]
  .text               ro code  0x0800d044     0x4  startup_stm32f10x_md.o [1]
  .text               ro code  0x0800d048     0x4  startup_stm32f10x_md.o [1]
  .text               ro code  0x0800d04c     0x4  startup_stm32f10x_md.o [1]
  .text               ro code  0x0800d050     0x4  startup_stm32f10x_md.o [1]
  .text               ro code  0x0800d054     0x4  startup_stm32f10x_md.o [1]
  .text               ro code  0x0800d058     0x4  startup_stm32f10x_md.o [1]
  .text               ro code  0x0800d05c     0x4  startup_stm32f10x_md.o [1]
  .text               ro code  0x0800d060     0x4  startup_stm32f10x_md.o [1]
  .text               ro code  0x0800d064     0x4  startup_stm32f10x_md.o [1]
  .text               ro code  0x0800d068     0x4  startup_stm32f10x_md.o [1]
  .text               ro code  0x0800d06c     0x4  startup_stm32f10x_md.o [1]
  .text               ro code  0x0800d070     0x4  startup_stm32f10x_md.o [1]
  .text               ro code  0x0800d074     0x4  startup_stm32f10x_md.o [1]
  .text               ro code  0x0800d078     0x4  startup_stm32f10x_md.o [1]
  .text               ro code  0x0800d07c     0x4  startup_stm32f10x_md.o [1]
  .text               ro code  0x0800d080     0x4  startup_stm32f10x_md.o [1]
  .text               ro code  0x0800d084     0x4  startup_stm32f10x_md.o [1]
  .text               ro code  0x0800d088     0x4  startup_stm32f10x_md.o [1]
  .text               ro code  0x0800d08c     0x4  startup_stm32f10x_md.o [1]
  .text               ro code  0x0800d090     0x4  startup_stm32f10x_md.o [1]
  .text               ro code  0x0800d094     0x4  startup_stm32f10x_md.o [1]
  .text               ro code  0x0800d098     0x4  startup_stm32f10x_md.o [1]
  .text               ro code  0x0800d09c     0x4  startup_stm32f10x_md.o [1]
  .text               ro code  0x0800d0a0     0x4  startup_stm32f10x_md.o [1]
  .text               ro code  0x0800d0a4     0x4  startup_stm32f10x_md.o [1]
  .text               ro code  0x0800d0a8     0x4  startup_stm32f10x_md.o [1]
  .text               ro code  0x0800d0ac     0x4  startup_stm32f10x_md.o [1]
  .text               ro code  0x0800d0b0     0x4  startup_stm32f10x_md.o [1]
  .text               ro code  0x0800d0b4     0x4  startup_stm32f10x_md.o [1]
  .text               ro code  0x0800d0b8     0x4  startup_stm32f10x_md.o [1]
  .text               ro code  0x0800d0bc     0x4  startup_stm32f10x_md.o [1]
  .text               ro code  0x0800d0c0     0x4  startup_stm32f10x_md.o [1]
  .text               ro code  0x0800d0c4     0x4  startup_stm32f10x_md.o [1]
  .text               ro code  0x0800d0c8     0x4  startup_stm32f10x_md.o [1]
  .text               ro code  0x0800d0cc     0x4  startup_stm32f10x_md.o [1]
  .text               ro code  0x0800d0d0     0x4  startup_stm32f10x_md.o [1]
  .text               ro code  0x0800d0d4     0x4  startup_stm32f10x_md.o [1]
  .rodata             const    0x0800d0d8     0x0  zero_init3.o [5]
  .rodata             const    0x0800d0d8     0x0  copy_init3.o [5]
  Initializer bytes   ro data  0x0800d0d8    0x9c  <for P2 s0>
                             - 0x0800d174  0xd088

"P2", part 1 of 3:                           0x9c
  P2 s0                        0x20000000    0x9c  <Init block>
    .data             inited   0x20000000    0x50  sim800g.o [1]
    .data             inited   0x20000050    0x14  sim800g.o [1]
    .data             inited   0x20000064    0x10  stm32f10x_rcc.o [1]
    .data             inited   0x20000074     0x8  sim800g.o [1]
    .data             inited   0x2000007c     0x8  sim800g.o [1]
    .data             inited   0x20000084     0x4  stm32f10x_rcc.o [1]
    .data             inited   0x20000088     0x4  tasks.o [1]
    __DLIB_PERTHREAD  inited   0x2000008c     0x4  errno.o [3]
    .data             inited   0x20000090     0x2  sim800g.o [1]
    .data             inited   0x20000092     0x1  main.o [1]
    .data             inited   0x20000093     0x1  main.o [1]
    .data             inited   0x20000094     0x1  main.o [1]
    .data             inited   0x20000095     0x1  sim800g.o [1]
    .data             inited   0x20000096     0x1  sim800g.o [1]
    .data             inited   0x20000097     0x1  sim800g.o [1]
    .data             inited   0x20000098     0x1  sim800g.o [1]
                             - 0x2000009c    0x9c

"P2", part 2 of 3:                         0x4c94
  .bss                zero     0x2000009c  0x1000  main.o [1]
  .bss                zero     0x2000109c   0x640  os_cfg_app.o [1]
  .bss                zero     0x200016dc   0x600  main.o [1]
  .bss                zero     0x20001cdc   0x600  main.o [1]
  .bss                zero     0x200022dc   0x600  main.o [1]
  .bss                zero     0x200028dc   0x200  main.o [1]
  .bss                zero     0x20002adc   0x200  main.o [1]
  .bss                zero     0x20002cdc   0x200  main.o [1]
  .bss                zero     0x20002edc   0x200  main.o [1]
  .bss                zero     0x200030dc   0x200  main.o [1]
  .bss                zero     0x200032dc   0x200  main.o [1]
  .bss                zero     0x200034dc   0x200  main.o [1]
  .bss                zero     0x200036dc   0x200  os_cfg_app.o [1]
  .bss                zero     0x200038dc   0x200  os_cfg_app.o [1]
  .bss                zero     0x20003adc   0x200  os_cfg_app.o [1]
  .bss                zero     0x20003cdc   0x200  os_cfg_app.o [1]
  .bss                zero     0x20003edc   0x180  os_var.o [1]
  .bss                zero     0x2000405c    0xb4  main.o [1]
  .bss                zero     0x20004110    0xb4  main.o [1]
  .bss                zero     0x200041c4    0xb4  main.o [1]
  .bss                zero     0x20004278    0xb4  main.o [1]
  .bss                zero     0x2000432c    0xb4  main.o [1]
  .bss                zero     0x200043e0    0xb4  main.o [1]
  .bss                zero     0x20004494    0xb4  main.o [1]
  .bss                zero     0x20004548    0xb4  main.o [1]
  .bss                zero     0x200045fc    0xb4  main.o [1]
  .bss                zero     0x200046b0    0xb4  os_var.o [1]
  .bss                zero     0x20004764    0xb4  os_var.o [1]
  .bss                zero     0x20004818    0xb4  os_var.o [1]
  .bss                zero     0x200048cc    0x88  os_cfg_app.o [1]
  .bss                zero     0x20004954    0x88  os_cfg_app.o [1]
  .bss                zero     0x200049dc    0x78  main.o [1]
  .bss                zero     0x20004a54    0x2c  main.o [1]
  .bss                zero     0x20004a80    0x24  main.o [1]
  .bss                zero     0x20004aa4    0x24  main.o [1]
  .bss                zero     0x20004ac8    0x24  main.o [1]
  .bss                zero     0x20004aec    0x24  main.o [1]
  .bss                zero     0x20004b10    0x24  main.o [1]
  .bss                zero     0x20004b34    0x20  main.o [1]
  .bss                zero     0x20004b54    0x20  main.o [1]
  .bss                zero     0x20004b74    0x1c  main.o [1]
  .bss                zero     0x20004b90    0x1c  main.o [1]
  .bss                zero     0x20004bac    0x1c  main.o [1]
  .bss                zero     0x20004bc8    0x1c  main.o [1]
  .bss                zero     0x20004be4    0x1c  main.o [1]
  .bss                zero     0x20004c00    0x1c  main.o [1]
  .bss                zero     0x20004c1c    0x1c  main.o [1]
  .bss                zero     0x20004c38    0x1c  main.o [1]
  .bss                zero     0x20004c54    0x18  main.o [1]
  .bss                zero     0x20004c6c    0x18  main.o [1]
  .bss                zero     0x20004c84    0x10  cpu_core.o [1]
  .bss                zero     0x20004c94     0xc  os_var.o [1]
  .bss                zero     0x20004ca0     0x4  cpu_core.o [1]
  .bss                zero     0x20004ca4     0x4  main.o [1]
  .bss                zero     0x20004ca8     0x4  os_cpu_c.o [1]
  .bss                zero     0x20004cac     0x4  os_prio.o [1]
  .bss                zero     0x20004cb0     0x4  os_var.o [1]
  .bss                zero     0x20004cb4     0x4  os_var.o [1]
  .bss                zero     0x20004cb8     0x4  os_var.o [1]
  .bss                zero     0x20004cbc     0x4  os_var.o [1]
  .bss                zero     0x20004cc0     0x4  os_var.o [1]
  .bss                zero     0x20004cc4     0x4  os_var.o [1]
  .bss                zero     0x20004cc8     0x4  os_var.o [1]
  .bss                zero     0x20004ccc     0x4  os_var.o [1]
  .bss                zero     0x20004cd0     0x4  os_var.o [1]
  .bss                zero     0x20004cd4     0x4  os_var.o [1]
  .bss                zero     0x20004cd8     0x4  os_var.o [1]
  .bss                zero     0x20004cdc     0x4  os_var.o [1]
  .bss                zero     0x20004ce0     0x4  os_var.o [1]
  .bss                zero     0x20004ce4     0x4  os_var.o [1]
  .bss                zero     0x20004ce8     0x4  os_var.o [1]
  .bss                zero     0x20004cec     0x4  os_var.o [1]
  .bss                zero     0x20004cf0     0x4  os_var.o [1]
  .bss                zero     0x20004cf4     0x4  os_var.o [1]
  .bss                zero     0x20004cf8     0x4  tasks.o [1]
  .bss                zero     0x20004cfc     0x4  tasks.o [1]
  .bss                zero     0x20004d00     0x4  tasks.o [1]
  .bss                zero     0x20004d04     0x4  tasks.o [1]
  .bss                zero     0x20004d08     0x2  os_var.o [1]
  .bss                zero     0x20004d0a     0x2  os_var.o [1]
  .bss                zero     0x20004d0c     0x2  os_var.o [1]
  .bss                zero     0x20004d0e     0x2  os_var.o [1]
  .bss                zero     0x20004d10     0x2  os_var.o [1]
  .bss                zero     0x20004d12     0x2  os_var.o [1]
  .bss                zero     0x20004d14     0x2  os_var.o [1]
  .bss                zero     0x20004d16     0x1  main.o [1]
  .bss                zero     0x20004d17     0x1  main.o [1]
  .bss                zero     0x20004d18     0x1  main.o [1]
  .bss                zero     0x20004d19     0x1  os_var.o [1]
  .bss                zero     0x20004d1a     0x1  os_var.o [1]
  .bss                zero     0x20004d1b     0x1  os_var.o [1]
  .bss                zero     0x20004d1c     0x1  os_var.o [1]
  .bss                zero     0x20004d1d     0x1  os_var.o [1]
  .bss                zero     0x20004d1e     0x1  os_var.o [1]
  .bss                zero     0x20004d1f     0x1  os_var.o [1]
  .bss                zero     0x20004d20     0x1  os_var.o [1]
  .bss                zero     0x20004d21     0x1  tasks.o [1]
  .bss                zero     0x20004d22     0x1  tasks.o [1]
  .bss                zero     0x20004d23     0x1  tasks.o [1]
  .bss                zero     0x20004d24     0x1  tasks.o [1]
  .bss                zero     0x20004d25     0x1  tasks.o [1]
  .bss                zero     0x20004d26     0x1  tasks.o [1]
  .bss                zero     0x20004d27     0x1  tasks.o [1]
  .bss                zero     0x20004d28     0x1  tasks.o [1]
                             - 0x20004d29  0x4c8d

"P2", part 3 of 3:                          0x200
  CSTACK                       0x20004d30   0x200  <Block>
    CSTACK            uninit   0x20004d30   0x200  <Block tail>
                             - 0x20004f30   0x200


*******************************************************************************
*** INIT TABLE
***

          Address     Size
          -------     ----
Zero (__iar_zero_init3)
    1 destination range, total size 0x4c8d:
          0x2000009c  0x4c8d

Copy (__iar_copy_init3)
    1 source range, total size 0x9c (101% of destination):
          0x0800d0d8    0x9c
    1 destination range, total size 0x99:
          0x20000000    0x99



*******************************************************************************
*** MODULE SUMMARY
***

    Module                  ro code  ro data  rw data
    ------                  -------  -------  -------
C:\Users\liuyu\IAR_workspace\Code_Concentrator_MBUS_485\Test\Debug\Obj: [1]
    bsp.o                     1 238
    cpu_a.o                      52
    cpu_core.o                   76                20
    lib_mem.o                   284
    lib_mem_a.o                 544
    lib_str.o                   542
    main.o                    1 304      151   14 598
    misc.o                      128
    os_cfg_app.o                172      100    3 920
    os_core.o                 2 440       20
    os_cpu_a.o                  132
    os_cpu_c.o                  472                 4
    os_flag.o                 1 706
    os_mem.o                    384
    os_msg.o                    508
    os_mutex.o                  976
    os_prio.o                   136                 4
    os_q.o                      900
    os_sem.o                    770
    os_task.o                 1 684        8
    os_tick.o                 1 048       20
    os_time.o                   272
    os_tmr.o                  1 328       24
    os_var.o                                    1 030
    readeg.o                  2 728
    serial.o                  1 024
    sim800g.o                 1 912      334      122
    spi_flash.o               2 356
    startup_stm32f10x_md.o      408
    stm32f10x_exti.o            200
    stm32f10x_flash.o            60
    stm32f10x_gpio.o            452
    stm32f10x_it.o               54
    stm32f10x_iwdg.o             44
    stm32f10x_rcc.o             600       20       20
    stm32f10x_spi.o             164
    stm32f10x_usart.o           382
    system_stm32f10x.o          110
    tasks.o                  18 216       44       28
    timestamp.o                  60
    -------------------------------------------------
    Total:                   45 866      721   19 746

command line: [2]
    -------------------------------------------------
    Total:

dl7M_tln.a: [3]
    atoi.o                        8
    div.o                        14
    errno.o                      12        4        4
    exit.o                        4
    low_level_init.o              4
    memset.o                     20
    sprintf.o                    52
    xprintffull_nomb.o        3 462
    xsprout.o                    10
    xstoul.o                    412
    xtls.o                        2
    -------------------------------------------------
    Total:                    4 000        4        4

m7M_tl.a: [4]
    DblAdd.o                    212
    DblCmpGe.o                   46
    DblCmpLe.o                   46
    DblDiv.o                    582
    DblMul.o                    418
    DblSub.o                    384
    DblToI32.o                   88
    I32ToDbl.o                   48
    xdnorm.o                     66
    xdscale.o                   268
    -------------------------------------------------
    Total:                    2 158

rt7M_tl.a: [5]
    ABImemcpy_unaligned.o       118
    ABImemset.o                 102
    I64DivMod.o                 238
    I64DivZer.o                   2
    cexit.o                      10
    cmain.o                      26
    copy_init3.o                 46
    cstartup_M.o                 12
    data_init.o                  40
    memchr.o                     88
    strchr.o                     22
    strlen.o                     54
    zero_init3.o                 34
    -------------------------------------------------
    Total:                      792

shb_l.a: [6]
    exit.o                       20
    -------------------------------------------------
    Total:                       20

    Gaps                         20
    Linker created                        39      512
-----------------------------------------------------
    Grand Total:             52 856      764   20 262


*******************************************************************************
*** ENTRY LIST
***

Entry                      Address    Size  Type      Object
-----                      -------    ----  ----      ------
?main                   0x0800cda9          Code  Gb  cmain.o [5]
ADCPrescTable           0x20000084     0x4  Data  Lc  stm32f10x_rcc.o [1]
APBAHBPrescTable        0x20000064    0x10  Data  Lc  stm32f10x_rcc.o [1]
BSP_CPU_ClkFreq         0x0800b75b    0x10  Code  Gb  bsp.o [1]
BSP_GPIO_Init           0x0800b345   0x1f2  Code  Gb  bsp.o [1]
BSP_IWDG_Init           0x0800b741    0x1a  Code  Gb  bsp.o [1]
BSP_Init                0x0800b295    0xb0  Code  Gb  bsp.o [1]
BSP_NVIC_Init           0x0800b64f    0x6c  Code  Gb  bsp.o [1]
BSP_SPI_Init            0x0800b6bb    0x66  Code  Gb  bsp.o [1]
BSP_USART_Init          0x0800b537   0x118  Code  Gb  bsp.o [1]
BusFault_Handler        0x0800cd2d     0x2  Code  Gb  stm32f10x_it.o [1]
CPU_CntLeadZeros        0x0800626b          Code  Gb  cpu_a.o [1]
CPU_CntTrailZeros       0x08006271          Code  Gb  cpu_a.o [1]
CPU_Init                0x0800b76d     0xc  Code  Gb  cpu_core.o [1]
CPU_IntDis              0x0800624d          Code  Gb  cpu_a.o [1]
CPU_IntEn               0x08006251          Code  Gb  cpu_a.o [1]
CPU_Name                0x20004c84    0x10  Data  Gb  cpu_core.o [1]
CPU_NameClr             0x0800b779    0x1a  Code  Gb  cpu_core.o [1]
CPU_NameInit            0x0800b799     0x8  Code  Lc  cpu_core.o [1]
CPU_RevBits             0x0800627b          Code  Gb  cpu_a.o [1]
CPU_SR_Restore          0x0800625d          Code  Gb  cpu_a.o [1]
CPU_SR_Save             0x08006255          Code  Gb  cpu_a.o [1]
CPU_TS_Init             0x0800b7a1     0xe  Code  Lc  cpu_core.o [1]
CPU_TS_TmrFreqSet       0x0800b793     0x6  Code  Gb  cpu_core.o [1]
CPU_TS_TmrFreq_Hz       0x20004ca0     0x4  Data  Gb  cpu_core.o [1]
CPU_TS_TmrInit          0x0800938d    0x2a  Code  Gb  timestamp.o [1]
CPU_TS_TmrRd            0x080093b7     0x6  Code  Gb  timestamp.o [1]
CPU_WaitForExcept       0x08006267          Code  Gb  cpu_a.o [1]
CPU_WaitForInt          0x08006263          Code  Gb  cpu_a.o [1]
CSTACK$$Base            0x20004d30           --   Gb  - Linker created -
CSTACK$$Limit           0x20004f30           --   Gb  - Linker created -
DebugMon_Handler        0x0800cd33     0x2  Code  Gb  stm32f10x_it.o [1]
Device_Cmd              0x080059e1    0x80  Code  Gb  sim800g.o [1]
Device_Read             0x080051a5    0x34  Code  Gb  serial.o [1]
EXTI15_10_IRQHandler    0x0800cd55     0x8  Code  Gb  stm32f10x_it.o [1]
EXTI_ClearITPendingBit  0x080095f5     0x6  Code  Gb  stm32f10x_exti.o [1]
EXTI_GetITStatus        0x080095d1    0x24  Code  Gb  stm32f10x_exti.o [1]
EXTI_Init               0x08009549    0x88  Code  Gb  stm32f10x_exti.o [1]
FLAG_Event              0x20004c38    0x1c  Data  Gb  main.o [1]
FLASH_PrefetchBufferCmd
                        0x0800c5e9    0x20  Code  Gb  stm32f10x_flash.o [1]
FLASH_SetLatency        0x0800c5d1    0x18  Code  Gb  stm32f10x_flash.o [1]
GPIO_EXTILineConfig     0x080063e9    0x50  Code  Gb  stm32f10x_gpio.o [1]
GPIO_Init               0x08006281    0xc8  Code  Gb  stm32f10x_gpio.o [1]
GPIO_PinRemapConfig     0x0800636b    0x7e  Code  Gb  stm32f10x_gpio.o [1]
GPIO_ReadInputDataBit   0x08006349    0x16  Code  Gb  stm32f10x_gpio.o [1]
GPIO_ResetBits          0x08006365     0x6  Code  Gb  stm32f10x_gpio.o [1]
GPIO_SetBits            0x0800635f     0x6  Code  Gb  stm32f10x_gpio.o [1]
GetFlash                0x08007817   0x12e  Code  Gb  spi_flash.o [1]
HardFault_Handler       0x0800cd29     0x2  Code  Gb  stm32f10x_it.o [1]
IWDG_Enable             0x0800c6a7     0xa  Code  Gb  stm32f10x_iwdg.o [1]
IWDG_ReloadCounter      0x0800c69d     0xa  Code  Gb  stm32f10x_iwdg.o [1]
IWDG_SetPrescaler       0x0800c695     0x8  Code  Gb  stm32f10x_iwdg.o [1]
IWDG_WriteAccessCmd     0x0800c68d     0x8  Code  Gb  stm32f10x_iwdg.o [1]
MEM_Buf                 0x20004c54    0x18  Data  Gb  main.o [1]
MEM_ISR                 0x20004c6c    0x18  Data  Gb  main.o [1]
MUTEX_CONFIGFLASH       0x20004b34    0x20  Data  Gb  main.o [1]
MUTEX_SENDSERVER        0x20004b54    0x20  Data  Gb  main.o [1]
MemManage_Handler       0x0800cd2b     0x2  Code  Gb  stm32f10x_it.o [1]
Mem_Clr                 0x08004d19     0xc  Code  Gb  lib_mem.o [1]
Mem_Cmp                 0x08004d7f    0xb6  Code  Gb  lib_mem.o [1]
Mem_Copy                0x0800602d          Code  Gb  lib_mem_a.o [1]
Mem_Set                 0x08004d25    0x5a  Code  Gb  lib_mem.o [1]
NMI_Handler             0x0800cd27     0x2  Code  Gb  stm32f10x_it.o [1]
NVIC_Init               0x0800c617    0x62  Code  Gb  misc.o [1]
NVIC_PriorityGroupConfig
                        0x0800c60d     0xa  Code  Gb  misc.o [1]
OSCfg_DataSizeRAM       0x0800d034     0x4  Data  Gb  os_cfg_app.o [1]
OSCfg_ISRStk            0x200038dc   0x200  Data  Gb  os_cfg_app.o [1]
OSCfg_ISRStkBasePtr     0x0800cfec     0x4  Data  Gb  os_cfg_app.o [1]
OSCfg_ISRStkSize        0x0800cff0     0x4  Data  Gb  os_cfg_app.o [1]
OSCfg_ISRStkSizeRAM     0x0800cff4     0x4  Data  Gb  os_cfg_app.o [1]
OSCfg_IdleTaskStk       0x200036dc   0x200  Data  Gb  os_cfg_app.o [1]
OSCfg_IdleTaskStkBasePtr
                        0x0800cfdc     0x4  Data  Gb  os_cfg_app.o [1]
OSCfg_IdleTaskStkLimit  0x0800cfe0     0x4  Data  Gb  os_cfg_app.o [1]
OSCfg_IdleTaskStkSize   0x0800cfe4     0x4  Data  Gb  os_cfg_app.o [1]
OSCfg_IdleTaskStkSizeRAM
                        0x0800cfe8     0x4  Data  Gb  os_cfg_app.o [1]
OSCfg_Init              0x0800b165    0xac  Code  Gb  os_cfg_app.o [1]
OSCfg_MsgPool           0x2000109c   0x640  Data  Gb  os_cfg_app.o [1]
OSCfg_MsgPoolBasePtr    0x0800cffc     0x4  Data  Gb  os_cfg_app.o [1]
OSCfg_MsgPoolSize       0x08009546     0x2  Data  Gb  os_cfg_app.o [1]
OSCfg_MsgPoolSizeRAM    0x0800cff8     0x4  Data  Gb  os_cfg_app.o [1]
OSCfg_StkSizeMin        0x0800d000     0x4  Data  Gb  os_cfg_app.o [1]
OSCfg_TickRate_Hz       0x0800d004     0x4  Data  Gb  os_cfg_app.o [1]
OSCfg_TickTaskPrio      0x0800bc12     0x1  Data  Gb  os_cfg_app.o [1]
OSCfg_TickTaskStk       0x20003adc   0x200  Data  Gb  os_cfg_app.o [1]
OSCfg_TickTaskStkBasePtr
                        0x0800d008     0x4  Data  Gb  os_cfg_app.o [1]
OSCfg_TickTaskStkLimit  0x0800d00c     0x4  Data  Gb  os_cfg_app.o [1]
OSCfg_TickTaskStkSize   0x0800d010     0x4  Data  Gb  os_cfg_app.o [1]
OSCfg_TickTaskStkSizeRAM
                        0x0800d014     0x4  Data  Gb  os_cfg_app.o [1]
OSCfg_TickWheel         0x200048cc    0x88  Data  Gb  os_cfg_app.o [1]
OSCfg_TickWheelSize     0x0800b162     0x2  Data  Gb  os_cfg_app.o [1]
OSCfg_TickWheelSizeRAM  0x0800d018     0x4  Data  Gb  os_cfg_app.o [1]
OSCfg_TmrTaskPrio       0x0800bc13     0x1  Data  Gb  os_cfg_app.o [1]
OSCfg_TmrTaskRate_Hz    0x0800d01c     0x4  Data  Gb  os_cfg_app.o [1]
OSCfg_TmrTaskStk        0x20003cdc   0x200  Data  Gb  os_cfg_app.o [1]
OSCfg_TmrTaskStkBasePtr
                        0x0800d020     0x4  Data  Gb  os_cfg_app.o [1]
OSCfg_TmrTaskStkLimit   0x0800d024     0x4  Data  Gb  os_cfg_app.o [1]
OSCfg_TmrTaskStkSize    0x0800d028     0x4  Data  Gb  os_cfg_app.o [1]
OSCfg_TmrTaskStkSizeRAM
                        0x0800d02c     0x4  Data  Gb  os_cfg_app.o [1]
OSCfg_TmrWheel          0x20004954    0x88  Data  Gb  os_cfg_app.o [1]
OSCfg_TmrWheelSize      0x0800b76a     0x2  Data  Gb  os_cfg_app.o [1]
OSCfg_TmrWheelSizeRAM   0x0800d030     0x4  Data  Gb  os_cfg_app.o [1]
OSFlagCreate            0x08008155    0x66  Code  Gb  os_flag.o [1]
OSFlagPend              0x080081bb   0x40c  Code  Gb  os_flag.o [1]
OSFlagPost              0x080085c7    0x5e  Code  Gb  os_flag.o [1]
OSFlagQty               0x20004d08     0x2  Data  Gb  os_var.o [1]
OSIdleTaskCtr           0x20004ccc     0x4  Data  Gb  os_var.o [1]
OSIdleTaskHook          0x08009a29    0x12  Code  Gb  os_cpu_c.o [1]
OSIdleTaskTCB           0x200046b0    0xb4  Data  Gb  os_var.o [1]
OSInit                  0x08008a05   0x150  Code  Gb  os_core.o [1]
OSInitHook              0x08009a3b    0x14  Code  Gb  os_cpu_c.o [1]
OSIntExit               0x08008b55    0xc8  Code  Gb  os_core.o [1]
OSIntNestingCtr         0x20004d19     0x1  Data  Gb  os_var.o [1]
OSMemCreate             0x08004b99    0xd0  Code  Gb  os_mem.o [1]
OSMemGet                0x08004c69    0x46  Code  Gb  os_mem.o [1]
OSMemPut                0x08004caf    0x50  Code  Gb  os_mem.o [1]
OSMemQty                0x20004d0a     0x2  Data  Gb  os_var.o [1]
OSMsgPool               0x20004c94     0xc  Data  Gb  os_var.o [1]
OSMutexCreate           0x08006445    0x68  Code  Gb  os_mutex.o [1]
OSMutexPend             0x080064ad   0x21c  Code  Gb  os_mutex.o [1]
OSMutexPost             0x080066c9   0x126  Code  Gb  os_mutex.o [1]
OSMutexQty              0x20004d0c     0x2  Data  Gb  os_var.o [1]
OSPrioCur               0x20004d1b     0x1  Data  Gb  os_var.o [1]
OSPrioHighRdy           0x20004d1c     0x1  Data  Gb  os_var.o [1]
OSPrioSaved             0x20004d1d     0x1  Data  Gb  os_var.o [1]
OSPrioTbl               0x20004cac     0x4  Data  Gb  os_prio.o [1]
OSQCreate               0x08004815    0x7c  Code  Gb  os_q.o [1]
OSQPend                 0x08004891   0x1be  Code  Gb  os_q.o [1]
OSQPost                 0x08004a4f    0x84  Code  Gb  os_q.o [1]
OSQQty                  0x20004d0e     0x2  Data  Gb  os_var.o [1]
OSRdyList               0x20003edc   0x180  Data  Gb  os_var.o [1]
OSRunning               0x20004d1a     0x1  Data  Gb  os_var.o [1]
OSSched                 0x08008c1d    0x8e  Code  Gb  os_core.o [1]
OSSchedLock             0x08008cab    0x58  Code  Gb  os_core.o [1]
OSSchedLockNestingCtr   0x20004d1e     0x1  Data  Gb  os_var.o [1]
OSSchedRoundRobinDfltTimeQuanta
                        0x20004cd0     0x4  Data  Gb  os_var.o [1]
OSSchedRoundRobinEn     0x20004d1f     0x1  Data  Gb  os_var.o [1]
OSSchedUnlock           0x08008d03    0x72  Code  Gb  os_core.o [1]
OSSemCreate             0x08005d09    0x66  Code  Gb  os_sem.o [1]
OSSemPend               0x08005d6f   0x174  Code  Gb  os_sem.o [1]
OSSemPost               0x08005ee3    0x60  Code  Gb  os_sem.o [1]
OSSemQty                0x20004d10     0x2  Data  Gb  os_var.o [1]
OSStart                 0x08008d75    0x64  Code  Gb  os_core.o [1]
OSStartHighRdy          0x0800b211          Code  Gb  os_cpu_a.o [1]
OSTCBCurPtr             0x20004cf0     0x4  Data  Gb  os_var.o [1]
OSTCBHighRdyPtr         0x20004cf4     0x4  Data  Gb  os_var.o [1]
OSTaskCreate            0x08009c01   0x176  Code  Gb  os_task.o [1]
OSTaskCreateHook        0x08009a4f    0x12  Code  Gb  os_cpu_c.o [1]
OSTaskCtxSwCtr          0x20004cd4     0x4  Data  Gb  os_var.o [1]
OSTaskDel               0x08009d77    0xea  Code  Gb  os_task.o [1]
OSTaskDelHook           0x08009a61    0x12  Code  Gb  os_cpu_c.o [1]
OSTaskQty               0x20004d12     0x2  Data  Gb  os_var.o [1]
OSTaskRegNextAvailID    0x20004d20     0x1  Data  Gb  os_var.o [1]
OSTaskReturnHook        0x08009a73    0x12  Code  Gb  os_cpu_c.o [1]
OSTaskSemPend           0x08009e61   0x1cc  Code  Gb  os_task.o [1]
OSTaskSemPost           0x0800a02d    0x34  Code  Gb  os_task.o [1]
OSTaskStkInit           0x08009a85    0x80  Code  Gb  os_cpu_c.o [1]
OSTaskSwHook            0x08009b05    0x56  Code  Gb  os_cpu_c.o [1]
OSTickCtr               0x20004cd8     0x4  Data  Gb  os_var.o [1]
OSTickTaskTCB           0x20004764    0xb4  Data  Gb  os_var.o [1]
OSTickTaskTimeMax       0x20004cdc     0x4  Data  Gb  os_var.o [1]
OSTimeDly               0x08005235    0xa0  Code  Gb  os_time.o [1]
OSTimeTick              0x080052d5    0x4a  Code  Gb  os_time.o [1]
OSTimeTickHook          0x08009b5b    0x12  Code  Gb  os_cpu_c.o [1]
OSTmrCreate             0x08007bf1    0xb0  Code  Gb  os_tmr.o [1]
OSTmrQty                0x20004d14     0x2  Data  Gb  os_var.o [1]
OSTmrStart              0x08007ca1    0xaa  Code  Gb  os_tmr.o [1]
OSTmrStop               0x08007d4b    0xf0  Code  Gb  os_tmr.o [1]
OSTmrTaskTCB            0x20004818    0xb4  Data  Gb  os_var.o [1]
OSTmrTaskTimeMax        0x20004ce0     0x4  Data  Gb  os_var.o [1]
OSTmrTickCtr            0x20004ce4     0x4  Data  Gb  os_var.o [1]
OSTmrUpdateCnt          0x20004ce8     0x4  Data  Gb  os_var.o [1]
OSTmrUpdateCtr          0x20004cec     0x4  Data  Gb  os_var.o [1]
OS_AppIdleTaskHookPtr   0x20004cbc     0x4  Data  Gb  os_var.o [1]
OS_AppStatTaskHookPtr   0x20004cc0     0x4  Data  Gb  os_var.o [1]
OS_AppTaskCreateHookPtr
                        0x20004cb0     0x4  Data  Gb  os_var.o [1]
OS_AppTaskDelHookPtr    0x20004cb4     0x4  Data  Gb  os_var.o [1]
OS_AppTaskReturnHookPtr
                        0x20004cb8     0x4  Data  Gb  os_var.o [1]
OS_AppTaskSwHookPtr     0x20004cc4     0x4  Data  Gb  os_var.o [1]
OS_AppTimeTickHookPtr   0x20004cc8     0x4  Data  Gb  os_var.o [1]
OS_CPU_ExceptStkBase    0x20004ca8     0x4  Data  Gb  os_cpu_c.o [1]
OS_CPU_SysTickHandler   0x08009b6d    0x24  Code  Gb  os_cpu_c.o [1]
OS_CPU_SysTickInit      0x08009b91    0x2c  Code  Gb  os_cpu_c.o [1]
OS_FlagBlock            0x08008625    0x26  Code  Gb  os_flag.o [1]
OS_FlagInit             0x0800864b     0xc  Code  Gb  os_flag.o [1]
OS_FlagPost             0x0800866d   0x13c  Code  Gb  os_flag.o [1]
OS_FlagTaskRdy          0x080087a9    0x56  Code  Gb  os_flag.o [1]
OS_IdleTask             0x08008dd9    0x24  Code  Gb  os_core.o [1]
OS_IdleTaskInit         0x08008dfd    0x50  Code  Gb  os_core.o [1]
OS_MemInit              0x08004cff     0xc  Code  Gb  os_mem.o [1]
OS_MsgPoolInit          0x08008809    0x86  Code  Gb  os_msg.o [1]
OS_MsgQFreeAll          0x0800888f    0x44  Code  Gb  os_msg.o [1]
OS_MsgQGet              0x080088e7    0x70  Code  Gb  os_msg.o [1]
OS_MsgQInit             0x080088d3    0x14  Code  Gb  os_msg.o [1]
OS_MsgQPut              0x08008957    0xa2  Code  Gb  os_msg.o [1]
OS_MutexInit            0x080067ef     0xc  Code  Gb  os_mutex.o [1]
OS_Pend                 0x08008e4d    0x60  Code  Gb  os_core.o [1]
OS_PendDataInit         0x08008ead    0x34  Code  Gb  os_core.o [1]
OS_PendListChangePrio   0x08008ee1    0x34  Code  Gb  os_core.o [1]
OS_PendListInit         0x08008f15     0xe  Code  Gb  os_core.o [1]
OS_PendListInsertPrio   0x08008f23    0x6e  Code  Gb  os_core.o [1]
OS_PendListRemove       0x08008f91    0x28  Code  Gb  os_core.o [1]
OS_PendListRemove1      0x08008fb9    0x48  Code  Gb  os_core.o [1]
OS_Post                 0x08009001    0xb0  Code  Gb  os_core.o [1]
OS_Post1                0x080090b1    0x26  Code  Gb  os_core.o [1]
OS_PrioGetHighest       0x0800a2b1    0x20  Code  Gb  os_prio.o [1]
OS_PrioInit             0x0800a29d    0x14  Code  Gb  os_prio.o [1]
OS_PrioInsert           0x0800a2d1    0x26  Code  Gb  os_prio.o [1]
OS_PrioRemove           0x0800a2f7    0x28  Code  Gb  os_prio.o [1]
OS_QInit                0x08004ad3     0xc  Code  Gb  os_q.o [1]
OS_QPost                0x08004af5    0xa4  Code  Gb  os_q.o [1]
OS_RdyListInit          0x080090d7    0x24  Code  Gb  os_core.o [1]
OS_RdyListInsert        0x080090fb    0x28  Code  Gb  os_core.o [1]
OS_RdyListInsertHead    0x08009123    0x3a  Code  Gb  os_core.o [1]
OS_RdyListInsertTail    0x0800915d    0x38  Code  Gb  os_core.o [1]
OS_RdyListMoveHeadToTail
                        0x08009195    0x40  Code  Gb  os_core.o [1]
OS_RdyListRemove        0x080091d5    0x5c  Code  Gb  os_core.o [1]
OS_SchedRoundRobin      0x08009231    0x8a  Code  Gb  os_core.o [1]
OS_SemInit              0x08005f43     0xc  Code  Gb  os_sem.o [1]
OS_SemPost              0x08005f65    0xa6  Code  Gb  os_sem.o [1]
OS_TaskBlock            0x08009339    0x3a  Code  Gb  os_core.o [1]
OS_TaskInit             0x0800a061    0x16  Code  Gb  os_task.o [1]
OS_TaskInitTCB          0x0800a077   0x106  Code  Gb  os_task.o [1]
OS_TaskRdy              0x08009373    0x1a  Code  Gb  os_core.o [1]
OS_TaskReturn           0x0800a189    0x14  Code  Gb  os_task.o [1]
OS_TaskSemPost          0x0800a1a9    0xd4  Code  Gb  os_task.o [1]
OS_TickListInit         0x080096d7    0x2a  Code  Gb  os_tick.o [1]
OS_TickListInsert       0x08009701   0x11c  Code  Gb  os_tick.o [1]
OS_TickListRemove       0x0800981d    0x42  Code  Gb  os_tick.o [1]
OS_TickListUpdate       0x0800985f   0x190  Code  Gb  os_tick.o [1]
OS_TickTask             0x08009611    0x28  Code  Gb  os_tick.o [1]
OS_TickTaskInit         0x08009639    0x9e  Code  Gb  os_tick.o [1]
OS_TmrInit              0x08007e3b    0xd4  Code  Gb  os_tmr.o [1]
OS_TmrLink              0x08007f0f    0xd0  Code  Gb  os_tmr.o [1]
OS_TmrTask              0x0800802d    0xaa  Code  Gb  os_tmr.o [1]
OS_TmrUnlink            0x08007fdf    0x4c  Code  Gb  os_tmr.o [1]
ObjCreate               0x0800ca2d   0x176  Code  Gb  main.o [1]
OverLoad                0x080051d9    0x24  Code  Gb  serial.o [1]
PendSV_Handler          0x0800b22f          Code  Gb  os_cpu_a.o [1]
PutFlash                0x08007945   0x134  Code  Gb  spi_flash.o [1]
Q_Config                0x20004aec    0x24  Data  Gb  main.o [1]
Q_Deal                  0x20004b10    0x24  Data  Gb  main.o [1]
Q_Read                  0x20004aa4    0x24  Data  Gb  main.o [1]
Q_ReadData              0x20004ac8    0x24  Data  Gb  main.o [1]
Q_Slave                 0x20004a80    0x24  Data  Gb  main.o [1]
RCC_APB1PeriphClockCmd  0x0800b971    0x20  Code  Gb  stm32f10x_rcc.o [1]
RCC_APB2PeriphClockCmd  0x0800b951    0x20  Code  Gb  stm32f10x_rcc.o [1]
RCC_DeInit              0x0800b7b9    0x60  Code  Gb  stm32f10x_rcc.o [1]
RCC_GetClocksFreq       0x0800b891    0xc0  Code  Gb  stm32f10x_rcc.o [1]
RCC_GetFlagStatus       0x0800b991    0x44  Code  Gb  stm32f10x_rcc.o [1]
RCC_HCLKConfig          0x0800b84b    0x14  Code  Gb  stm32f10x_rcc.o [1]
RCC_LSICmd              0x0800b889     0x8  Code  Gb  stm32f10x_rcc.o [1]
RCC_PCLK1Config         0x0800b85f    0x14  Code  Gb  stm32f10x_rcc.o [1]
RCC_PCLK2Config         0x0800b873    0x16  Code  Gb  stm32f10x_rcc.o [1]
RCC_PLLCmd              0x0800b82f     0x8  Code  Gb  stm32f10x_rcc.o [1]
RCC_PLLConfig           0x0800b819    0x16  Code  Gb  stm32f10x_rcc.o [1]
RCC_SYSCLKConfig        0x0800b837    0x14  Code  Gb  stm32f10x_rcc.o [1]
Region$$Table$$Base     0x0800cd84           --   Gb  - Linker created -
Region$$Table$$Limit    0x0800cda8           --   Gb  - Linker created -
SEM_ACKData             0x20004be4    0x1c  Data  Gb  main.o [1]
SEM_HeartBeat           0x20004bc8    0x1c  Data  Gb  main.o [1]
SEM_Send                0x20004c00    0x1c  Data  Gb  main.o [1]
SEM_SendOver            0x20004c1c    0x1c  Data  Gb  main.o [1]
SEM_ServerTX            0x20004b74    0x1c  Data  Gb  main.o [1]
SEM_Slave_485TX         0x20004b90    0x1c  Data  Gb  main.o [1]
SEM_Slave_mbusTX        0x20004bac    0x1c  Data  Gb  main.o [1]
SPI_Cmd                 0x0800a379    0x1c  Code  Gb  stm32f10x_spi.o [1]
SPI_I2S_GetFlagStatus   0x0800a3c9    0x14  Code  Gb  stm32f10x_spi.o [1]
SPI_I2S_ITConfig        0x0800a395    0x2c  Code  Gb  stm32f10x_spi.o [1]
SPI_I2S_ReceiveData     0x0800a3c5     0x4  Code  Gb  stm32f10x_spi.o [1]
SPI_I2S_SendData        0x0800a3c1     0x4  Code  Gb  stm32f10x_spi.o [1]
SPI_Init                0x0800a339    0x40  Code  Gb  stm32f10x_spi.o [1]
STK_Config              0x200016dc   0x600  Data  Gb  main.o [1]
STK_DealServer          0x200032dc   0x200  Data  Gb  main.o [1]
STK_HeartBeat           0x200030dc   0x200  Data  Gb  main.o [1]
STK_LED                 0x20002adc   0x200  Data  Gb  main.o [1]
STK_OverLoad            0x200034dc   0x200  Data  Gb  main.o [1]
STK_Read                0x20001cdc   0x600  Data  Gb  main.o [1]
STK_Server              0x20002cdc   0x200  Data  Gb  main.o [1]
STK_Slave               0x20002edc   0x200  Data  Gb  main.o [1]
STK_Start               0x200028dc   0x200  Data  Gb  main.o [1]
SVC_Handler             0x0800cd31     0x2  Code  Gb  stm32f10x_it.o [1]
Send_ReadATs            0x08005345    0x2a  Code  Gb  sim800g.o [1]
Server_Post2Buf         0x08005187    0x1e  Code  Gb  serial.o [1]
Server_Write            0x080050cd    0x5c  Code  Gb  serial.o [1]
Server_WriteStr         0x08005129    0x5e  Code  Gb  serial.o [1]
Server_Write_485        0x08005059    0x74  Code  Gb  serial.o [1]
SetSysClock             0x0800cd25     0x2  Code  Lc  system_stm32f10x.o [1]
Slave_Write             0x08004f85    0xd4  Code  Gb  serial.o [1]
Str_Cat                 0x08005ad7     0xc  Code  Gb  lib_str.o [1]
Str_Cat_N               0x08005ae3    0x62  Code  Gb  lib_str.o [1]
Str_Char_N              0x08005bd9    0x50  Code  Gb  lib_str.o [1]
Str_Cmp_N               0x08005b45    0x94  Code  Gb  lib_str.o [1]
Str_Len_N               0x08005abd    0x1a  Code  Gb  lib_str.o [1]
Str_Str                 0x08005c29     0xc  Code  Gb  lib_str.o [1]
Str_Str_N               0x08005c35    0xa6  Code  Gb  lib_str.o [1]
SysTick_Handler         0x0800cd35     0x8  Code  Gb  stm32f10x_it.o [1]
SystemInit              0x0800ccb9    0x54  Code  Gb  system_stm32f10x.o [1]
TCB_Config              0x2000432c    0xb4  Data  Gb  main.o [1]
TCB_DealServer          0x20004548    0xb4  Data  Gb  main.o [1]
TCB_HeartBeat           0x20004494    0xb4  Data  Gb  main.o [1]
TCB_LED                 0x20004110    0xb4  Data  Gb  main.o [1]
TCB_OverLoad            0x200045fc    0xb4  Data  Gb  main.o [1]
TCB_Read                0x200043e0    0xb4  Data  Gb  main.o [1]
TCB_Server              0x200041c4    0xb4  Data  Gb  main.o [1]
TCB_Slave               0x20004278    0xb4  Data  Gb  main.o [1]
TCB_Start               0x2000405c    0xb4  Data  Gb  main.o [1]
TMR_CJQTIMEOUT          0x20004a54    0x2c  Data  Gb  main.o [1]
TaskCreate              0x0800c89d   0x18c  Code  Gb  main.o [1]
TaskStart               0x0800c7f5    0xa8  Code  Gb  main.o [1]
Task_Config             0x0800261f    0x50  Code  Gb  tasks.o [1]
Task_DealServer         0x08000789   0x172  Code  Gb  tasks.o [1]
Task_HeartBeat          0x08000973   0x116  Code  Gb  tasks.o [1]
Task_LED                0x08003a11   0x120  Code  Gb  tasks.o [1]
Task_OverLoad           0x08004741    0x82  Code  Gb  tasks.o [1]
Task_Read               0x08000ac9    0x8e  Code  Gb  tasks.o [1]
Task_Server             0x080005d5   0x1b4  Code  Gb  tasks.o [1]
Task_Slave              0x080000ed   0x4a6  Code  Gb  tasks.o [1]
USART1_Handler          0x08004e35    0x7c  Code  Gb  serial.o [1]
USART1_IRQHandler       0x0800cd3d     0x8  Code  Gb  stm32f10x_it.o [1]
USART2_Handler          0x08004f1d    0x68  Code  Gb  serial.o [1]
USART2_IRQHandler       0x0800cd45     0x8  Code  Gb  stm32f10x_it.o [1]
USART3_Handler          0x08004eb1    0x6a  Code  Gb  serial.o [1]
USART3_IRQHandler       0x0800cd4d     0x8  Code  Gb  stm32f10x_it.o [1]
USART_ClearITPendingBit
                        0x08009525    0x22  Code  Gb  stm32f10x_usart.o [1]
USART_Cmd               0x0800948d    0x1c  Code  Gb  stm32f10x_usart.o [1]
USART_GetFlagStatus     0x0800950b    0x1a  Code  Gb  stm32f10x_usart.o [1]
USART_ITConfig          0x080094a9    0x52  Code  Gb  stm32f10x_usart.o [1]
USART_Init              0x080093c9    0xbe  Code  Gb  stm32f10x_usart.o [1]
USART_ReceiveData       0x08009503     0x8  Code  Gb  stm32f10x_usart.o [1]
USART_SendData          0x080094fb     0x8  Code  Gb  stm32f10x_usart.o [1]
UsageFault_Handler      0x0800cd2f     0x2  Code  Gb  stm32f10x_it.o [1]
_GenldFullNoMb          0x0800aeb9   0x262  Code  Lc  xprintffull_nomb.o [3]
_LdtobFullNoMb          0x0800aacd   0x3e6  Code  Lc  xprintffull_nomb.o [3]
_LitobFullNoMb          0x0800a9c5   0x106  Code  Lc  xprintffull_nomb.o [3]
_PrintfFullNoMb         0x0800a3dd   0x5e2  Code  Gb  xprintffull_nomb.o [3]
_PutcharsFullNoMb       0x0800b11b    0x2e  Code  Lc  xprintffull_nomb.o [3]
_SProut                 0x080087ff     0xa  Code  Gb  xsprout.o [3]
__aeabi_cdcmple         0x0800be65          Code  Gb  DblCmpLe.o [4]
__aeabi_cdrcmple        0x0800be95          Code  Gb  DblCmpGe.o [4]
__aeabi_d2iz            0x0800bfd1          Code  Gb  DblToI32.o [4]
__aeabi_d2uiz           0x0800bffd          Code  Gb  DblToI32.o [4]
__aeabi_ddiv            0x0800c37d          Code  Gb  DblDiv.o [4]
__aeabi_dmul            0x0800c1d9          Code  Gb  DblMul.o [4]
__aeabi_dsub            0x0800c059          Code  Gb  DblSub.o [4]
__aeabi_errno_addr      0x0800c6b9     0x6  Code  Gb  errno.o [3]
__aeabi_i2d             0x0800c029          Code  Gb  I32ToDbl.o [4]
__aeabi_ldiv0           0x0800c6c5          Code  Gb  I64DivZer.o [5]
__aeabi_memset          0x0800bbad          Code  Gb  ABImemset.o [5]
__aeabi_ui2d            0x0800c03d          Code  Gb  I32ToDbl.o [4]
__aeabi_uldivmod        0x0800bcbd          Code  Gb  I64DivMod.o [5]
__cmain                 0x0800cda9          Code  Gb  cmain.o [5]
__exit                  0x0800cdd9    0x14  Code  Gb  exit.o [6]
__iar_Dnorm             0x0800be23    0x42  Code  Gb  xdnorm.o [4]
__iar_Dscale            0x0800bec5   0x10c  Code  Gb  xdscale.o [4]
__iar_Errno             0x2000008c     0x4  Data  Gb  errno.o [3]
__iar_Memchr            0x0800bc65          Code  Gb  memchr.o [5]
__iar_Memset            0x0800bbad          Code  Gb  ABImemset.o [5]
__iar_Memset_word       0x0800bbb5          Code  Gb  ABImemset.o [5]
__iar_Stoul             0x0800bb59     0x4  Code  Gb  xstoul.o [3]
__iar_Stoulx            0x0800ba11   0x142  Code  Gb  xstoul.o [3]
__iar_Strchr            0x0800bc15          Code  Gb  strchr.o [5]
__iar_copy_init3        0x08005cdb    0x2e  Code  Gb  copy_init3.o [5]
__iar_d2uiz             0x0800c009          Code  Gb  DblToI32.o [4]
__iar_dadd              0x0800c6c9          Code  Gb  DblAdd.o [4]
__iar_data_init3        0x0800cd5d    0x28  Code  Gb  data_init.o [5]
__iar_dlib_perthread_access
                        0x0800c79d     0x2  Code  Gb  xtls.o [3]
__iar_dsub              0x0800c06d          Code  Gb  DblSub.o [4]
__iar_dsubStart         0x0800c07f          Code  Gb  DblSub.o [4]
__iar_program_start     0x0800cf19          Code  Gb  cstartup_M.o [5]
__iar_ui2d              0x0800c041          Code  Gb  I32ToDbl.o [4]
__iar_unaligned___aeabi_memcpy
                        0x0800bdad          Code  Gb  ABImemcpy_unaligned.o [5]
__iar_unaligned___aeabi_memcpy4
                        0x0800bdcd          Code  Gb  ABImemcpy_unaligned.o [5]
__iar_unaligned___aeabi_memcpy8
                        0x0800bdcd          Code  Gb  ABImemcpy_unaligned.o [5]
__iar_zero_init3        0x0800600b    0x22  Code  Gb  zero_init3.o [5]
__low_level_init        0x0800cdc3     0x4  Code  Gb  low_level_init.o [3]
__vector_table          0x08000000          Data  Gb  startup_stm32f10x_md.o [1]
_call_main              0x0800cdb5          Code  Gb  cmain.o [5]
_exit                   0x0800cdcd          Code  Gb  cexit.o [5]
_main                   0x0800cdbf          Code  Gb  cmain.o [5]
ack_action              0x20000092     0x1  Data  Gb  main.o [1]
ack_query_ack_action    0x080045b3    0xbe  Code  Gb  tasks.o [1]
ack_query_addr          0x08004269    0xc0  Code  Gb  tasks.o [1]
ack_query_cjq           0x08003be9   0x150  Code  Gb  tasks.o [1]
ack_query_di_seq        0x080044f5    0xbe  Code  Gb  tasks.o [1]
ack_query_ip            0x08004329   0x108  Code  Gb  tasks.o [1]
ack_query_mbus          0x08004435    0xc0  Code  Gb  tasks.o [1]
ack_query_meter         0x08003d45   0x518  Code  Gb  tasks.o [1]
ack_query_protocol      0x08004675    0xbe  Code  Gb  tasks.o [1]
addSEQ                  0x08000943    0x30  Code  Gb  tasks.o [1]
add_cjq                 0x080034e5   0x112  Code  Gb  tasks.o [1]
add_meter               0x08002d79   0x22a  Code  Gb  tasks.o [1]
at_apn                  0x080056fd    0x68  Code  Gb  sim800g.o [1]
at_cipmux               0x08005691    0x6c  Code  Gb  sim800g.o [1]
at_cpin                 0x080053ef    0x8c  Code  Gb  sim800g.o [1]
at_creg                 0x08005563    0x9a  Code  Gb  sim800g.o [1]
at_csq                  0x0800547b    0xe8  Code  Gb  sim800g.o [1]
at_tcpsetup             0x0800585f    0x86  Code  Gb  sim800g.o [1]
at_xiic                 0x08005765    0x74  Code  Gb  sim800g.o [1]
ate_                    0x08005383    0x6c  Code  Gb  sim800g.o [1]
atoi                    0x0800a295     0x8  Code  Gb  atoi.o [3]
ats                     0x20000000    0x50  Data  Gb  sim800g.o [1]
buf                     0x20004cf8     0x4  Data  Gb  tasks.o [1]
buf_                    0x20004cfc     0x4  Data  Gb  tasks.o [1]
change_connect          0x08005a61    0x18  Code  Gb  sim800g.o [1]
check_cgatt             0x080055fd    0x8c  Code  Gb  sim800g.o [1]
check_cs                0x08000593    0x20  Code  Gb  tasks.o [1]
check_eor               0x080005b3    0x20  Code  Gb  tasks.o [1]
check_frame             0x08000901    0x42  Code  Gb  tasks.o [1]
check_str               0x0800536f    0x14  Code  Gb  sim800g.o [1]
check_xiic              0x080057dd    0x82  Code  Gb  sim800g.o [1]
cjq_close               0x08001d9b   0x126  Code  Gb  tasks.o [1]
cjq_isopen              0x20004d28     0x1  Data  Gb  tasks.o [1]
cjq_open                0x08001b75   0x226  Code  Gb  tasks.o [1]
cjq_timeout             0x08001ec5    0x38  Code  Gb  tasks.o [1]
config_flash            0x2000009c  0x1000  Data  Gb  main.o [1]
connect                 0x0800595d    0x84  Code  Gb  sim800g.o [1]
connectstate            0x20004d16     0x1  Data  Gb  main.o [1]
data_seq                0x20004d22     0x1  Data  Gb  tasks.o [1]
delete_cjq              0x08003625   0x348  Code  Gb  tasks.o [1]
delete_meter            0x08002fad   0x4a0  Code  Gb  tasks.o [1]
device_ack              0x08003b35    0xa8  Code  Gb  tasks.o [1]
deviceaddr              0x2000007c     0x8  Data  Gb  sim800g.o [1]
di_seq                  0x20004d18     0x1  Data  Gb  main.o [1]
digits                  0x0800bb5c    0x28  Data  Lc  xstoul.o [3]
div                     0x0800c5c3     0xe  Code  Gb  div.o [3]
exit                    0x0800cdc7     0x4  Code  Gb  exit.o [3]
fe                      0x20000088     0x4  Data  Gb  tasks.o [1]
heart_seq               0x20004d21     0x1  Data  Gb  tasks.o [1]
ip                      0x20000050    0x14  Data  Gb  sim800g.o [1]
ip1                     0x20000095     0x1  Data  Gb  sim800g.o [1]
ip2                     0x20000096     0x1  Data  Gb  sim800g.o [1]
ip3                     0x20000097     0x1  Data  Gb  sim800g.o [1]
ip4                     0x20000098     0x1  Data  Gb  sim800g.o [1]
local_seq               0x20004d23     0x1  Data  Gb  tasks.o [1]
main                    0x0800c7a1    0x52  Code  Gb  main.o [1]
mbus_power              0x08000b57    0x2e  Code  Gb  tasks.o [1]
mem_buf                 0x200022dc   0x600  Data  Gb  main.o [1]
mem_isr                 0x200049dc    0x78  Data  Gb  main.o [1]
memchr                  0x0800bc65          Code  Gb  memchr.o [5]
memset                  0x0800a325    0x14  Code  Gb  memset.o [3]
meter_cjq_eg            0x08006847   0x1f6  Code  Gb  readeg.o [1]
meter_clean             0x080024a3   0x17c  Code  Gb  tasks.o [1]
meter_close             0x080021e5   0x2be  Code  Gb  tasks.o [1]
meter_control           0x08001949   0x216  Code  Gb  tasks.o [1]
meter_open              0x08001f09   0x2c6  Code  Gb  tasks.o [1]
meter_read_188          0x08000d1d   0x36a  Code  Gb  tasks.o [1]
meter_read_eg           0x08000c6f    0x88  Code  Gb  tasks.o [1]
meter_read_single       0x08001095   0x2a0  Code  Gb  tasks.o [1]
meter_send              0x08001379   0x5bc  Code  Gb  tasks.o [1]
meter_single_eg         0x08006815    0x32  Code  Gb  readeg.o [1]
meterdata               0x20004ca4     0x4  Data  Gb  main.o [1]
ndigs                   0x0800bb84    0x28  Data  Lc  xstoul.o [3]
param_conf              0x08007a79    0xca  Code  Gb  spi_flash.o [1]
param_config            0x0800268d   0x672  Code  Gb  tasks.o [1]
param_query             0x0800397d    0x94  Code  Gb  tasks.o [1]
port                    0x20000074     0x8  Data  Gb  sim800g.o [1]
port_                   0x20000090     0x2  Data  Gb  sim800g.o [1]
power_cmd               0x08000a8d    0x3c  Code  Gb  tasks.o [1]
protocol                0x20000094     0x1  Data  Gb  main.o [1]
read_single_eg          0x08006a3d   0x262  Code  Gb  readeg.o [1]
reading                 0x20004d17     0x1  Data  Gb  main.o [1]
readingall              0x20004d26     0x1  Data  Gb  tasks.o [1]
readingall_progress     0x20004d27     0x1  Data  Gb  tasks.o [1]
relay_1                 0x08000bb3    0x32  Code  Gb  tasks.o [1]
relay_2                 0x08000be5    0x2e  Code  Gb  tasks.o [1]
relay_3                 0x08000c13    0x2e  Code  Gb  tasks.o [1]
relay_4                 0x08000c41    0x2e  Code  Gb  tasks.o [1]
relay_485               0x08000b85    0x2e  Code  Gb  tasks.o [1]
sFLASH_EraseBulk        0x08007301    0x2e  Code  Gb  spi_flash.o [1]
sFLASH_EraseSector      0x080072bd    0x44  Code  Gb  spi_flash.o [1]
sFLASH_EraseWritePage   0x0800738b    0x62  Code  Gb  spi_flash.o [1]
sFLASH_PoolInit         0x080076d5   0x142  Code  Gb  spi_flash.o [1]
sFLASH_ReadBuffer       0x08007541    0x56  Code  Gb  spi_flash.o [1]
sFLASH_ReadID           0x080075f3    0x54  Code  Gb  spi_flash.o [1]
sFLASH_ReadStr          0x08007597    0x5c  Code  Gb  spi_flash.o [1]
sFLASH_SendByte         0x08007647    0x3a  Code  Gb  spi_flash.o [1]
sFLASH_WaitForWriteEnd  0x080076a3    0x32  Code  Gb  spi_flash.o [1]
sFLASH_WriteBuffer      0x080073ed   0x154  Code  Gb  spi_flash.o [1]
sFLASH_WriteEnable      0x08007681    0x22  Code  Gb  spi_flash.o [1]
sFLASH_WritePage        0x0800732f    0x5c  Code  Gb  spi_flash.o [1]
search_cjq              0x08003459    0x64  Code  Gb  tasks.o [1]
search_meter            0x08002d0d    0x6c  Code  Gb  tasks.o [1]
send_cjqtimeout_eg      0x08007191   0x10c  Code  Gb  readeg.o [1]
send_data_eg            0x08006c9f   0x4f2  Code  Gb  readeg.o [1]
send_server             0x080058e5    0x72  Code  Gb  sim800g.o [1]
server_ptr              0x20004d00     0x4  Data  Gb  tasks.o [1]
server_ptr_             0x20004d04     0x4  Data  Gb  tasks.o [1]
server_seq              0x20004d24     0x1  Data  Gb  tasks.o [1]
slave_mbus              0x20000093     0x1  Data  Gb  main.o [1]
sprintf                 0x08008121    0x34  Code  Gb  sprintf.o [3]
start_slave             0x20004d25     0x1  Data  Gb  tasks.o [1]
strchr                  0x0800bc15          Code  Gb  strchr.o [5]
strlen                  0x0800bc2d          Code  Gb  strlen.o [5]


[1] = C:\Users\liuyu\IAR_workspace\Code_Concentrator_MBUS_485\Test\Debug\Obj
[2] = command line
[3] = dl7M_tln.a
[4] = m7M_tl.a
[5] = rt7M_tl.a
[6] = shb_l.a

  52 856 bytes of readonly  code memory
     764 bytes of readonly  data memory
  20 262 bytes of readwrite data memory

Errors: none
Warnings: none
