###############################################################################
#
# IAR ELF Linker V7.10.3.6832/W32 for ARM                 16/Sep/2015  22:23:48
# Copyright 2007-2014 IAR Systems AB.
#
#    Output file  =  D:\IAR_Workspace\STM32F103MBUS\Test\Debug\Exe\Test.out
#    Map file     =  D:\IAR_Workspace\STM32F103MBUS\Test\Debug\List\Test.map
#    Command line =  
#        D:\IAR_Workspace\STM32F103MBUS\Test\Debug\Obj\bsp.o
#        D:\IAR_Workspace\STM32F103MBUS\Test\Debug\Obj\cpu_a.o
#        D:\IAR_Workspace\STM32F103MBUS\Test\Debug\Obj\cpu_c.o
#        D:\IAR_Workspace\STM32F103MBUS\Test\Debug\Obj\cpu_core.o
#        D:\IAR_Workspace\STM32F103MBUS\Test\Debug\Obj\lib_ascii.o
#        D:\IAR_Workspace\STM32F103MBUS\Test\Debug\Obj\lib_math.o
#        D:\IAR_Workspace\STM32F103MBUS\Test\Debug\Obj\lib_mem.o
#        D:\IAR_Workspace\STM32F103MBUS\Test\Debug\Obj\lib_mem_a.o
#        D:\IAR_Workspace\STM32F103MBUS\Test\Debug\Obj\lib_str.o
#        D:\IAR_Workspace\STM32F103MBUS\Test\Debug\Obj\m590e.o
#        D:\IAR_Workspace\STM32F103MBUS\Test\Debug\Obj\main.o
#        D:\IAR_Workspace\STM32F103MBUS\Test\Debug\Obj\misc.o
#        D:\IAR_Workspace\STM32F103MBUS\Test\Debug\Obj\os_app_hooks.o
#        D:\IAR_Workspace\STM32F103MBUS\Test\Debug\Obj\os_cfg_app.o
#        D:\IAR_Workspace\STM32F103MBUS\Test\Debug\Obj\os_core.o
#        D:\IAR_Workspace\STM32F103MBUS\Test\Debug\Obj\os_cpu_a.o
#        D:\IAR_Workspace\STM32F103MBUS\Test\Debug\Obj\os_cpu_c.o
#        D:\IAR_Workspace\STM32F103MBUS\Test\Debug\Obj\os_dbg.o
#        D:\IAR_Workspace\STM32F103MBUS\Test\Debug\Obj\os_flag.o
#        D:\IAR_Workspace\STM32F103MBUS\Test\Debug\Obj\os_int.o
#        D:\IAR_Workspace\STM32F103MBUS\Test\Debug\Obj\os_mem.o
#        D:\IAR_Workspace\STM32F103MBUS\Test\Debug\Obj\os_msg.o
#        D:\IAR_Workspace\STM32F103MBUS\Test\Debug\Obj\os_mutex.o
#        D:\IAR_Workspace\STM32F103MBUS\Test\Debug\Obj\os_pend_multi.o
#        D:\IAR_Workspace\STM32F103MBUS\Test\Debug\Obj\os_prio.o
#        D:\IAR_Workspace\STM32F103MBUS\Test\Debug\Obj\os_q.o
#        D:\IAR_Workspace\STM32F103MBUS\Test\Debug\Obj\os_sem.o
#        D:\IAR_Workspace\STM32F103MBUS\Test\Debug\Obj\os_stat.o
#        D:\IAR_Workspace\STM32F103MBUS\Test\Debug\Obj\os_task.o
#        D:\IAR_Workspace\STM32F103MBUS\Test\Debug\Obj\os_tick.o
#        D:\IAR_Workspace\STM32F103MBUS\Test\Debug\Obj\os_time.o
#        D:\IAR_Workspace\STM32F103MBUS\Test\Debug\Obj\os_tmr.o
#        D:\IAR_Workspace\STM32F103MBUS\Test\Debug\Obj\os_var.o
#        D:\IAR_Workspace\STM32F103MBUS\Test\Debug\Obj\serial.o
#        D:\IAR_Workspace\STM32F103MBUS\Test\Debug\Obj\spi_flash.o
#        D:\IAR_Workspace\STM32F103MBUS\Test\Debug\Obj\startup_stm32f10x_md.o
#        D:\IAR_Workspace\STM32F103MBUS\Test\Debug\Obj\stm32f10x_adc.o
#        D:\IAR_Workspace\STM32F103MBUS\Test\Debug\Obj\stm32f10x_bkp.o
#        D:\IAR_Workspace\STM32F103MBUS\Test\Debug\Obj\stm32f10x_can.o
#        D:\IAR_Workspace\STM32F103MBUS\Test\Debug\Obj\stm32f10x_cec.o
#        D:\IAR_Workspace\STM32F103MBUS\Test\Debug\Obj\stm32f10x_crc.o
#        D:\IAR_Workspace\STM32F103MBUS\Test\Debug\Obj\stm32f10x_dac.o
#        D:\IAR_Workspace\STM32F103MBUS\Test\Debug\Obj\stm32f10x_dbgmcu.o
#        D:\IAR_Workspace\STM32F103MBUS\Test\Debug\Obj\stm32f10x_dma.o
#        D:\IAR_Workspace\STM32F103MBUS\Test\Debug\Obj\stm32f10x_exti.o
#        D:\IAR_Workspace\STM32F103MBUS\Test\Debug\Obj\stm32f10x_flash.o
#        D:\IAR_Workspace\STM32F103MBUS\Test\Debug\Obj\stm32f10x_fsmc.o
#        D:\IAR_Workspace\STM32F103MBUS\Test\Debug\Obj\stm32f10x_gpio.o
#        D:\IAR_Workspace\STM32F103MBUS\Test\Debug\Obj\stm32f10x_i2c.o
#        D:\IAR_Workspace\STM32F103MBUS\Test\Debug\Obj\stm32f10x_it.o
#        D:\IAR_Workspace\STM32F103MBUS\Test\Debug\Obj\stm32f10x_iwdg.o
#        D:\IAR_Workspace\STM32F103MBUS\Test\Debug\Obj\stm32f10x_pwr.o
#        D:\IAR_Workspace\STM32F103MBUS\Test\Debug\Obj\stm32f10x_rcc.o
#        D:\IAR_Workspace\STM32F103MBUS\Test\Debug\Obj\stm32f10x_rtc.o
#        D:\IAR_Workspace\STM32F103MBUS\Test\Debug\Obj\stm32f10x_sdio.o
#        D:\IAR_Workspace\STM32F103MBUS\Test\Debug\Obj\stm32f10x_spi.o
#        D:\IAR_Workspace\STM32F103MBUS\Test\Debug\Obj\stm32f10x_tim.o
#        D:\IAR_Workspace\STM32F103MBUS\Test\Debug\Obj\stm32f10x_usart.o
#        D:\IAR_Workspace\STM32F103MBUS\Test\Debug\Obj\stm32f10x_wwdg.o
#        D:\IAR_Workspace\STM32F103MBUS\Test\Debug\Obj\system_stm32f10x.o
#        D:\IAR_Workspace\STM32F103MBUS\Test\Debug\Obj\tasks.o
#        D:\IAR_Workspace\STM32F103MBUS\Test\Debug\Obj\timestamp.o -o
#        D:\IAR_Workspace\STM32F103MBUS\Test\Debug\Exe\Test.out --map
#        D:\IAR_Workspace\STM32F103MBUS\Test\Debug\List\Test.map --config
#        "D:\Program Files (x86)\IAR Systems\Embedded Workbench
#        7.0\arm\config\linker\ST\stm32f103xB.icf" --semihosting --entry
#        __iar_program_start --vfe
#
###############################################################################

*******************************************************************************
*** RUNTIME MODEL ATTRIBUTES
***

CppFlavor       = *
__SystemLibrary = DLib


*******************************************************************************
*** PLACEMENT SUMMARY
***

"A1":  place at 0x08000000 { ro section .intvec };
"P1":  place in [from 0x08000000 to 0x0801ffff] { ro };
"P2":  place in [from 0x20000000 to 0x20004fff] { rw, block CSTACK, block HEAP };

  Section             Kind        Address    Size  Object
  -------             ----        -------    ----  ------
"A1":                                        0xec
  .intvec             ro code  0x08000000    0xec  startup_stm32f10x_md.o [1]
                             - 0x080000ec    0xec

"P1":                                      0xb140
  .text               ro code  0x080000ec  0x359c  tasks.o [1]
  .text               ro code  0x08003688   0x530  os_tmr.o [1]
  .text               ro code  0x08003bb8   0x180  os_mem.o [1]
  .text               ro code  0x08003d38   0x11c  lib_mem.o [1]
  .text               ro code  0x08003e54   0x384  os_q.o [1]
  .text               ro code  0x080041d8   0x374  serial.o [1]
  .text               ro code  0x0800454c   0x302  os_sem.o [1]
  .text               ro code  0x0800484e    0x2e  copy_init3.o [5]
  .text               ro code  0x0800487c   0x28c  os_time.o [1]
  .text               ro code  0x08004b08   0x96c  m590e.o [1]
  .text               ro code  0x08005474   0x21e  lib_str.o [1]
  .text               ro code  0x08005692    0x22  zero_init3.o [5]
  CODE                ro code  0x080056b4   0x220  lib_mem_a.o [1]
  CODE                ro code  0x080058d4    0x34  cpu_a.o [1]
  .text               ro code  0x08005908   0x1c4  stm32f10x_gpio.o [1]
  .text               ro code  0x08005acc   0x72c  spi_flash.o [1]
  .text               ro code  0x080061f8    0x34  sprintf.o [3]
  .text               ro code  0x0800622c   0x6aa  os_flag.o [1]
  .text               ro code  0x080068d6     0xa  xsprout.o [3]
  .text               ro code  0x080068e0   0x954  os_core.o [1]
  .text               ro code  0x08007234   0x694  os_task.o [1]
  .text               ro code  0x080078c8    0x3c  timestamp.o [1]
  .text               ro code  0x08007904   0x1fc  os_msg.o [1]
  .text               ro code  0x08007b00   0x17e  stm32f10x_usart.o [1]
  .rodata             const    0x08007c7e     0x2  os_cfg_app.o [1]
  .text               ro code  0x08007c80    0xc8  stm32f10x_exti.o [1]
  .text               ro code  0x08007d48   0x418  os_tick.o [1]
  .text               ro code  0x08008160   0x1d8  os_cpu_c.o [1]
  .text               ro code  0x08008338     0x8  atoi.o [3]
  .text               ro code  0x08008340    0xa4  stm32f10x_spi.o [1]
  .text               ro code  0x080083e4   0xd86  xprintffull_nomb.o [3]
  .rodata             const    0x0800916a     0x2  os_cfg_app.o [1]
  .text               ro code  0x0800916c    0x88  os_prio.o [1]
  .text               ro code  0x080091f4    0x10  os_mutex.o [1]
  .text               ro code  0x08009204    0xac  os_cfg_app.o [1]
  CODE                ro code  0x080092b0    0x84  os_cpu_a.o [1]
  .text               ro code  0x08009334   0x4b0  bsp.o [1]
  .text               ro code  0x080097e4    0x4c  cpu_core.o [1]
  .text               ro code  0x08009830   0x258  stm32f10x_rcc.o [1]
  .text               ro code  0x08009a88   0x19c  xstoul.o [3]
  .text               ro code  0x08009c24    0x16  strchr.o [5]
  .rodata             const    0x08009c3a     0x2  os_cfg_app.o [1]
  .text               ro code  0x08009c3c    0x36  strlen.o [5]
  .rodata             const    0x08009c72     0x1  os_cfg_app.o [1]
  .rodata             const    0x08009c73     0x1  os_cfg_app.o [1]
  .text               ro code  0x08009c74    0x58  memchr.o [5]
  .text               ro code  0x08009ccc    0xee  I64DivMod.o [5]
  .text               ro code  0x08009dbc    0x76  ABImemcpy_unaligned.o [5]
  .text               ro code  0x08009e32    0x42  xdnorm.o [4]
  .text               ro code  0x08009e74    0x2e  DblCmpLe.o [4]
  .text               ro code  0x08009ea4    0x2e  DblCmpGe.o [4]
  .text               ro code  0x08009ed4   0x10c  xdscale.o [4]
  .text               ro code  0x08009fe0    0x58  DblToI32.o [4]
  .text               ro code  0x0800a038    0x30  I32ToDbl.o [4]
  .text               ro code  0x0800a068   0x180  DblSub.o [4]
  .text               ro code  0x0800a1e8   0x1a2  DblMul.o [4]
  .text               ro code  0x0800a38c   0x246  DblDiv.o [4]
  .text               ro code  0x0800a5d2     0xe  div.o [3]
  .text               ro code  0x0800a5e0    0x3c  stm32f10x_flash.o [1]
  .text               ro code  0x0800a61c    0x80  misc.o [1]
  .text               ro code  0x0800a69c     0xc  errno.o [3]
  .text               ro code  0x0800a6a8     0x2  I64DivZer.o [5]
  .text               ro code  0x0800a6ac    0xd4  DblAdd.o [4]
  .text               ro code  0x0800a780     0x2  xtls.o [3]
  .text               ro code  0x0800a784   0x51c  main.o [1]
  .text               ro code  0x0800aca0    0x10  stm32f10x_iwdg.o [1]
  .text               ro code  0x0800acb0    0x6e  system_stm32f10x.o [1]
  .text               ro code  0x0800ad1e    0x36  stm32f10x_it.o [1]
  .text               ro code  0x0800ad54    0x28  data_init.o [5]
  .iar.init_table     const    0x0800ad7c    0x24  - Linker created -
  .rodata             const    0x0800ada0    0x1c  m590e.o [1]
  .rodata             const    0x0800adbc    0x1c  m590e.o [1]
  .text               ro code  0x0800add8    0x1a  cmain.o [5]
  .text               ro code  0x0800adf2     0x4  low_level_init.o [3]
  .text               ro code  0x0800adf6     0x4  exit.o [3]
  .text               ro code  0x0800adfc     0xa  cexit.o [5]
  .text               ro code  0x0800ae08    0x14  exit.o [6]
  .rodata             const    0x0800ae1c    0x18  os_tmr.o [1]
  .rodata             const    0x0800ae34    0x14  os_core.o [1]
  .rodata             const    0x0800ae48    0x14  os_tick.o [1]
  .rodata             const    0x0800ae5c    0x10  m590e.o [1]
  .rodata             const    0x0800ae6c    0x10  m590e.o [1]
  .rodata             const    0x0800ae7c    0x10  m590e.o [1]
  .rodata             const    0x0800ae8c    0x10  m590e.o [1]
  .text               ro code  0x0800ae9c    0x10  startup_stm32f10x_md.o [1]
  .rodata             const    0x0800aeac     0xc  m590e.o [1]
  .rodata             const    0x0800aeb8     0xc  m590e.o [1]
  .rodata             const    0x0800aec4     0xc  m590e.o [1]
  .rodata             const    0x0800aed0     0xc  m590e.o [1]
  .rodata             const    0x0800aedc     0xc  m590e.o [1]
  .rodata             const    0x0800aee8     0xc  m590e.o [1]
  .rodata             const    0x0800aef4     0xc  m590e.o [1]
  .rodata             const    0x0800af00     0xc  m590e.o [1]
  .rodata             const    0x0800af0c     0xc  m590e.o [1]
  .rodata             const    0x0800af18     0xc  m590e.o [1]
  .rodata             const    0x0800af24     0xc  m590e.o [1]
  .rodata             const    0x0800af30     0xc  m590e.o [1]
  .rodata             const    0x0800af3c     0xc  main.o [1]
  .rodata             const    0x0800af48     0xc  main.o [1]
  .rodata             const    0x0800af54     0xc  main.o [1]
  .rodata             const    0x0800af60     0xc  tasks.o [1]
  .rodata             const    0x0800af6c     0xc  tasks.o [1]
  .text               ro code  0x0800af78     0xc  cstartup_M.o [5]
  .rodata             const    0x0800af84     0x8  m590e.o [1]
  .rodata             const    0x0800af8c     0x8  m590e.o [1]
  .rodata             const    0x0800af94     0x8  m590e.o [1]
  .rodata             const    0x0800af9c     0x8  m590e.o [1]
  .rodata             const    0x0800afa4     0x8  m590e.o [1]
  .rodata             const    0x0800afac     0x8  m590e.o [1]
  .rodata             const    0x0800afb4     0x8  main.o [1]
  .rodata             const    0x0800afbc     0x8  main.o [1]
  .rodata             const    0x0800afc4     0x8  main.o [1]
  .rodata             const    0x0800afcc     0x8  main.o [1]
  .rodata             const    0x0800afd4     0x8  main.o [1]
  .rodata             const    0x0800afdc     0x8  main.o [1]
  .rodata             const    0x0800afe4     0x8  main.o [1]
  .rodata             const    0x0800afec     0x8  main.o [1]
  .rodata             const    0x0800aff4     0x8  main.o [1]
  .rodata             const    0x0800affc     0x8  main.o [1]
  .rodata             const    0x0800b004     0x8  main.o [1]
  .rodata             const    0x0800b00c     0x8  main.o [1]
  .rodata             const    0x0800b014     0x8  main.o [1]
  .rodata             const    0x0800b01c     0x8  main.o [1]
  .rodata             const    0x0800b024     0x8  main.o [1]
  .rodata             const    0x0800b02c     0x8  os_task.o [1]
  .rodata             const    0x0800b034     0x8  tasks.o [1]
  .rodata             const    0x0800b03c     0x8  tasks.o [1]
  .rodata             const    0x0800b044     0x8  tasks.o [1]
  .rodata             const    0x0800b04c     0x8  tasks.o [1]
  .rodata             const    0x0800b054     0x8  tasks.o [1]
  .rodata             const    0x0800b05c     0x8  tasks.o [1]
  .rodata             const    0x0800b064     0x4  m590e.o [1]
  .rodata             const    0x0800b068     0x4  os_cfg_app.o [1]
  .rodata             const    0x0800b06c     0x4  os_cfg_app.o [1]
  .rodata             const    0x0800b070     0x4  os_cfg_app.o [1]
  .rodata             const    0x0800b074     0x4  os_cfg_app.o [1]
  .rodata             const    0x0800b078     0x4  os_cfg_app.o [1]
  .rodata             const    0x0800b07c     0x4  os_cfg_app.o [1]
  .rodata             const    0x0800b080     0x4  os_cfg_app.o [1]
  .rodata             const    0x0800b084     0x4  os_cfg_app.o [1]
  .rodata             const    0x0800b088     0x4  os_cfg_app.o [1]
  .rodata             const    0x0800b08c     0x4  os_cfg_app.o [1]
  .rodata             const    0x0800b090     0x4  os_cfg_app.o [1]
  .rodata             const    0x0800b094     0x4  os_cfg_app.o [1]
  .rodata             const    0x0800b098     0x4  os_cfg_app.o [1]
  .rodata             const    0x0800b09c     0x4  os_cfg_app.o [1]
  .rodata             const    0x0800b0a0     0x4  os_cfg_app.o [1]
  .rodata             const    0x0800b0a4     0x4  os_cfg_app.o [1]
  .rodata             const    0x0800b0a8     0x4  os_cfg_app.o [1]
  .rodata             const    0x0800b0ac     0x4  os_cfg_app.o [1]
  .rodata             const    0x0800b0b0     0x4  os_cfg_app.o [1]
  .rodata             const    0x0800b0b4     0x4  os_cfg_app.o [1]
  .rodata             const    0x0800b0b8     0x4  os_cfg_app.o [1]
  .rodata             const    0x0800b0bc     0x4  os_cfg_app.o [1]
  .rodata             const    0x0800b0c0     0x4  os_cfg_app.o [1]
  .text               ro code  0x0800b0c4     0x4  startup_stm32f10x_md.o [1]
  .text               ro code  0x0800b0c8     0x4  startup_stm32f10x_md.o [1]
  .text               ro code  0x0800b0cc     0x4  startup_stm32f10x_md.o [1]
  .text               ro code  0x0800b0d0     0x4  startup_stm32f10x_md.o [1]
  .text               ro code  0x0800b0d4     0x4  startup_stm32f10x_md.o [1]
  .text               ro code  0x0800b0d8     0x4  startup_stm32f10x_md.o [1]
  .text               ro code  0x0800b0dc     0x4  startup_stm32f10x_md.o [1]
  .text               ro code  0x0800b0e0     0x4  startup_stm32f10x_md.o [1]
  .text               ro code  0x0800b0e4     0x4  startup_stm32f10x_md.o [1]
  .text               ro code  0x0800b0e8     0x4  startup_stm32f10x_md.o [1]
  .text               ro code  0x0800b0ec     0x4  startup_stm32f10x_md.o [1]
  .text               ro code  0x0800b0f0     0x4  startup_stm32f10x_md.o [1]
  .text               ro code  0x0800b0f4     0x4  startup_stm32f10x_md.o [1]
  .text               ro code  0x0800b0f8     0x4  startup_stm32f10x_md.o [1]
  .text               ro code  0x0800b0fc     0x4  startup_stm32f10x_md.o [1]
  .text               ro code  0x0800b100     0x4  startup_stm32f10x_md.o [1]
  .text               ro code  0x0800b104     0x4  startup_stm32f10x_md.o [1]
  .text               ro code  0x0800b108     0x4  startup_stm32f10x_md.o [1]
  .text               ro code  0x0800b10c     0x4  startup_stm32f10x_md.o [1]
  .text               ro code  0x0800b110     0x4  startup_stm32f10x_md.o [1]
  .text               ro code  0x0800b114     0x4  startup_stm32f10x_md.o [1]
  .text               ro code  0x0800b118     0x4  startup_stm32f10x_md.o [1]
  .text               ro code  0x0800b11c     0x4  startup_stm32f10x_md.o [1]
  .text               ro code  0x0800b120     0x4  startup_stm32f10x_md.o [1]
  .text               ro code  0x0800b124     0x4  startup_stm32f10x_md.o [1]
  .text               ro code  0x0800b128     0x4  startup_stm32f10x_md.o [1]
  .text               ro code  0x0800b12c     0x4  startup_stm32f10x_md.o [1]
  .text               ro code  0x0800b130     0x4  startup_stm32f10x_md.o [1]
  .text               ro code  0x0800b134     0x4  startup_stm32f10x_md.o [1]
  .text               ro code  0x0800b138     0x4  startup_stm32f10x_md.o [1]
  .text               ro code  0x0800b13c     0x4  startup_stm32f10x_md.o [1]
  .text               ro code  0x0800b140     0x4  startup_stm32f10x_md.o [1]
  .text               ro code  0x0800b144     0x4  startup_stm32f10x_md.o [1]
  .text               ro code  0x0800b148     0x4  startup_stm32f10x_md.o [1]
  .text               ro code  0x0800b14c     0x4  startup_stm32f10x_md.o [1]
  .text               ro code  0x0800b150     0x4  startup_stm32f10x_md.o [1]
  .text               ro code  0x0800b154     0x4  startup_stm32f10x_md.o [1]
  .text               ro code  0x0800b158     0x4  startup_stm32f10x_md.o [1]
  .text               ro code  0x0800b15c     0x4  startup_stm32f10x_md.o [1]
  .rodata             const    0x0800b160     0x0  zero_init3.o [5]
  .rodata             const    0x0800b160     0x0  copy_init3.o [5]
  Initializer bytes   ro data  0x0800b160    0xcc  <for P2 s0>
                             - 0x0800b22c  0xb140

"P2", part 1 of 3:                           0xcc
  P2 s0                        0x20000000    0xcc  <Init block>
    .data             inited   0x20000000    0x50  m590e.o [1]
    .data             inited   0x20000050    0x1c  m590e.o [1]
    .data             inited   0x2000006c    0x14  m590e.o [1]
    .data             inited   0x20000080    0x10  stm32f10x_rcc.o [1]
    .data             inited   0x20000090     0xc  m590e.o [1]
    .data             inited   0x2000009c     0xc  m590e.o [1]
    .data             inited   0x200000a8     0xc  m590e.o [1]
    .data             inited   0x200000b4     0x8  m590e.o [1]
    .data             inited   0x200000bc     0x4  stm32f10x_rcc.o [1]
    __DLIB_PERTHREAD  inited   0x200000c0     0x4  errno.o [3]
    .data             inited   0x200000c4     0x2  m590e.o [1]
    .data             inited   0x200000c6     0x1  m590e.o [1]
    .data             inited   0x200000c7     0x1  m590e.o [1]
    .data             inited   0x200000c8     0x1  m590e.o [1]
    .data             inited   0x200000c9     0x1  m590e.o [1]
    .data             inited   0x200000ca     0x1  main.o [1]
                             - 0x200000cc    0xcc

"P2", part 2 of 3:                         0x3c54
  .bss                zero     0x200000cc   0x640  os_cfg_app.o [1]
  .bss                zero     0x2000070c   0x600  main.o [1]
  .bss                zero     0x20000d0c   0x600  main.o [1]
  .bss                zero     0x2000130c   0x600  main.o [1]
  .bss                zero     0x2000190c   0x200  main.o [1]
  .bss                zero     0x20001b0c   0x200  main.o [1]
  .bss                zero     0x20001d0c   0x200  main.o [1]
  .bss                zero     0x20001f0c   0x200  main.o [1]
  .bss                zero     0x2000210c   0x200  main.o [1]
  .bss                zero     0x2000230c   0x200  main.o [1]
  .bss                zero     0x2000250c   0x200  main.o [1]
  .bss                zero     0x2000270c   0x200  os_cfg_app.o [1]
  .bss                zero     0x2000290c   0x200  os_cfg_app.o [1]
  .bss                zero     0x20002b0c   0x200  os_cfg_app.o [1]
  .bss                zero     0x20002d0c   0x200  os_cfg_app.o [1]
  .bss                zero     0x20002f0c   0x180  os_var.o [1]
  .bss                zero     0x2000308c    0xb4  main.o [1]
  .bss                zero     0x20003140    0xb4  main.o [1]
  .bss                zero     0x200031f4    0xb4  main.o [1]
  .bss                zero     0x200032a8    0xb4  main.o [1]
  .bss                zero     0x2000335c    0xb4  main.o [1]
  .bss                zero     0x20003410    0xb4  main.o [1]
  .bss                zero     0x200034c4    0xb4  main.o [1]
  .bss                zero     0x20003578    0xb4  main.o [1]
  .bss                zero     0x2000362c    0xb4  main.o [1]
  .bss                zero     0x200036e0    0xb4  os_var.o [1]
  .bss                zero     0x20003794    0xb4  os_var.o [1]
  .bss                zero     0x20003848    0xb4  os_var.o [1]
  .bss                zero     0x200038fc    0x88  os_cfg_app.o [1]
  .bss                zero     0x20003984    0x88  os_cfg_app.o [1]
  .bss                zero     0x20003a0c    0x78  main.o [1]
  .bss                zero     0x20003a84    0x2c  main.o [1]
  .bss                zero     0x20003ab0    0x24  main.o [1]
  .bss                zero     0x20003ad4    0x24  main.o [1]
  .bss                zero     0x20003af8    0x24  main.o [1]
  .bss                zero     0x20003b1c    0x24  main.o [1]
  .bss                zero     0x20003b40    0x24  main.o [1]
  .bss                zero     0x20003b64    0x1c  main.o [1]
  .bss                zero     0x20003b80    0x1c  main.o [1]
  .bss                zero     0x20003b9c    0x1c  main.o [1]
  .bss                zero     0x20003bb8    0x1c  main.o [1]
  .bss                zero     0x20003bd4    0x1c  main.o [1]
  .bss                zero     0x20003bf0    0x1c  main.o [1]
  .bss                zero     0x20003c0c    0x1c  main.o [1]
  .bss                zero     0x20003c28    0x1c  main.o [1]
  .bss                zero     0x20003c44    0x18  main.o [1]
  .bss                zero     0x20003c5c    0x18  main.o [1]
  .bss                zero     0x20003c74    0x10  cpu_core.o [1]
  .bss                zero     0x20003c84     0xc  os_var.o [1]
  .bss                zero     0x20003c90     0x8  m590e.o [1]
  .bss                zero     0x20003c98     0x4  cpu_core.o [1]
  .bss                zero     0x20003c9c     0x4  os_cpu_c.o [1]
  .bss                zero     0x20003ca0     0x4  os_prio.o [1]
  .bss                zero     0x20003ca4     0x4  os_var.o [1]
  .bss                zero     0x20003ca8     0x4  os_var.o [1]
  .bss                zero     0x20003cac     0x4  os_var.o [1]
  .bss                zero     0x20003cb0     0x4  os_var.o [1]
  .bss                zero     0x20003cb4     0x4  os_var.o [1]
  .bss                zero     0x20003cb8     0x4  os_var.o [1]
  .bss                zero     0x20003cbc     0x4  os_var.o [1]
  .bss                zero     0x20003cc0     0x4  os_var.o [1]
  .bss                zero     0x20003cc4     0x4  os_var.o [1]
  .bss                zero     0x20003cc8     0x4  os_var.o [1]
  .bss                zero     0x20003ccc     0x4  os_var.o [1]
  .bss                zero     0x20003cd0     0x4  os_var.o [1]
  .bss                zero     0x20003cd4     0x4  os_var.o [1]
  .bss                zero     0x20003cd8     0x4  os_var.o [1]
  .bss                zero     0x20003cdc     0x4  os_var.o [1]
  .bss                zero     0x20003ce0     0x4  os_var.o [1]
  .bss                zero     0x20003ce4     0x4  os_var.o [1]
  .bss                zero     0x20003ce8     0x4  os_var.o [1]
  .bss                zero     0x20003cec     0x4  tasks.o [1]
  .bss                zero     0x20003cf0     0x4  tasks.o [1]
  .bss                zero     0x20003cf4     0x4  tasks.o [1]
  .bss                zero     0x20003cf8     0x4  tasks.o [1]
  .bss                zero     0x20003cfc     0x2  os_var.o [1]
  .bss                zero     0x20003cfe     0x2  os_var.o [1]
  .bss                zero     0x20003d00     0x2  os_var.o [1]
  .bss                zero     0x20003d02     0x2  os_var.o [1]
  .bss                zero     0x20003d04     0x2  os_var.o [1]
  .bss                zero     0x20003d06     0x2  os_var.o [1]
  .bss                zero     0x20003d08     0x2  os_var.o [1]
  .bss                zero     0x20003d0a     0x1  main.o [1]
  .bss                zero     0x20003d0b     0x1  main.o [1]
  .bss                zero     0x20003d0c     0x1  os_var.o [1]
  .bss                zero     0x20003d0d     0x1  os_var.o [1]
  .bss                zero     0x20003d0e     0x1  os_var.o [1]
  .bss                zero     0x20003d0f     0x1  os_var.o [1]
  .bss                zero     0x20003d10     0x1  os_var.o [1]
  .bss                zero     0x20003d11     0x1  os_var.o [1]
  .bss                zero     0x20003d12     0x1  os_var.o [1]
  .bss                zero     0x20003d13     0x1  os_var.o [1]
  .bss                zero     0x20003d14     0x1  tasks.o [1]
  .bss                zero     0x20003d15     0x1  tasks.o [1]
  .bss                zero     0x20003d16     0x1  tasks.o [1]
  .bss                zero     0x20003d17     0x1  tasks.o [1]
  .bss                zero     0x20003d18     0x1  tasks.o [1]
                             - 0x20003d19  0x3c4d

"P2", part 3 of 3:                          0x800
  CSTACK                       0x20003d20   0x800  <Block>
    CSTACK            uninit   0x20003d20   0x800  <Block tail>
                             - 0x20004520   0x800


*******************************************************************************
*** INIT TABLE
***

          Address     Size
          -------     ----
Zero (__iar_zero_init3)
    1 destination range, total size 0x3c4d:
          0x200000cc  0x3c4d

Copy (__iar_copy_init3)
    1 source range, total size 0xcc (100% of destination):
          0x0800b160    0xcc
    1 destination range, total size 0xcb:
          0x20000000    0xcb



*******************************************************************************
*** MODULE SUMMARY
***

    Module                  ro code  ro data  rw data
    ------                  -------  -------  -------
D:\IAR_Workspace\STM32F103MBUS\Test\Debug\Obj: [1]
    bsp.o                     1 200
    cpu_a.o                      52
    cpu_core.o                   76                20
    lib_mem.o                   284
    lib_mem_a.o                 544
    lib_str.o                   542
    m590e.o                   2 412      494      186
    main.o                    1 308      157   10 431
    misc.o                      128
    os_cfg_app.o                172      100    3 920
    os_core.o                 2 388       20
    os_cpu_a.o                  132
    os_cpu_c.o                  472                 4
    os_flag.o                 1 706
    os_mem.o                    384
    os_msg.o                    508
    os_mutex.o                   16
    os_prio.o                   136                 4
    os_q.o                      900
    os_sem.o                    770
    os_task.o                 1 684        8
    os_tick.o                 1 048       20
    os_time.o                   652
    os_tmr.o                  1 328       24
    os_var.o                                    1 030
    serial.o                    884
    spi_flash.o               1 836
    startup_stm32f10x_md.o      408
    stm32f10x_exti.o            200
    stm32f10x_flash.o            60
    stm32f10x_gpio.o            452
    stm32f10x_it.o               54
    stm32f10x_iwdg.o             16
    stm32f10x_rcc.o             600       20       20
    stm32f10x_spi.o             164
    stm32f10x_usart.o           382
    system_stm32f10x.o          110
    tasks.o                  13 724       72       21
    timestamp.o                  60
    -------------------------------------------------
    Total:                   37 792      915   15 636

command line: [2]
    -------------------------------------------------
    Total:

dl7M_tln.a: [3]
    atoi.o                        8
    div.o                        14
    errno.o                      12        4        4
    exit.o                        4
    low_level_init.o              4
    sprintf.o                    52
    xprintffull_nomb.o        3 462
    xsprout.o                    10
    xstoul.o                    412
    xtls.o                        2
    -------------------------------------------------
    Total:                    3 980        4        4

m7M_tl.a: [4]
    DblAdd.o                    212
    DblCmpGe.o                   46
    DblCmpLe.o                   46
    DblDiv.o                    582
    DblMul.o                    418
    DblSub.o                    384
    DblToI32.o                   88
    I32ToDbl.o                   48
    xdnorm.o                     66
    xdscale.o                   268
    -------------------------------------------------
    Total:                    2 158

rt7M_tl.a: [5]
    ABImemcpy_unaligned.o       118
    I64DivMod.o                 238
    I64DivZer.o                   2
    cexit.o                      10
    cmain.o                      26
    copy_init3.o                 46
    cstartup_M.o                 12
    data_init.o                  40
    memchr.o                     88
    strchr.o                     22
    strlen.o                     54
    zero_init3.o                 34
    -------------------------------------------------
    Total:                      690

shb_l.a: [6]
    exit.o                       20
    -------------------------------------------------
    Total:                       20

    Gaps                         16
    Linker created                        37    2 048
-----------------------------------------------------
    Grand Total:             44 656      956   17 688


*******************************************************************************
*** ENTRY LIST
***

Entry                      Address   Size  Type      Object
-----                      -------   ----  ----      ------
?main                   0x0800add9         Code  Gb  cmain.o [5]
ADCPrescTable           0x200000bc    0x4  Data  Lc  stm32f10x_rcc.o [1]
APBAHBPrescTable        0x20000080   0x10  Data  Lc  stm32f10x_rcc.o [1]
BSP_CPU_ClkFreq         0x080097d5   0x10  Code  Gb  bsp.o [1]
BSP_GPIO_Init           0x080093e5  0x1e6  Code  Gb  bsp.o [1]
BSP_Init                0x08009335   0xb0  Code  Gb  bsp.o [1]
BSP_NVIC_Init           0x080096e3   0x6c  Code  Gb  bsp.o [1]
BSP_SPI_Init            0x0800974f   0x66  Code  Gb  bsp.o [1]
BSP_USART_Init          0x080095cb  0x118  Code  Gb  bsp.o [1]
BusFault_Handler        0x0800ad25    0x2  Code  Gb  stm32f10x_it.o [1]
CPU_CntLeadZeros        0x080058f3         Code  Gb  cpu_a.o [1]
CPU_CntTrailZeros       0x080058f9         Code  Gb  cpu_a.o [1]
CPU_Init                0x080097e5    0xc  Code  Gb  cpu_core.o [1]
CPU_IntDis              0x080058d5         Code  Gb  cpu_a.o [1]
CPU_IntEn               0x080058d9         Code  Gb  cpu_a.o [1]
CPU_Name                0x20003c74   0x10  Data  Gb  cpu_core.o [1]
CPU_NameClr             0x080097f1   0x1a  Code  Gb  cpu_core.o [1]
CPU_NameInit            0x08009811    0x8  Code  Lc  cpu_core.o [1]
CPU_RevBits             0x08005903         Code  Gb  cpu_a.o [1]
CPU_SR_Restore          0x080058e5         Code  Gb  cpu_a.o [1]
CPU_SR_Save             0x080058dd         Code  Gb  cpu_a.o [1]
CPU_TS_Init             0x08009819    0xe  Code  Lc  cpu_core.o [1]
CPU_TS_TmrFreqSet       0x0800980b    0x6  Code  Gb  cpu_core.o [1]
CPU_TS_TmrFreq_Hz       0x20003c98    0x4  Data  Gb  cpu_core.o [1]
CPU_TS_TmrInit          0x080078c9   0x2a  Code  Gb  timestamp.o [1]
CPU_TS_TmrRd            0x080078f3    0x6  Code  Gb  timestamp.o [1]
CPU_WaitForExcept       0x080058ef         Code  Gb  cpu_a.o [1]
CPU_WaitForInt          0x080058eb         Code  Gb  cpu_a.o [1]
CSTACK$$Base            0x20003d20          --   Gb  - Linker created -
CSTACK$$Limit           0x20004520          --   Gb  - Linker created -
DebugMon_Handler        0x0800ad2b    0x2  Code  Gb  stm32f10x_it.o [1]
Device_Cmd              0x08004b09   0xf0  Code  Gb  m590e.o [1]
Device_Read             0x080044bd   0x34  Code  Gb  serial.o [1]
EXTI15_10_IRQHandler    0x0800ad4d    0x8  Code  Gb  stm32f10x_it.o [1]
EXTI_ClearITPendingBit  0x08007d2d    0x6  Code  Gb  stm32f10x_exti.o [1]
EXTI_GetITStatus        0x08007d09   0x24  Code  Gb  stm32f10x_exti.o [1]
EXTI_Init               0x08007c81   0x88  Code  Gb  stm32f10x_exti.o [1]
FLAG_Event              0x20003c28   0x1c  Data  Gb  main.o [1]
FLASH_PrefetchBufferCmd
                        0x0800a5f9   0x20  Code  Gb  stm32f10x_flash.o [1]
FLASH_SetLatency        0x0800a5e1   0x18  Code  Gb  stm32f10x_flash.o [1]
GPIO_EXTILineConfig     0x08005a71   0x50  Code  Gb  stm32f10x_gpio.o [1]
GPIO_Init               0x08005909   0xc8  Code  Gb  stm32f10x_gpio.o [1]
GPIO_PinRemapConfig     0x080059f3   0x7e  Code  Gb  stm32f10x_gpio.o [1]
GPIO_ReadInputDataBit   0x080059d1   0x16  Code  Gb  stm32f10x_gpio.o [1]
GPIO_ResetBits          0x080059ed    0x6  Code  Gb  stm32f10x_gpio.o [1]
GPIO_SetBits            0x080059e7    0x6  Code  Gb  stm32f10x_gpio.o [1]
GetFlash                0x08005eb7   0xc0  Code  Gb  spi_flash.o [1]
HardFault_Handler       0x0800ad21    0x2  Code  Gb  stm32f10x_it.o [1]
IWDG_ReloadCounter      0x0800aca1    0xa  Code  Gb  stm32f10x_iwdg.o [1]
MEM_Buf                 0x20003c44   0x18  Data  Gb  main.o [1]
MEM_ISR                 0x20003c5c   0x18  Data  Gb  main.o [1]
MemManage_Handler       0x0800ad23    0x2  Code  Gb  stm32f10x_it.o [1]
Mem_Clr                 0x08003d39    0xc  Code  Gb  lib_mem.o [1]
Mem_Cmp                 0x08003d9f   0xb6  Code  Gb  lib_mem.o [1]
Mem_Copy                0x080056b5         Code  Gb  lib_mem_a.o [1]
Mem_Set                 0x08003d45   0x5a  Code  Gb  lib_mem.o [1]
NMI_Handler             0x0800ad1f    0x2  Code  Gb  stm32f10x_it.o [1]
NVIC_Init               0x0800a627   0x62  Code  Gb  misc.o [1]
NVIC_PriorityGroupConfig
                        0x0800a61d    0xa  Code  Gb  misc.o [1]
OSCfg_DataSizeRAM       0x0800b0c0    0x4  Data  Gb  os_cfg_app.o [1]
OSCfg_ISRStk            0x2000290c  0x200  Data  Gb  os_cfg_app.o [1]
OSCfg_ISRStkBasePtr     0x0800b078    0x4  Data  Gb  os_cfg_app.o [1]
OSCfg_ISRStkSize        0x0800b07c    0x4  Data  Gb  os_cfg_app.o [1]
OSCfg_ISRStkSizeRAM     0x0800b080    0x4  Data  Gb  os_cfg_app.o [1]
OSCfg_IdleTaskStk       0x2000270c  0x200  Data  Gb  os_cfg_app.o [1]
OSCfg_IdleTaskStkBasePtr
                        0x0800b068    0x4  Data  Gb  os_cfg_app.o [1]
OSCfg_IdleTaskStkLimit  0x0800b06c    0x4  Data  Gb  os_cfg_app.o [1]
OSCfg_IdleTaskStkSize   0x0800b070    0x4  Data  Gb  os_cfg_app.o [1]
OSCfg_IdleTaskStkSizeRAM
                        0x0800b074    0x4  Data  Gb  os_cfg_app.o [1]
OSCfg_Init              0x08009205   0xac  Code  Gb  os_cfg_app.o [1]
OSCfg_MsgPool           0x200000cc  0x640  Data  Gb  os_cfg_app.o [1]
OSCfg_MsgPoolBasePtr    0x0800b088    0x4  Data  Gb  os_cfg_app.o [1]
OSCfg_MsgPoolSize       0x08007c7e    0x2  Data  Gb  os_cfg_app.o [1]
OSCfg_MsgPoolSizeRAM    0x0800b084    0x4  Data  Gb  os_cfg_app.o [1]
OSCfg_StkSizeMin        0x0800b08c    0x4  Data  Gb  os_cfg_app.o [1]
OSCfg_TickRate_Hz       0x0800b090    0x4  Data  Gb  os_cfg_app.o [1]
OSCfg_TickTaskPrio      0x08009c72    0x1  Data  Gb  os_cfg_app.o [1]
OSCfg_TickTaskStk       0x20002b0c  0x200  Data  Gb  os_cfg_app.o [1]
OSCfg_TickTaskStkBasePtr
                        0x0800b094    0x4  Data  Gb  os_cfg_app.o [1]
OSCfg_TickTaskStkLimit  0x0800b098    0x4  Data  Gb  os_cfg_app.o [1]
OSCfg_TickTaskStkSize   0x0800b09c    0x4  Data  Gb  os_cfg_app.o [1]
OSCfg_TickTaskStkSizeRAM
                        0x0800b0a0    0x4  Data  Gb  os_cfg_app.o [1]
OSCfg_TickWheel         0x200038fc   0x88  Data  Gb  os_cfg_app.o [1]
OSCfg_TickWheelSize     0x0800916a    0x2  Data  Gb  os_cfg_app.o [1]
OSCfg_TickWheelSizeRAM  0x0800b0a4    0x4  Data  Gb  os_cfg_app.o [1]
OSCfg_TmrTaskPrio       0x08009c73    0x1  Data  Gb  os_cfg_app.o [1]
OSCfg_TmrTaskRate_Hz    0x0800b0a8    0x4  Data  Gb  os_cfg_app.o [1]
OSCfg_TmrTaskStk        0x20002d0c  0x200  Data  Gb  os_cfg_app.o [1]
OSCfg_TmrTaskStkBasePtr
                        0x0800b0ac    0x4  Data  Gb  os_cfg_app.o [1]
OSCfg_TmrTaskStkLimit   0x0800b0b0    0x4  Data  Gb  os_cfg_app.o [1]
OSCfg_TmrTaskStkSize    0x0800b0b4    0x4  Data  Gb  os_cfg_app.o [1]
OSCfg_TmrTaskStkSizeRAM
                        0x0800b0b8    0x4  Data  Gb  os_cfg_app.o [1]
OSCfg_TmrWheel          0x20003984   0x88  Data  Gb  os_cfg_app.o [1]
OSCfg_TmrWheelSize      0x08009c3a    0x2  Data  Gb  os_cfg_app.o [1]
OSCfg_TmrWheelSizeRAM   0x0800b0bc    0x4  Data  Gb  os_cfg_app.o [1]
OSFlagCreate            0x0800622d   0x66  Code  Gb  os_flag.o [1]
OSFlagPend              0x08006293  0x40c  Code  Gb  os_flag.o [1]
OSFlagPost              0x0800669f   0x5e  Code  Gb  os_flag.o [1]
OSFlagQty               0x20003cfc    0x2  Data  Gb  os_var.o [1]
OSIdleTaskCtr           0x20003cc0    0x4  Data  Gb  os_var.o [1]
OSIdleTaskHook          0x08008161   0x12  Code  Gb  os_cpu_c.o [1]
OSIdleTaskTCB           0x200036e0   0xb4  Data  Gb  os_var.o [1]
OSInit                  0x080068e1  0x150  Code  Gb  os_core.o [1]
OSInitHook              0x08008173   0x14  Code  Gb  os_cpu_c.o [1]
OSIntExit               0x08006a31   0xc8  Code  Gb  os_core.o [1]
OSIntNestingCtr         0x20003d0c    0x1  Data  Gb  os_var.o [1]
OSMemCreate             0x08003bb9   0xd0  Code  Gb  os_mem.o [1]
OSMemGet                0x08003c89   0x46  Code  Gb  os_mem.o [1]
OSMemPut                0x08003ccf   0x50  Code  Gb  os_mem.o [1]
OSMemQty                0x20003cfe    0x2  Data  Gb  os_var.o [1]
OSMsgPool               0x20003c84    0xc  Data  Gb  os_var.o [1]
OSMutexQty              0x20003d00    0x2  Data  Gb  os_var.o [1]
OSPrioCur               0x20003d0e    0x1  Data  Gb  os_var.o [1]
OSPrioHighRdy           0x20003d0f    0x1  Data  Gb  os_var.o [1]
OSPrioSaved             0x20003d10    0x1  Data  Gb  os_var.o [1]
OSPrioTbl               0x20003ca0    0x4  Data  Gb  os_prio.o [1]
OSQCreate               0x08003e55   0x7c  Code  Gb  os_q.o [1]
OSQPend                 0x08003ed1  0x1be  Code  Gb  os_q.o [1]
OSQPost                 0x0800408f   0x84  Code  Gb  os_q.o [1]
OSQQty                  0x20003d02    0x2  Data  Gb  os_var.o [1]
OSRdyList               0x20002f0c  0x180  Data  Gb  os_var.o [1]
OSRunning               0x20003d0d    0x1  Data  Gb  os_var.o [1]
OSSched                 0x08006af9   0x8e  Code  Gb  os_core.o [1]
OSSchedLock             0x08006b87   0x58  Code  Gb  os_core.o [1]
OSSchedLockNestingCtr   0x20003d11    0x1  Data  Gb  os_var.o [1]
OSSchedRoundRobinDfltTimeQuanta
                        0x20003cc4    0x4  Data  Gb  os_var.o [1]
OSSchedRoundRobinEn     0x20003d12    0x1  Data  Gb  os_var.o [1]
OSSchedUnlock           0x08006bdf   0x72  Code  Gb  os_core.o [1]
OSSemCreate             0x0800454d   0x66  Code  Gb  os_sem.o [1]
OSSemPend               0x080045b3  0x174  Code  Gb  os_sem.o [1]
OSSemPost               0x08004727   0x60  Code  Gb  os_sem.o [1]
OSSemQty                0x20003d04    0x2  Data  Gb  os_var.o [1]
OSStart                 0x08006c51   0x64  Code  Gb  os_core.o [1]
OSStartHighRdy          0x080092b1         Code  Gb  os_cpu_a.o [1]
OSTCBCurPtr             0x20003ce4    0x4  Data  Gb  os_var.o [1]
OSTCBHighRdyPtr         0x20003ce8    0x4  Data  Gb  os_var.o [1]
OSTaskCreate            0x08007235  0x176  Code  Gb  os_task.o [1]
OSTaskCreateHook        0x08008187   0x12  Code  Gb  os_cpu_c.o [1]
OSTaskCtxSwCtr          0x20003cc8    0x4  Data  Gb  os_var.o [1]
OSTaskDel               0x080073ab   0xea  Code  Gb  os_task.o [1]
OSTaskDelHook           0x08008199   0x12  Code  Gb  os_cpu_c.o [1]
OSTaskQty               0x20003d06    0x2  Data  Gb  os_var.o [1]
OSTaskRegNextAvailID    0x20003d13    0x1  Data  Gb  os_var.o [1]
OSTaskReturnHook        0x080081ab   0x12  Code  Gb  os_cpu_c.o [1]
OSTaskSemPend           0x08007495  0x1cc  Code  Gb  os_task.o [1]
OSTaskSemPost           0x08007661   0x34  Code  Gb  os_task.o [1]
OSTaskStkInit           0x080081bd   0x80  Code  Gb  os_cpu_c.o [1]
OSTaskSwHook            0x0800823d   0x56  Code  Gb  os_cpu_c.o [1]
OSTickCtr               0x20003ccc    0x4  Data  Gb  os_var.o [1]
OSTickTaskTCB           0x20003794   0xb4  Data  Gb  os_var.o [1]
OSTickTaskTimeMax       0x20003cd0    0x4  Data  Gb  os_var.o [1]
OSTimeDly               0x0800487d   0xa0  Code  Gb  os_time.o [1]
OSTimeDlyHMSM           0x0800491d  0x178  Code  Gb  os_time.o [1]
OSTimeTick              0x08004a95   0x4a  Code  Gb  os_time.o [1]
OSTimeTickHook          0x08008293   0x12  Code  Gb  os_cpu_c.o [1]
OSTmrCreate             0x08003689   0xb0  Code  Gb  os_tmr.o [1]
OSTmrQty                0x20003d08    0x2  Data  Gb  os_var.o [1]
OSTmrStart              0x08003739   0xaa  Code  Gb  os_tmr.o [1]
OSTmrStop               0x080037e3   0xf0  Code  Gb  os_tmr.o [1]
OSTmrTaskTCB            0x20003848   0xb4  Data  Gb  os_var.o [1]
OSTmrTaskTimeMax        0x20003cd4    0x4  Data  Gb  os_var.o [1]
OSTmrTickCtr            0x20003cd8    0x4  Data  Gb  os_var.o [1]
OSTmrUpdateCnt          0x20003cdc    0x4  Data  Gb  os_var.o [1]
OSTmrUpdateCtr          0x20003ce0    0x4  Data  Gb  os_var.o [1]
OS_AppIdleTaskHookPtr   0x20003cb0    0x4  Data  Gb  os_var.o [1]
OS_AppStatTaskHookPtr   0x20003cb4    0x4  Data  Gb  os_var.o [1]
OS_AppTaskCreateHookPtr
                        0x20003ca4    0x4  Data  Gb  os_var.o [1]
OS_AppTaskDelHookPtr    0x20003ca8    0x4  Data  Gb  os_var.o [1]
OS_AppTaskReturnHookPtr
                        0x20003cac    0x4  Data  Gb  os_var.o [1]
OS_AppTaskSwHookPtr     0x20003cb8    0x4  Data  Gb  os_var.o [1]
OS_AppTimeTickHookPtr   0x20003cbc    0x4  Data  Gb  os_var.o [1]
OS_CPU_ExceptStkBase    0x20003c9c    0x4  Data  Gb  os_cpu_c.o [1]
OS_CPU_SysTickHandler   0x080082a5   0x24  Code  Gb  os_cpu_c.o [1]
OS_CPU_SysTickInit      0x080082c9   0x2c  Code  Gb  os_cpu_c.o [1]
OS_FlagBlock            0x080066fd   0x26  Code  Gb  os_flag.o [1]
OS_FlagInit             0x08006723    0xc  Code  Gb  os_flag.o [1]
OS_FlagPost             0x08006745  0x13c  Code  Gb  os_flag.o [1]
OS_FlagTaskRdy          0x08006881   0x56  Code  Gb  os_flag.o [1]
OS_IdleTask             0x08006cb5   0x24  Code  Gb  os_core.o [1]
OS_IdleTaskInit         0x08006cd9   0x50  Code  Gb  os_core.o [1]
OS_MemInit              0x08003d1f    0xc  Code  Gb  os_mem.o [1]
OS_MsgPoolInit          0x08007905   0x86  Code  Gb  os_msg.o [1]
OS_MsgQFreeAll          0x0800798b   0x44  Code  Gb  os_msg.o [1]
OS_MsgQGet              0x080079e3   0x70  Code  Gb  os_msg.o [1]
OS_MsgQInit             0x080079cf   0x14  Code  Gb  os_msg.o [1]
OS_MsgQPut              0x08007a53   0xa2  Code  Gb  os_msg.o [1]
OS_MutexInit            0x080091f5    0xc  Code  Gb  os_mutex.o [1]
OS_Pend                 0x08006d29   0x60  Code  Gb  os_core.o [1]
OS_PendDataInit         0x08006d89   0x34  Code  Gb  os_core.o [1]
OS_PendListInit         0x08006dbd    0xe  Code  Gb  os_core.o [1]
OS_PendListInsertPrio   0x08006dcb   0x6e  Code  Gb  os_core.o [1]
OS_PendListRemove       0x08006e39   0x28  Code  Gb  os_core.o [1]
OS_PendListRemove1      0x08006e61   0x48  Code  Gb  os_core.o [1]
OS_Post                 0x08006ea9   0xb0  Code  Gb  os_core.o [1]
OS_Post1                0x08006f59   0x26  Code  Gb  os_core.o [1]
OS_PrioGetHighest       0x08009181   0x20  Code  Gb  os_prio.o [1]
OS_PrioInit             0x0800916d   0x14  Code  Gb  os_prio.o [1]
OS_PrioInsert           0x080091a1   0x26  Code  Gb  os_prio.o [1]
OS_PrioRemove           0x080091c7   0x28  Code  Gb  os_prio.o [1]
OS_QInit                0x08004113    0xc  Code  Gb  os_q.o [1]
OS_QPost                0x08004135   0xa4  Code  Gb  os_q.o [1]
OS_RdyListInit          0x08006f7f   0x24  Code  Gb  os_core.o [1]
OS_RdyListInsert        0x08006fa3   0x28  Code  Gb  os_core.o [1]
OS_RdyListInsertHead    0x08006fcb   0x3a  Code  Gb  os_core.o [1]
OS_RdyListInsertTail    0x08007005   0x38  Code  Gb  os_core.o [1]
OS_RdyListMoveHeadToTail
                        0x0800703d   0x40  Code  Gb  os_core.o [1]
OS_RdyListRemove        0x0800707d   0x5c  Code  Gb  os_core.o [1]
OS_SchedRoundRobin      0x080070d9   0x8a  Code  Gb  os_core.o [1]
OS_SemInit              0x08004787    0xc  Code  Gb  os_sem.o [1]
OS_SemPost              0x080047a9   0xa6  Code  Gb  os_sem.o [1]
OS_TaskBlock            0x080071e1   0x3a  Code  Gb  os_core.o [1]
OS_TaskInit             0x08007695   0x16  Code  Gb  os_task.o [1]
OS_TaskInitTCB          0x080076ab  0x106  Code  Gb  os_task.o [1]
OS_TaskRdy              0x0800721b   0x1a  Code  Gb  os_core.o [1]
OS_TaskReturn           0x080077bd   0x14  Code  Gb  os_task.o [1]
OS_TaskSemPost          0x080077dd   0xd4  Code  Gb  os_task.o [1]
OS_TickListInit         0x08007e0f   0x2a  Code  Gb  os_tick.o [1]
OS_TickListInsert       0x08007e39  0x11c  Code  Gb  os_tick.o [1]
OS_TickListRemove       0x08007f55   0x42  Code  Gb  os_tick.o [1]
OS_TickListUpdate       0x08007f97  0x190  Code  Gb  os_tick.o [1]
OS_TickTask             0x08007d49   0x28  Code  Gb  os_tick.o [1]
OS_TickTaskInit         0x08007d71   0x9e  Code  Gb  os_tick.o [1]
OS_TmrInit              0x080038d3   0xd4  Code  Gb  os_tmr.o [1]
OS_TmrLink              0x080039a7   0xd0  Code  Gb  os_tmr.o [1]
OS_TmrTask              0x08003ac5   0xaa  Code  Gb  os_tmr.o [1]
OS_TmrUnlink            0x08003a77   0x4c  Code  Gb  os_tmr.o [1]
ObjCreate               0x0800aa2d  0x168  Code  Gb  main.o [1]
OverLoad                0x080044f1   0x24  Code  Gb  serial.o [1]
PendSV_Handler          0x080092cf         Code  Gb  os_cpu_a.o [1]
PutFlash                0x08005f77   0xcc  Code  Gb  spi_flash.o [1]
Q_Config                0x20003b1c   0x24  Data  Gb  main.o [1]
Q_Deal                  0x20003b40   0x24  Data  Gb  main.o [1]
Q_Read                  0x20003ad4   0x24  Data  Gb  main.o [1]
Q_ReadData              0x20003af8   0x24  Data  Gb  main.o [1]
Q_Slave                 0x20003ab0   0x24  Data  Gb  main.o [1]
RCC_APB1PeriphClockCmd  0x080099e9   0x20  Code  Gb  stm32f10x_rcc.o [1]
RCC_APB2PeriphClockCmd  0x080099c9   0x20  Code  Gb  stm32f10x_rcc.o [1]
RCC_DeInit              0x08009831   0x60  Code  Gb  stm32f10x_rcc.o [1]
RCC_GetClocksFreq       0x08009909   0xc0  Code  Gb  stm32f10x_rcc.o [1]
RCC_GetFlagStatus       0x08009a09   0x44  Code  Gb  stm32f10x_rcc.o [1]
RCC_HCLKConfig          0x080098c3   0x14  Code  Gb  stm32f10x_rcc.o [1]
RCC_LSICmd              0x08009901    0x8  Code  Gb  stm32f10x_rcc.o [1]
RCC_PCLK1Config         0x080098d7   0x14  Code  Gb  stm32f10x_rcc.o [1]
RCC_PCLK2Config         0x080098eb   0x16  Code  Gb  stm32f10x_rcc.o [1]
RCC_PLLCmd              0x080098a7    0x8  Code  Gb  stm32f10x_rcc.o [1]
RCC_PLLConfig           0x08009891   0x16  Code  Gb  stm32f10x_rcc.o [1]
RCC_SYSCLKConfig        0x080098af   0x14  Code  Gb  stm32f10x_rcc.o [1]
Region$$Table$$Base     0x0800ad7c          --   Gb  - Linker created -
Region$$Table$$Limit    0x0800ada0          --   Gb  - Linker created -
SEM_ACKData             0x20003bd4   0x1c  Data  Gb  main.o [1]
SEM_HeartBeat           0x20003bb8   0x1c  Data  Gb  main.o [1]
SEM_Send                0x20003bf0   0x1c  Data  Gb  main.o [1]
SEM_SendOver            0x20003c0c   0x1c  Data  Gb  main.o [1]
SEM_ServerTX            0x20003b64   0x1c  Data  Gb  main.o [1]
SEM_Slave_485TX         0x20003b80   0x1c  Data  Gb  main.o [1]
SEM_Slave_mbusTX        0x20003b9c   0x1c  Data  Gb  main.o [1]
SPI_Cmd                 0x08008381   0x1c  Code  Gb  stm32f10x_spi.o [1]
SPI_I2S_GetFlagStatus   0x080083d1   0x14  Code  Gb  stm32f10x_spi.o [1]
SPI_I2S_ITConfig        0x0800839d   0x2c  Code  Gb  stm32f10x_spi.o [1]
SPI_I2S_ReceiveData     0x080083cd    0x4  Code  Gb  stm32f10x_spi.o [1]
SPI_I2S_SendData        0x080083c9    0x4  Code  Gb  stm32f10x_spi.o [1]
SPI_Init                0x08008341   0x40  Code  Gb  stm32f10x_spi.o [1]
STK_Config              0x2000070c  0x600  Data  Gb  main.o [1]
STK_DealServer          0x2000230c  0x200  Data  Gb  main.o [1]
STK_HeartBeat           0x2000210c  0x200  Data  Gb  main.o [1]
STK_LED1                0x20001b0c  0x200  Data  Gb  main.o [1]
STK_OverLoad            0x2000250c  0x200  Data  Gb  main.o [1]
STK_Read                0x20000d0c  0x600  Data  Gb  main.o [1]
STK_Server              0x20001d0c  0x200  Data  Gb  main.o [1]
STK_Slave               0x20001f0c  0x200  Data  Gb  main.o [1]
STK_Start               0x2000190c  0x200  Data  Gb  main.o [1]
SVC_Handler             0x0800ad29    0x2  Code  Gb  stm32f10x_it.o [1]
Send_ReadATs            0x08004bf9   0x2a  Code  Gb  m590e.o [1]
Server_Post2Buf         0x0800449f   0x1e  Code  Gb  serial.o [1]
Server_Write            0x080043e5   0x5c  Code  Gb  serial.o [1]
Server_WriteStr         0x08004441   0x5e  Code  Gb  serial.o [1]
SetSysClock             0x0800ad1d    0x2  Code  Lc  system_stm32f10x.o [1]
Slave_Write             0x0800430f   0xd6  Code  Gb  serial.o [1]
Str_Cat                 0x0800548f    0xc  Code  Gb  lib_str.o [1]
Str_Cat_N               0x0800549b   0x62  Code  Gb  lib_str.o [1]
Str_Char_N              0x08005591   0x50  Code  Gb  lib_str.o [1]
Str_Cmp_N               0x080054fd   0x94  Code  Gb  lib_str.o [1]
Str_Len_N               0x08005475   0x1a  Code  Gb  lib_str.o [1]
Str_Str                 0x080055e1    0xc  Code  Gb  lib_str.o [1]
Str_Str_N               0x080055ed   0xa6  Code  Gb  lib_str.o [1]
SysTick_Handler         0x0800ad2d    0x8  Code  Gb  stm32f10x_it.o [1]
SystemInit              0x0800acb1   0x54  Code  Gb  system_stm32f10x.o [1]
TCB_Config              0x2000335c   0xb4  Data  Gb  main.o [1]
TCB_DealServer          0x20003578   0xb4  Data  Gb  main.o [1]
TCB_HeartBeat           0x200034c4   0xb4  Data  Gb  main.o [1]
TCB_LED1                0x20003140   0xb4  Data  Gb  main.o [1]
TCB_OverLoad            0x2000362c   0xb4  Data  Gb  main.o [1]
TCB_Read                0x20003410   0xb4  Data  Gb  main.o [1]
TCB_Server              0x200031f4   0xb4  Data  Gb  main.o [1]
TCB_Slave               0x200032a8   0xb4  Data  Gb  main.o [1]
TCB_Start               0x2000308c   0xb4  Data  Gb  main.o [1]
TMR_Slave               0x20003a84   0x2c  Data  Gb  main.o [1]
TaskCreate              0x0800a8a1  0x18c  Code  Gb  main.o [1]
TaskStart               0x0800a7d9   0xc8  Code  Gb  main.o [1]
Task_Config             0x08001ee5   0x52  Code  Gb  tasks.o [1]
Task_DealServer         0x080006a1  0x174  Code  Gb  tasks.o [1]
Task_HeartBeat          0x08000887  0x128  Code  Gb  tasks.o [1]
Task_LED1               0x08002bc9   0x94  Code  Gb  tasks.o [1]
Task_OverLoad           0x080035f9   0x52  Code  Gb  tasks.o [1]
Task_Read               0x080009f1   0x68  Code  Gb  tasks.o [1]
Task_Server             0x08000485  0x218  Code  Gb  tasks.o [1]
Task_Slave              0x080000ed  0x360  Code  Gb  tasks.o [1]
Tmr_SlaveCallBack       0x0800044d   0x16  Code  Gb  tasks.o [1]
USART1_Handler          0x08004241   0x66  Code  Gb  serial.o [1]
USART1_IRQHandler       0x0800ad35    0x8  Code  Gb  stm32f10x_it.o [1]
USART2_Handler          0x080041d9   0x66  Code  Gb  serial.o [1]
USART2_IRQHandler       0x0800ad3d    0x8  Code  Gb  stm32f10x_it.o [1]
USART3_Handler          0x080042a9   0x66  Code  Gb  serial.o [1]
USART3_IRQHandler       0x0800ad45    0x8  Code  Gb  stm32f10x_it.o [1]
USART_ClearITPendingBit
                        0x08007c5d   0x22  Code  Gb  stm32f10x_usart.o [1]
USART_Cmd               0x08007bc5   0x1c  Code  Gb  stm32f10x_usart.o [1]
USART_GetFlagStatus     0x08007c43   0x1a  Code  Gb  stm32f10x_usart.o [1]
USART_ITConfig          0x08007be1   0x52  Code  Gb  stm32f10x_usart.o [1]
USART_Init              0x08007b01   0xbe  Code  Gb  stm32f10x_usart.o [1]
USART_ReceiveData       0x08007c3b    0x8  Code  Gb  stm32f10x_usart.o [1]
USART_SendData          0x08007c33    0x8  Code  Gb  stm32f10x_usart.o [1]
UsageFault_Handler      0x0800ad27    0x2  Code  Gb  stm32f10x_it.o [1]
_GenldFullNoMb          0x08008ec1  0x262  Code  Lc  xprintffull_nomb.o [3]
_LdtobFullNoMb          0x08008ad5  0x3e6  Code  Lc  xprintffull_nomb.o [3]
_LitobFullNoMb          0x080089cd  0x106  Code  Lc  xprintffull_nomb.o [3]
_PrintfFullNoMb         0x080083e5  0x5e2  Code  Gb  xprintffull_nomb.o [3]
_PutcharsFullNoMb       0x08009123   0x2e  Code  Lc  xprintffull_nomb.o [3]
_SProut                 0x080068d7    0xa  Code  Gb  xsprout.o [3]
__aeabi_cdcmple         0x08009e75         Code  Gb  DblCmpLe.o [4]
__aeabi_cdrcmple        0x08009ea5         Code  Gb  DblCmpGe.o [4]
__aeabi_d2iz            0x08009fe1         Code  Gb  DblToI32.o [4]
__aeabi_d2uiz           0x0800a00d         Code  Gb  DblToI32.o [4]
__aeabi_ddiv            0x0800a38d         Code  Gb  DblDiv.o [4]
__aeabi_dmul            0x0800a1e9         Code  Gb  DblMul.o [4]
__aeabi_dsub            0x0800a069         Code  Gb  DblSub.o [4]
__aeabi_errno_addr      0x0800a69d    0x6  Code  Gb  errno.o [3]
__aeabi_i2d             0x0800a039         Code  Gb  I32ToDbl.o [4]
__aeabi_ldiv0           0x0800a6a9         Code  Gb  I64DivZer.o [5]
__aeabi_ui2d            0x0800a04d         Code  Gb  I32ToDbl.o [4]
__aeabi_uldivmod        0x08009ccd         Code  Gb  I64DivMod.o [5]
__cmain                 0x0800add9         Code  Gb  cmain.o [5]
__exit                  0x0800ae09   0x14  Code  Gb  exit.o [6]
__iar_Dnorm             0x08009e33   0x42  Code  Gb  xdnorm.o [4]
__iar_Dscale            0x08009ed5  0x10c  Code  Gb  xdscale.o [4]
__iar_Errno             0x200000c0    0x4  Data  Gb  errno.o [3]
__iar_Memchr            0x08009c75         Code  Gb  memchr.o [5]
__iar_Stoul             0x08009bd1    0x4  Code  Gb  xstoul.o [3]
__iar_Stoulx            0x08009a89  0x142  Code  Gb  xstoul.o [3]
__iar_Strchr            0x08009c25         Code  Gb  strchr.o [5]
__iar_copy_init3        0x0800484f   0x2e  Code  Gb  copy_init3.o [5]
__iar_d2uiz             0x0800a019         Code  Gb  DblToI32.o [4]
__iar_dadd              0x0800a6ad         Code  Gb  DblAdd.o [4]
__iar_data_init3        0x0800ad55   0x28  Code  Gb  data_init.o [5]
__iar_dlib_perthread_access
                        0x0800a781    0x2  Code  Gb  xtls.o [3]
__iar_dsub              0x0800a07d         Code  Gb  DblSub.o [4]
__iar_dsubStart         0x0800a08f         Code  Gb  DblSub.o [4]
__iar_program_start     0x0800af79         Code  Gb  cstartup_M.o [5]
__iar_ui2d              0x0800a051         Code  Gb  I32ToDbl.o [4]
__iar_unaligned___aeabi_memcpy
                        0x08009dbd         Code  Gb  ABImemcpy_unaligned.o [5]
__iar_unaligned___aeabi_memcpy4
                        0x08009ddd         Code  Gb  ABImemcpy_unaligned.o [5]
__iar_unaligned___aeabi_memcpy8
                        0x08009ddd         Code  Gb  ABImemcpy_unaligned.o [5]
__iar_zero_init3        0x08005693   0x22  Code  Gb  zero_init3.o [5]
__low_level_init        0x0800adf3    0x4  Code  Gb  low_level_init.o [3]
__vector_table          0x08000000         Data  Gb  startup_stm32f10x_md.o [1]
_call_main              0x0800ade5         Code  Gb  cmain.o [5]
_exit                   0x0800adfd         Code  Gb  cexit.o [5]
_main                   0x0800adef         Code  Gb  cmain.o [5]
ack_query_addr          0x08003383   0xb2  Code  Gb  tasks.o [1]
ack_query_cjq           0x08002d21  0x146  Code  Gb  tasks.o [1]
ack_query_ip            0x0800343d   0xf0  Code  Gb  tasks.o [1]
ack_query_mbus          0x08003531   0xc8  Code  Gb  tasks.o [1]
ack_query_meter         0x08002e79  0x50a  Code  Gb  tasks.o [1]
addSEQ                  0x08000857   0x30  Code  Gb  tasks.o [1]
add_cjq                 0x080027d5   0xfe  Code  Gb  tasks.o [1]
add_meter               0x08002349  0x172  Code  Gb  tasks.o [1]
apn                     0x20000090    0xc  Data  Gb  m590e.o [1]
at_apn                  0x08004f51   0x64  Code  Gb  m590e.o [1]
at_auth                 0x08004fb5   0x64  Code  Gb  m590e.o [1]
at_ccid                 0x08004cc5   0x90  Code  Gb  m590e.o [1]
at_creg                 0x08004e47   0x9e  Code  Gb  m590e.o [1]
at_csq                  0x08004d55   0xf2  Code  Gb  m590e.o [1]
at_dns                  0x080051a1   0xc4  Code  Gb  m590e.o [1]
at_tcpsetup             0x08005265   0x7e  Code  Gb  m590e.o [1]
at_xiic                 0x080050a9   0x6e  Code  Gb  m590e.o [1]
at_xisp                 0x08004ee5   0x64  Code  Gb  m590e.o [1]
ate                     0x08004c37   0x8e  Code  Gb  m590e.o [1]
atoi                    0x08008339    0x8  Code  Gb  atoi.o [3]
ats                     0x20000000   0x50  Data  Gb  m590e.o [1]
buf                     0x20003cec    0x4  Data  Gb  tasks.o [1]
buf_                    0x20003cf0    0x4  Data  Gb  tasks.o [1]
change_connect          0x080053fb   0x18  Code  Gb  m590e.o [1]
check_cgatt             0x08005019   0x90  Code  Gb  m590e.o [1]
check_cs                0x08000463   0x20  Code  Gb  tasks.o [1]
check_frame             0x08000815   0x42  Code  Gb  tasks.o [1]
check_str               0x08004c23   0x14  Code  Gb  m590e.o [1]
check_xiic              0x08005117   0x86  Code  Gb  m590e.o [1]
cjq_close               0x080019f9  0x17e  Code  Gb  tasks.o [1]
cjq_open                0x08001829  0x1bc  Code  Gb  tasks.o [1]
connect                 0x080052e3   0x9c  Code  Gb  m590e.o [1]
connectstate            0x20003d0a    0x1  Data  Gb  main.o [1]
data_seq                0x20003d15    0x1  Data  Gb  tasks.o [1]
delete_cjq              0x080028d3  0x28e  Code  Gb  tasks.o [1]
delete_meter            0x080024c1  0x2b0  Code  Gb  tasks.o [1]
device_ack              0x08002c5d   0x9e  Code  Gb  tasks.o [1]
deviceaddr              0x20003c90    0x8  Data  Gb  m590e.o [1]
digits                  0x08009bd4   0x28  Data  Lc  xstoul.o [3]
div                     0x0800a5d3    0xe  Code  Gb  div.o [3]
dns                     0x20000050   0x1c  Data  Gb  m590e.o [1]
exit                    0x0800adf7    0x4  Code  Gb  exit.o [3]
heart_seq               0x20003d14    0x1  Data  Gb  tasks.o [1]
ip                      0x2000006c   0x14  Data  Gb  m590e.o [1]
ip1                     0x200000c6    0x1  Data  Gb  m590e.o [1]
ip2                     0x200000c7    0x1  Data  Gb  m590e.o [1]
ip3                     0x200000c8    0x1  Data  Gb  m590e.o [1]
ip4                     0x200000c9    0x1  Data  Gb  m590e.o [1]
local_seq               0x20003d16    0x1  Data  Gb  tasks.o [1]
main                    0x0800a785   0x52  Code  Gb  main.o [1]
mbus_power              0x08000a59   0x3a  Code  Gb  tasks.o [1]
mem_buf                 0x2000130c  0x600  Data  Gb  main.o [1]
mem_isr                 0x20003a0c   0x78  Data  Gb  main.o [1]
memchr                  0x08009c75         Code  Gb  memchr.o [5]
meter_close             0x08001d31  0x1b0  Code  Gb  tasks.o [1]
meter_control           0x0800164d  0x1d4  Code  Gb  tasks.o [1]
meter_open              0x08001b7d  0x1ae  Code  Gb  tasks.o [1]
meter_read              0x08000bb5  0x2dc  Code  Gb  tasks.o [1]
meter_read_single       0x08000e99  0x1da  Code  Gb  tasks.o [1]
meter_send              0x080010c1  0x57e  Code  Gb  tasks.o [1]
ndigs                   0x08009bfc   0x28  Data  Lc  xstoul.o [3]
param_conf              0x08006043  0x116  Code  Gb  spi_flash.o [1]
param_config            0x08001f4d  0x380  Code  Gb  tasks.o [1]
param_query             0x08002b65   0x64  Code  Gb  tasks.o [1]
password                0x200000a8    0xc  Data  Gb  m590e.o [1]
port                    0x200000b4    0x8  Data  Gb  m590e.o [1]
port_                   0x200000c4    0x2  Data  Gb  m590e.o [1]
power_cmd               0x080009b5   0x3c  Code  Gb  tasks.o [1]
reading                 0x20003d0b    0x1  Data  Gb  main.o [1]
relay_1                 0x08000ac9   0x34  Code  Gb  tasks.o [1]
relay_2                 0x08000afd   0x34  Code  Gb  tasks.o [1]
relay_3                 0x08000b31   0x34  Code  Gb  tasks.o [1]
relay_4                 0x08000b65   0x34  Code  Gb  tasks.o [1]
relay_485               0x08000a93   0x36  Code  Gb  tasks.o [1]
sFLASH_EraseBulk        0x08005b11   0x2e  Code  Gb  spi_flash.o [1]
sFLASH_EraseSector      0x08005acd   0x44  Code  Gb  spi_flash.o [1]
sFLASH_EraseWritePage   0x08005b9b   0x62  Code  Gb  spi_flash.o [1]
sFLASH_PoolInit         0x08005d91  0x126  Code  Gb  spi_flash.o [1]
sFLASH_ReadBuffer       0x08005bfd   0x56  Code  Gb  spi_flash.o [1]
sFLASH_ReadID           0x08005caf   0x54  Code  Gb  spi_flash.o [1]
sFLASH_ReadStr          0x08005c53   0x5c  Code  Gb  spi_flash.o [1]
sFLASH_SendByte         0x08005d03   0x3a  Code  Gb  spi_flash.o [1]
sFLASH_WaitForWriteEnd  0x08005d5f   0x32  Code  Gb  spi_flash.o [1]
sFLASH_WriteEnable      0x08005d3d   0x22  Code  Gb  spi_flash.o [1]
sFLASH_WritePage        0x08005b3f   0x5c  Code  Gb  spi_flash.o [1]
search_cjq              0x08002771   0x64  Code  Gb  tasks.o [1]
search_meter            0x080022dd   0x6c  Code  Gb  tasks.o [1]
send_server             0x0800537f   0x7c  Code  Gb  m590e.o [1]
server_ptr              0x20003cf4    0x4  Data  Gb  tasks.o [1]
server_ptr_             0x20003cf8    0x4  Data  Gb  tasks.o [1]
server_seq              0x20003d17    0x1  Data  Gb  tasks.o [1]
slave_mbus              0x200000ca    0x1  Data  Gb  main.o [1]
sprintf                 0x080061f9   0x34  Code  Gb  sprintf.o [3]
start_slave             0x20003d18    0x1  Data  Gb  tasks.o [1]
strchr                  0x08009c25         Code  Gb  strchr.o [5]
strlen                  0x08009c3d         Code  Gb  strlen.o [5]
username                0x2000009c    0xc  Data  Gb  m590e.o [1]


[1] = D:\IAR_Workspace\STM32F103MBUS\Test\Debug\Obj
[2] = command line
[3] = dl7M_tln.a
[4] = m7M_tl.a
[5] = rt7M_tl.a
[6] = shb_l.a

  44 656 bytes of readonly  code memory
     956 bytes of readonly  data memory
  17 688 bytes of readwrite data memory

Errors: none
Warnings: none
