###############################################################################
#
# IAR ELF Linker V7.10.3.6832/W32 for ARM                 23/Nov/2015  17:57:26
# Copyright 2007-2014 IAR Systems AB.
#
#    Output file  =  
#        D:\IAR_Workspace\Concentrator_MBUS_485\Test\Debug\Exe\Test.out
#    Map file     =  
#        D:\IAR_Workspace\Concentrator_MBUS_485\Test\Debug\List\Test.map
#    Command line =  
#        D:\IAR_Workspace\Concentrator_MBUS_485\Test\Debug\Obj\bsp.o
#        D:\IAR_Workspace\Concentrator_MBUS_485\Test\Debug\Obj\cpu_a.o
#        D:\IAR_Workspace\Concentrator_MBUS_485\Test\Debug\Obj\cpu_c.o
#        D:\IAR_Workspace\Concentrator_MBUS_485\Test\Debug\Obj\cpu_core.o
#        D:\IAR_Workspace\Concentrator_MBUS_485\Test\Debug\Obj\lib_ascii.o
#        D:\IAR_Workspace\Concentrator_MBUS_485\Test\Debug\Obj\lib_math.o
#        D:\IAR_Workspace\Concentrator_MBUS_485\Test\Debug\Obj\lib_mem.o
#        D:\IAR_Workspace\Concentrator_MBUS_485\Test\Debug\Obj\lib_mem_a.o
#        D:\IAR_Workspace\Concentrator_MBUS_485\Test\Debug\Obj\lib_str.o
#        D:\IAR_Workspace\Concentrator_MBUS_485\Test\Debug\Obj\main.o
#        D:\IAR_Workspace\Concentrator_MBUS_485\Test\Debug\Obj\misc.o
#        D:\IAR_Workspace\Concentrator_MBUS_485\Test\Debug\Obj\os_app_hooks.o
#        D:\IAR_Workspace\Concentrator_MBUS_485\Test\Debug\Obj\os_cfg_app.o
#        D:\IAR_Workspace\Concentrator_MBUS_485\Test\Debug\Obj\os_core.o
#        D:\IAR_Workspace\Concentrator_MBUS_485\Test\Debug\Obj\os_cpu_a.o
#        D:\IAR_Workspace\Concentrator_MBUS_485\Test\Debug\Obj\os_cpu_c.o
#        D:\IAR_Workspace\Concentrator_MBUS_485\Test\Debug\Obj\os_dbg.o
#        D:\IAR_Workspace\Concentrator_MBUS_485\Test\Debug\Obj\os_flag.o
#        D:\IAR_Workspace\Concentrator_MBUS_485\Test\Debug\Obj\os_int.o
#        D:\IAR_Workspace\Concentrator_MBUS_485\Test\Debug\Obj\os_mem.o
#        D:\IAR_Workspace\Concentrator_MBUS_485\Test\Debug\Obj\os_msg.o
#        D:\IAR_Workspace\Concentrator_MBUS_485\Test\Debug\Obj\os_mutex.o
#        D:\IAR_Workspace\Concentrator_MBUS_485\Test\Debug\Obj\os_pend_multi.o
#        D:\IAR_Workspace\Concentrator_MBUS_485\Test\Debug\Obj\os_prio.o
#        D:\IAR_Workspace\Concentrator_MBUS_485\Test\Debug\Obj\os_q.o
#        D:\IAR_Workspace\Concentrator_MBUS_485\Test\Debug\Obj\os_sem.o
#        D:\IAR_Workspace\Concentrator_MBUS_485\Test\Debug\Obj\os_stat.o
#        D:\IAR_Workspace\Concentrator_MBUS_485\Test\Debug\Obj\os_task.o
#        D:\IAR_Workspace\Concentrator_MBUS_485\Test\Debug\Obj\os_tick.o
#        D:\IAR_Workspace\Concentrator_MBUS_485\Test\Debug\Obj\os_time.o
#        D:\IAR_Workspace\Concentrator_MBUS_485\Test\Debug\Obj\os_tmr.o
#        D:\IAR_Workspace\Concentrator_MBUS_485\Test\Debug\Obj\os_var.o
#        D:\IAR_Workspace\Concentrator_MBUS_485\Test\Debug\Obj\serial.o
#        D:\IAR_Workspace\Concentrator_MBUS_485\Test\Debug\Obj\sim800g.o
#        D:\IAR_Workspace\Concentrator_MBUS_485\Test\Debug\Obj\spi_flash.o
#        D:\IAR_Workspace\Concentrator_MBUS_485\Test\Debug\Obj\startup_stm32f10x_md.o
#        D:\IAR_Workspace\Concentrator_MBUS_485\Test\Debug\Obj\stm32f10x_adc.o
#        D:\IAR_Workspace\Concentrator_MBUS_485\Test\Debug\Obj\stm32f10x_bkp.o
#        D:\IAR_Workspace\Concentrator_MBUS_485\Test\Debug\Obj\stm32f10x_can.o
#        D:\IAR_Workspace\Concentrator_MBUS_485\Test\Debug\Obj\stm32f10x_cec.o
#        D:\IAR_Workspace\Concentrator_MBUS_485\Test\Debug\Obj\stm32f10x_crc.o
#        D:\IAR_Workspace\Concentrator_MBUS_485\Test\Debug\Obj\stm32f10x_dac.o
#        D:\IAR_Workspace\Concentrator_MBUS_485\Test\Debug\Obj\stm32f10x_dbgmcu.o
#        D:\IAR_Workspace\Concentrator_MBUS_485\Test\Debug\Obj\stm32f10x_dma.o
#        D:\IAR_Workspace\Concentrator_MBUS_485\Test\Debug\Obj\stm32f10x_exti.o
#        D:\IAR_Workspace\Concentrator_MBUS_485\Test\Debug\Obj\stm32f10x_flash.o
#        D:\IAR_Workspace\Concentrator_MBUS_485\Test\Debug\Obj\stm32f10x_fsmc.o
#        D:\IAR_Workspace\Concentrator_MBUS_485\Test\Debug\Obj\stm32f10x_gpio.o
#        D:\IAR_Workspace\Concentrator_MBUS_485\Test\Debug\Obj\stm32f10x_i2c.o
#        D:\IAR_Workspace\Concentrator_MBUS_485\Test\Debug\Obj\stm32f10x_it.o
#        D:\IAR_Workspace\Concentrator_MBUS_485\Test\Debug\Obj\stm32f10x_iwdg.o
#        D:\IAR_Workspace\Concentrator_MBUS_485\Test\Debug\Obj\stm32f10x_pwr.o
#        D:\IAR_Workspace\Concentrator_MBUS_485\Test\Debug\Obj\stm32f10x_rcc.o
#        D:\IAR_Workspace\Concentrator_MBUS_485\Test\Debug\Obj\stm32f10x_rtc.o
#        D:\IAR_Workspace\Concentrator_MBUS_485\Test\Debug\Obj\stm32f10x_sdio.o
#        D:\IAR_Workspace\Concentrator_MBUS_485\Test\Debug\Obj\stm32f10x_spi.o
#        D:\IAR_Workspace\Concentrator_MBUS_485\Test\Debug\Obj\stm32f10x_tim.o
#        D:\IAR_Workspace\Concentrator_MBUS_485\Test\Debug\Obj\stm32f10x_usart.o
#        D:\IAR_Workspace\Concentrator_MBUS_485\Test\Debug\Obj\stm32f10x_wwdg.o
#        D:\IAR_Workspace\Concentrator_MBUS_485\Test\Debug\Obj\system_stm32f10x.o
#        D:\IAR_Workspace\Concentrator_MBUS_485\Test\Debug\Obj\tasks.o
#        D:\IAR_Workspace\Concentrator_MBUS_485\Test\Debug\Obj\timestamp.o -o
#        D:\IAR_Workspace\Concentrator_MBUS_485\Test\Debug\Exe\Test.out --map
#        D:\IAR_Workspace\Concentrator_MBUS_485\Test\Debug\List\Test.map
#        --config "D:\Program Files (x86)\IAR Systems\Embedded Workbench
#        7.0\arm\config\linker\ST\stm32f103xB.icf" --semihosting --entry
#        __iar_program_start --vfe
#
###############################################################################

*******************************************************************************
*** RUNTIME MODEL ATTRIBUTES
***

CppFlavor       = *
__SystemLibrary = DLib


*******************************************************************************
*** PLACEMENT SUMMARY
***

"A1":  place at 0x08000000 { ro section .intvec };
"P1":  place in [from 0x08000000 to 0x0801ffff] { ro };
"P2":  place in [from 0x20000000 to 0x20004fff] { rw, block CSTACK, block HEAP };

  Section             Kind        Address    Size  Object
  -------             ----        -------    ----  ------
"A1":                                        0xec
  .intvec             ro code  0x08000000    0xec  startup_stm32f10x_md.o [1]
                             - 0x080000ec    0xec

"P1":                                      0xaaf0
  .text               ro code  0x080000ec  0x3408  tasks.o [1]
  .text               ro code  0x080034f4   0x384  os_q.o [1]
  .text               ro code  0x08003878   0x180  os_mem.o [1]
  .text               ro code  0x080039f8   0x11c  lib_mem.o [1]
  .text               ro code  0x08003b14   0x400  serial.o [1]
  .text               ro code  0x08003f14   0x302  os_sem.o [1]
  .text               ro code  0x08004216    0x2e  copy_init3.o [5]
  .text               ro code  0x08004244   0x28c  os_time.o [1]
  .text               ro code  0x080044d0   0x764  sim800g.o [1]
  .text               ro code  0x08004c34   0x21e  lib_str.o [1]
  .text               ro code  0x08004e52    0x22  zero_init3.o [5]
  CODE                ro code  0x08004e74   0x220  lib_mem_a.o [1]
  CODE                ro code  0x08005094    0x34  cpu_a.o [1]
  .text               ro code  0x080050c8   0x1c4  stm32f10x_gpio.o [1]
  .text               ro code  0x0800528c   0x6e4  spi_flash.o [1]
  .text               ro code  0x08005970    0x34  sprintf.o [3]
  .text               ro code  0x080059a4   0x6aa  os_flag.o [1]
  .text               ro code  0x0800604e     0xa  xsprout.o [3]
  .text               ro code  0x08006058   0x1fc  os_msg.o [1]
  .text               ro code  0x08006254   0x954  os_core.o [1]
  .text               ro code  0x08006ba8    0x3c  timestamp.o [1]
  .text               ro code  0x08006be4   0x17e  stm32f10x_usart.o [1]
  .rodata             const    0x08006d62     0x2  os_cfg_app.o [1]
  .text               ro code  0x08006d64    0xc8  stm32f10x_exti.o [1]
  .text               ro code  0x08006e2c   0x418  os_tick.o [1]
  .text               ro code  0x08007244   0x1d8  os_cpu_c.o [1]
  .text               ro code  0x0800741c   0x694  os_task.o [1]
  .text               ro code  0x08007ab0     0x8  atoi.o [3]
  .text               ro code  0x08007ab8    0xa4  stm32f10x_spi.o [1]
  .text               ro code  0x08007b5c   0xd86  xprintffull_nomb.o [3]
  .rodata             const    0x080088e2     0x2  os_cfg_app.o [1]
  .text               ro code  0x080088e4    0x88  os_prio.o [1]
  .text               ro code  0x0800896c    0x10  os_mutex.o [1]
  .text               ro code  0x0800897c   0x2dc  os_tmr.o [1]
  .text               ro code  0x08008c58    0xac  os_cfg_app.o [1]
  CODE                ro code  0x08008d04    0x84  os_cpu_a.o [1]
  .text               ro code  0x08008d88   0x4cc  bsp.o [1]
  .text               ro code  0x08009254    0x4c  cpu_core.o [1]
  .text               ro code  0x080092a0   0x258  stm32f10x_rcc.o [1]
  .text               ro code  0x080094f8   0x19c  xstoul.o [3]
  .text               ro code  0x08009694    0x16  strchr.o [5]
  .rodata             const    0x080096aa     0x2  os_cfg_app.o [1]
  .text               ro code  0x080096ac    0x36  strlen.o [5]
  .rodata             const    0x080096e2     0x1  os_cfg_app.o [1]
  .rodata             const    0x080096e3     0x1  os_cfg_app.o [1]
  .text               ro code  0x080096e4    0x58  memchr.o [5]
  .text               ro code  0x0800973c    0xee  I64DivMod.o [5]
  .text               ro code  0x0800982c    0x76  ABImemcpy_unaligned.o [5]
  .text               ro code  0x080098a2    0x42  xdnorm.o [4]
  .text               ro code  0x080098e4    0x2e  DblCmpLe.o [4]
  .text               ro code  0x08009914    0x2e  DblCmpGe.o [4]
  .text               ro code  0x08009944   0x10c  xdscale.o [4]
  .text               ro code  0x08009a50    0x58  DblToI32.o [4]
  .text               ro code  0x08009aa8    0x30  I32ToDbl.o [4]
  .text               ro code  0x08009ad8   0x180  DblSub.o [4]
  .text               ro code  0x08009c58   0x1a2  DblMul.o [4]
  .text               ro code  0x08009dfc   0x246  DblDiv.o [4]
  .text               ro code  0x0800a042     0xe  div.o [3]
  .text               ro code  0x0800a050    0x3c  stm32f10x_flash.o [1]
  .text               ro code  0x0800a08c    0x80  misc.o [1]
  .text               ro code  0x0800a10c     0xc  errno.o [3]
  .text               ro code  0x0800a118     0x2  I64DivZer.o [5]
  .text               ro code  0x0800a11c    0xd4  DblAdd.o [4]
  .text               ro code  0x0800a1f0     0x2  xtls.o [3]
  .text               ro code  0x0800a1f4   0x4e4  main.o [1]
  .text               ro code  0x0800a6d8    0x10  stm32f10x_iwdg.o [1]
  .text               ro code  0x0800a6e8    0x6e  system_stm32f10x.o [1]
  .text               ro code  0x0800a756    0x36  stm32f10x_it.o [1]
  .text               ro code  0x0800a78c    0x28  data_init.o [5]
  .iar.init_table     const    0x0800a7b4    0x24  - Linker created -
  .text               ro code  0x0800a7d8    0x1a  cmain.o [5]
  .text               ro code  0x0800a7f2     0x4  low_level_init.o [3]
  .text               ro code  0x0800a7f6     0x4  exit.o [3]
  .text               ro code  0x0800a7fc     0xa  cexit.o [5]
  .text               ro code  0x0800a808    0x14  exit.o [6]
  .rodata             const    0x0800a81c    0x18  os_tmr.o [1]
  .rodata             const    0x0800a834    0x18  sim800g.o [1]
  .rodata             const    0x0800a84c    0x18  spi_flash.o [1]
  .rodata             const    0x0800a864    0x14  os_core.o [1]
  .rodata             const    0x0800a878    0x14  os_tick.o [1]
  .rodata             const    0x0800a88c    0x14  sim800g.o [1]
  .rodata             const    0x0800a8a0    0x10  sim800g.o [1]
  .rodata             const    0x0800a8b0    0x10  sim800g.o [1]
  .text               ro code  0x0800a8c0    0x10  startup_stm32f10x_md.o [1]
  .rodata             const    0x0800a8d0     0xc  main.o [1]
  .rodata             const    0x0800a8dc     0xc  main.o [1]
  .rodata             const    0x0800a8e8     0xc  main.o [1]
  .rodata             const    0x0800a8f4     0xc  sim800g.o [1]
  .rodata             const    0x0800a900     0xc  sim800g.o [1]
  .rodata             const    0x0800a90c     0xc  sim800g.o [1]
  .rodata             const    0x0800a918     0xc  sim800g.o [1]
  .rodata             const    0x0800a924     0xc  sim800g.o [1]
  .rodata             const    0x0800a930     0xc  sim800g.o [1]
  .rodata             const    0x0800a93c     0xc  sim800g.o [1]
  .rodata             const    0x0800a948     0xc  sim800g.o [1]
  .rodata             const    0x0800a954     0xc  sim800g.o [1]
  .text               ro code  0x0800a960     0xc  cstartup_M.o [5]
  .rodata             const    0x0800a96c     0x8  main.o [1]
  .rodata             const    0x0800a974     0x8  main.o [1]
  .rodata             const    0x0800a97c     0x8  main.o [1]
  .rodata             const    0x0800a984     0x8  main.o [1]
  .rodata             const    0x0800a98c     0x8  main.o [1]
  .rodata             const    0x0800a994     0x8  main.o [1]
  .rodata             const    0x0800a99c     0x8  main.o [1]
  .rodata             const    0x0800a9a4     0x8  main.o [1]
  .rodata             const    0x0800a9ac     0x8  main.o [1]
  .rodata             const    0x0800a9b4     0x8  main.o [1]
  .rodata             const    0x0800a9bc     0x8  main.o [1]
  .rodata             const    0x0800a9c4     0x8  main.o [1]
  .rodata             const    0x0800a9cc     0x8  main.o [1]
  .rodata             const    0x0800a9d4     0x8  main.o [1]
  .rodata             const    0x0800a9dc     0x8  main.o [1]
  .rodata             const    0x0800a9e4     0x8  os_task.o [1]
  .rodata             const    0x0800a9ec     0x8  sim800g.o [1]
  .rodata             const    0x0800a9f4     0x8  sim800g.o [1]
  .rodata             const    0x0800a9fc     0x8  sim800g.o [1]
  .rodata             const    0x0800aa04     0x8  tasks.o [1]
  .rodata             const    0x0800aa0c     0x8  tasks.o [1]
  .rodata             const    0x0800aa14     0x8  tasks.o [1]
  .rodata             const    0x0800aa1c     0x8  tasks.o [1]
  .rodata             const    0x0800aa24     0x8  tasks.o [1]
  .rodata             const    0x0800aa2c     0x4  os_cfg_app.o [1]
  .rodata             const    0x0800aa30     0x4  os_cfg_app.o [1]
  .rodata             const    0x0800aa34     0x4  os_cfg_app.o [1]
  .rodata             const    0x0800aa38     0x4  os_cfg_app.o [1]
  .rodata             const    0x0800aa3c     0x4  os_cfg_app.o [1]
  .rodata             const    0x0800aa40     0x4  os_cfg_app.o [1]
  .rodata             const    0x0800aa44     0x4  os_cfg_app.o [1]
  .rodata             const    0x0800aa48     0x4  os_cfg_app.o [1]
  .rodata             const    0x0800aa4c     0x4  os_cfg_app.o [1]
  .rodata             const    0x0800aa50     0x4  os_cfg_app.o [1]
  .rodata             const    0x0800aa54     0x4  os_cfg_app.o [1]
  .rodata             const    0x0800aa58     0x4  os_cfg_app.o [1]
  .rodata             const    0x0800aa5c     0x4  os_cfg_app.o [1]
  .rodata             const    0x0800aa60     0x4  os_cfg_app.o [1]
  .rodata             const    0x0800aa64     0x4  os_cfg_app.o [1]
  .rodata             const    0x0800aa68     0x4  os_cfg_app.o [1]
  .rodata             const    0x0800aa6c     0x4  os_cfg_app.o [1]
  .rodata             const    0x0800aa70     0x4  os_cfg_app.o [1]
  .rodata             const    0x0800aa74     0x4  os_cfg_app.o [1]
  .rodata             const    0x0800aa78     0x4  os_cfg_app.o [1]
  .rodata             const    0x0800aa7c     0x4  os_cfg_app.o [1]
  .rodata             const    0x0800aa80     0x4  os_cfg_app.o [1]
  .rodata             const    0x0800aa84     0x4  os_cfg_app.o [1]
  .rodata             const    0x0800aa88     0x4  sim800g.o [1]
  .text               ro code  0x0800aa8c     0x4  startup_stm32f10x_md.o [1]
  .text               ro code  0x0800aa90     0x4  startup_stm32f10x_md.o [1]
  .text               ro code  0x0800aa94     0x4  startup_stm32f10x_md.o [1]
  .text               ro code  0x0800aa98     0x4  startup_stm32f10x_md.o [1]
  .text               ro code  0x0800aa9c     0x4  startup_stm32f10x_md.o [1]
  .text               ro code  0x0800aaa0     0x4  startup_stm32f10x_md.o [1]
  .text               ro code  0x0800aaa4     0x4  startup_stm32f10x_md.o [1]
  .text               ro code  0x0800aaa8     0x4  startup_stm32f10x_md.o [1]
  .text               ro code  0x0800aaac     0x4  startup_stm32f10x_md.o [1]
  .text               ro code  0x0800aab0     0x4  startup_stm32f10x_md.o [1]
  .text               ro code  0x0800aab4     0x4  startup_stm32f10x_md.o [1]
  .text               ro code  0x0800aab8     0x4  startup_stm32f10x_md.o [1]
  .text               ro code  0x0800aabc     0x4  startup_stm32f10x_md.o [1]
  .text               ro code  0x0800aac0     0x4  startup_stm32f10x_md.o [1]
  .text               ro code  0x0800aac4     0x4  startup_stm32f10x_md.o [1]
  .text               ro code  0x0800aac8     0x4  startup_stm32f10x_md.o [1]
  .text               ro code  0x0800aacc     0x4  startup_stm32f10x_md.o [1]
  .text               ro code  0x0800aad0     0x4  startup_stm32f10x_md.o [1]
  .text               ro code  0x0800aad4     0x4  startup_stm32f10x_md.o [1]
  .text               ro code  0x0800aad8     0x4  startup_stm32f10x_md.o [1]
  .text               ro code  0x0800aadc     0x4  startup_stm32f10x_md.o [1]
  .text               ro code  0x0800aae0     0x4  startup_stm32f10x_md.o [1]
  .text               ro code  0x0800aae4     0x4  startup_stm32f10x_md.o [1]
  .text               ro code  0x0800aae8     0x4  startup_stm32f10x_md.o [1]
  .text               ro code  0x0800aaec     0x4  startup_stm32f10x_md.o [1]
  .text               ro code  0x0800aaf0     0x4  startup_stm32f10x_md.o [1]
  .text               ro code  0x0800aaf4     0x4  startup_stm32f10x_md.o [1]
  .text               ro code  0x0800aaf8     0x4  startup_stm32f10x_md.o [1]
  .text               ro code  0x0800aafc     0x4  startup_stm32f10x_md.o [1]
  .text               ro code  0x0800ab00     0x4  startup_stm32f10x_md.o [1]
  .text               ro code  0x0800ab04     0x4  startup_stm32f10x_md.o [1]
  .text               ro code  0x0800ab08     0x4  startup_stm32f10x_md.o [1]
  .text               ro code  0x0800ab0c     0x4  startup_stm32f10x_md.o [1]
  .text               ro code  0x0800ab10     0x4  startup_stm32f10x_md.o [1]
  .text               ro code  0x0800ab14     0x4  startup_stm32f10x_md.o [1]
  .text               ro code  0x0800ab18     0x4  startup_stm32f10x_md.o [1]
  .text               ro code  0x0800ab1c     0x4  startup_stm32f10x_md.o [1]
  .text               ro code  0x0800ab20     0x4  startup_stm32f10x_md.o [1]
  .text               ro code  0x0800ab24     0x4  startup_stm32f10x_md.o [1]
  .rodata             const    0x0800ab28     0x0  zero_init3.o [5]
  .rodata             const    0x0800ab28     0x0  copy_init3.o [5]
  Initializer bytes   ro data  0x0800ab28    0xb4  <for P2 s0>
                             - 0x0800abdc  0xaaf0

"P2", part 1 of 3:                           0xb4
  P2 s0                        0x20000000    0xb4  <Init block>
    .data             inited   0x20000000    0x50  sim800g.o [1]
    .data             inited   0x20000050    0x1c  sim800g.o [1]
    .data             inited   0x2000006c    0x14  sim800g.o [1]
    .data             inited   0x20000080    0x10  stm32f10x_rcc.o [1]
    .data             inited   0x20000090     0x8  sim800g.o [1]
    .data             inited   0x20000098     0x8  sim800g.o [1]
    .data             inited   0x200000a0     0x4  stm32f10x_rcc.o [1]
    .data             inited   0x200000a4     0x4  tasks.o [1]
    __DLIB_PERTHREAD  inited   0x200000a8     0x4  errno.o [3]
    .data             inited   0x200000ac     0x2  sim800g.o [1]
    .data             inited   0x200000ae     0x1  main.o [1]
    .data             inited   0x200000af     0x1  main.o [1]
    .data             inited   0x200000b0     0x1  sim800g.o [1]
    .data             inited   0x200000b1     0x1  sim800g.o [1]
    .data             inited   0x200000b2     0x1  sim800g.o [1]
    .data             inited   0x200000b3     0x1  sim800g.o [1]
                             - 0x200000b4    0xb4

"P2", part 2 of 3:                         0x3c1c
  .bss                zero     0x200000b4   0x640  os_cfg_app.o [1]
  .bss                zero     0x200006f4   0x600  main.o [1]
  .bss                zero     0x20000cf4   0x600  main.o [1]
  .bss                zero     0x200012f4   0x600  main.o [1]
  .bss                zero     0x200018f4   0x200  main.o [1]
  .bss                zero     0x20001af4   0x200  main.o [1]
  .bss                zero     0x20001cf4   0x200  main.o [1]
  .bss                zero     0x20001ef4   0x200  main.o [1]
  .bss                zero     0x200020f4   0x200  main.o [1]
  .bss                zero     0x200022f4   0x200  main.o [1]
  .bss                zero     0x200024f4   0x200  main.o [1]
  .bss                zero     0x200026f4   0x200  os_cfg_app.o [1]
  .bss                zero     0x200028f4   0x200  os_cfg_app.o [1]
  .bss                zero     0x20002af4   0x200  os_cfg_app.o [1]
  .bss                zero     0x20002cf4   0x200  os_cfg_app.o [1]
  .bss                zero     0x20002ef4   0x180  os_var.o [1]
  .bss                zero     0x20003074    0xb4  main.o [1]
  .bss                zero     0x20003128    0xb4  main.o [1]
  .bss                zero     0x200031dc    0xb4  main.o [1]
  .bss                zero     0x20003290    0xb4  main.o [1]
  .bss                zero     0x20003344    0xb4  main.o [1]
  .bss                zero     0x200033f8    0xb4  main.o [1]
  .bss                zero     0x200034ac    0xb4  main.o [1]
  .bss                zero     0x20003560    0xb4  main.o [1]
  .bss                zero     0x20003614    0xb4  main.o [1]
  .bss                zero     0x200036c8    0xb4  os_var.o [1]
  .bss                zero     0x2000377c    0xb4  os_var.o [1]
  .bss                zero     0x20003830    0xb4  os_var.o [1]
  .bss                zero     0x200038e4    0x88  os_cfg_app.o [1]
  .bss                zero     0x2000396c    0x88  os_cfg_app.o [1]
  .bss                zero     0x200039f4    0x78  main.o [1]
  .bss                zero     0x20003a6c    0x24  main.o [1]
  .bss                zero     0x20003a90    0x24  main.o [1]
  .bss                zero     0x20003ab4    0x24  main.o [1]
  .bss                zero     0x20003ad8    0x24  main.o [1]
  .bss                zero     0x20003afc    0x24  main.o [1]
  .bss                zero     0x20003b20    0x1c  main.o [1]
  .bss                zero     0x20003b3c    0x1c  main.o [1]
  .bss                zero     0x20003b58    0x1c  main.o [1]
  .bss                zero     0x20003b74    0x1c  main.o [1]
  .bss                zero     0x20003b90    0x1c  main.o [1]
  .bss                zero     0x20003bac    0x1c  main.o [1]
  .bss                zero     0x20003bc8    0x1c  main.o [1]
  .bss                zero     0x20003be4    0x1c  main.o [1]
  .bss                zero     0x20003c00    0x18  main.o [1]
  .bss                zero     0x20003c18    0x18  main.o [1]
  .bss                zero     0x20003c30    0x10  cpu_core.o [1]
  .bss                zero     0x20003c40     0xc  os_var.o [1]
  .bss                zero     0x20003c4c     0x4  cpu_core.o [1]
  .bss                zero     0x20003c50     0x4  os_cpu_c.o [1]
  .bss                zero     0x20003c54     0x4  os_prio.o [1]
  .bss                zero     0x20003c58     0x4  os_var.o [1]
  .bss                zero     0x20003c5c     0x4  os_var.o [1]
  .bss                zero     0x20003c60     0x4  os_var.o [1]
  .bss                zero     0x20003c64     0x4  os_var.o [1]
  .bss                zero     0x20003c68     0x4  os_var.o [1]
  .bss                zero     0x20003c6c     0x4  os_var.o [1]
  .bss                zero     0x20003c70     0x4  os_var.o [1]
  .bss                zero     0x20003c74     0x4  os_var.o [1]
  .bss                zero     0x20003c78     0x4  os_var.o [1]
  .bss                zero     0x20003c7c     0x4  os_var.o [1]
  .bss                zero     0x20003c80     0x4  os_var.o [1]
  .bss                zero     0x20003c84     0x4  os_var.o [1]
  .bss                zero     0x20003c88     0x4  os_var.o [1]
  .bss                zero     0x20003c8c     0x4  os_var.o [1]
  .bss                zero     0x20003c90     0x4  os_var.o [1]
  .bss                zero     0x20003c94     0x4  os_var.o [1]
  .bss                zero     0x20003c98     0x4  os_var.o [1]
  .bss                zero     0x20003c9c     0x4  os_var.o [1]
  .bss                zero     0x20003ca0     0x4  tasks.o [1]
  .bss                zero     0x20003ca4     0x4  tasks.o [1]
  .bss                zero     0x20003ca8     0x4  tasks.o [1]
  .bss                zero     0x20003cac     0x4  tasks.o [1]
  .bss                zero     0x20003cb0     0x2  os_var.o [1]
  .bss                zero     0x20003cb2     0x2  os_var.o [1]
  .bss                zero     0x20003cb4     0x2  os_var.o [1]
  .bss                zero     0x20003cb6     0x2  os_var.o [1]
  .bss                zero     0x20003cb8     0x2  os_var.o [1]
  .bss                zero     0x20003cba     0x2  os_var.o [1]
  .bss                zero     0x20003cbc     0x1  main.o [1]
  .bss                zero     0x20003cbd     0x1  main.o [1]
  .bss                zero     0x20003cbe     0x1  main.o [1]
  .bss                zero     0x20003cbf     0x1  os_var.o [1]
  .bss                zero     0x20003cc0     0x1  os_var.o [1]
  .bss                zero     0x20003cc1     0x1  os_var.o [1]
  .bss                zero     0x20003cc2     0x1  os_var.o [1]
  .bss                zero     0x20003cc3     0x1  os_var.o [1]
  .bss                zero     0x20003cc4     0x1  os_var.o [1]
  .bss                zero     0x20003cc5     0x1  os_var.o [1]
  .bss                zero     0x20003cc6     0x1  os_var.o [1]
  .bss                zero     0x20003cc7     0x1  tasks.o [1]
  .bss                zero     0x20003cc8     0x1  tasks.o [1]
  .bss                zero     0x20003cc9     0x1  tasks.o [1]
  .bss                zero     0x20003cca     0x1  tasks.o [1]
  .bss                zero     0x20003ccb     0x1  tasks.o [1]
                             - 0x20003ccc  0x3c18

"P2", part 3 of 3:                          0x800
  CSTACK                       0x20003cd0   0x800  <Block>
    CSTACK            uninit   0x20003cd0   0x800  <Block tail>
                             - 0x200044d0   0x800


*******************************************************************************
*** INIT TABLE
***

          Address     Size
          -------     ----
Zero (__iar_zero_init3)
    1 destination range, total size 0x3c18:
          0x200000b4  0x3c18

Copy (__iar_copy_init3)
    1 source range, total size 0xb4:
          0x0800ab28    0xb4
    1 destination range, total size 0xb4:
          0x20000000    0xb4



*******************************************************************************
*** MODULE SUMMARY
***

    Module                  ro code  ro data  rw data
    ------                  -------  -------  -------
D:\IAR_Workspace\Concentrator_MBUS_485\Test\Debug\Obj: [1]
    bsp.o                     1 228
    cpu_a.o                      52
    cpu_core.o                   76                20
    lib_mem.o                   284
    lib_mem_a.o                 544
    lib_str.o                   542
    main.o                    1 252      158   10 389
    misc.o                      128
    os_cfg_app.o                172      100    3 920
    os_core.o                 2 388       20
    os_cpu_a.o                  132
    os_cpu_c.o                  472                 4
    os_flag.o                 1 706
    os_mem.o                    384
    os_msg.o                    508
    os_mutex.o                   16
    os_prio.o                   136                 4
    os_q.o                      900
    os_sem.o                    770
    os_task.o                 1 684        8
    os_tick.o                 1 048       20
    os_time.o                   652
    os_tmr.o                    732       24
    os_var.o                                    1 028
    serial.o                  1 024
    sim800g.o                 1 892      362      150
    spi_flash.o               1 764       24
    startup_stm32f10x_md.o      408
    stm32f10x_exti.o            200
    stm32f10x_flash.o            60
    stm32f10x_gpio.o            452
    stm32f10x_it.o               54
    stm32f10x_iwdg.o             16
    stm32f10x_rcc.o             600       20       20
    stm32f10x_spi.o             164
    stm32f10x_usart.o           382
    system_stm32f10x.o          110
    tasks.o                  13 320       44       25
    timestamp.o                  60
    -------------------------------------------------
    Total:                   36 312      780   15 560

command line: [2]
    -------------------------------------------------
    Total:

dl7M_tln.a: [3]
    atoi.o                        8
    div.o                        14
    errno.o                      12        4        4
    exit.o                        4
    low_level_init.o              4
    sprintf.o                    52
    xprintffull_nomb.o        3 462
    xsprout.o                    10
    xstoul.o                    412
    xtls.o                        2
    -------------------------------------------------
    Total:                    3 980        4        4

m7M_tl.a: [4]
    DblAdd.o                    212
    DblCmpGe.o                   46
    DblCmpLe.o                   46
    DblDiv.o                    582
    DblMul.o                    418
    DblSub.o                    384
    DblToI32.o                   88
    I32ToDbl.o                   48
    xdnorm.o                     66
    xdscale.o                   268
    -------------------------------------------------
    Total:                    2 158

rt7M_tl.a: [5]
    ABImemcpy_unaligned.o       118
    I64DivMod.o                 238
    I64DivZer.o                   2
    cexit.o                      10
    cmain.o                      26
    copy_init3.o                 46
    cstartup_M.o                 12
    data_init.o                  40
    memchr.o                     88
    strchr.o                     22
    strlen.o                     54
    zero_init3.o                 34
    -------------------------------------------------
    Total:                      690

shb_l.a: [6]
    exit.o                       20
    -------------------------------------------------
    Total:                       20

    Gaps                         16
    Linker created                        36    2 048
-----------------------------------------------------
    Grand Total:             43 176      820   17 612


*******************************************************************************
*** ENTRY LIST
***

Entry                      Address   Size  Type      Object
-----                      -------   ----  ----      ------
?main                   0x0800a7d9         Code  Gb  cmain.o [5]
ADCPrescTable           0x200000a0    0x4  Data  Lc  stm32f10x_rcc.o [1]
APBAHBPrescTable        0x20000080   0x10  Data  Lc  stm32f10x_rcc.o [1]
BSP_CPU_ClkFreq         0x08009245   0x10  Code  Gb  bsp.o [1]
BSP_GPIO_Init           0x08008e39  0x200  Code  Gb  bsp.o [1]
BSP_Init                0x08008d89   0xb0  Code  Gb  bsp.o [1]
BSP_NVIC_Init           0x08009151   0x6c  Code  Gb  bsp.o [1]
BSP_SPI_Init            0x080091bd   0x66  Code  Gb  bsp.o [1]
BSP_USART_Init          0x08009039  0x118  Code  Gb  bsp.o [1]
BusFault_Handler        0x0800a75d    0x2  Code  Gb  stm32f10x_it.o [1]
CPU_CntLeadZeros        0x080050b3         Code  Gb  cpu_a.o [1]
CPU_CntTrailZeros       0x080050b9         Code  Gb  cpu_a.o [1]
CPU_Init                0x08009255    0xc  Code  Gb  cpu_core.o [1]
CPU_IntDis              0x08005095         Code  Gb  cpu_a.o [1]
CPU_IntEn               0x08005099         Code  Gb  cpu_a.o [1]
CPU_Name                0x20003c30   0x10  Data  Gb  cpu_core.o [1]
CPU_NameClr             0x08009261   0x1a  Code  Gb  cpu_core.o [1]
CPU_NameInit            0x08009281    0x8  Code  Lc  cpu_core.o [1]
CPU_RevBits             0x080050c3         Code  Gb  cpu_a.o [1]
CPU_SR_Restore          0x080050a5         Code  Gb  cpu_a.o [1]
CPU_SR_Save             0x0800509d         Code  Gb  cpu_a.o [1]
CPU_TS_Init             0x08009289    0xe  Code  Lc  cpu_core.o [1]
CPU_TS_TmrFreqSet       0x0800927b    0x6  Code  Gb  cpu_core.o [1]
CPU_TS_TmrFreq_Hz       0x20003c4c    0x4  Data  Gb  cpu_core.o [1]
CPU_TS_TmrInit          0x08006ba9   0x2a  Code  Gb  timestamp.o [1]
CPU_TS_TmrRd            0x08006bd3    0x6  Code  Gb  timestamp.o [1]
CPU_WaitForExcept       0x080050af         Code  Gb  cpu_a.o [1]
CPU_WaitForInt          0x080050ab         Code  Gb  cpu_a.o [1]
CSTACK$$Base            0x20003cd0          --   Gb  - Linker created -
CSTACK$$Limit           0x200044d0          --   Gb  - Linker created -
DebugMon_Handler        0x0800a763    0x2  Code  Gb  stm32f10x_it.o [1]
Device_Cmd              0x08004b41   0x9c  Code  Gb  sim800g.o [1]
Device_Read             0x08003e87   0x34  Code  Gb  serial.o [1]
EXTI0_IRQHandler        0x0800a785    0x8  Code  Gb  stm32f10x_it.o [1]
EXTI_ClearITPendingBit  0x08006e11    0x6  Code  Gb  stm32f10x_exti.o [1]
EXTI_GetITStatus        0x08006ded   0x24  Code  Gb  stm32f10x_exti.o [1]
EXTI_Init               0x08006d65   0x88  Code  Gb  stm32f10x_exti.o [1]
FLAG_Event              0x20003be4   0x1c  Data  Gb  main.o [1]
FLASH_PrefetchBufferCmd
                        0x0800a069   0x20  Code  Gb  stm32f10x_flash.o [1]
FLASH_SetLatency        0x0800a051   0x18  Code  Gb  stm32f10x_flash.o [1]
GPIO_EXTILineConfig     0x08005231   0x50  Code  Gb  stm32f10x_gpio.o [1]
GPIO_Init               0x080050c9   0xc8  Code  Gb  stm32f10x_gpio.o [1]
GPIO_PinRemapConfig     0x080051b3   0x7e  Code  Gb  stm32f10x_gpio.o [1]
GPIO_ReadInputDataBit   0x08005191   0x16  Code  Gb  stm32f10x_gpio.o [1]
GPIO_ResetBits          0x080051ad    0x6  Code  Gb  stm32f10x_gpio.o [1]
GPIO_SetBits            0x080051a7    0x6  Code  Gb  stm32f10x_gpio.o [1]
GetFlash                0x08005677   0xc0  Code  Gb  spi_flash.o [1]
HardFault_Handler       0x0800a759    0x2  Code  Gb  stm32f10x_it.o [1]
IWDG_ReloadCounter      0x0800a6d9    0xa  Code  Gb  stm32f10x_iwdg.o [1]
MEM_Buf                 0x20003c00   0x18  Data  Gb  main.o [1]
MEM_ISR                 0x20003c18   0x18  Data  Gb  main.o [1]
MemManage_Handler       0x0800a75b    0x2  Code  Gb  stm32f10x_it.o [1]
Mem_Clr                 0x080039f9    0xc  Code  Gb  lib_mem.o [1]
Mem_Cmp                 0x08003a5f   0xb6  Code  Gb  lib_mem.o [1]
Mem_Copy                0x08004e75         Code  Gb  lib_mem_a.o [1]
Mem_Set                 0x08003a05   0x5a  Code  Gb  lib_mem.o [1]
NMI_Handler             0x0800a757    0x2  Code  Gb  stm32f10x_it.o [1]
NVIC_Init               0x0800a097   0x62  Code  Gb  misc.o [1]
NVIC_PriorityGroupConfig
                        0x0800a08d    0xa  Code  Gb  misc.o [1]
OSCfg_DataSizeRAM       0x0800aa84    0x4  Data  Gb  os_cfg_app.o [1]
OSCfg_ISRStk            0x200028f4  0x200  Data  Gb  os_cfg_app.o [1]
OSCfg_ISRStkBasePtr     0x0800aa3c    0x4  Data  Gb  os_cfg_app.o [1]
OSCfg_ISRStkSize        0x0800aa40    0x4  Data  Gb  os_cfg_app.o [1]
OSCfg_ISRStkSizeRAM     0x0800aa44    0x4  Data  Gb  os_cfg_app.o [1]
OSCfg_IdleTaskStk       0x200026f4  0x200  Data  Gb  os_cfg_app.o [1]
OSCfg_IdleTaskStkBasePtr
                        0x0800aa2c    0x4  Data  Gb  os_cfg_app.o [1]
OSCfg_IdleTaskStkLimit  0x0800aa30    0x4  Data  Gb  os_cfg_app.o [1]
OSCfg_IdleTaskStkSize   0x0800aa34    0x4  Data  Gb  os_cfg_app.o [1]
OSCfg_IdleTaskStkSizeRAM
                        0x0800aa38    0x4  Data  Gb  os_cfg_app.o [1]
OSCfg_Init              0x08008c59   0xac  Code  Gb  os_cfg_app.o [1]
OSCfg_MsgPool           0x200000b4  0x640  Data  Gb  os_cfg_app.o [1]
OSCfg_MsgPoolBasePtr    0x0800aa4c    0x4  Data  Gb  os_cfg_app.o [1]
OSCfg_MsgPoolSize       0x08006d62    0x2  Data  Gb  os_cfg_app.o [1]
OSCfg_MsgPoolSizeRAM    0x0800aa48    0x4  Data  Gb  os_cfg_app.o [1]
OSCfg_StkSizeMin        0x0800aa50    0x4  Data  Gb  os_cfg_app.o [1]
OSCfg_TickRate_Hz       0x0800aa54    0x4  Data  Gb  os_cfg_app.o [1]
OSCfg_TickTaskPrio      0x080096e2    0x1  Data  Gb  os_cfg_app.o [1]
OSCfg_TickTaskStk       0x20002af4  0x200  Data  Gb  os_cfg_app.o [1]
OSCfg_TickTaskStkBasePtr
                        0x0800aa58    0x4  Data  Gb  os_cfg_app.o [1]
OSCfg_TickTaskStkLimit  0x0800aa5c    0x4  Data  Gb  os_cfg_app.o [1]
OSCfg_TickTaskStkSize   0x0800aa60    0x4  Data  Gb  os_cfg_app.o [1]
OSCfg_TickTaskStkSizeRAM
                        0x0800aa64    0x4  Data  Gb  os_cfg_app.o [1]
OSCfg_TickWheel         0x200038e4   0x88  Data  Gb  os_cfg_app.o [1]
OSCfg_TickWheelSize     0x080088e2    0x2  Data  Gb  os_cfg_app.o [1]
OSCfg_TickWheelSizeRAM  0x0800aa68    0x4  Data  Gb  os_cfg_app.o [1]
OSCfg_TmrTaskPrio       0x080096e3    0x1  Data  Gb  os_cfg_app.o [1]
OSCfg_TmrTaskRate_Hz    0x0800aa6c    0x4  Data  Gb  os_cfg_app.o [1]
OSCfg_TmrTaskStk        0x20002cf4  0x200  Data  Gb  os_cfg_app.o [1]
OSCfg_TmrTaskStkBasePtr
                        0x0800aa70    0x4  Data  Gb  os_cfg_app.o [1]
OSCfg_TmrTaskStkLimit   0x0800aa74    0x4  Data  Gb  os_cfg_app.o [1]
OSCfg_TmrTaskStkSize    0x0800aa78    0x4  Data  Gb  os_cfg_app.o [1]
OSCfg_TmrTaskStkSizeRAM
                        0x0800aa7c    0x4  Data  Gb  os_cfg_app.o [1]
OSCfg_TmrWheel          0x2000396c   0x88  Data  Gb  os_cfg_app.o [1]
OSCfg_TmrWheelSize      0x080096aa    0x2  Data  Gb  os_cfg_app.o [1]
OSCfg_TmrWheelSizeRAM   0x0800aa80    0x4  Data  Gb  os_cfg_app.o [1]
OSFlagCreate            0x080059a5   0x66  Code  Gb  os_flag.o [1]
OSFlagPend              0x08005a0b  0x40c  Code  Gb  os_flag.o [1]
OSFlagPost              0x08005e17   0x5e  Code  Gb  os_flag.o [1]
OSFlagQty               0x20003cb0    0x2  Data  Gb  os_var.o [1]
OSIdleTaskCtr           0x20003c74    0x4  Data  Gb  os_var.o [1]
OSIdleTaskHook          0x08007245   0x12  Code  Gb  os_cpu_c.o [1]
OSIdleTaskTCB           0x200036c8   0xb4  Data  Gb  os_var.o [1]
OSInit                  0x08006255  0x150  Code  Gb  os_core.o [1]
OSInitHook              0x08007257   0x14  Code  Gb  os_cpu_c.o [1]
OSIntExit               0x080063a5   0xc8  Code  Gb  os_core.o [1]
OSIntNestingCtr         0x20003cbf    0x1  Data  Gb  os_var.o [1]
OSMemCreate             0x08003879   0xd0  Code  Gb  os_mem.o [1]
OSMemGet                0x08003949   0x46  Code  Gb  os_mem.o [1]
OSMemPut                0x0800398f   0x50  Code  Gb  os_mem.o [1]
OSMemQty                0x20003cb2    0x2  Data  Gb  os_var.o [1]
OSMsgPool               0x20003c40    0xc  Data  Gb  os_var.o [1]
OSMutexQty              0x20003cb4    0x2  Data  Gb  os_var.o [1]
OSPrioCur               0x20003cc1    0x1  Data  Gb  os_var.o [1]
OSPrioHighRdy           0x20003cc2    0x1  Data  Gb  os_var.o [1]
OSPrioSaved             0x20003cc3    0x1  Data  Gb  os_var.o [1]
OSPrioTbl               0x20003c54    0x4  Data  Gb  os_prio.o [1]
OSQCreate               0x080034f5   0x7c  Code  Gb  os_q.o [1]
OSQPend                 0x08003571  0x1be  Code  Gb  os_q.o [1]
OSQPost                 0x0800372f   0x84  Code  Gb  os_q.o [1]
OSQQty                  0x20003cb6    0x2  Data  Gb  os_var.o [1]
OSRdyList               0x20002ef4  0x180  Data  Gb  os_var.o [1]
OSRunning               0x20003cc0    0x1  Data  Gb  os_var.o [1]
OSSched                 0x0800646d   0x8e  Code  Gb  os_core.o [1]
OSSchedLock             0x080064fb   0x58  Code  Gb  os_core.o [1]
OSSchedLockNestingCtr   0x20003cc4    0x1  Data  Gb  os_var.o [1]
OSSchedRoundRobinDfltTimeQuanta
                        0x20003c78    0x4  Data  Gb  os_var.o [1]
OSSchedRoundRobinEn     0x20003cc5    0x1  Data  Gb  os_var.o [1]
OSSchedUnlock           0x08006553   0x72  Code  Gb  os_core.o [1]
OSSemCreate             0x08003f15   0x66  Code  Gb  os_sem.o [1]
OSSemPend               0x08003f7b  0x174  Code  Gb  os_sem.o [1]
OSSemPost               0x080040ef   0x60  Code  Gb  os_sem.o [1]
OSSemQty                0x20003cb8    0x2  Data  Gb  os_var.o [1]
OSStart                 0x080065c5   0x64  Code  Gb  os_core.o [1]
OSStartHighRdy          0x08008d05         Code  Gb  os_cpu_a.o [1]
OSTCBCurPtr             0x20003c98    0x4  Data  Gb  os_var.o [1]
OSTCBHighRdyPtr         0x20003c9c    0x4  Data  Gb  os_var.o [1]
OSTaskCreate            0x0800741d  0x176  Code  Gb  os_task.o [1]
OSTaskCreateHook        0x0800726b   0x12  Code  Gb  os_cpu_c.o [1]
OSTaskCtxSwCtr          0x20003c7c    0x4  Data  Gb  os_var.o [1]
OSTaskDel               0x08007593   0xea  Code  Gb  os_task.o [1]
OSTaskDelHook           0x0800727d   0x12  Code  Gb  os_cpu_c.o [1]
OSTaskQty               0x20003cba    0x2  Data  Gb  os_var.o [1]
OSTaskRegNextAvailID    0x20003cc6    0x1  Data  Gb  os_var.o [1]
OSTaskReturnHook        0x0800728f   0x12  Code  Gb  os_cpu_c.o [1]
OSTaskSemPend           0x0800767d  0x1cc  Code  Gb  os_task.o [1]
OSTaskSemPost           0x08007849   0x34  Code  Gb  os_task.o [1]
OSTaskStkInit           0x080072a1   0x80  Code  Gb  os_cpu_c.o [1]
OSTaskSwHook            0x08007321   0x56  Code  Gb  os_cpu_c.o [1]
OSTickCtr               0x20003c80    0x4  Data  Gb  os_var.o [1]
OSTickTaskTCB           0x2000377c   0xb4  Data  Gb  os_var.o [1]
OSTickTaskTimeMax       0x20003c84    0x4  Data  Gb  os_var.o [1]
OSTimeDly               0x08004245   0xa0  Code  Gb  os_time.o [1]
OSTimeDlyHMSM           0x080042e5  0x178  Code  Gb  os_time.o [1]
OSTimeTick              0x0800445d   0x4a  Code  Gb  os_time.o [1]
OSTimeTickHook          0x08007377   0x12  Code  Gb  os_cpu_c.o [1]
OSTmrTaskTCB            0x20003830   0xb4  Data  Gb  os_var.o [1]
OSTmrTaskTimeMax        0x20003c88    0x4  Data  Gb  os_var.o [1]
OSTmrTickCtr            0x20003c8c    0x4  Data  Gb  os_var.o [1]
OSTmrUpdateCnt          0x20003c90    0x4  Data  Gb  os_var.o [1]
OSTmrUpdateCtr          0x20003c94    0x4  Data  Gb  os_var.o [1]
OS_AppIdleTaskHookPtr   0x20003c64    0x4  Data  Gb  os_var.o [1]
OS_AppStatTaskHookPtr   0x20003c68    0x4  Data  Gb  os_var.o [1]
OS_AppTaskCreateHookPtr
                        0x20003c58    0x4  Data  Gb  os_var.o [1]
OS_AppTaskDelHookPtr    0x20003c5c    0x4  Data  Gb  os_var.o [1]
OS_AppTaskReturnHookPtr
                        0x20003c60    0x4  Data  Gb  os_var.o [1]
OS_AppTaskSwHookPtr     0x20003c6c    0x4  Data  Gb  os_var.o [1]
OS_AppTimeTickHookPtr   0x20003c70    0x4  Data  Gb  os_var.o [1]
OS_CPU_ExceptStkBase    0x20003c50    0x4  Data  Gb  os_cpu_c.o [1]
OS_CPU_SysTickHandler   0x08007389   0x24  Code  Gb  os_cpu_c.o [1]
OS_CPU_SysTickInit      0x080073ad   0x2c  Code  Gb  os_cpu_c.o [1]
OS_FlagBlock            0x08005e75   0x26  Code  Gb  os_flag.o [1]
OS_FlagInit             0x08005e9b    0xc  Code  Gb  os_flag.o [1]
OS_FlagPost             0x08005ebd  0x13c  Code  Gb  os_flag.o [1]
OS_FlagTaskRdy          0x08005ff9   0x56  Code  Gb  os_flag.o [1]
OS_IdleTask             0x08006629   0x24  Code  Gb  os_core.o [1]
OS_IdleTaskInit         0x0800664d   0x50  Code  Gb  os_core.o [1]
OS_MemInit              0x080039df    0xc  Code  Gb  os_mem.o [1]
OS_MsgPoolInit          0x08006059   0x86  Code  Gb  os_msg.o [1]
OS_MsgQFreeAll          0x080060df   0x44  Code  Gb  os_msg.o [1]
OS_MsgQGet              0x08006137   0x70  Code  Gb  os_msg.o [1]
OS_MsgQInit             0x08006123   0x14  Code  Gb  os_msg.o [1]
OS_MsgQPut              0x080061a7   0xa2  Code  Gb  os_msg.o [1]
OS_MutexInit            0x0800896d    0xc  Code  Gb  os_mutex.o [1]
OS_Pend                 0x0800669d   0x60  Code  Gb  os_core.o [1]
OS_PendDataInit         0x080066fd   0x34  Code  Gb  os_core.o [1]
OS_PendListInit         0x08006731    0xe  Code  Gb  os_core.o [1]
OS_PendListInsertPrio   0x0800673f   0x6e  Code  Gb  os_core.o [1]
OS_PendListRemove       0x080067ad   0x28  Code  Gb  os_core.o [1]
OS_PendListRemove1      0x080067d5   0x48  Code  Gb  os_core.o [1]
OS_Post                 0x0800681d   0xb0  Code  Gb  os_core.o [1]
OS_Post1                0x080068cd   0x26  Code  Gb  os_core.o [1]
OS_PrioGetHighest       0x080088f9   0x20  Code  Gb  os_prio.o [1]
OS_PrioInit             0x080088e5   0x14  Code  Gb  os_prio.o [1]
OS_PrioInsert           0x08008919   0x26  Code  Gb  os_prio.o [1]
OS_PrioRemove           0x0800893f   0x28  Code  Gb  os_prio.o [1]
OS_QInit                0x080037b3    0xc  Code  Gb  os_q.o [1]
OS_QPost                0x080037d5   0xa4  Code  Gb  os_q.o [1]
OS_RdyListInit          0x080068f3   0x24  Code  Gb  os_core.o [1]
OS_RdyListInsert        0x08006917   0x28  Code  Gb  os_core.o [1]
OS_RdyListInsertHead    0x0800693f   0x3a  Code  Gb  os_core.o [1]
OS_RdyListInsertTail    0x08006979   0x38  Code  Gb  os_core.o [1]
OS_RdyListMoveHeadToTail
                        0x080069b1   0x40  Code  Gb  os_core.o [1]
OS_RdyListRemove        0x080069f1   0x5c  Code  Gb  os_core.o [1]
OS_SchedRoundRobin      0x08006a4d   0x8a  Code  Gb  os_core.o [1]
OS_SemInit              0x0800414f    0xc  Code  Gb  os_sem.o [1]
OS_SemPost              0x08004171   0xa6  Code  Gb  os_sem.o [1]
OS_TaskBlock            0x08006b55   0x3a  Code  Gb  os_core.o [1]
OS_TaskInit             0x0800787d   0x16  Code  Gb  os_task.o [1]
OS_TaskInitTCB          0x08007893  0x106  Code  Gb  os_task.o [1]
OS_TaskRdy              0x08006b8f   0x1a  Code  Gb  os_core.o [1]
OS_TaskReturn           0x080079a5   0x14  Code  Gb  os_task.o [1]
OS_TaskSemPost          0x080079c5   0xd4  Code  Gb  os_task.o [1]
OS_TickListInit         0x08006ef3   0x2a  Code  Gb  os_tick.o [1]
OS_TickListInsert       0x08006f1d  0x11c  Code  Gb  os_tick.o [1]
OS_TickListRemove       0x08007039   0x42  Code  Gb  os_tick.o [1]
OS_TickListUpdate       0x0800707b  0x190  Code  Gb  os_tick.o [1]
OS_TickTask             0x08006e2d   0x28  Code  Gb  os_tick.o [1]
OS_TickTaskInit         0x08006e55   0x9e  Code  Gb  os_tick.o [1]
OS_TmrInit              0x0800897d   0xd4  Code  Gb  os_tmr.o [1]
OS_TmrLink              0x08008a51   0xd0  Code  Gb  os_tmr.o [1]
OS_TmrTask              0x08008b71   0xaa  Code  Gb  os_tmr.o [1]
OS_TmrUnlink            0x08008b21   0x4c  Code  Gb  os_tmr.o [1]
ObjCreate               0x0800a497  0x13c  Code  Gb  main.o [1]
OverLoad                0x08003ebb   0x20  Code  Gb  serial.o [1]
PendSV_Handler          0x08008d23         Code  Gb  os_cpu_a.o [1]
PutFlash                0x08005737   0xcc  Code  Gb  spi_flash.o [1]
Q_Config                0x20003ad8   0x24  Data  Gb  main.o [1]
Q_Deal                  0x20003afc   0x24  Data  Gb  main.o [1]
Q_Read                  0x20003a90   0x24  Data  Gb  main.o [1]
Q_ReadData              0x20003ab4   0x24  Data  Gb  main.o [1]
Q_Slave                 0x20003a6c   0x24  Data  Gb  main.o [1]
RCC_APB1PeriphClockCmd  0x08009459   0x20  Code  Gb  stm32f10x_rcc.o [1]
RCC_APB2PeriphClockCmd  0x08009439   0x20  Code  Gb  stm32f10x_rcc.o [1]
RCC_DeInit              0x080092a1   0x60  Code  Gb  stm32f10x_rcc.o [1]
RCC_GetClocksFreq       0x08009379   0xc0  Code  Gb  stm32f10x_rcc.o [1]
RCC_GetFlagStatus       0x08009479   0x44  Code  Gb  stm32f10x_rcc.o [1]
RCC_HCLKConfig          0x08009333   0x14  Code  Gb  stm32f10x_rcc.o [1]
RCC_LSICmd              0x08009371    0x8  Code  Gb  stm32f10x_rcc.o [1]
RCC_PCLK1Config         0x08009347   0x14  Code  Gb  stm32f10x_rcc.o [1]
RCC_PCLK2Config         0x0800935b   0x16  Code  Gb  stm32f10x_rcc.o [1]
RCC_PLLCmd              0x08009317    0x8  Code  Gb  stm32f10x_rcc.o [1]
RCC_PLLConfig           0x08009301   0x16  Code  Gb  stm32f10x_rcc.o [1]
RCC_SYSCLKConfig        0x0800931f   0x14  Code  Gb  stm32f10x_rcc.o [1]
Region$$Table$$Base     0x0800a7b4          --   Gb  - Linker created -
Region$$Table$$Limit    0x0800a7d8          --   Gb  - Linker created -
SEM_ACKData             0x20003b90   0x1c  Data  Gb  main.o [1]
SEM_HeartBeat           0x20003b74   0x1c  Data  Gb  main.o [1]
SEM_Send                0x20003bac   0x1c  Data  Gb  main.o [1]
SEM_SendOver            0x20003bc8   0x1c  Data  Gb  main.o [1]
SEM_ServerTX            0x20003b20   0x1c  Data  Gb  main.o [1]
SEM_Slave_485TX         0x20003b3c   0x1c  Data  Gb  main.o [1]
SEM_Slave_mbusTX        0x20003b58   0x1c  Data  Gb  main.o [1]
SPI_Cmd                 0x08007af9   0x1c  Code  Gb  stm32f10x_spi.o [1]
SPI_I2S_GetFlagStatus   0x08007b49   0x14  Code  Gb  stm32f10x_spi.o [1]
SPI_I2S_ITConfig        0x08007b15   0x2c  Code  Gb  stm32f10x_spi.o [1]
SPI_I2S_ReceiveData     0x08007b45    0x4  Code  Gb  stm32f10x_spi.o [1]
SPI_I2S_SendData        0x08007b41    0x4  Code  Gb  stm32f10x_spi.o [1]
SPI_Init                0x08007ab9   0x40  Code  Gb  stm32f10x_spi.o [1]
STK_Config              0x200006f4  0x600  Data  Gb  main.o [1]
STK_DealServer          0x200022f4  0x200  Data  Gb  main.o [1]
STK_HeartBeat           0x200020f4  0x200  Data  Gb  main.o [1]
STK_LED1                0x20001af4  0x200  Data  Gb  main.o [1]
STK_OverLoad            0x200024f4  0x200  Data  Gb  main.o [1]
STK_Read                0x20000cf4  0x600  Data  Gb  main.o [1]
STK_Server              0x20001cf4  0x200  Data  Gb  main.o [1]
STK_Slave               0x20001ef4  0x200  Data  Gb  main.o [1]
STK_Start               0x200018f4  0x200  Data  Gb  main.o [1]
SVC_Handler             0x0800a761    0x2  Code  Gb  stm32f10x_it.o [1]
Send_ReadATs            0x080044d1   0x2a  Code  Gb  sim800g.o [1]
Server_Post2Buf         0x08003e69   0x1e  Code  Gb  serial.o [1]
Server_Write            0x08003daf   0x5c  Code  Gb  serial.o [1]
Server_WriteStr         0x08003e0b   0x5e  Code  Gb  serial.o [1]
Server_Write_485        0x08003d37   0x78  Code  Gb  serial.o [1]
SetSysClock             0x0800a755    0x2  Code  Lc  system_stm32f10x.o [1]
Slave_Write             0x08003c5f   0xd8  Code  Gb  serial.o [1]
Str_Cat                 0x08004c4f    0xc  Code  Gb  lib_str.o [1]
Str_Cat_N               0x08004c5b   0x62  Code  Gb  lib_str.o [1]
Str_Char_N              0x08004d51   0x50  Code  Gb  lib_str.o [1]
Str_Cmp_N               0x08004cbd   0x94  Code  Gb  lib_str.o [1]
Str_Len_N               0x08004c35   0x1a  Code  Gb  lib_str.o [1]
Str_Str                 0x08004da1    0xc  Code  Gb  lib_str.o [1]
Str_Str_N               0x08004dad   0xa6  Code  Gb  lib_str.o [1]
SysTick_Handler         0x0800a765    0x8  Code  Gb  stm32f10x_it.o [1]
SystemInit              0x0800a6e9   0x54  Code  Gb  system_stm32f10x.o [1]
TCB_Config              0x20003344   0xb4  Data  Gb  main.o [1]
TCB_DealServer          0x20003560   0xb4  Data  Gb  main.o [1]
TCB_HeartBeat           0x200034ac   0xb4  Data  Gb  main.o [1]
TCB_LED1                0x20003128   0xb4  Data  Gb  main.o [1]
TCB_OverLoad            0x20003614   0xb4  Data  Gb  main.o [1]
TCB_Read                0x200033f8   0xb4  Data  Gb  main.o [1]
TCB_Server              0x200031dc   0xb4  Data  Gb  main.o [1]
TCB_Slave               0x20003290   0xb4  Data  Gb  main.o [1]
TCB_Start               0x20003074   0xb4  Data  Gb  main.o [1]
TaskCreate              0x0800a30b  0x18c  Code  Gb  main.o [1]
TaskStart               0x0800a249   0xc2  Code  Gb  main.o [1]
Task_Config             0x08001a4b   0x50  Code  Gb  tasks.o [1]
Task_DealServer         0x08000623  0x174  Code  Gb  tasks.o [1]
Task_HeartBeat          0x0800080f  0x128  Code  Gb  tasks.o [1]
Task_LED1               0x0800282f   0x8c  Code  Gb  tasks.o [1]
Task_OverLoad           0x08003421   0x8c  Code  Gb  tasks.o [1]
Task_Read               0x08000979   0x68  Code  Gb  tasks.o [1]
Task_Server             0x0800046d  0x1b6  Code  Gb  tasks.o [1]
Task_Slave              0x080000ed  0x35e  Code  Gb  tasks.o [1]
USART1_Handler          0x08003b91   0x68  Code  Gb  serial.o [1]
USART1_IRQHandler       0x0800a76d    0x8  Code  Gb  stm32f10x_it.o [1]
USART2_Handler          0x08003bf9   0x66  Code  Gb  serial.o [1]
USART2_IRQHandler       0x0800a775    0x8  Code  Gb  stm32f10x_it.o [1]
USART3_Handler          0x08003b15   0x7c  Code  Gb  serial.o [1]
USART3_IRQHandler       0x0800a77d    0x8  Code  Gb  stm32f10x_it.o [1]
USART_ClearITPendingBit
                        0x08006d41   0x22  Code  Gb  stm32f10x_usart.o [1]
USART_Cmd               0x08006ca9   0x1c  Code  Gb  stm32f10x_usart.o [1]
USART_GetFlagStatus     0x08006d27   0x1a  Code  Gb  stm32f10x_usart.o [1]
USART_ITConfig          0x08006cc5   0x52  Code  Gb  stm32f10x_usart.o [1]
USART_Init              0x08006be5   0xbe  Code  Gb  stm32f10x_usart.o [1]
USART_ReceiveData       0x08006d1f    0x8  Code  Gb  stm32f10x_usart.o [1]
USART_SendData          0x08006d17    0x8  Code  Gb  stm32f10x_usart.o [1]
UsageFault_Handler      0x0800a75f    0x2  Code  Gb  stm32f10x_it.o [1]
_GenldFullNoMb          0x08008639  0x262  Code  Lc  xprintffull_nomb.o [3]
_LdtobFullNoMb          0x0800824d  0x3e6  Code  Lc  xprintffull_nomb.o [3]
_LitobFullNoMb          0x08008145  0x106  Code  Lc  xprintffull_nomb.o [3]
_PrintfFullNoMb         0x08007b5d  0x5e2  Code  Gb  xprintffull_nomb.o [3]
_PutcharsFullNoMb       0x0800889b   0x2e  Code  Lc  xprintffull_nomb.o [3]
_SProut                 0x0800604f    0xa  Code  Gb  xsprout.o [3]
__aeabi_cdcmple         0x080098e5         Code  Gb  DblCmpLe.o [4]
__aeabi_cdrcmple        0x08009915         Code  Gb  DblCmpGe.o [4]
__aeabi_d2iz            0x08009a51         Code  Gb  DblToI32.o [4]
__aeabi_d2uiz           0x08009a7d         Code  Gb  DblToI32.o [4]
__aeabi_ddiv            0x08009dfd         Code  Gb  DblDiv.o [4]
__aeabi_dmul            0x08009c59         Code  Gb  DblMul.o [4]
__aeabi_dsub            0x08009ad9         Code  Gb  DblSub.o [4]
__aeabi_errno_addr      0x0800a10d    0x6  Code  Gb  errno.o [3]
__aeabi_i2d             0x08009aa9         Code  Gb  I32ToDbl.o [4]
__aeabi_ldiv0           0x0800a119         Code  Gb  I64DivZer.o [5]
__aeabi_ui2d            0x08009abd         Code  Gb  I32ToDbl.o [4]
__aeabi_uldivmod        0x0800973d         Code  Gb  I64DivMod.o [5]
__cmain                 0x0800a7d9         Code  Gb  cmain.o [5]
__exit                  0x0800a809   0x14  Code  Gb  exit.o [6]
__iar_Dnorm             0x080098a3   0x42  Code  Gb  xdnorm.o [4]
__iar_Dscale            0x08009945  0x10c  Code  Gb  xdscale.o [4]
__iar_Errno             0x200000a8    0x4  Data  Gb  errno.o [3]
__iar_Memchr            0x080096e5         Code  Gb  memchr.o [5]
__iar_Stoul             0x08009641    0x4  Code  Gb  xstoul.o [3]
__iar_Stoulx            0x080094f9  0x142  Code  Gb  xstoul.o [3]
__iar_Strchr            0x08009695         Code  Gb  strchr.o [5]
__iar_copy_init3        0x08004217   0x2e  Code  Gb  copy_init3.o [5]
__iar_d2uiz             0x08009a89         Code  Gb  DblToI32.o [4]
__iar_dadd              0x0800a11d         Code  Gb  DblAdd.o [4]
__iar_data_init3        0x0800a78d   0x28  Code  Gb  data_init.o [5]
__iar_dlib_perthread_access
                        0x0800a1f1    0x2  Code  Gb  xtls.o [3]
__iar_dsub              0x08009aed         Code  Gb  DblSub.o [4]
__iar_dsubStart         0x08009aff         Code  Gb  DblSub.o [4]
__iar_program_start     0x0800a961         Code  Gb  cstartup_M.o [5]
__iar_ui2d              0x08009ac1         Code  Gb  I32ToDbl.o [4]
__iar_unaligned___aeabi_memcpy
                        0x0800982d         Code  Gb  ABImemcpy_unaligned.o [5]
__iar_unaligned___aeabi_memcpy4
                        0x0800984d         Code  Gb  ABImemcpy_unaligned.o [5]
__iar_unaligned___aeabi_memcpy8
                        0x0800984d         Code  Gb  ABImemcpy_unaligned.o [5]
__iar_zero_init3        0x08004e53   0x22  Code  Gb  zero_init3.o [5]
__low_level_init        0x0800a7f3    0x4  Code  Gb  low_level_init.o [3]
__vector_table          0x08000000         Data  Gb  startup_stm32f10x_md.o [1]
_call_main              0x0800a7e5         Code  Gb  cmain.o [5]
_exit                   0x0800a7fd         Code  Gb  cexit.o [5]
_main                   0x0800a7ef         Code  Gb  cmain.o [5]
ack_query_addr          0x08003007   0xc0  Code  Gb  tasks.o [1]
ack_query_cjq           0x08002989  0x14e  Code  Gb  tasks.o [1]
ack_query_di_seq        0x08003359   0xc8  Code  Gb  tasks.o [1]
ack_query_ip            0x080030cd   0xf8  Code  Gb  tasks.o [1]
ack_query_mbus          0x080031c9   0xc8  Code  Gb  tasks.o [1]
ack_query_meter         0x08002af9  0x50e  Code  Gb  tasks.o [1]
ack_query_test          0x08003291   0xc8  Code  Gb  tasks.o [1]
addSEQ                  0x080007df   0x30  Code  Gb  tasks.o [1]
add_cjq                 0x08002467   0xfe  Code  Gb  tasks.o [1]
add_meter               0x08001fe1  0x172  Code  Gb  tasks.o [1]
at_apn                  0x0800488d   0x5e  Code  Gb  sim800g.o [1]
at_cipmux               0x08004829   0x64  Code  Gb  sim800g.o [1]
at_cpin                 0x08004573   0x90  Code  Gb  sim800g.o [1]
at_creg                 0x080046f3   0x9e  Code  Gb  sim800g.o [1]
at_csq                  0x08004603   0xf0  Code  Gb  sim800g.o [1]
at_tcpsetup             0x080049e3   0x7e  Code  Gb  sim800g.o [1]
at_xiic                 0x080048eb   0x6c  Code  Gb  sim800g.o [1]
ate_                    0x0800450f   0x64  Code  Gb  sim800g.o [1]
atoi                    0x08007ab1    0x8  Code  Gb  atoi.o [3]
ats                     0x20000000   0x50  Data  Gb  sim800g.o [1]
buf                     0x20003ca0    0x4  Data  Gb  tasks.o [1]
buf_                    0x20003ca4    0x4  Data  Gb  tasks.o [1]
change_connect          0x08004bdd   0x18  Code  Gb  sim800g.o [1]
check_cgatt             0x08004791   0x90  Code  Gb  sim800g.o [1]
check_cs                0x0800044b   0x20  Code  Gb  tasks.o [1]
check_frame             0x0800079d   0x42  Code  Gb  tasks.o [1]
check_str               0x080044fb   0x14  Code  Gb  sim800g.o [1]
check_xiic              0x0800495d   0x86  Code  Gb  sim800g.o [1]
cjq_close               0x080016a7   0x42  Code  Gb  tasks.o [1]
cjq_open                0x08001665   0x42  Code  Gb  tasks.o [1]
connect                 0x08004abd   0x84  Code  Gb  sim800g.o [1]
connectstate            0x20003cbc    0x1  Data  Gb  main.o [1]
data_seq                0x20003cc8    0x1  Data  Gb  tasks.o [1]
delete_cjq              0x08002569  0x242  Code  Gb  tasks.o [1]
delete_meter            0x08002153  0x2b0  Code  Gb  tasks.o [1]
device_ack              0x080028d9   0x9e  Code  Gb  tasks.o [1]
device_test             0x200000af    0x1  Data  Gb  main.o [1]
deviceaddr              0x20000098    0x8  Data  Gb  sim800g.o [1]
di_seq                  0x20003cbe    0x1  Data  Gb  main.o [1]
digits                  0x08009644   0x28  Data  Lc  xstoul.o [3]
div                     0x0800a043    0xe  Code  Gb  div.o [3]
dns                     0x20000050   0x1c  Data  Gb  sim800g.o [1]
exit                    0x0800a7f7    0x4  Code  Gb  exit.o [3]
fe                      0x200000a4    0x4  Data  Gb  tasks.o [1]
heart_seq               0x20003cc7    0x1  Data  Gb  tasks.o [1]
ip                      0x2000006c   0x14  Data  Gb  sim800g.o [1]
ip1                     0x200000b0    0x1  Data  Gb  sim800g.o [1]
ip2                     0x200000b1    0x1  Data  Gb  sim800g.o [1]
ip3                     0x200000b2    0x1  Data  Gb  sim800g.o [1]
ip4                     0x200000b3    0x1  Data  Gb  sim800g.o [1]
local_seq               0x20003cc9    0x1  Data  Gb  tasks.o [1]
main                    0x0800a1f5   0x52  Code  Gb  main.o [1]
mbus_power              0x080009e1   0x3a  Code  Gb  tasks.o [1]
mem_buf                 0x200012f4  0x600  Data  Gb  main.o [1]
mem_isr                 0x200039f4   0x78  Data  Gb  main.o [1]
memchr                  0x080096e5         Code  Gb  memchr.o [5]
meter_close             0x080018a1  0x1aa  Code  Gb  tasks.o [1]
meter_control           0x080014f9  0x16c  Code  Gb  tasks.o [1]
meter_open              0x080016f9  0x19c  Code  Gb  tasks.o [1]
meter_read              0x08000b21  0x1ec  Code  Gb  tasks.o [1]
meter_read_single       0x08000d29  0x202  Code  Gb  tasks.o [1]
meter_send              0x08000f71  0x57e  Code  Gb  tasks.o [1]
ndigs                   0x0800966c   0x28  Data  Lc  xstoul.o [3]
param_conf              0x08005803   0xd2  Code  Gb  spi_flash.o [1]
param_config            0x08001ab9  0x4b0  Code  Gb  tasks.o [1]
param_query             0x080027ab   0x84  Code  Gb  tasks.o [1]
port                    0x20000090    0x8  Data  Gb  sim800g.o [1]
port_                   0x200000ac    0x2  Data  Gb  sim800g.o [1]
power_cmd               0x0800093d   0x3c  Code  Gb  tasks.o [1]
reading                 0x20003cbd    0x1  Data  Gb  main.o [1]
relay_1                 0x08000a51   0x34  Code  Gb  tasks.o [1]
relay_2                 0x08000a85   0x34  Code  Gb  tasks.o [1]
relay_3                 0x08000ab9   0x34  Code  Gb  tasks.o [1]
relay_4                 0x08000aed   0x34  Code  Gb  tasks.o [1]
relay_485               0x08000a1b   0x36  Code  Gb  tasks.o [1]
sFLASH_EraseBulk        0x080052d1   0x2e  Code  Gb  spi_flash.o [1]
sFLASH_EraseSector      0x0800528d   0x44  Code  Gb  spi_flash.o [1]
sFLASH_EraseWritePage   0x0800535b   0x62  Code  Gb  spi_flash.o [1]
sFLASH_PoolInit         0x08005551  0x126  Code  Gb  spi_flash.o [1]
sFLASH_ReadBuffer       0x080053bd   0x56  Code  Gb  spi_flash.o [1]
sFLASH_ReadID           0x0800546f   0x54  Code  Gb  spi_flash.o [1]
sFLASH_ReadStr          0x08005413   0x5c  Code  Gb  spi_flash.o [1]
sFLASH_SendByte         0x080054c3   0x3a  Code  Gb  spi_flash.o [1]
sFLASH_WaitForWriteEnd  0x0800551f   0x32  Code  Gb  spi_flash.o [1]
sFLASH_WriteEnable      0x080054fd   0x22  Code  Gb  spi_flash.o [1]
sFLASH_WritePage        0x080052ff   0x5c  Code  Gb  spi_flash.o [1]
search_cjq              0x08002403   0x64  Code  Gb  tasks.o [1]
search_meter            0x08001f75   0x6c  Code  Gb  tasks.o [1]
send_server             0x08004a61   0x56  Code  Gb  sim800g.o [1]
server_ptr              0x20003ca8    0x4  Data  Gb  tasks.o [1]
server_ptr_             0x20003cac    0x4  Data  Gb  tasks.o [1]
server_seq              0x20003cca    0x1  Data  Gb  tasks.o [1]
slave_mbus              0x200000ae    0x1  Data  Gb  main.o [1]
sprintf                 0x08005971   0x34  Code  Gb  sprintf.o [3]
start_slave             0x20003ccb    0x1  Data  Gb  tasks.o [1]
strchr                  0x08009695         Code  Gb  strchr.o [5]
strlen                  0x080096ad         Code  Gb  strlen.o [5]


[1] = D:\IAR_Workspace\Concentrator_MBUS_485\Test\Debug\Obj
[2] = command line
[3] = dl7M_tln.a
[4] = m7M_tl.a
[5] = rt7M_tl.a
[6] = shb_l.a

  43 176 bytes of readonly  code memory
     820 bytes of readonly  data memory
  17 612 bytes of readwrite data memory

Errors: none
Warnings: none
