###############################################################################
#
# IAR ELF Linker V7.10.3.6832/W32 for ARM                 09/Jul/2015  11:00:18
# Copyright 2007-2014 IAR Systems AB.
#
#    Output file  =  D:\IAR_Workspace\STM32F103MBUS\Test\Debug\Exe\Test.out
#    Map file     =  D:\IAR_Workspace\STM32F103MBUS\Test\Debug\List\Test.map
#    Command line =  
#        D:\IAR_Workspace\STM32F103MBUS\Test\Debug\Obj\bsp.o
#        D:\IAR_Workspace\STM32F103MBUS\Test\Debug\Obj\cpu_a.o
#        D:\IAR_Workspace\STM32F103MBUS\Test\Debug\Obj\cpu_c.o
#        D:\IAR_Workspace\STM32F103MBUS\Test\Debug\Obj\cpu_core.o
#        D:\IAR_Workspace\STM32F103MBUS\Test\Debug\Obj\lib_ascii.o
#        D:\IAR_Workspace\STM32F103MBUS\Test\Debug\Obj\lib_math.o
#        D:\IAR_Workspace\STM32F103MBUS\Test\Debug\Obj\lib_mem.o
#        D:\IAR_Workspace\STM32F103MBUS\Test\Debug\Obj\lib_mem_a.o
#        D:\IAR_Workspace\STM32F103MBUS\Test\Debug\Obj\lib_str.o
#        D:\IAR_Workspace\STM32F103MBUS\Test\Debug\Obj\m590e.o
#        D:\IAR_Workspace\STM32F103MBUS\Test\Debug\Obj\main.o
#        D:\IAR_Workspace\STM32F103MBUS\Test\Debug\Obj\misc.o
#        D:\IAR_Workspace\STM32F103MBUS\Test\Debug\Obj\os_app_hooks.o
#        D:\IAR_Workspace\STM32F103MBUS\Test\Debug\Obj\os_cfg_app.o
#        D:\IAR_Workspace\STM32F103MBUS\Test\Debug\Obj\os_core.o
#        D:\IAR_Workspace\STM32F103MBUS\Test\Debug\Obj\os_cpu_a.o
#        D:\IAR_Workspace\STM32F103MBUS\Test\Debug\Obj\os_cpu_c.o
#        D:\IAR_Workspace\STM32F103MBUS\Test\Debug\Obj\os_dbg.o
#        D:\IAR_Workspace\STM32F103MBUS\Test\Debug\Obj\os_flag.o
#        D:\IAR_Workspace\STM32F103MBUS\Test\Debug\Obj\os_int.o
#        D:\IAR_Workspace\STM32F103MBUS\Test\Debug\Obj\os_mem.o
#        D:\IAR_Workspace\STM32F103MBUS\Test\Debug\Obj\os_msg.o
#        D:\IAR_Workspace\STM32F103MBUS\Test\Debug\Obj\os_mutex.o
#        D:\IAR_Workspace\STM32F103MBUS\Test\Debug\Obj\os_pend_multi.o
#        D:\IAR_Workspace\STM32F103MBUS\Test\Debug\Obj\os_prio.o
#        D:\IAR_Workspace\STM32F103MBUS\Test\Debug\Obj\os_q.o
#        D:\IAR_Workspace\STM32F103MBUS\Test\Debug\Obj\os_sem.o
#        D:\IAR_Workspace\STM32F103MBUS\Test\Debug\Obj\os_stat.o
#        D:\IAR_Workspace\STM32F103MBUS\Test\Debug\Obj\os_task.o
#        D:\IAR_Workspace\STM32F103MBUS\Test\Debug\Obj\os_tick.o
#        D:\IAR_Workspace\STM32F103MBUS\Test\Debug\Obj\os_time.o
#        D:\IAR_Workspace\STM32F103MBUS\Test\Debug\Obj\os_tmr.o
#        D:\IAR_Workspace\STM32F103MBUS\Test\Debug\Obj\os_var.o
#        D:\IAR_Workspace\STM32F103MBUS\Test\Debug\Obj\serial.o
#        D:\IAR_Workspace\STM32F103MBUS\Test\Debug\Obj\spi_flash.o
#        D:\IAR_Workspace\STM32F103MBUS\Test\Debug\Obj\startup_stm32f10x_md.o
#        D:\IAR_Workspace\STM32F103MBUS\Test\Debug\Obj\stm32f10x_adc.o
#        D:\IAR_Workspace\STM32F103MBUS\Test\Debug\Obj\stm32f10x_bkp.o
#        D:\IAR_Workspace\STM32F103MBUS\Test\Debug\Obj\stm32f10x_can.o
#        D:\IAR_Workspace\STM32F103MBUS\Test\Debug\Obj\stm32f10x_cec.o
#        D:\IAR_Workspace\STM32F103MBUS\Test\Debug\Obj\stm32f10x_crc.o
#        D:\IAR_Workspace\STM32F103MBUS\Test\Debug\Obj\stm32f10x_dac.o
#        D:\IAR_Workspace\STM32F103MBUS\Test\Debug\Obj\stm32f10x_dbgmcu.o
#        D:\IAR_Workspace\STM32F103MBUS\Test\Debug\Obj\stm32f10x_dma.o
#        D:\IAR_Workspace\STM32F103MBUS\Test\Debug\Obj\stm32f10x_exti.o
#        D:\IAR_Workspace\STM32F103MBUS\Test\Debug\Obj\stm32f10x_flash.o
#        D:\IAR_Workspace\STM32F103MBUS\Test\Debug\Obj\stm32f10x_fsmc.o
#        D:\IAR_Workspace\STM32F103MBUS\Test\Debug\Obj\stm32f10x_gpio.o
#        D:\IAR_Workspace\STM32F103MBUS\Test\Debug\Obj\stm32f10x_i2c.o
#        D:\IAR_Workspace\STM32F103MBUS\Test\Debug\Obj\stm32f10x_it.o
#        D:\IAR_Workspace\STM32F103MBUS\Test\Debug\Obj\stm32f10x_iwdg.o
#        D:\IAR_Workspace\STM32F103MBUS\Test\Debug\Obj\stm32f10x_pwr.o
#        D:\IAR_Workspace\STM32F103MBUS\Test\Debug\Obj\stm32f10x_rcc.o
#        D:\IAR_Workspace\STM32F103MBUS\Test\Debug\Obj\stm32f10x_rtc.o
#        D:\IAR_Workspace\STM32F103MBUS\Test\Debug\Obj\stm32f10x_sdio.o
#        D:\IAR_Workspace\STM32F103MBUS\Test\Debug\Obj\stm32f10x_spi.o
#        D:\IAR_Workspace\STM32F103MBUS\Test\Debug\Obj\stm32f10x_tim.o
#        D:\IAR_Workspace\STM32F103MBUS\Test\Debug\Obj\stm32f10x_usart.o
#        D:\IAR_Workspace\STM32F103MBUS\Test\Debug\Obj\stm32f10x_wwdg.o
#        D:\IAR_Workspace\STM32F103MBUS\Test\Debug\Obj\system_stm32f10x.o
#        D:\IAR_Workspace\STM32F103MBUS\Test\Debug\Obj\tasks.o
#        D:\IAR_Workspace\STM32F103MBUS\Test\Debug\Obj\timestamp.o -o
#        D:\IAR_Workspace\STM32F103MBUS\Test\Debug\Exe\Test.out --map
#        D:\IAR_Workspace\STM32F103MBUS\Test\Debug\List\Test.map --config
#        "D:\Program Files (x86)\IAR Systems\Embedded Workbench
#        7.0\arm\config\linker\ST\stm32f103xB.icf" --semihosting --entry
#        __iar_program_start --vfe
#
###############################################################################

*******************************************************************************
*** RUNTIME MODEL ATTRIBUTES
***

CppFlavor       = *
__SystemLibrary = DLib


*******************************************************************************
*** PLACEMENT SUMMARY
***

"A1":  place at 0x08000000 { ro section .intvec };
"P1":  place in [from 0x08000000 to 0x0801ffff] { ro };
"P2":  place in [from 0x20000000 to 0x20004fff] { rw, block CSTACK, block HEAP };

  Section            Kind        Address    Size  Object
  -------            ----        -------    ----  ------
"A1":                                       0xec
  .intvec            ro code  0x08000000    0xec  startup_stm32f10x_md.o [1]
                            - 0x080000ec    0xec

"P1":                                     0xb1e0
  .text              ro code  0x080000ec  0x3660  tasks.o [1]
  .text              ro code  0x0800374c   0x598  os_tmr.o [1]
  .text              ro code  0x08003ce4   0x180  os_mem.o [1]
  .text              ro code  0x08003e64   0x11c  lib_mem.o [1]
  .text              ro code  0x08003f80   0x384  os_q.o [1]
  .text              ro code  0x08004304   0x374  serial.o [1]
  .text              ro code  0x08004678   0xa00  m590e.o [1]
  .text              ro code  0x08005078   0x302  os_sem.o [1]
  .text              ro code  0x0800537a    0x2e  copy_init3.o [5]
  .text              ro code  0x080053a8   0x1ec  os_time.o [1]
  .text              ro code  0x08005594   0x1ce  lib_str.o [1]
  .text              ro code  0x08005762    0x22  zero_init3.o [5]
  CODE               ro code  0x08005784   0x220  lib_mem_a.o [1]
  .text              ro code  0x080059a4   0x1c4  stm32f10x_gpio.o [1]
  .text              ro code  0x08005b68   0x72c  spi_flash.o [1]
  .text              ro code  0x08006294    0x34  sprintf.o [3]
  .text              ro code  0x080062c8   0x6aa  os_flag.o [1]
  .text              ro code  0x08006972     0xa  xsprout.o [3]
  CODE               ro code  0x0800697c    0x34  cpu_a.o [1]
  .text              ro code  0x080069b0   0x954  os_core.o [1]
  .text              ro code  0x08007304   0x694  os_task.o [1]
  .text              ro code  0x08007998    0x3c  timestamp.o [1]
  .text              ro code  0x080079d4   0x1fc  os_msg.o [1]
  .text              ro code  0x08007bd0   0x17e  stm32f10x_usart.o [1]
  .rodata            const    0x08007d4e     0x2  os_cfg_app.o [1]
  .text              ro code  0x08007d50    0xc8  stm32f10x_exti.o [1]
  .text              ro code  0x08007e18   0x418  os_tick.o [1]
  .text              ro code  0x08008230   0x1d8  os_cpu_c.o [1]
  .text              ro code  0x08008408    0xa4  stm32f10x_spi.o [1]
  .text              ro code  0x080084ac   0xd86  xprintffull_nomb.o [3]
  .rodata            const    0x08009232     0x2  os_cfg_app.o [1]
  .text              ro code  0x08009234    0x88  os_prio.o [1]
  .text              ro code  0x080092bc    0x10  os_mutex.o [1]
  .text              ro code  0x080092cc    0xac  os_cfg_app.o [1]
  CODE               ro code  0x08009378    0x84  os_cpu_a.o [1]
  .text              ro code  0x080093fc   0x4ca  bsp.o [1]
  .rodata            const    0x080098c6     0x2  os_cfg_app.o [1]
  .text              ro code  0x080098c8    0x4c  cpu_core.o [1]
  .text              ro code  0x08009914   0x258  stm32f10x_rcc.o [1]
  .text              ro code  0x08009b6c    0x16  strchr.o [5]
  .rodata            const    0x08009b82     0x1  os_cfg_app.o [1]
  .rodata            const    0x08009b83     0x1  os_cfg_app.o [1]
  .text              ro code  0x08009b84    0x36  strlen.o [5]
  .text              ro code  0x08009bbc    0x58  memchr.o [5]
  .text              ro code  0x08009c14    0xee  I64DivMod.o [5]
  .text              ro code  0x08009d04    0x76  ABImemcpy_unaligned.o [5]
  .text              ro code  0x08009d7a    0x42  xdnorm.o [4]
  .text              ro code  0x08009dbc    0x2e  DblCmpLe.o [4]
  .text              ro code  0x08009dec    0x2e  DblCmpGe.o [4]
  .text              ro code  0x08009e1c   0x10c  xdscale.o [4]
  .text              ro code  0x08009f28    0x58  DblToI32.o [4]
  .text              ro code  0x08009f80    0x30  I32ToDbl.o [4]
  .text              ro code  0x08009fb0   0x180  DblSub.o [4]
  .text              ro code  0x0800a130   0x1a2  DblMul.o [4]
  .text              ro code  0x0800a2d4   0x246  DblDiv.o [4]
  .text              ro code  0x0800a51a     0xe  div.o [3]
  .text              ro code  0x0800a528    0x3c  stm32f10x_flash.o [1]
  .text              ro code  0x0800a564    0x80  misc.o [1]
  .text              ro code  0x0800a5e4    0x2c  stm32f10x_iwdg.o [1]
  .text              ro code  0x0800a610     0x2  I64DivZer.o [5]
  .text              ro code  0x0800a614    0xd4  DblAdd.o [4]
  .text              ro code  0x0800a6e8   0x688  main.o [1]
  .text              ro code  0x0800ad70    0x6e  system_stm32f10x.o [1]
  .text              ro code  0x0800adde    0x36  stm32f10x_it.o [1]
  .text              ro code  0x0800ae14    0x28  data_init.o [5]
  .iar.init_table    const    0x0800ae3c    0x24  - Linker created -
  .rodata            const    0x0800ae60    0x1c  tasks.o [1]
  .text              ro code  0x0800ae7c    0x1a  cmain.o [5]
  .text              ro code  0x0800ae96     0x4  low_level_init.o [3]
  .text              ro code  0x0800ae9a     0x4  exit.o [3]
  .text              ro code  0x0800aea0     0xa  cexit.o [5]
  .text              ro code  0x0800aeac    0x14  exit.o [6]
  .rodata            const    0x0800aec0    0x18  os_tmr.o [1]
  .rodata            const    0x0800aed8    0x18  tasks.o [1]
  .rodata            const    0x0800aef0    0x14  m590e.o [1]
  .rodata            const    0x0800af04    0x14  os_core.o [1]
  .rodata            const    0x0800af18    0x14  os_tick.o [1]
  .rodata            const    0x0800af2c    0x10  m590e.o [1]
  .rodata            const    0x0800af3c    0x10  m590e.o [1]
  .rodata            const    0x0800af4c    0x10  m590e.o [1]
  .rodata            const    0x0800af5c    0x10  m590e.o [1]
  .rodata            const    0x0800af6c    0x10  m590e.o [1]
  .rodata            const    0x0800af7c    0x10  tasks.o [1]
  .text              ro code  0x0800af8c    0x10  startup_stm32f10x_md.o [1]
  .rodata            const    0x0800af9c     0xc  m590e.o [1]
  .rodata            const    0x0800afa8     0xc  m590e.o [1]
  .rodata            const    0x0800afb4     0xc  m590e.o [1]
  .rodata            const    0x0800afc0     0xc  m590e.o [1]
  .rodata            const    0x0800afcc     0xc  m590e.o [1]
  .rodata            const    0x0800afd8     0xc  m590e.o [1]
  .rodata            const    0x0800afe4     0xc  m590e.o [1]
  .rodata            const    0x0800aff0     0xc  m590e.o [1]
  .rodata            const    0x0800affc     0xc  m590e.o [1]
  .rodata            const    0x0800b008     0xc  m590e.o [1]
  .rodata            const    0x0800b014     0xc  m590e.o [1]
  .rodata            const    0x0800b020     0xc  m590e.o [1]
  .rodata            const    0x0800b02c     0xc  m590e.o [1]
  .rodata            const    0x0800b038     0xc  main.o [1]
  .rodata            const    0x0800b044     0xc  main.o [1]
  .rodata            const    0x0800b050     0xc  main.o [1]
  .rodata            const    0x0800b05c     0xc  main.o [1]
  .rodata            const    0x0800b068     0xc  tasks.o [1]
  .rodata            const    0x0800b074     0xc  tasks.o [1]
  .text              ro code  0x0800b080     0xc  cstartup_M.o [5]
  .rodata            const    0x0800b08c     0x8  m590e.o [1]
  .rodata            const    0x0800b094     0x8  m590e.o [1]
  .rodata            const    0x0800b09c     0x8  m590e.o [1]
  .rodata            const    0x0800b0a4     0x8  m590e.o [1]
  .rodata            const    0x0800b0ac     0x8  m590e.o [1]
  .rodata            const    0x0800b0b4     0x8  main.o [1]
  .rodata            const    0x0800b0bc     0x8  main.o [1]
  .rodata            const    0x0800b0c4     0x8  main.o [1]
  .rodata            const    0x0800b0cc     0x8  main.o [1]
  .rodata            const    0x0800b0d4     0x8  main.o [1]
  .rodata            const    0x0800b0dc     0x8  main.o [1]
  .rodata            const    0x0800b0e4     0x8  main.o [1]
  .rodata            const    0x0800b0ec     0x8  main.o [1]
  .rodata            const    0x0800b0f4     0x8  main.o [1]
  .rodata            const    0x0800b0fc     0x8  main.o [1]
  .rodata            const    0x0800b104     0x8  main.o [1]
  .rodata            const    0x0800b10c     0x8  main.o [1]
  .rodata            const    0x0800b114     0x8  main.o [1]
  .rodata            const    0x0800b11c     0x8  main.o [1]
  .rodata            const    0x0800b124     0x8  main.o [1]
  .rodata            const    0x0800b12c     0x8  main.o [1]
  .rodata            const    0x0800b134     0x8  main.o [1]
  .rodata            const    0x0800b13c     0x8  main.o [1]
  .rodata            const    0x0800b144     0x8  os_task.o [1]
  .rodata            const    0x0800b14c     0x8  tasks.o [1]
  .rodata            const    0x0800b154     0x8  tasks.o [1]
  .rodata            const    0x0800b15c     0x4  os_cfg_app.o [1]
  .rodata            const    0x0800b160     0x4  os_cfg_app.o [1]
  .rodata            const    0x0800b164     0x4  os_cfg_app.o [1]
  .rodata            const    0x0800b168     0x4  os_cfg_app.o [1]
  .rodata            const    0x0800b16c     0x4  os_cfg_app.o [1]
  .rodata            const    0x0800b170     0x4  os_cfg_app.o [1]
  .rodata            const    0x0800b174     0x4  os_cfg_app.o [1]
  .rodata            const    0x0800b178     0x4  os_cfg_app.o [1]
  .rodata            const    0x0800b17c     0x4  os_cfg_app.o [1]
  .rodata            const    0x0800b180     0x4  os_cfg_app.o [1]
  .rodata            const    0x0800b184     0x4  os_cfg_app.o [1]
  .rodata            const    0x0800b188     0x4  os_cfg_app.o [1]
  .rodata            const    0x0800b18c     0x4  os_cfg_app.o [1]
  .rodata            const    0x0800b190     0x4  os_cfg_app.o [1]
  .rodata            const    0x0800b194     0x4  os_cfg_app.o [1]
  .rodata            const    0x0800b198     0x4  os_cfg_app.o [1]
  .rodata            const    0x0800b19c     0x4  os_cfg_app.o [1]
  .rodata            const    0x0800b1a0     0x4  os_cfg_app.o [1]
  .rodata            const    0x0800b1a4     0x4  os_cfg_app.o [1]
  .rodata            const    0x0800b1a8     0x4  os_cfg_app.o [1]
  .rodata            const    0x0800b1ac     0x4  os_cfg_app.o [1]
  .rodata            const    0x0800b1b0     0x4  os_cfg_app.o [1]
  .rodata            const    0x0800b1b4     0x4  os_cfg_app.o [1]
  .text              ro code  0x0800b1b8     0x4  startup_stm32f10x_md.o [1]
  .text              ro code  0x0800b1bc     0x4  startup_stm32f10x_md.o [1]
  .text              ro code  0x0800b1c0     0x4  startup_stm32f10x_md.o [1]
  .text              ro code  0x0800b1c4     0x4  startup_stm32f10x_md.o [1]
  .text              ro code  0x0800b1c8     0x4  startup_stm32f10x_md.o [1]
  .text              ro code  0x0800b1cc     0x4  startup_stm32f10x_md.o [1]
  .text              ro code  0x0800b1d0     0x4  startup_stm32f10x_md.o [1]
  .text              ro code  0x0800b1d4     0x4  startup_stm32f10x_md.o [1]
  .text              ro code  0x0800b1d8     0x4  startup_stm32f10x_md.o [1]
  .text              ro code  0x0800b1dc     0x4  startup_stm32f10x_md.o [1]
  .text              ro code  0x0800b1e0     0x4  startup_stm32f10x_md.o [1]
  .text              ro code  0x0800b1e4     0x4  startup_stm32f10x_md.o [1]
  .text              ro code  0x0800b1e8     0x4  startup_stm32f10x_md.o [1]
  .text              ro code  0x0800b1ec     0x4  startup_stm32f10x_md.o [1]
  .text              ro code  0x0800b1f0     0x4  startup_stm32f10x_md.o [1]
  .text              ro code  0x0800b1f4     0x4  startup_stm32f10x_md.o [1]
  .text              ro code  0x0800b1f8     0x4  startup_stm32f10x_md.o [1]
  .text              ro code  0x0800b1fc     0x4  startup_stm32f10x_md.o [1]
  .text              ro code  0x0800b200     0x4  startup_stm32f10x_md.o [1]
  .text              ro code  0x0800b204     0x4  startup_stm32f10x_md.o [1]
  .text              ro code  0x0800b208     0x4  startup_stm32f10x_md.o [1]
  .text              ro code  0x0800b20c     0x4  startup_stm32f10x_md.o [1]
  .text              ro code  0x0800b210     0x4  startup_stm32f10x_md.o [1]
  .text              ro code  0x0800b214     0x4  startup_stm32f10x_md.o [1]
  .text              ro code  0x0800b218     0x4  startup_stm32f10x_md.o [1]
  .text              ro code  0x0800b21c     0x4  startup_stm32f10x_md.o [1]
  .text              ro code  0x0800b220     0x4  startup_stm32f10x_md.o [1]
  .text              ro code  0x0800b224     0x4  startup_stm32f10x_md.o [1]
  .text              ro code  0x0800b228     0x4  startup_stm32f10x_md.o [1]
  .text              ro code  0x0800b22c     0x4  startup_stm32f10x_md.o [1]
  .text              ro code  0x0800b230     0x4  startup_stm32f10x_md.o [1]
  .text              ro code  0x0800b234     0x4  startup_stm32f10x_md.o [1]
  .text              ro code  0x0800b238     0x4  startup_stm32f10x_md.o [1]
  .text              ro code  0x0800b23c     0x4  startup_stm32f10x_md.o [1]
  .text              ro code  0x0800b240     0x4  startup_stm32f10x_md.o [1]
  .text              ro code  0x0800b244     0x4  startup_stm32f10x_md.o [1]
  .text              ro code  0x0800b248     0x4  startup_stm32f10x_md.o [1]
  .text              ro code  0x0800b24c     0x4  startup_stm32f10x_md.o [1]
  .text              ro code  0x0800b250     0x4  startup_stm32f10x_md.o [1]
  .rodata            const    0x0800b254     0x0  zero_init3.o [5]
  .rodata            const    0x0800b254     0x0  copy_init3.o [5]
  Initializer bytes  ro data  0x0800b254    0x78  <for P2 s0>
                            - 0x0800b2cc  0xb1e0

"P2", part 1 of 3:                          0x78
  P2 s0                       0x20000000    0x78  <Init block>
    .data            inited   0x20000000    0x1c  m590e.o [1]
    .data            inited   0x2000001c    0x14  m590e.o [1]
    .data            inited   0x20000030    0x10  stm32f10x_rcc.o [1]
    .data            inited   0x20000040     0xc  m590e.o [1]
    .data            inited   0x2000004c     0xc  m590e.o [1]
    .data            inited   0x20000058     0xc  m590e.o [1]
    .data            inited   0x20000064     0x8  m590e.o [1]
    .data            inited   0x2000006c     0x4  stm32f10x_rcc.o [1]
    .data            inited   0x20000070     0x2  m590e.o [1]
    .data            inited   0x20000072     0x1  m590e.o [1]
    .data            inited   0x20000073     0x1  m590e.o [1]
    .data            inited   0x20000074     0x1  m590e.o [1]
    .data            inited   0x20000075     0x1  m590e.o [1]
    .data            inited   0x20000076     0x1  main.o [1]
                            - 0x20000078    0x78

"P2", part 2 of 3:                        0x3fe8
  .bss               zero     0x20000078   0x640  os_cfg_app.o [1]
  .bss               zero     0x200006b8   0x600  main.o [1]
  .bss               zero     0x20000cb8   0x600  main.o [1]
  .bss               zero     0x200012b8   0x600  main.o [1]
  .bss               zero     0x200018b8   0x200  main.o [1]
  .bss               zero     0x20001ab8   0x200  main.o [1]
  .bss               zero     0x20001cb8   0x200  main.o [1]
  .bss               zero     0x20001eb8   0x200  main.o [1]
  .bss               zero     0x200020b8   0x200  main.o [1]
  .bss               zero     0x200022b8   0x200  main.o [1]
  .bss               zero     0x200024b8   0x200  main.o [1]
  .bss               zero     0x200026b8   0x200  main.o [1]
  .bss               zero     0x200028b8   0x200  os_cfg_app.o [1]
  .bss               zero     0x20002ab8   0x200  os_cfg_app.o [1]
  .bss               zero     0x20002cb8   0x200  os_cfg_app.o [1]
  .bss               zero     0x20002eb8   0x200  os_cfg_app.o [1]
  .bss               zero     0x200030b8   0x180  os_var.o [1]
  .bss               zero     0x20003238    0xb4  main.o [1]
  .bss               zero     0x200032ec    0xb4  main.o [1]
  .bss               zero     0x200033a0    0xb4  main.o [1]
  .bss               zero     0x20003454    0xb4  main.o [1]
  .bss               zero     0x20003508    0xb4  main.o [1]
  .bss               zero     0x200035bc    0xb4  main.o [1]
  .bss               zero     0x20003670    0xb4  main.o [1]
  .bss               zero     0x20003724    0xb4  main.o [1]
  .bss               zero     0x200037d8    0xb4  main.o [1]
  .bss               zero     0x2000388c    0xb4  main.o [1]
  .bss               zero     0x20003940    0xb4  os_var.o [1]
  .bss               zero     0x200039f4    0xb4  os_var.o [1]
  .bss               zero     0x20003aa8    0xb4  os_var.o [1]
  .bss               zero     0x20003b5c    0x88  os_cfg_app.o [1]
  .bss               zero     0x20003be4    0x88  os_cfg_app.o [1]
  .bss               zero     0x20003c6c    0x78  main.o [1]
  .bss               zero     0x20003ce4    0x2c  main.o [1]
  .bss               zero     0x20003d10    0x2c  main.o [1]
  .bss               zero     0x20003d3c    0x2c  main.o [1]
  .bss               zero     0x20003d68    0x2c  main.o [1]
  .bss               zero     0x20003d94    0x2c  main.o [1]
  .bss               zero     0x20003dc0    0x24  main.o [1]
  .bss               zero     0x20003de4    0x24  main.o [1]
  .bss               zero     0x20003e08    0x24  main.o [1]
  .bss               zero     0x20003e2c    0x24  main.o [1]
  .bss               zero     0x20003e50    0x24  main.o [1]
  .bss               zero     0x20003e74    0x1c  main.o [1]
  .bss               zero     0x20003e90    0x1c  main.o [1]
  .bss               zero     0x20003eac    0x1c  main.o [1]
  .bss               zero     0x20003ec8    0x1c  main.o [1]
  .bss               zero     0x20003ee4    0x1c  main.o [1]
  .bss               zero     0x20003f00    0x1c  main.o [1]
  .bss               zero     0x20003f1c    0x1c  main.o [1]
  .bss               zero     0x20003f38    0x1c  main.o [1]
  .bss               zero     0x20003f54    0x1c  main.o [1]
  .bss               zero     0x20003f70    0x1c  main.o [1]
  .bss               zero     0x20003f8c    0x18  main.o [1]
  .bss               zero     0x20003fa4    0x18  main.o [1]
  .bss               zero     0x20003fbc    0x10  cpu_core.o [1]
  .bss               zero     0x20003fcc     0xc  os_var.o [1]
  .bss               zero     0x20003fd8     0x8  m590e.o [1]
  .bss               zero     0x20003fe0     0x4  cpu_core.o [1]
  .bss               zero     0x20003fe4     0x4  os_cpu_c.o [1]
  .bss               zero     0x20003fe8     0x4  os_prio.o [1]
  .bss               zero     0x20003fec     0x4  os_var.o [1]
  .bss               zero     0x20003ff0     0x4  os_var.o [1]
  .bss               zero     0x20003ff4     0x4  os_var.o [1]
  .bss               zero     0x20003ff8     0x4  os_var.o [1]
  .bss               zero     0x20003ffc     0x4  os_var.o [1]
  .bss               zero     0x20004000     0x4  os_var.o [1]
  .bss               zero     0x20004004     0x4  os_var.o [1]
  .bss               zero     0x20004008     0x4  os_var.o [1]
  .bss               zero     0x2000400c     0x4  os_var.o [1]
  .bss               zero     0x20004010     0x4  os_var.o [1]
  .bss               zero     0x20004014     0x4  os_var.o [1]
  .bss               zero     0x20004018     0x4  os_var.o [1]
  .bss               zero     0x2000401c     0x4  os_var.o [1]
  .bss               zero     0x20004020     0x4  os_var.o [1]
  .bss               zero     0x20004024     0x4  os_var.o [1]
  .bss               zero     0x20004028     0x4  os_var.o [1]
  .bss               zero     0x2000402c     0x4  os_var.o [1]
  .bss               zero     0x20004030     0x4  os_var.o [1]
  .bss               zero     0x20004034     0x4  tasks.o [1]
  .bss               zero     0x20004038     0x4  tasks.o [1]
  .bss               zero     0x2000403c     0x4  tasks.o [1]
  .bss               zero     0x20004040     0x4  tasks.o [1]
  .bss               zero     0x20004044     0x2  os_var.o [1]
  .bss               zero     0x20004046     0x2  os_var.o [1]
  .bss               zero     0x20004048     0x2  os_var.o [1]
  .bss               zero     0x2000404a     0x2  os_var.o [1]
  .bss               zero     0x2000404c     0x2  os_var.o [1]
  .bss               zero     0x2000404e     0x2  os_var.o [1]
  .bss               zero     0x20004050     0x2  os_var.o [1]
  .bss               zero     0x20004052     0x1  main.o [1]
  .bss               zero     0x20004053     0x1  main.o [1]
  .bss               zero     0x20004054     0x1  os_var.o [1]
  .bss               zero     0x20004055     0x1  os_var.o [1]
  .bss               zero     0x20004056     0x1  os_var.o [1]
  .bss               zero     0x20004057     0x1  os_var.o [1]
  .bss               zero     0x20004058     0x1  os_var.o [1]
  .bss               zero     0x20004059     0x1  os_var.o [1]
  .bss               zero     0x2000405a     0x1  os_var.o [1]
  .bss               zero     0x2000405b     0x1  os_var.o [1]
  .bss               zero     0x2000405c     0x1  tasks.o [1]
                            - 0x2000405d  0x3fe5

"P2", part 3 of 3:                         0x800
  CSTACK                      0x20004060   0x800  <Block>
    CSTACK           uninit   0x20004060   0x800  <Block tail>
                            - 0x20004860   0x800


*******************************************************************************
*** INIT TABLE
***

          Address     Size
          -------     ----
Zero (__iar_zero_init3)
    1 destination range, total size 0x3fe5:
          0x20000078  0x3fe5

Copy (__iar_copy_init3)
    1 source range, total size 0x78 (100% of destination):
          0x0800b254    0x78
    1 destination range, total size 0x77:
          0x20000000    0x77



*******************************************************************************
*** MODULE SUMMARY
***

    Module                  ro code  ro data  rw data
    ------                  -------  -------  -------
D:\IAR_Workspace\STM32F103MBUS\Test\Debug\Obj: [1]
    bsp.o                     1 226
    cpu_a.o                      52
    cpu_core.o                   76                20
    lib_mem.o                   284
    lib_mem_a.o                 544
    lib_str.o                   462
    m590e.o                   2 560      394      106
    main.o                    1 672      193   11 355
    misc.o                      128
    os_cfg_app.o                172      100    3 920
    os_core.o                 2 388       20
    os_cpu_a.o                  132
    os_cpu_c.o                  472                 4
    os_flag.o                 1 706
    os_mem.o                    384
    os_msg.o                    508
    os_mutex.o                   16
    os_prio.o                   136                 4
    os_q.o                      900
    os_sem.o                    770
    os_task.o                 1 684        8
    os_tick.o                 1 048       20
    os_time.o                   492
    os_tmr.o                  1 432       24
    os_var.o                                    1 030
    serial.o                    884
    spi_flash.o               1 836
    startup_stm32f10x_md.o      408
    stm32f10x_exti.o            200
    stm32f10x_flash.o            60
    stm32f10x_gpio.o            452
    stm32f10x_it.o               54
    stm32f10x_iwdg.o             44
    stm32f10x_rcc.o             600       20       20
    stm32f10x_spi.o             164
    stm32f10x_usart.o           382
    system_stm32f10x.o          110
    tasks.o                  13 920      108       17
    timestamp.o                  60
    -------------------------------------------------
    Total:                   38 418      887   16 476

command line: [2]
    -------------------------------------------------
    Total:

dl7M_tln.a: [3]
    div.o                        14
    exit.o                        4
    low_level_init.o              4
    sprintf.o                    52
    xprintffull_nomb.o        3 462
    xsprout.o                    10
    -------------------------------------------------
    Total:                    3 546

m7M_tl.a: [4]
    DblAdd.o                    212
    DblCmpGe.o                   46
    DblCmpLe.o                   46
    DblDiv.o                    582
    DblMul.o                    418
    DblSub.o                    384
    DblToI32.o                   88
    I32ToDbl.o                   48
    xdnorm.o                     66
    xdscale.o                   268
    -------------------------------------------------
    Total:                    2 158

rt7M_tl.a: [5]
    ABImemcpy_unaligned.o       118
    I64DivMod.o                 238
    I64DivZer.o                   2
    cexit.o                      10
    cmain.o                      26
    copy_init3.o                 46
    cstartup_M.o                 12
    data_init.o                  40
    memchr.o                     88
    strchr.o                     22
    strlen.o                     54
    zero_init3.o                 34
    -------------------------------------------------
    Total:                      690

shb_l.a: [6]
    exit.o                       20
    -------------------------------------------------
    Total:                       20

    Gaps                         16
    Linker created                        37    2 048
-----------------------------------------------------
    Grand Total:             44 848      924   18 524


*******************************************************************************
*** ENTRY LIST
***

Entry                      Address   Size  Type      Object
-----                      -------   ----  ----      ------
?main                   0x0800ae7d         Code  Gb  cmain.o [5]
ADCPrescTable           0x2000006c    0x4  Data  Lc  stm32f10x_rcc.o [1]
APBAHBPrescTable        0x20000030   0x10  Data  Lc  stm32f10x_rcc.o [1]
BSP_CPU_ClkFreq         0x080098b7   0x10  Code  Gb  bsp.o [1]
BSP_GPIO_Init           0x080094ad  0x1e6  Code  Gb  bsp.o [1]
BSP_IWDG_Init           0x0800989d   0x1a  Code  Gb  bsp.o [1]
BSP_Init                0x080093fd   0xb0  Code  Gb  bsp.o [1]
BSP_NVIC_Init           0x080097ab   0x6c  Code  Gb  bsp.o [1]
BSP_SPI_Init            0x08009817   0x66  Code  Gb  bsp.o [1]
BSP_USART_Init          0x08009693  0x118  Code  Gb  bsp.o [1]
BusFault_Handler        0x0800ade5    0x2  Code  Gb  stm32f10x_it.o [1]
CPU_CntLeadZeros        0x0800699b         Code  Gb  cpu_a.o [1]
CPU_CntTrailZeros       0x080069a1         Code  Gb  cpu_a.o [1]
CPU_Init                0x080098c9    0xc  Code  Gb  cpu_core.o [1]
CPU_IntDis              0x0800697d         Code  Gb  cpu_a.o [1]
CPU_IntEn               0x08006981         Code  Gb  cpu_a.o [1]
CPU_Name                0x20003fbc   0x10  Data  Gb  cpu_core.o [1]
CPU_NameClr             0x080098d5   0x1a  Code  Gb  cpu_core.o [1]
CPU_NameInit            0x080098f5    0x8  Code  Lc  cpu_core.o [1]
CPU_RevBits             0x080069ab         Code  Gb  cpu_a.o [1]
CPU_SR_Restore          0x0800698d         Code  Gb  cpu_a.o [1]
CPU_SR_Save             0x08006985         Code  Gb  cpu_a.o [1]
CPU_TS_Init             0x080098fd    0xe  Code  Lc  cpu_core.o [1]
CPU_TS_TmrFreqSet       0x080098ef    0x6  Code  Gb  cpu_core.o [1]
CPU_TS_TmrFreq_Hz       0x20003fe0    0x4  Data  Gb  cpu_core.o [1]
CPU_TS_TmrInit          0x08007999   0x2a  Code  Gb  timestamp.o [1]
CPU_TS_TmrRd            0x080079c3    0x6  Code  Gb  timestamp.o [1]
CPU_WaitForExcept       0x08006997         Code  Gb  cpu_a.o [1]
CPU_WaitForInt          0x08006993         Code  Gb  cpu_a.o [1]
CSTACK$$Base            0x20004060          --   Gb  - Linker created -
CSTACK$$Limit           0x20004860          --   Gb  - Linker created -
DebugMon_Handler        0x0800adeb    0x2  Code  Gb  stm32f10x_it.o [1]
Device_Read             0x080045e9   0x34  Code  Gb  serial.o [1]
EXTI15_10_IRQHandler    0x0800ae0d    0x8  Code  Gb  stm32f10x_it.o [1]
EXTI_ClearITPendingBit  0x08007dfd    0x6  Code  Gb  stm32f10x_exti.o [1]
EXTI_GetITStatus        0x08007dd9   0x24  Code  Gb  stm32f10x_exti.o [1]
EXTI_Init               0x08007d51   0x88  Code  Gb  stm32f10x_exti.o [1]
FLAG_Event              0x20003f70   0x1c  Data  Gb  main.o [1]
FLASH_PrefetchBufferCmd
                        0x0800a541   0x20  Code  Gb  stm32f10x_flash.o [1]
FLASH_SetLatency        0x0800a529   0x18  Code  Gb  stm32f10x_flash.o [1]
GPIO_EXTILineConfig     0x08005b0d   0x50  Code  Gb  stm32f10x_gpio.o [1]
GPIO_Init               0x080059a5   0xc8  Code  Gb  stm32f10x_gpio.o [1]
GPIO_PinRemapConfig     0x08005a8f   0x7e  Code  Gb  stm32f10x_gpio.o [1]
GPIO_ReadInputDataBit   0x08005a6d   0x16  Code  Gb  stm32f10x_gpio.o [1]
GPIO_ResetBits          0x08005a89    0x6  Code  Gb  stm32f10x_gpio.o [1]
GPIO_SetBits            0x08005a83    0x6  Code  Gb  stm32f10x_gpio.o [1]
GetFlash                0x08005f53   0xc0  Code  Gb  spi_flash.o [1]
HardFault_Handler       0x0800ade1    0x2  Code  Gb  stm32f10x_it.o [1]
IWDG_Enable             0x0800a5ff    0xa  Code  Gb  stm32f10x_iwdg.o [1]
IWDG_ReloadCounter      0x0800a5f5    0xa  Code  Gb  stm32f10x_iwdg.o [1]
IWDG_SetPrescaler       0x0800a5ed    0x8  Code  Gb  stm32f10x_iwdg.o [1]
IWDG_WriteAccessCmd     0x0800a5e5    0x8  Code  Gb  stm32f10x_iwdg.o [1]
M590E_Cmd               0x08004679   0xfa  Code  Gb  m590e.o [1]
M590E_ReadAT_100        0x08004773   0x4c  Code  Gb  m590e.o [1]
M590E_ReadAT_2s         0x080047bf   0x4e  Code  Gb  m590e.o [1]
MEM_Buf                 0x20003f8c   0x18  Data  Gb  main.o [1]
MEM_ISR                 0x20003fa4   0x18  Data  Gb  main.o [1]
MemManage_Handler       0x0800ade3    0x2  Code  Gb  stm32f10x_it.o [1]
Mem_Clr                 0x08003e65    0xc  Code  Gb  lib_mem.o [1]
Mem_Cmp                 0x08003ecb   0xb6  Code  Gb  lib_mem.o [1]
Mem_Copy                0x08005785         Code  Gb  lib_mem_a.o [1]
Mem_Set                 0x08003e71   0x5a  Code  Gb  lib_mem.o [1]
NMI_Handler             0x0800addf    0x2  Code  Gb  stm32f10x_it.o [1]
NVIC_Init               0x0800a56f   0x62  Code  Gb  misc.o [1]
NVIC_PriorityGroupConfig
                        0x0800a565    0xa  Code  Gb  misc.o [1]
OSCfg_DataSizeRAM       0x0800b1b4    0x4  Data  Gb  os_cfg_app.o [1]
OSCfg_ISRStk            0x20002ab8  0x200  Data  Gb  os_cfg_app.o [1]
OSCfg_ISRStkBasePtr     0x0800b16c    0x4  Data  Gb  os_cfg_app.o [1]
OSCfg_ISRStkSize        0x0800b170    0x4  Data  Gb  os_cfg_app.o [1]
OSCfg_ISRStkSizeRAM     0x0800b174    0x4  Data  Gb  os_cfg_app.o [1]
OSCfg_IdleTaskStk       0x200028b8  0x200  Data  Gb  os_cfg_app.o [1]
OSCfg_IdleTaskStkBasePtr
                        0x0800b15c    0x4  Data  Gb  os_cfg_app.o [1]
OSCfg_IdleTaskStkLimit  0x0800b160    0x4  Data  Gb  os_cfg_app.o [1]
OSCfg_IdleTaskStkSize   0x0800b164    0x4  Data  Gb  os_cfg_app.o [1]
OSCfg_IdleTaskStkSizeRAM
                        0x0800b168    0x4  Data  Gb  os_cfg_app.o [1]
OSCfg_Init              0x080092cd   0xac  Code  Gb  os_cfg_app.o [1]
OSCfg_MsgPool           0x20000078  0x640  Data  Gb  os_cfg_app.o [1]
OSCfg_MsgPoolBasePtr    0x0800b17c    0x4  Data  Gb  os_cfg_app.o [1]
OSCfg_MsgPoolSize       0x08007d4e    0x2  Data  Gb  os_cfg_app.o [1]
OSCfg_MsgPoolSizeRAM    0x0800b178    0x4  Data  Gb  os_cfg_app.o [1]
OSCfg_StkSizeMin        0x0800b180    0x4  Data  Gb  os_cfg_app.o [1]
OSCfg_TickRate_Hz       0x0800b184    0x4  Data  Gb  os_cfg_app.o [1]
OSCfg_TickTaskPrio      0x08009b82    0x1  Data  Gb  os_cfg_app.o [1]
OSCfg_TickTaskStk       0x20002cb8  0x200  Data  Gb  os_cfg_app.o [1]
OSCfg_TickTaskStkBasePtr
                        0x0800b188    0x4  Data  Gb  os_cfg_app.o [1]
OSCfg_TickTaskStkLimit  0x0800b18c    0x4  Data  Gb  os_cfg_app.o [1]
OSCfg_TickTaskStkSize   0x0800b190    0x4  Data  Gb  os_cfg_app.o [1]
OSCfg_TickTaskStkSizeRAM
                        0x0800b194    0x4  Data  Gb  os_cfg_app.o [1]
OSCfg_TickWheel         0x20003b5c   0x88  Data  Gb  os_cfg_app.o [1]
OSCfg_TickWheelSize     0x08009232    0x2  Data  Gb  os_cfg_app.o [1]
OSCfg_TickWheelSizeRAM  0x0800b198    0x4  Data  Gb  os_cfg_app.o [1]
OSCfg_TmrTaskPrio       0x08009b83    0x1  Data  Gb  os_cfg_app.o [1]
OSCfg_TmrTaskRate_Hz    0x0800b19c    0x4  Data  Gb  os_cfg_app.o [1]
OSCfg_TmrTaskStk        0x20002eb8  0x200  Data  Gb  os_cfg_app.o [1]
OSCfg_TmrTaskStkBasePtr
                        0x0800b1a0    0x4  Data  Gb  os_cfg_app.o [1]
OSCfg_TmrTaskStkLimit   0x0800b1a4    0x4  Data  Gb  os_cfg_app.o [1]
OSCfg_TmrTaskStkSize    0x0800b1a8    0x4  Data  Gb  os_cfg_app.o [1]
OSCfg_TmrTaskStkSizeRAM
                        0x0800b1ac    0x4  Data  Gb  os_cfg_app.o [1]
OSCfg_TmrWheel          0x20003be4   0x88  Data  Gb  os_cfg_app.o [1]
OSCfg_TmrWheelSize      0x080098c6    0x2  Data  Gb  os_cfg_app.o [1]
OSCfg_TmrWheelSizeRAM   0x0800b1b0    0x4  Data  Gb  os_cfg_app.o [1]
OSFlagCreate            0x080062c9   0x66  Code  Gb  os_flag.o [1]
OSFlagPend              0x0800632f  0x40c  Code  Gb  os_flag.o [1]
OSFlagPost              0x0800673b   0x5e  Code  Gb  os_flag.o [1]
OSFlagQty               0x20004044    0x2  Data  Gb  os_var.o [1]
OSIdleTaskCtr           0x20004008    0x4  Data  Gb  os_var.o [1]
OSIdleTaskHook          0x08008231   0x12  Code  Gb  os_cpu_c.o [1]
OSIdleTaskTCB           0x20003940   0xb4  Data  Gb  os_var.o [1]
OSInit                  0x080069b1  0x150  Code  Gb  os_core.o [1]
OSInitHook              0x08008243   0x14  Code  Gb  os_cpu_c.o [1]
OSIntExit               0x08006b01   0xc8  Code  Gb  os_core.o [1]
OSIntNestingCtr         0x20004054    0x1  Data  Gb  os_var.o [1]
OSMemCreate             0x08003ce5   0xd0  Code  Gb  os_mem.o [1]
OSMemGet                0x08003db5   0x46  Code  Gb  os_mem.o [1]
OSMemPut                0x08003dfb   0x50  Code  Gb  os_mem.o [1]
OSMemQty                0x20004046    0x2  Data  Gb  os_var.o [1]
OSMsgPool               0x20003fcc    0xc  Data  Gb  os_var.o [1]
OSMutexQty              0x20004048    0x2  Data  Gb  os_var.o [1]
OSPrioCur               0x20004056    0x1  Data  Gb  os_var.o [1]
OSPrioHighRdy           0x20004057    0x1  Data  Gb  os_var.o [1]
OSPrioSaved             0x20004058    0x1  Data  Gb  os_var.o [1]
OSPrioTbl               0x20003fe8    0x4  Data  Gb  os_prio.o [1]
OSQCreate               0x08003f81   0x7c  Code  Gb  os_q.o [1]
OSQPend                 0x08003ffd  0x1be  Code  Gb  os_q.o [1]
OSQPost                 0x080041bb   0x84  Code  Gb  os_q.o [1]
OSQQty                  0x2000404a    0x2  Data  Gb  os_var.o [1]
OSRdyList               0x200030b8  0x180  Data  Gb  os_var.o [1]
OSRunning               0x20004055    0x1  Data  Gb  os_var.o [1]
OSSched                 0x08006bc9   0x8e  Code  Gb  os_core.o [1]
OSSchedLock             0x08006c57   0x58  Code  Gb  os_core.o [1]
OSSchedLockNestingCtr   0x20004059    0x1  Data  Gb  os_var.o [1]
OSSchedRoundRobinDfltTimeQuanta
                        0x2000400c    0x4  Data  Gb  os_var.o [1]
OSSchedRoundRobinEn     0x2000405a    0x1  Data  Gb  os_var.o [1]
OSSchedUnlock           0x08006caf   0x72  Code  Gb  os_core.o [1]
OSSemCreate             0x08005079   0x66  Code  Gb  os_sem.o [1]
OSSemPend               0x080050df  0x174  Code  Gb  os_sem.o [1]
OSSemPost               0x08005253   0x60  Code  Gb  os_sem.o [1]
OSSemQty                0x2000404c    0x2  Data  Gb  os_var.o [1]
OSStart                 0x08006d21   0x64  Code  Gb  os_core.o [1]
OSStartHighRdy          0x08009379         Code  Gb  os_cpu_a.o [1]
OSTCBCurPtr             0x2000402c    0x4  Data  Gb  os_var.o [1]
OSTCBHighRdyPtr         0x20004030    0x4  Data  Gb  os_var.o [1]
OSTaskCreate            0x08007305  0x176  Code  Gb  os_task.o [1]
OSTaskCreateHook        0x08008257   0x12  Code  Gb  os_cpu_c.o [1]
OSTaskCtxSwCtr          0x20004010    0x4  Data  Gb  os_var.o [1]
OSTaskDel               0x0800747b   0xea  Code  Gb  os_task.o [1]
OSTaskDelHook           0x08008269   0x12  Code  Gb  os_cpu_c.o [1]
OSTaskQty               0x2000404e    0x2  Data  Gb  os_var.o [1]
OSTaskRegNextAvailID    0x2000405b    0x1  Data  Gb  os_var.o [1]
OSTaskReturnHook        0x0800827b   0x12  Code  Gb  os_cpu_c.o [1]
OSTaskSemPend           0x08007565  0x1cc  Code  Gb  os_task.o [1]
OSTaskSemPost           0x08007731   0x34  Code  Gb  os_task.o [1]
OSTaskStkInit           0x0800828d   0x80  Code  Gb  os_cpu_c.o [1]
OSTaskSwHook            0x0800830d   0x56  Code  Gb  os_cpu_c.o [1]
OSTickCtr               0x20004014    0x4  Data  Gb  os_var.o [1]
OSTickTaskTCB           0x200039f4   0xb4  Data  Gb  os_var.o [1]
OSTickTaskTimeMax       0x20004018    0x4  Data  Gb  os_var.o [1]
OSTimeDlyHMSM           0x080053a9  0x178  Code  Gb  os_time.o [1]
OSTimeTick              0x08005521   0x4a  Code  Gb  os_time.o [1]
OSTimeTickHook          0x08008363   0x12  Code  Gb  os_cpu_c.o [1]
OSTmrCreate             0x0800374d   0xb0  Code  Gb  os_tmr.o [1]
OSTmrQty                0x20004050    0x2  Data  Gb  os_var.o [1]
OSTmrStart              0x080037fd   0xaa  Code  Gb  os_tmr.o [1]
OSTmrStateGet           0x080038a7   0x66  Code  Gb  os_tmr.o [1]
OSTmrStop               0x0800390d   0xf0  Code  Gb  os_tmr.o [1]
OSTmrTaskTCB            0x20003aa8   0xb4  Data  Gb  os_var.o [1]
OSTmrTaskTimeMax        0x2000401c    0x4  Data  Gb  os_var.o [1]
OSTmrTickCtr            0x20004020    0x4  Data  Gb  os_var.o [1]
OSTmrUpdateCnt          0x20004024    0x4  Data  Gb  os_var.o [1]
OSTmrUpdateCtr          0x20004028    0x4  Data  Gb  os_var.o [1]
OS_AppIdleTaskHookPtr   0x20003ff8    0x4  Data  Gb  os_var.o [1]
OS_AppStatTaskHookPtr   0x20003ffc    0x4  Data  Gb  os_var.o [1]
OS_AppTaskCreateHookPtr
                        0x20003fec    0x4  Data  Gb  os_var.o [1]
OS_AppTaskDelHookPtr    0x20003ff0    0x4  Data  Gb  os_var.o [1]
OS_AppTaskReturnHookPtr
                        0x20003ff4    0x4  Data  Gb  os_var.o [1]
OS_AppTaskSwHookPtr     0x20004000    0x4  Data  Gb  os_var.o [1]
OS_AppTimeTickHookPtr   0x20004004    0x4  Data  Gb  os_var.o [1]
OS_CPU_ExceptStkBase    0x20003fe4    0x4  Data  Gb  os_cpu_c.o [1]
OS_CPU_SysTickHandler   0x08008375   0x24  Code  Gb  os_cpu_c.o [1]
OS_CPU_SysTickInit      0x08008399   0x2c  Code  Gb  os_cpu_c.o [1]
OS_FlagBlock            0x08006799   0x26  Code  Gb  os_flag.o [1]
OS_FlagInit             0x080067bf    0xc  Code  Gb  os_flag.o [1]
OS_FlagPost             0x080067e1  0x13c  Code  Gb  os_flag.o [1]
OS_FlagTaskRdy          0x0800691d   0x56  Code  Gb  os_flag.o [1]
OS_IdleTask             0x08006d85   0x24  Code  Gb  os_core.o [1]
OS_IdleTaskInit         0x08006da9   0x50  Code  Gb  os_core.o [1]
OS_MemInit              0x08003e4b    0xc  Code  Gb  os_mem.o [1]
OS_MsgPoolInit          0x080079d5   0x86  Code  Gb  os_msg.o [1]
OS_MsgQFreeAll          0x08007a5b   0x44  Code  Gb  os_msg.o [1]
OS_MsgQGet              0x08007ab3   0x70  Code  Gb  os_msg.o [1]
OS_MsgQInit             0x08007a9f   0x14  Code  Gb  os_msg.o [1]
OS_MsgQPut              0x08007b23   0xa2  Code  Gb  os_msg.o [1]
OS_MutexInit            0x080092bd    0xc  Code  Gb  os_mutex.o [1]
OS_Pend                 0x08006df9   0x60  Code  Gb  os_core.o [1]
OS_PendDataInit         0x08006e59   0x34  Code  Gb  os_core.o [1]
OS_PendListInit         0x08006e8d    0xe  Code  Gb  os_core.o [1]
OS_PendListInsertPrio   0x08006e9b   0x6e  Code  Gb  os_core.o [1]
OS_PendListRemove       0x08006f09   0x28  Code  Gb  os_core.o [1]
OS_PendListRemove1      0x08006f31   0x48  Code  Gb  os_core.o [1]
OS_Post                 0x08006f79   0xb0  Code  Gb  os_core.o [1]
OS_Post1                0x08007029   0x26  Code  Gb  os_core.o [1]
OS_PrioGetHighest       0x08009249   0x20  Code  Gb  os_prio.o [1]
OS_PrioInit             0x08009235   0x14  Code  Gb  os_prio.o [1]
OS_PrioInsert           0x08009269   0x26  Code  Gb  os_prio.o [1]
OS_PrioRemove           0x0800928f   0x28  Code  Gb  os_prio.o [1]
OS_QInit                0x0800423f    0xc  Code  Gb  os_q.o [1]
OS_QPost                0x08004261   0xa4  Code  Gb  os_q.o [1]
OS_RdyListInit          0x0800704f   0x24  Code  Gb  os_core.o [1]
OS_RdyListInsert        0x08007073   0x28  Code  Gb  os_core.o [1]
OS_RdyListInsertHead    0x0800709b   0x3a  Code  Gb  os_core.o [1]
OS_RdyListInsertTail    0x080070d5   0x38  Code  Gb  os_core.o [1]
OS_RdyListMoveHeadToTail
                        0x0800710d   0x40  Code  Gb  os_core.o [1]
OS_RdyListRemove        0x0800714d   0x5c  Code  Gb  os_core.o [1]
OS_SchedRoundRobin      0x080071a9   0x8a  Code  Gb  os_core.o [1]
OS_SemInit              0x080052b3    0xc  Code  Gb  os_sem.o [1]
OS_SemPost              0x080052d5   0xa6  Code  Gb  os_sem.o [1]
OS_TaskBlock            0x080072b1   0x3a  Code  Gb  os_core.o [1]
OS_TaskInit             0x08007765   0x16  Code  Gb  os_task.o [1]
OS_TaskInitTCB          0x0800777b  0x106  Code  Gb  os_task.o [1]
OS_TaskRdy              0x080072eb   0x1a  Code  Gb  os_core.o [1]
OS_TaskReturn           0x0800788d   0x14  Code  Gb  os_task.o [1]
OS_TaskSemPost          0x080078ad   0xd4  Code  Gb  os_task.o [1]
OS_TickListInit         0x08007edf   0x2a  Code  Gb  os_tick.o [1]
OS_TickListInsert       0x08007f09  0x11c  Code  Gb  os_tick.o [1]
OS_TickListRemove       0x08008025   0x42  Code  Gb  os_tick.o [1]
OS_TickListUpdate       0x08008067  0x190  Code  Gb  os_tick.o [1]
OS_TickTask             0x08007e19   0x28  Code  Gb  os_tick.o [1]
OS_TickTaskInit         0x08007e41   0x9e  Code  Gb  os_tick.o [1]
OS_TmrInit              0x080039fd   0xd4  Code  Gb  os_tmr.o [1]
OS_TmrLink              0x08003ad1   0xd0  Code  Gb  os_tmr.o [1]
OS_TmrTask              0x08003bf1   0xaa  Code  Gb  os_tmr.o [1]
OS_TmrUnlink            0x08003ba1   0x4c  Code  Gb  os_tmr.o [1]
ObjCreate               0x0800a9f1  0x232  Code  Gb  main.o [1]
OverLoad                0x0800461d   0x24  Code  Gb  serial.o [1]
PendSV_Handler          0x08009397         Code  Gb  os_cpu_a.o [1]
PutFlash                0x08006013   0xcc  Code  Gb  spi_flash.o [1]
Q_Config                0x20003e2c   0x24  Data  Gb  main.o [1]
Q_Deal                  0x20003e50   0x24  Data  Gb  main.o [1]
Q_Read                  0x20003de4   0x24  Data  Gb  main.o [1]
Q_ReadData              0x20003e08   0x24  Data  Gb  main.o [1]
Q_Slave                 0x20003dc0   0x24  Data  Gb  main.o [1]
RCC_APB1PeriphClockCmd  0x08009acd   0x20  Code  Gb  stm32f10x_rcc.o [1]
RCC_APB2PeriphClockCmd  0x08009aad   0x20  Code  Gb  stm32f10x_rcc.o [1]
RCC_DeInit              0x08009915   0x60  Code  Gb  stm32f10x_rcc.o [1]
RCC_GetClocksFreq       0x080099ed   0xc0  Code  Gb  stm32f10x_rcc.o [1]
RCC_GetFlagStatus       0x08009aed   0x44  Code  Gb  stm32f10x_rcc.o [1]
RCC_HCLKConfig          0x080099a7   0x14  Code  Gb  stm32f10x_rcc.o [1]
RCC_LSICmd              0x080099e5    0x8  Code  Gb  stm32f10x_rcc.o [1]
RCC_PCLK1Config         0x080099bb   0x14  Code  Gb  stm32f10x_rcc.o [1]
RCC_PCLK2Config         0x080099cf   0x16  Code  Gb  stm32f10x_rcc.o [1]
RCC_PLLCmd              0x0800998b    0x8  Code  Gb  stm32f10x_rcc.o [1]
RCC_PLLConfig           0x08009975   0x16  Code  Gb  stm32f10x_rcc.o [1]
RCC_SYSCLKConfig        0x08009993   0x14  Code  Gb  stm32f10x_rcc.o [1]
Region$$Table$$Base     0x0800ae3c          --   Gb  - Linker created -
Region$$Table$$Limit    0x0800ae60          --   Gb  - Linker created -
SEM_Connected           0x20003f38   0x1c  Data  Gb  main.o [1]
SEM_HeartBeat           0x20003ec8   0x1c  Data  Gb  main.o [1]
SEM_Restart             0x20003ee4   0x1c  Data  Gb  main.o [1]
SEM_Send                0x20003f00   0x1c  Data  Gb  main.o [1]
SEM_SendOver            0x20003f1c   0x1c  Data  Gb  main.o [1]
SEM_Send_Online         0x20003f54   0x1c  Data  Gb  main.o [1]
SEM_ServerTX            0x20003e74   0x1c  Data  Gb  main.o [1]
SEM_Slave_485TX         0x20003e90   0x1c  Data  Gb  main.o [1]
SEM_Slave_mbusTX        0x20003eac   0x1c  Data  Gb  main.o [1]
SPI_Cmd                 0x08008449   0x1c  Code  Gb  stm32f10x_spi.o [1]
SPI_I2S_GetFlagStatus   0x08008499   0x14  Code  Gb  stm32f10x_spi.o [1]
SPI_I2S_ITConfig        0x08008465   0x2c  Code  Gb  stm32f10x_spi.o [1]
SPI_I2S_ReceiveData     0x08008495    0x4  Code  Gb  stm32f10x_spi.o [1]
SPI_I2S_SendData        0x08008491    0x4  Code  Gb  stm32f10x_spi.o [1]
SPI_Init                0x08008409   0x40  Code  Gb  stm32f10x_spi.o [1]
STK_Config              0x200006b8  0x600  Data  Gb  main.o [1]
STK_Connect             0x200020b8  0x200  Data  Gb  main.o [1]
STK_DealServer          0x200024b8  0x200  Data  Gb  main.o [1]
STK_HeartBeat           0x200022b8  0x200  Data  Gb  main.o [1]
STK_LED1                0x20001ab8  0x200  Data  Gb  main.o [1]
STK_OverLoad            0x200026b8  0x200  Data  Gb  main.o [1]
STK_Read                0x20000cb8  0x600  Data  Gb  main.o [1]
STK_Server              0x20001cb8  0x200  Data  Gb  main.o [1]
STK_Slave               0x20001eb8  0x200  Data  Gb  main.o [1]
STK_Start               0x200018b8  0x200  Data  Gb  main.o [1]
SVC_Handler             0x0800ade9    0x2  Code  Gb  stm32f10x_it.o [1]
Server_Post2Buf         0x080045cb   0x1e  Code  Gb  serial.o [1]
Server_Write            0x08004511   0x5c  Code  Gb  serial.o [1]
Server_WriteStr         0x0800456d   0x5e  Code  Gb  serial.o [1]
SetSysClock             0x0800addd    0x2  Code  Lc  system_stm32f10x.o [1]
Slave_Write             0x0800443b   0xd6  Code  Gb  serial.o [1]
Str_Cat                 0x080055af    0xc  Code  Gb  lib_str.o [1]
Str_Cat_N               0x080055bb   0x62  Code  Gb  lib_str.o [1]
Str_Cmp_N               0x0800561d   0x94  Code  Gb  lib_str.o [1]
Str_Len_N               0x08005595   0x1a  Code  Gb  lib_str.o [1]
Str_Str                 0x080056b1    0xc  Code  Gb  lib_str.o [1]
Str_Str_N               0x080056bd   0xa6  Code  Gb  lib_str.o [1]
SysTick_Handler         0x0800aded    0x8  Code  Gb  stm32f10x_it.o [1]
SystemInit              0x0800ad71   0x54  Code  Gb  system_stm32f10x.o [1]
TCB_Config              0x200035bc   0xb4  Data  Gb  main.o [1]
TCB_Connect             0x20003508   0xb4  Data  Gb  main.o [1]
TCB_DealServer          0x200037d8   0xb4  Data  Gb  main.o [1]
TCB_HeartBeat           0x20003724   0xb4  Data  Gb  main.o [1]
TCB_LED1                0x200032ec   0xb4  Data  Gb  main.o [1]
TCB_OverLoad            0x2000388c   0xb4  Data  Gb  main.o [1]
TCB_Read                0x20003670   0xb4  Data  Gb  main.o [1]
TCB_Server              0x200033a0   0xb4  Data  Gb  main.o [1]
TCB_Slave               0x20003454   0xb4  Data  Gb  main.o [1]
TCB_Start               0x20003238   0xb4  Data  Gb  main.o [1]
TMR_Server              0x20003ce4   0x2c  Data  Gb  main.o [1]
TMR_Server_100          0x20003d3c   0x2c  Data  Gb  main.o [1]
TMR_Server_200          0x20003d68   0x2c  Data  Gb  main.o [1]
TMR_Server_2s           0x20003d10   0x2c  Data  Gb  main.o [1]
TMR_Slave               0x20003d94   0x2c  Data  Gb  main.o [1]
TaskCreate              0x0800a80d  0x1e4  Code  Gb  main.o [1]
TaskStart               0x0800a73d   0xd0  Code  Gb  main.o [1]
Task_Config             0x08001e51   0x52  Code  Gb  tasks.o [1]
Task_Connect            0x08000793   0x5e  Code  Gb  tasks.o [1]
Task_DealServer         0x08000659   0xf8  Code  Gb  tasks.o [1]
Task_HeartBeat          0x080007f5   0xea  Code  Gb  tasks.o [1]
Task_LED1               0x08002aeb   0x94  Code  Gb  tasks.o [1]
Task_OverLoad           0x080036bd   0x52  Code  Gb  tasks.o [1]
Task_Read               0x080008df   0x82  Code  Gb  tasks.o [1]
Task_Server             0x0800049d  0x1ba  Code  Gb  tasks.o [1]
Task_Slave              0x080000ed  0x378  Code  Gb  tasks.o [1]
Tmr_ServerCallBack      0x08000657    0x2  Code  Gb  tasks.o [1]
Tmr_SlaveCallBack       0x08000465   0x16  Code  Gb  tasks.o [1]
USART1_Handler          0x0800436d   0x66  Code  Gb  serial.o [1]
USART1_IRQHandler       0x0800adf5    0x8  Code  Gb  stm32f10x_it.o [1]
USART2_Handler          0x08004305   0x66  Code  Gb  serial.o [1]
USART2_IRQHandler       0x0800adfd    0x8  Code  Gb  stm32f10x_it.o [1]
USART3_Handler          0x080043d5   0x66  Code  Gb  serial.o [1]
USART3_IRQHandler       0x0800ae05    0x8  Code  Gb  stm32f10x_it.o [1]
USART_ClearITPendingBit
                        0x08007d2d   0x22  Code  Gb  stm32f10x_usart.o [1]
USART_Cmd               0x08007c95   0x1c  Code  Gb  stm32f10x_usart.o [1]
USART_GetFlagStatus     0x08007d13   0x1a  Code  Gb  stm32f10x_usart.o [1]
USART_ITConfig          0x08007cb1   0x52  Code  Gb  stm32f10x_usart.o [1]
USART_Init              0x08007bd1   0xbe  Code  Gb  stm32f10x_usart.o [1]
USART_ReceiveData       0x08007d0b    0x8  Code  Gb  stm32f10x_usart.o [1]
USART_SendData          0x08007d03    0x8  Code  Gb  stm32f10x_usart.o [1]
UsageFault_Handler      0x0800ade7    0x2  Code  Gb  stm32f10x_it.o [1]
_GenldFullNoMb          0x08008f89  0x262  Code  Lc  xprintffull_nomb.o [3]
_LdtobFullNoMb          0x08008b9d  0x3e6  Code  Lc  xprintffull_nomb.o [3]
_LitobFullNoMb          0x08008a95  0x106  Code  Lc  xprintffull_nomb.o [3]
_PrintfFullNoMb         0x080084ad  0x5e2  Code  Gb  xprintffull_nomb.o [3]
_PutcharsFullNoMb       0x080091eb   0x2e  Code  Lc  xprintffull_nomb.o [3]
_SProut                 0x08006973    0xa  Code  Gb  xsprout.o [3]
__aeabi_cdcmple         0x08009dbd         Code  Gb  DblCmpLe.o [4]
__aeabi_cdrcmple        0x08009ded         Code  Gb  DblCmpGe.o [4]
__aeabi_d2iz            0x08009f29         Code  Gb  DblToI32.o [4]
__aeabi_d2uiz           0x08009f55         Code  Gb  DblToI32.o [4]
__aeabi_ddiv            0x0800a2d5         Code  Gb  DblDiv.o [4]
__aeabi_dmul            0x0800a131         Code  Gb  DblMul.o [4]
__aeabi_dsub            0x08009fb1         Code  Gb  DblSub.o [4]
__aeabi_i2d             0x08009f81         Code  Gb  I32ToDbl.o [4]
__aeabi_ldiv0           0x0800a611         Code  Gb  I64DivZer.o [5]
__aeabi_ui2d            0x08009f95         Code  Gb  I32ToDbl.o [4]
__aeabi_uldivmod        0x08009c15         Code  Gb  I64DivMod.o [5]
__cmain                 0x0800ae7d         Code  Gb  cmain.o [5]
__exit                  0x0800aead   0x14  Code  Gb  exit.o [6]
__iar_Dnorm             0x08009d7b   0x42  Code  Gb  xdnorm.o [4]
__iar_Dscale            0x08009e1d  0x10c  Code  Gb  xdscale.o [4]
__iar_Memchr            0x08009bbd         Code  Gb  memchr.o [5]
__iar_Strchr            0x08009b6d         Code  Gb  strchr.o [5]
__iar_copy_init3        0x0800537b   0x2e  Code  Gb  copy_init3.o [5]
__iar_d2uiz             0x08009f61         Code  Gb  DblToI32.o [4]
__iar_dadd              0x0800a615         Code  Gb  DblAdd.o [4]
__iar_data_init3        0x0800ae15   0x28  Code  Gb  data_init.o [5]
__iar_dsub              0x08009fc5         Code  Gb  DblSub.o [4]
__iar_dsubStart         0x08009fd7         Code  Gb  DblSub.o [4]
__iar_program_start     0x0800b081         Code  Gb  cstartup_M.o [5]
__iar_ui2d              0x08009f99         Code  Gb  I32ToDbl.o [4]
__iar_unaligned___aeabi_memcpy
                        0x08009d05         Code  Gb  ABImemcpy_unaligned.o [5]
__iar_unaligned___aeabi_memcpy4
                        0x08009d25         Code  Gb  ABImemcpy_unaligned.o [5]
__iar_unaligned___aeabi_memcpy8
                        0x08009d25         Code  Gb  ABImemcpy_unaligned.o [5]
__iar_zero_init3        0x08005763   0x22  Code  Gb  zero_init3.o [5]
__low_level_init        0x0800ae97    0x4  Code  Gb  low_level_init.o [3]
__vector_table          0x08000000         Data  Gb  startup_stm32f10x_md.o [1]
_call_main              0x0800ae89         Code  Gb  cmain.o [5]
_exit                   0x0800aea1         Code  Gb  cexit.o [5]
_main                   0x0800ae93         Code  Gb  cmain.o [5]
ack_query_addr          0x08003469   0xb0  Code  Gb  tasks.o [1]
ack_query_cjq           0x08002ce9  0x146  Code  Gb  tasks.o [1]
ack_query_ip            0x08003521   0xe0  Code  Gb  tasks.o [1]
ack_query_mbus          0x08003601   0xbc  Code  Gb  tasks.o [1]
ack_query_meter         0x08002e3d  0x626  Code  Gb  tasks.o [1]
add_cjq                 0x0800270d   0xfc  Code  Gb  tasks.o [1]
add_meter               0x08002281  0x172  Code  Gb  tasks.o [1]
apn                     0x20000040    0xc  Data  Gb  m590e.o [1]
at_ccid                 0x08004893   0x74  Code  Gb  m590e.o [1]
at_cgdcont              0x08004aaf   0x7a  Code  Gb  m590e.o [1]
at_creg                 0x0800499f   0x9e  Code  Gb  m590e.o [1]
at_csq                  0x08004907   0x98  Code  Gb  m590e.o [1]
at_dns                  0x08004d45   0xa4  Code  Gb  m590e.o [1]
at_tcpsetup             0x08004df1   0x76  Code  Gb  m590e.o [1]
at_xgauth               0x08004b31   0x82  Code  Gb  m590e.o [1]
at_xiic                 0x08004c43   0x72  Code  Gb  m590e.o [1]
at_xisp                 0x08004a3d   0x72  Code  Gb  m590e.o [1]
ate                     0x08004821   0x72  Code  Gb  m590e.o [1]
buf                     0x20004034    0x4  Data  Gb  tasks.o [1]
buf_                    0x20004038    0x4  Data  Gb  tasks.o [1]
change_connect          0x08004fab   0x18  Code  Gb  m590e.o [1]
check_cgatt             0x08004bb3   0x90  Code  Gb  m590e.o [1]
check_cs                0x0800047b   0x20  Code  Gb  tasks.o [1]
check_frame             0x08000751   0x42  Code  Gb  tasks.o [1]
check_str               0x0800480d   0x14  Code  Gb  m590e.o [1]
check_xiic              0x08004cb5   0x90  Code  Gb  m590e.o [1]
cjq_close               0x08001935  0x186  Code  Gb  tasks.o [1]
cjq_open                0x08001761  0x1c6  Code  Gb  tasks.o [1]
connect                 0x08004e67   0xa6  Code  Gb  m590e.o [1]
connectstate            0x20004052    0x1  Data  Gb  main.o [1]
delete_cjq              0x08002809  0x28a  Code  Gb  tasks.o [1]
delete_meter            0x080023f9  0x2b0  Code  Gb  tasks.o [1]
device_ack              0x08002b85   0x9c  Code  Gb  tasks.o [1]
device_nack             0x08002c21   0xa6  Code  Gb  tasks.o [1]
deviceaddr              0x20003fd8    0x8  Data  Gb  m590e.o [1]
div                     0x0800a51b    0xe  Code  Gb  div.o [3]
dns                     0x20000000   0x1c  Data  Gb  m590e.o [1]
exit                    0x0800ae9b    0x4  Code  Gb  exit.o [3]
ip                      0x2000001c   0x14  Data  Gb  m590e.o [1]
ip1                     0x20000072    0x1  Data  Gb  m590e.o [1]
ip2                     0x20000073    0x1  Data  Gb  m590e.o [1]
ip3                     0x20000074    0x1  Data  Gb  m590e.o [1]
ip4                     0x20000075    0x1  Data  Gb  m590e.o [1]
main                    0x0800a6e9   0x52  Code  Gb  main.o [1]
mbus_power              0x08000961   0x3a  Code  Gb  tasks.o [1]
mem_buf                 0x200012b8  0x600  Data  Gb  main.o [1]
mem_isr                 0x20003c6c   0x78  Data  Gb  main.o [1]
memchr                  0x08009bbd         Code  Gb  memchr.o [5]
meter_close             0x08001c89  0x1c8  Code  Gb  tasks.o [1]
meter_control           0x080015a1  0x1b0  Code  Gb  tasks.o [1]
meter_open              0x08001ac1  0x1c0  Code  Gb  tasks.o [1]
meter_read              0x08000aa7  0x2e2  Code  Gb  tasks.o [1]
meter_read_single       0x08000dad  0x1da  Code  Gb  tasks.o [1]
meter_send              0x08000fc9  0x5d4  Code  Gb  tasks.o [1]
param_conf              0x080060df  0x116  Code  Gb  spi_flash.o [1]
param_config            0x08001eb1  0x354  Code  Gb  tasks.o [1]
param_query             0x08002a99   0x52  Code  Gb  tasks.o [1]
password                0x20000058    0xc  Data  Gb  m590e.o [1]
port                    0x20000064    0x8  Data  Gb  m590e.o [1]
port_                   0x20000070    0x2  Data  Gb  m590e.o [1]
reading                 0x20004053    0x1  Data  Gb  main.o [1]
relay_1                 0x080009d7   0x34  Code  Gb  tasks.o [1]
relay_2                 0x08000a0b   0x34  Code  Gb  tasks.o [1]
relay_3                 0x08000a3f   0x34  Code  Gb  tasks.o [1]
relay_4                 0x08000a73   0x34  Code  Gb  tasks.o [1]
relay_485               0x080009a1   0x36  Code  Gb  tasks.o [1]
sFLASH_EraseBulk        0x08005bad   0x2e  Code  Gb  spi_flash.o [1]
sFLASH_EraseSector      0x08005b69   0x44  Code  Gb  spi_flash.o [1]
sFLASH_EraseWritePage   0x08005c37   0x62  Code  Gb  spi_flash.o [1]
sFLASH_PoolInit         0x08005e2d  0x126  Code  Gb  spi_flash.o [1]
sFLASH_ReadBuffer       0x08005c99   0x56  Code  Gb  spi_flash.o [1]
sFLASH_ReadID           0x08005d4b   0x54  Code  Gb  spi_flash.o [1]
sFLASH_ReadStr          0x08005cef   0x5c  Code  Gb  spi_flash.o [1]
sFLASH_SendByte         0x08005d9f   0x3a  Code  Gb  spi_flash.o [1]
sFLASH_WaitForWriteEnd  0x08005dfb   0x32  Code  Gb  spi_flash.o [1]
sFLASH_WriteEnable      0x08005dd9   0x22  Code  Gb  spi_flash.o [1]
sFLASH_WritePage        0x08005bdb   0x5c  Code  Gb  spi_flash.o [1]
search_cjq              0x080026a9   0x64  Code  Gb  tasks.o [1]
search_meter            0x08002215   0x6c  Code  Gb  tasks.o [1]
send_server             0x08004f0d   0x9e  Code  Gb  m590e.o [1]
server_ptr              0x2000403c    0x4  Data  Gb  tasks.o [1]
server_ptr_             0x20004040    0x4  Data  Gb  tasks.o [1]
slave_mbus              0x20000076    0x1  Data  Gb  main.o [1]
sprintf                 0x08006295   0x34  Code  Gb  sprintf.o [3]
start_slave             0x2000405c    0x1  Data  Gb  tasks.o [1]
strchr                  0x08009b6d         Code  Gb  strchr.o [5]
strlen                  0x08009b85         Code  Gb  strlen.o [5]
username                0x2000004c    0xc  Data  Gb  m590e.o [1]


[1] = D:\IAR_Workspace\STM32F103MBUS\Test\Debug\Obj
[2] = command line
[3] = dl7M_tln.a
[4] = m7M_tl.a
[5] = rt7M_tl.a
[6] = shb_l.a

  44 848 bytes of readonly  code memory
     924 bytes of readonly  data memory
  18 524 bytes of readwrite data memory

Errors: none
Warnings: none
