###############################################################################
#
# IAR ELF Linker V7.10.3.6832/W32 for ARM                 08/Dec/2015  13:04:43
# Copyright 2007-2014 IAR Systems AB.
#
#    Output file  =  
#        D:\IAR_Workspace\Concentrator_MBUS_485\Test\Debug\Exe\Test.out
#    Map file     =  
#        D:\IAR_Workspace\Concentrator_MBUS_485\Test\Debug\List\Test.map
#    Command line =  
#        D:\IAR_Workspace\Concentrator_MBUS_485\Test\Debug\Obj\bsp.o
#        D:\IAR_Workspace\Concentrator_MBUS_485\Test\Debug\Obj\cpu_a.o
#        D:\IAR_Workspace\Concentrator_MBUS_485\Test\Debug\Obj\cpu_c.o
#        D:\IAR_Workspace\Concentrator_MBUS_485\Test\Debug\Obj\cpu_core.o
#        D:\IAR_Workspace\Concentrator_MBUS_485\Test\Debug\Obj\lib_ascii.o
#        D:\IAR_Workspace\Concentrator_MBUS_485\Test\Debug\Obj\lib_math.o
#        D:\IAR_Workspace\Concentrator_MBUS_485\Test\Debug\Obj\lib_mem.o
#        D:\IAR_Workspace\Concentrator_MBUS_485\Test\Debug\Obj\lib_mem_a.o
#        D:\IAR_Workspace\Concentrator_MBUS_485\Test\Debug\Obj\lib_str.o
#        D:\IAR_Workspace\Concentrator_MBUS_485\Test\Debug\Obj\main.o
#        D:\IAR_Workspace\Concentrator_MBUS_485\Test\Debug\Obj\misc.o
#        D:\IAR_Workspace\Concentrator_MBUS_485\Test\Debug\Obj\os_app_hooks.o
#        D:\IAR_Workspace\Concentrator_MBUS_485\Test\Debug\Obj\os_cfg_app.o
#        D:\IAR_Workspace\Concentrator_MBUS_485\Test\Debug\Obj\os_core.o
#        D:\IAR_Workspace\Concentrator_MBUS_485\Test\Debug\Obj\os_cpu_a.o
#        D:\IAR_Workspace\Concentrator_MBUS_485\Test\Debug\Obj\os_cpu_c.o
#        D:\IAR_Workspace\Concentrator_MBUS_485\Test\Debug\Obj\os_dbg.o
#        D:\IAR_Workspace\Concentrator_MBUS_485\Test\Debug\Obj\os_flag.o
#        D:\IAR_Workspace\Concentrator_MBUS_485\Test\Debug\Obj\os_int.o
#        D:\IAR_Workspace\Concentrator_MBUS_485\Test\Debug\Obj\os_mem.o
#        D:\IAR_Workspace\Concentrator_MBUS_485\Test\Debug\Obj\os_msg.o
#        D:\IAR_Workspace\Concentrator_MBUS_485\Test\Debug\Obj\os_mutex.o
#        D:\IAR_Workspace\Concentrator_MBUS_485\Test\Debug\Obj\os_pend_multi.o
#        D:\IAR_Workspace\Concentrator_MBUS_485\Test\Debug\Obj\os_prio.o
#        D:\IAR_Workspace\Concentrator_MBUS_485\Test\Debug\Obj\os_q.o
#        D:\IAR_Workspace\Concentrator_MBUS_485\Test\Debug\Obj\os_sem.o
#        D:\IAR_Workspace\Concentrator_MBUS_485\Test\Debug\Obj\os_stat.o
#        D:\IAR_Workspace\Concentrator_MBUS_485\Test\Debug\Obj\os_task.o
#        D:\IAR_Workspace\Concentrator_MBUS_485\Test\Debug\Obj\os_tick.o
#        D:\IAR_Workspace\Concentrator_MBUS_485\Test\Debug\Obj\os_time.o
#        D:\IAR_Workspace\Concentrator_MBUS_485\Test\Debug\Obj\os_tmr.o
#        D:\IAR_Workspace\Concentrator_MBUS_485\Test\Debug\Obj\os_var.o
#        D:\IAR_Workspace\Concentrator_MBUS_485\Test\Debug\Obj\serial.o
#        D:\IAR_Workspace\Concentrator_MBUS_485\Test\Debug\Obj\sim800g.o
#        D:\IAR_Workspace\Concentrator_MBUS_485\Test\Debug\Obj\spi_flash.o
#        D:\IAR_Workspace\Concentrator_MBUS_485\Test\Debug\Obj\startup_stm32f10x_md.o
#        D:\IAR_Workspace\Concentrator_MBUS_485\Test\Debug\Obj\stm32f10x_adc.o
#        D:\IAR_Workspace\Concentrator_MBUS_485\Test\Debug\Obj\stm32f10x_bkp.o
#        D:\IAR_Workspace\Concentrator_MBUS_485\Test\Debug\Obj\stm32f10x_can.o
#        D:\IAR_Workspace\Concentrator_MBUS_485\Test\Debug\Obj\stm32f10x_cec.o
#        D:\IAR_Workspace\Concentrator_MBUS_485\Test\Debug\Obj\stm32f10x_crc.o
#        D:\IAR_Workspace\Concentrator_MBUS_485\Test\Debug\Obj\stm32f10x_dac.o
#        D:\IAR_Workspace\Concentrator_MBUS_485\Test\Debug\Obj\stm32f10x_dbgmcu.o
#        D:\IAR_Workspace\Concentrator_MBUS_485\Test\Debug\Obj\stm32f10x_dma.o
#        D:\IAR_Workspace\Concentrator_MBUS_485\Test\Debug\Obj\stm32f10x_exti.o
#        D:\IAR_Workspace\Concentrator_MBUS_485\Test\Debug\Obj\stm32f10x_flash.o
#        D:\IAR_Workspace\Concentrator_MBUS_485\Test\Debug\Obj\stm32f10x_fsmc.o
#        D:\IAR_Workspace\Concentrator_MBUS_485\Test\Debug\Obj\stm32f10x_gpio.o
#        D:\IAR_Workspace\Concentrator_MBUS_485\Test\Debug\Obj\stm32f10x_i2c.o
#        D:\IAR_Workspace\Concentrator_MBUS_485\Test\Debug\Obj\stm32f10x_it.o
#        D:\IAR_Workspace\Concentrator_MBUS_485\Test\Debug\Obj\stm32f10x_iwdg.o
#        D:\IAR_Workspace\Concentrator_MBUS_485\Test\Debug\Obj\stm32f10x_pwr.o
#        D:\IAR_Workspace\Concentrator_MBUS_485\Test\Debug\Obj\stm32f10x_rcc.o
#        D:\IAR_Workspace\Concentrator_MBUS_485\Test\Debug\Obj\stm32f10x_rtc.o
#        D:\IAR_Workspace\Concentrator_MBUS_485\Test\Debug\Obj\stm32f10x_sdio.o
#        D:\IAR_Workspace\Concentrator_MBUS_485\Test\Debug\Obj\stm32f10x_spi.o
#        D:\IAR_Workspace\Concentrator_MBUS_485\Test\Debug\Obj\stm32f10x_tim.o
#        D:\IAR_Workspace\Concentrator_MBUS_485\Test\Debug\Obj\stm32f10x_usart.o
#        D:\IAR_Workspace\Concentrator_MBUS_485\Test\Debug\Obj\stm32f10x_wwdg.o
#        D:\IAR_Workspace\Concentrator_MBUS_485\Test\Debug\Obj\system_stm32f10x.o
#        D:\IAR_Workspace\Concentrator_MBUS_485\Test\Debug\Obj\tasks.o
#        D:\IAR_Workspace\Concentrator_MBUS_485\Test\Debug\Obj\timestamp.o -o
#        D:\IAR_Workspace\Concentrator_MBUS_485\Test\Debug\Exe\Test.out --map
#        D:\IAR_Workspace\Concentrator_MBUS_485\Test\Debug\List\Test.map
#        --config D:\IAR_Workspace\Concentrator_MBUS_485\Test\Test.icf
#        --semihosting --entry __iar_program_start --vfe
#
###############################################################################

*******************************************************************************
*** RUNTIME MODEL ATTRIBUTES
***

CppFlavor       = *
__SystemLibrary = DLib


*******************************************************************************
*** PLACEMENT SUMMARY
***

"A1":  place at 0x08000000 { ro section .intvec };
"P1":  place in [from 0x08000000 to 0x0801ffff] { ro };
"P2":  place in [from 0x20000000 to 0x20004fff] { rw, block CSTACK, block HEAP };

  Section             Kind        Address    Size  Object
  -------             ----        -------    ----  ------
"A1":                                        0xec
  .intvec             ro code  0x08000000    0xec  startup_stm32f10x_md.o [1]
                             - 0x080000ec    0xec

"P1":                                      0xb68c
  .text               ro code  0x080000ec  0x393c  tasks.o [1]
  .text               ro code  0x08003a28   0x384  os_q.o [1]
  .text               ro code  0x08003dac   0x180  os_mem.o [1]
  .text               ro code  0x08003f2c   0x11c  lib_mem.o [1]
  .text               ro code  0x08004048   0x400  serial.o [1]
  .text               ro code  0x08004448   0x302  os_sem.o [1]
  .text               ro code  0x0800474a    0x2e  copy_init3.o [5]
  .text               ro code  0x08004778   0x28c  os_time.o [1]
  .text               ro code  0x08004a04   0x77c  sim800g.o [1]
  .text               ro code  0x08005180   0x21e  lib_str.o [1]
  .text               ro code  0x0800539e    0x22  zero_init3.o [5]
  CODE                ro code  0x080053c0   0x220  lib_mem_a.o [1]
  CODE                ro code  0x080055e0    0x34  cpu_a.o [1]
  .text               ro code  0x08005614   0x1c4  stm32f10x_gpio.o [1]
  .text               ro code  0x080057d8   0x918  spi_flash.o [1]
  .text               ro code  0x080060f0   0x3d0  os_mutex.o [1]
  .text               ro code  0x080064c0    0x34  sprintf.o [3]
  .text               ro code  0x080064f4   0x6aa  os_flag.o [1]
  .text               ro code  0x08006b9e     0xa  xsprout.o [3]
  .text               ro code  0x08006ba8   0x1fc  os_msg.o [1]
  .text               ro code  0x08006da4   0x988  os_core.o [1]
  .text               ro code  0x0800772c    0x3c  timestamp.o [1]
  .text               ro code  0x08007768   0x17e  stm32f10x_usart.o [1]
  .rodata             const    0x080078e6     0x2  os_cfg_app.o [1]
  .text               ro code  0x080078e8    0xc8  stm32f10x_exti.o [1]
  .text               ro code  0x080079b0   0x418  os_tick.o [1]
  .text               ro code  0x08007dc8   0x1d8  os_cpu_c.o [1]
  .text               ro code  0x08007fa0   0x694  os_task.o [1]
  .text               ro code  0x08008634     0x8  atoi.o [3]
  .text               ro code  0x0800863c    0xa4  stm32f10x_spi.o [1]
  .text               ro code  0x080086e0    0x88  os_prio.o [1]
  .text               ro code  0x08008768   0xd86  xprintffull_nomb.o [3]
  .rodata             const    0x080094ee     0x2  os_cfg_app.o [1]
  .text               ro code  0x080094f0   0x2dc  os_tmr.o [1]
  .text               ro code  0x080097cc    0xac  os_cfg_app.o [1]
  CODE                ro code  0x08009878    0x84  os_cpu_a.o [1]
  .text               ro code  0x080098fc   0x4e6  bsp.o [1]
  .rodata             const    0x08009de2     0x2  os_cfg_app.o [1]
  .text               ro code  0x08009de4    0x4c  cpu_core.o [1]
  .text               ro code  0x08009e30   0x258  stm32f10x_rcc.o [1]
  .text               ro code  0x0800a088   0x19c  xstoul.o [3]
  .text               ro code  0x0800a224    0x16  strchr.o [5]
  .rodata             const    0x0800a23a     0x1  os_cfg_app.o [1]
  .rodata             const    0x0800a23b     0x1  os_cfg_app.o [1]
  .text               ro code  0x0800a23c    0x36  strlen.o [5]
  .text               ro code  0x0800a274    0x58  memchr.o [5]
  .text               ro code  0x0800a2cc    0xee  I64DivMod.o [5]
  .text               ro code  0x0800a3bc    0x76  ABImemcpy_unaligned.o [5]
  .text               ro code  0x0800a432    0x42  xdnorm.o [4]
  .text               ro code  0x0800a474    0x2e  DblCmpLe.o [4]
  .text               ro code  0x0800a4a4    0x2e  DblCmpGe.o [4]
  .text               ro code  0x0800a4d4   0x10c  xdscale.o [4]
  .text               ro code  0x0800a5e0    0x58  DblToI32.o [4]
  .text               ro code  0x0800a638    0x30  I32ToDbl.o [4]
  .text               ro code  0x0800a668   0x180  DblSub.o [4]
  .text               ro code  0x0800a7e8   0x1a2  DblMul.o [4]
  .text               ro code  0x0800a98c   0x246  DblDiv.o [4]
  .text               ro code  0x0800abd2     0xe  div.o [3]
  .text               ro code  0x0800abe0    0x3c  stm32f10x_flash.o [1]
  .text               ro code  0x0800ac1c    0x80  misc.o [1]
  .text               ro code  0x0800ac9c    0x2c  stm32f10x_iwdg.o [1]
  .text               ro code  0x0800acc8     0xc  errno.o [3]
  .text               ro code  0x0800acd4     0x2  I64DivZer.o [5]
  .text               ro code  0x0800acd8    0xd4  DblAdd.o [4]
  .text               ro code  0x0800adac     0x2  xtls.o [3]
  .text               ro code  0x0800adb0   0x4f0  main.o [1]
  .text               ro code  0x0800b2a0    0x6e  system_stm32f10x.o [1]
  .text               ro code  0x0800b30e    0x36  stm32f10x_it.o [1]
  .text               ro code  0x0800b344    0x28  data_init.o [5]
  .iar.init_table     const    0x0800b36c    0x24  - Linker created -
  .text               ro code  0x0800b390    0x1a  cmain.o [5]
  .text               ro code  0x0800b3aa     0x4  low_level_init.o [3]
  .text               ro code  0x0800b3ae     0x4  exit.o [3]
  .text               ro code  0x0800b3b4     0xa  cexit.o [5]
  .text               ro code  0x0800b3c0    0x14  exit.o [6]
  .rodata             const    0x0800b3d4    0x18  os_tmr.o [1]
  .rodata             const    0x0800b3ec    0x18  sim800g.o [1]
  .rodata             const    0x0800b404    0x18  sim800g.o [1]
  .rodata             const    0x0800b41c    0x14  os_core.o [1]
  .rodata             const    0x0800b430    0x14  os_tick.o [1]
  .rodata             const    0x0800b444    0x14  sim800g.o [1]
  .rodata             const    0x0800b458    0x10  sim800g.o [1]
  .rodata             const    0x0800b468    0x10  sim800g.o [1]
  .text               ro code  0x0800b478    0x10  startup_stm32f10x_md.o [1]
  .rodata             const    0x0800b488     0xc  main.o [1]
  .rodata             const    0x0800b494     0xc  main.o [1]
  .rodata             const    0x0800b4a0     0xc  main.o [1]
  .rodata             const    0x0800b4ac     0xc  sim800g.o [1]
  .rodata             const    0x0800b4b8     0xc  sim800g.o [1]
  .rodata             const    0x0800b4c4     0xc  sim800g.o [1]
  .rodata             const    0x0800b4d0     0xc  sim800g.o [1]
  .rodata             const    0x0800b4dc     0xc  sim800g.o [1]
  .rodata             const    0x0800b4e8     0xc  sim800g.o [1]
  .rodata             const    0x0800b4f4     0xc  sim800g.o [1]
  .rodata             const    0x0800b500     0xc  sim800g.o [1]
  .rodata             const    0x0800b50c     0xc  sim800g.o [1]
  .text               ro code  0x0800b518     0xc  cstartup_M.o [5]
  .rodata             const    0x0800b524     0x8  main.o [1]
  .rodata             const    0x0800b52c     0x8  main.o [1]
  .rodata             const    0x0800b534     0x8  main.o [1]
  .rodata             const    0x0800b53c     0x8  main.o [1]
  .rodata             const    0x0800b544     0x8  main.o [1]
  .rodata             const    0x0800b54c     0x8  main.o [1]
  .rodata             const    0x0800b554     0x8  main.o [1]
  .rodata             const    0x0800b55c     0x8  main.o [1]
  .rodata             const    0x0800b564     0x8  main.o [1]
  .rodata             const    0x0800b56c     0x8  main.o [1]
  .rodata             const    0x0800b574     0x8  main.o [1]
  .rodata             const    0x0800b57c     0x8  main.o [1]
  .rodata             const    0x0800b584     0x8  main.o [1]
  .rodata             const    0x0800b58c     0x8  main.o [1]
  .rodata             const    0x0800b594     0x8  main.o [1]
  .rodata             const    0x0800b59c     0x8  os_task.o [1]
  .rodata             const    0x0800b5a4     0x8  sim800g.o [1]
  .rodata             const    0x0800b5ac     0x8  sim800g.o [1]
  .rodata             const    0x0800b5b4     0x8  sim800g.o [1]
  .rodata             const    0x0800b5bc     0x8  tasks.o [1]
  .rodata             const    0x0800b5c4     0x8  tasks.o [1]
  .rodata             const    0x0800b5cc     0x8  tasks.o [1]
  .rodata             const    0x0800b5d4     0x8  tasks.o [1]
  .rodata             const    0x0800b5dc     0x8  tasks.o [1]
  .rodata             const    0x0800b5e4     0x4  os_cfg_app.o [1]
  .rodata             const    0x0800b5e8     0x4  os_cfg_app.o [1]
  .rodata             const    0x0800b5ec     0x4  os_cfg_app.o [1]
  .rodata             const    0x0800b5f0     0x4  os_cfg_app.o [1]
  .rodata             const    0x0800b5f4     0x4  os_cfg_app.o [1]
  .rodata             const    0x0800b5f8     0x4  os_cfg_app.o [1]
  .rodata             const    0x0800b5fc     0x4  os_cfg_app.o [1]
  .rodata             const    0x0800b600     0x4  os_cfg_app.o [1]
  .rodata             const    0x0800b604     0x4  os_cfg_app.o [1]
  .rodata             const    0x0800b608     0x4  os_cfg_app.o [1]
  .rodata             const    0x0800b60c     0x4  os_cfg_app.o [1]
  .rodata             const    0x0800b610     0x4  os_cfg_app.o [1]
  .rodata             const    0x0800b614     0x4  os_cfg_app.o [1]
  .rodata             const    0x0800b618     0x4  os_cfg_app.o [1]
  .rodata             const    0x0800b61c     0x4  os_cfg_app.o [1]
  .rodata             const    0x0800b620     0x4  os_cfg_app.o [1]
  .rodata             const    0x0800b624     0x4  os_cfg_app.o [1]
  .rodata             const    0x0800b628     0x4  os_cfg_app.o [1]
  .rodata             const    0x0800b62c     0x4  os_cfg_app.o [1]
  .rodata             const    0x0800b630     0x4  os_cfg_app.o [1]
  .rodata             const    0x0800b634     0x4  os_cfg_app.o [1]
  .rodata             const    0x0800b638     0x4  os_cfg_app.o [1]
  .rodata             const    0x0800b63c     0x4  os_cfg_app.o [1]
  .rodata             const    0x0800b640     0x4  sim800g.o [1]
  .text               ro code  0x0800b644     0x4  startup_stm32f10x_md.o [1]
  .text               ro code  0x0800b648     0x4  startup_stm32f10x_md.o [1]
  .text               ro code  0x0800b64c     0x4  startup_stm32f10x_md.o [1]
  .text               ro code  0x0800b650     0x4  startup_stm32f10x_md.o [1]
  .text               ro code  0x0800b654     0x4  startup_stm32f10x_md.o [1]
  .text               ro code  0x0800b658     0x4  startup_stm32f10x_md.o [1]
  .text               ro code  0x0800b65c     0x4  startup_stm32f10x_md.o [1]
  .text               ro code  0x0800b660     0x4  startup_stm32f10x_md.o [1]
  .text               ro code  0x0800b664     0x4  startup_stm32f10x_md.o [1]
  .text               ro code  0x0800b668     0x4  startup_stm32f10x_md.o [1]
  .text               ro code  0x0800b66c     0x4  startup_stm32f10x_md.o [1]
  .text               ro code  0x0800b670     0x4  startup_stm32f10x_md.o [1]
  .text               ro code  0x0800b674     0x4  startup_stm32f10x_md.o [1]
  .text               ro code  0x0800b678     0x4  startup_stm32f10x_md.o [1]
  .text               ro code  0x0800b67c     0x4  startup_stm32f10x_md.o [1]
  .text               ro code  0x0800b680     0x4  startup_stm32f10x_md.o [1]
  .text               ro code  0x0800b684     0x4  startup_stm32f10x_md.o [1]
  .text               ro code  0x0800b688     0x4  startup_stm32f10x_md.o [1]
  .text               ro code  0x0800b68c     0x4  startup_stm32f10x_md.o [1]
  .text               ro code  0x0800b690     0x4  startup_stm32f10x_md.o [1]
  .text               ro code  0x0800b694     0x4  startup_stm32f10x_md.o [1]
  .text               ro code  0x0800b698     0x4  startup_stm32f10x_md.o [1]
  .text               ro code  0x0800b69c     0x4  startup_stm32f10x_md.o [1]
  .text               ro code  0x0800b6a0     0x4  startup_stm32f10x_md.o [1]
  .text               ro code  0x0800b6a4     0x4  startup_stm32f10x_md.o [1]
  .text               ro code  0x0800b6a8     0x4  startup_stm32f10x_md.o [1]
  .text               ro code  0x0800b6ac     0x4  startup_stm32f10x_md.o [1]
  .text               ro code  0x0800b6b0     0x4  startup_stm32f10x_md.o [1]
  .text               ro code  0x0800b6b4     0x4  startup_stm32f10x_md.o [1]
  .text               ro code  0x0800b6b8     0x4  startup_stm32f10x_md.o [1]
  .text               ro code  0x0800b6bc     0x4  startup_stm32f10x_md.o [1]
  .text               ro code  0x0800b6c0     0x4  startup_stm32f10x_md.o [1]
  .text               ro code  0x0800b6c4     0x4  startup_stm32f10x_md.o [1]
  .text               ro code  0x0800b6c8     0x4  startup_stm32f10x_md.o [1]
  .text               ro code  0x0800b6cc     0x4  startup_stm32f10x_md.o [1]
  .text               ro code  0x0800b6d0     0x4  startup_stm32f10x_md.o [1]
  .text               ro code  0x0800b6d4     0x4  startup_stm32f10x_md.o [1]
  .text               ro code  0x0800b6d8     0x4  startup_stm32f10x_md.o [1]
  .text               ro code  0x0800b6dc     0x4  startup_stm32f10x_md.o [1]
  .rodata             const    0x0800b6e0     0x0  zero_init3.o [5]
  .rodata             const    0x0800b6e0     0x0  copy_init3.o [5]
  Initializer bytes   ro data  0x0800b6e0    0x98  <for P2 s0>
                             - 0x0800b778  0xb68c

"P2", part 1 of 3:                           0x98
  P2 s0                        0x20000000    0x98  <Init block>
    .data             inited   0x20000000    0x50  sim800g.o [1]
    .data             inited   0x20000050    0x14  sim800g.o [1]
    .data             inited   0x20000064    0x10  stm32f10x_rcc.o [1]
    .data             inited   0x20000074     0x8  sim800g.o [1]
    .data             inited   0x2000007c     0x8  sim800g.o [1]
    .data             inited   0x20000084     0x4  stm32f10x_rcc.o [1]
    .data             inited   0x20000088     0x4  tasks.o [1]
    __DLIB_PERTHREAD  inited   0x2000008c     0x4  errno.o [3]
    .data             inited   0x20000090     0x2  sim800g.o [1]
    .data             inited   0x20000092     0x1  main.o [1]
    .data             inited   0x20000093     0x1  main.o [1]
    .data             inited   0x20000094     0x1  sim800g.o [1]
    .data             inited   0x20000095     0x1  sim800g.o [1]
    .data             inited   0x20000096     0x1  sim800g.o [1]
    .data             inited   0x20000097     0x1  sim800g.o [1]
                             - 0x20000098    0x98

"P2", part 2 of 3:                         0x4c38
  .bss                zero     0x20000098  0x1000  main.o [1]
  .bss                zero     0x20001098   0x640  os_cfg_app.o [1]
  .bss                zero     0x200016d8   0x600  main.o [1]
  .bss                zero     0x20001cd8   0x600  main.o [1]
  .bss                zero     0x200022d8   0x600  main.o [1]
  .bss                zero     0x200028d8   0x200  main.o [1]
  .bss                zero     0x20002ad8   0x200  main.o [1]
  .bss                zero     0x20002cd8   0x200  main.o [1]
  .bss                zero     0x20002ed8   0x200  main.o [1]
  .bss                zero     0x200030d8   0x200  main.o [1]
  .bss                zero     0x200032d8   0x200  main.o [1]
  .bss                zero     0x200034d8   0x200  main.o [1]
  .bss                zero     0x200036d8   0x200  os_cfg_app.o [1]
  .bss                zero     0x200038d8   0x200  os_cfg_app.o [1]
  .bss                zero     0x20003ad8   0x200  os_cfg_app.o [1]
  .bss                zero     0x20003cd8   0x200  os_cfg_app.o [1]
  .bss                zero     0x20003ed8   0x180  os_var.o [1]
  .bss                zero     0x20004058    0xb4  main.o [1]
  .bss                zero     0x2000410c    0xb4  main.o [1]
  .bss                zero     0x200041c0    0xb4  main.o [1]
  .bss                zero     0x20004274    0xb4  main.o [1]
  .bss                zero     0x20004328    0xb4  main.o [1]
  .bss                zero     0x200043dc    0xb4  main.o [1]
  .bss                zero     0x20004490    0xb4  main.o [1]
  .bss                zero     0x20004544    0xb4  main.o [1]
  .bss                zero     0x200045f8    0xb4  main.o [1]
  .bss                zero     0x200046ac    0xb4  os_var.o [1]
  .bss                zero     0x20004760    0xb4  os_var.o [1]
  .bss                zero     0x20004814    0xb4  os_var.o [1]
  .bss                zero     0x200048c8    0x88  os_cfg_app.o [1]
  .bss                zero     0x20004950    0x88  os_cfg_app.o [1]
  .bss                zero     0x200049d8    0x78  main.o [1]
  .bss                zero     0x20004a50    0x24  main.o [1]
  .bss                zero     0x20004a74    0x24  main.o [1]
  .bss                zero     0x20004a98    0x24  main.o [1]
  .bss                zero     0x20004abc    0x24  main.o [1]
  .bss                zero     0x20004ae0    0x24  main.o [1]
  .bss                zero     0x20004b04    0x20  main.o [1]
  .bss                zero     0x20004b24    0x1c  main.o [1]
  .bss                zero     0x20004b40    0x1c  main.o [1]
  .bss                zero     0x20004b5c    0x1c  main.o [1]
  .bss                zero     0x20004b78    0x1c  main.o [1]
  .bss                zero     0x20004b94    0x1c  main.o [1]
  .bss                zero     0x20004bb0    0x1c  main.o [1]
  .bss                zero     0x20004bcc    0x1c  main.o [1]
  .bss                zero     0x20004be8    0x1c  main.o [1]
  .bss                zero     0x20004c04    0x18  main.o [1]
  .bss                zero     0x20004c1c    0x18  main.o [1]
  .bss                zero     0x20004c34    0x10  cpu_core.o [1]
  .bss                zero     0x20004c44     0xc  os_var.o [1]
  .bss                zero     0x20004c50     0x4  cpu_core.o [1]
  .bss                zero     0x20004c54     0x4  os_cpu_c.o [1]
  .bss                zero     0x20004c58     0x4  os_prio.o [1]
  .bss                zero     0x20004c5c     0x4  os_var.o [1]
  .bss                zero     0x20004c60     0x4  os_var.o [1]
  .bss                zero     0x20004c64     0x4  os_var.o [1]
  .bss                zero     0x20004c68     0x4  os_var.o [1]
  .bss                zero     0x20004c6c     0x4  os_var.o [1]
  .bss                zero     0x20004c70     0x4  os_var.o [1]
  .bss                zero     0x20004c74     0x4  os_var.o [1]
  .bss                zero     0x20004c78     0x4  os_var.o [1]
  .bss                zero     0x20004c7c     0x4  os_var.o [1]
  .bss                zero     0x20004c80     0x4  os_var.o [1]
  .bss                zero     0x20004c84     0x4  os_var.o [1]
  .bss                zero     0x20004c88     0x4  os_var.o [1]
  .bss                zero     0x20004c8c     0x4  os_var.o [1]
  .bss                zero     0x20004c90     0x4  os_var.o [1]
  .bss                zero     0x20004c94     0x4  os_var.o [1]
  .bss                zero     0x20004c98     0x4  os_var.o [1]
  .bss                zero     0x20004c9c     0x4  os_var.o [1]
  .bss                zero     0x20004ca0     0x4  os_var.o [1]
  .bss                zero     0x20004ca4     0x4  tasks.o [1]
  .bss                zero     0x20004ca8     0x4  tasks.o [1]
  .bss                zero     0x20004cac     0x4  tasks.o [1]
  .bss                zero     0x20004cb0     0x4  tasks.o [1]
  .bss                zero     0x20004cb4     0x2  os_var.o [1]
  .bss                zero     0x20004cb6     0x2  os_var.o [1]
  .bss                zero     0x20004cb8     0x2  os_var.o [1]
  .bss                zero     0x20004cba     0x2  os_var.o [1]
  .bss                zero     0x20004cbc     0x2  os_var.o [1]
  .bss                zero     0x20004cbe     0x2  os_var.o [1]
  .bss                zero     0x20004cc0     0x1  main.o [1]
  .bss                zero     0x20004cc1     0x1  main.o [1]
  .bss                zero     0x20004cc2     0x1  main.o [1]
  .bss                zero     0x20004cc3     0x1  os_var.o [1]
  .bss                zero     0x20004cc4     0x1  os_var.o [1]
  .bss                zero     0x20004cc5     0x1  os_var.o [1]
  .bss                zero     0x20004cc6     0x1  os_var.o [1]
  .bss                zero     0x20004cc7     0x1  os_var.o [1]
  .bss                zero     0x20004cc8     0x1  os_var.o [1]
  .bss                zero     0x20004cc9     0x1  os_var.o [1]
  .bss                zero     0x20004cca     0x1  os_var.o [1]
  .bss                zero     0x20004ccb     0x1  tasks.o [1]
  .bss                zero     0x20004ccc     0x1  tasks.o [1]
  .bss                zero     0x20004ccd     0x1  tasks.o [1]
  .bss                zero     0x20004cce     0x1  tasks.o [1]
  .bss                zero     0x20004ccf     0x1  tasks.o [1]
                             - 0x20004cd0  0x4c38

"P2", part 3 of 3:                          0x200
  CSTACK                       0x20004cd0   0x200  <Block>
    CSTACK            uninit   0x20004cd0   0x200  <Block tail>
                             - 0x20004ed0   0x200


*******************************************************************************
*** INIT TABLE
***

          Address     Size
          -------     ----
Zero (__iar_zero_init3)
    1 destination range, total size 0x4c38:
          0x20000098  0x4c38

Copy (__iar_copy_init3)
    1 source range, total size 0x98:
          0x0800b6e0    0x98
    1 destination range, total size 0x98:
          0x20000000    0x98



*******************************************************************************
*** MODULE SUMMARY
***

    Module                  ro code  ro data  rw data
    ------                  -------  -------  -------
D:\IAR_Workspace\Concentrator_MBUS_485\Test\Debug\Obj: [1]
    bsp.o                     1 254
    cpu_a.o                      52
    cpu_core.o                   76                20
    lib_mem.o                   284
    lib_mem_a.o                 544
    lib_str.o                   542
    main.o                    1 264      158   14 517
    misc.o                      128
    os_cfg_app.o                172      100    3 920
    os_core.o                 2 440       20
    os_cpu_a.o                  132
    os_cpu_c.o                  472                 4
    os_flag.o                 1 706
    os_mem.o                    384
    os_msg.o                    508
    os_mutex.o                  976
    os_prio.o                   136                 4
    os_q.o                      900
    os_sem.o                    770
    os_task.o                 1 684        8
    os_tick.o                 1 048       20
    os_time.o                   652
    os_tmr.o                    732       24
    os_var.o                                    1 028
    serial.o                  1 024
    sim800g.o                 1 916      358      122
    spi_flash.o               2 328
    startup_stm32f10x_md.o      408
    stm32f10x_exti.o            200
    stm32f10x_flash.o            60
    stm32f10x_gpio.o            452
    stm32f10x_it.o               54
    stm32f10x_iwdg.o             44
    stm32f10x_rcc.o             600       20       20
    stm32f10x_spi.o             164
    stm32f10x_usart.o           382
    system_stm32f10x.o          110
    tasks.o                  14 652       44       25
    timestamp.o                  60
    -------------------------------------------------
    Total:                   39 310      752   19 660

command line: [2]
    -------------------------------------------------
    Total:

dl7M_tln.a: [3]
    atoi.o                        8
    div.o                        14
    errno.o                      12        4        4
    exit.o                        4
    low_level_init.o              4
    sprintf.o                    52
    xprintffull_nomb.o        3 462
    xsprout.o                    10
    xstoul.o                    412
    xtls.o                        2
    -------------------------------------------------
    Total:                    3 980        4        4

m7M_tl.a: [4]
    DblAdd.o                    212
    DblCmpGe.o                   46
    DblCmpLe.o                   46
    DblDiv.o                    582
    DblMul.o                    418
    DblSub.o                    384
    DblToI32.o                   88
    I32ToDbl.o                   48
    xdnorm.o                     66
    xdscale.o                   268
    -------------------------------------------------
    Total:                    2 158

rt7M_tl.a: [5]
    ABImemcpy_unaligned.o       118
    I64DivMod.o                 238
    I64DivZer.o                   2
    cexit.o                      10
    cmain.o                      26
    copy_init3.o                 46
    cstartup_M.o                 12
    data_init.o                  40
    memchr.o                     88
    strchr.o                     22
    strlen.o                     54
    zero_init3.o                 34
    -------------------------------------------------
    Total:                      690

shb_l.a: [6]
    exit.o                       20
    -------------------------------------------------
    Total:                       20

    Gaps                         18
    Linker created                        36      512
-----------------------------------------------------
    Grand Total:             46 176      792   20 176


*******************************************************************************
*** ENTRY LIST
***

Entry                      Address    Size  Type      Object
-----                      -------    ----  ----      ------
?main                   0x0800b391          Code  Gb  cmain.o [5]
ADCPrescTable           0x20000084     0x4  Data  Lc  stm32f10x_rcc.o [1]
APBAHBPrescTable        0x20000064    0x10  Data  Lc  stm32f10x_rcc.o [1]
BSP_CPU_ClkFreq         0x08009dd3    0x10  Code  Gb  bsp.o [1]
BSP_GPIO_Init           0x080099ad   0x200  Code  Gb  bsp.o [1]
BSP_IWDG_Init           0x08009db9    0x1a  Code  Gb  bsp.o [1]
BSP_Init                0x080098fd    0xb0  Code  Gb  bsp.o [1]
BSP_NVIC_Init           0x08009cc5    0x6c  Code  Gb  bsp.o [1]
BSP_SPI_Init            0x08009d31    0x66  Code  Gb  bsp.o [1]
BSP_USART_Init          0x08009bad   0x118  Code  Gb  bsp.o [1]
BusFault_Handler        0x0800b315     0x2  Code  Gb  stm32f10x_it.o [1]
CPU_CntLeadZeros        0x080055ff          Code  Gb  cpu_a.o [1]
CPU_CntTrailZeros       0x08005605          Code  Gb  cpu_a.o [1]
CPU_Init                0x08009de5     0xc  Code  Gb  cpu_core.o [1]
CPU_IntDis              0x080055e1          Code  Gb  cpu_a.o [1]
CPU_IntEn               0x080055e5          Code  Gb  cpu_a.o [1]
CPU_Name                0x20004c34    0x10  Data  Gb  cpu_core.o [1]
CPU_NameClr             0x08009df1    0x1a  Code  Gb  cpu_core.o [1]
CPU_NameInit            0x08009e11     0x8  Code  Lc  cpu_core.o [1]
CPU_RevBits             0x0800560f          Code  Gb  cpu_a.o [1]
CPU_SR_Restore          0x080055f1          Code  Gb  cpu_a.o [1]
CPU_SR_Save             0x080055e9          Code  Gb  cpu_a.o [1]
CPU_TS_Init             0x08009e19     0xe  Code  Lc  cpu_core.o [1]
CPU_TS_TmrFreqSet       0x08009e0b     0x6  Code  Gb  cpu_core.o [1]
CPU_TS_TmrFreq_Hz       0x20004c50     0x4  Data  Gb  cpu_core.o [1]
CPU_TS_TmrInit          0x0800772d    0x2a  Code  Gb  timestamp.o [1]
CPU_TS_TmrRd            0x08007757     0x6  Code  Gb  timestamp.o [1]
CPU_WaitForExcept       0x080055fb          Code  Gb  cpu_a.o [1]
CPU_WaitForInt          0x080055f7          Code  Gb  cpu_a.o [1]
CSTACK$$Base            0x20004cd0           --   Gb  - Linker created -
CSTACK$$Limit           0x20004ed0           --   Gb  - Linker created -
DebugMon_Handler        0x0800b31b     0x2  Code  Gb  stm32f10x_it.o [1]
Device_Cmd              0x08005085    0x9c  Code  Gb  sim800g.o [1]
Device_Read             0x080043bb    0x34  Code  Gb  serial.o [1]
EXTI0_IRQHandler        0x0800b33d     0x8  Code  Gb  stm32f10x_it.o [1]
EXTI_ClearITPendingBit  0x08007995     0x6  Code  Gb  stm32f10x_exti.o [1]
EXTI_GetITStatus        0x08007971    0x24  Code  Gb  stm32f10x_exti.o [1]
EXTI_Init               0x080078e9    0x88  Code  Gb  stm32f10x_exti.o [1]
FLAG_Event              0x20004be8    0x1c  Data  Gb  main.o [1]
FLASH_PrefetchBufferCmd
                        0x0800abf9    0x20  Code  Gb  stm32f10x_flash.o [1]
FLASH_SetLatency        0x0800abe1    0x18  Code  Gb  stm32f10x_flash.o [1]
GPIO_EXTILineConfig     0x0800577d    0x50  Code  Gb  stm32f10x_gpio.o [1]
GPIO_Init               0x08005615    0xc8  Code  Gb  stm32f10x_gpio.o [1]
GPIO_PinRemapConfig     0x080056ff    0x7e  Code  Gb  stm32f10x_gpio.o [1]
GPIO_ReadInputDataBit   0x080056dd    0x16  Code  Gb  stm32f10x_gpio.o [1]
GPIO_ResetBits          0x080056f9     0x6  Code  Gb  stm32f10x_gpio.o [1]
GPIO_SetBits            0x080056f3     0x6  Code  Gb  stm32f10x_gpio.o [1]
GetFlash                0x08005d31   0x12e  Code  Gb  spi_flash.o [1]
HardFault_Handler       0x0800b311     0x2  Code  Gb  stm32f10x_it.o [1]
IWDG_Enable             0x0800acb7     0xa  Code  Gb  stm32f10x_iwdg.o [1]
IWDG_ReloadCounter      0x0800acad     0xa  Code  Gb  stm32f10x_iwdg.o [1]
IWDG_SetPrescaler       0x0800aca5     0x8  Code  Gb  stm32f10x_iwdg.o [1]
IWDG_WriteAccessCmd     0x0800ac9d     0x8  Code  Gb  stm32f10x_iwdg.o [1]
MEM_Buf                 0x20004c04    0x18  Data  Gb  main.o [1]
MEM_ISR                 0x20004c1c    0x18  Data  Gb  main.o [1]
MUTEX_CONFIGFLASH       0x20004b04    0x20  Data  Gb  main.o [1]
MemManage_Handler       0x0800b313     0x2  Code  Gb  stm32f10x_it.o [1]
Mem_Clr                 0x08003f2d     0xc  Code  Gb  lib_mem.o [1]
Mem_Cmp                 0x08003f93    0xb6  Code  Gb  lib_mem.o [1]
Mem_Copy                0x080053c1          Code  Gb  lib_mem_a.o [1]
Mem_Set                 0x08003f39    0x5a  Code  Gb  lib_mem.o [1]
NMI_Handler             0x0800b30f     0x2  Code  Gb  stm32f10x_it.o [1]
NVIC_Init               0x0800ac27    0x62  Code  Gb  misc.o [1]
NVIC_PriorityGroupConfig
                        0x0800ac1d     0xa  Code  Gb  misc.o [1]
OSCfg_DataSizeRAM       0x0800b63c     0x4  Data  Gb  os_cfg_app.o [1]
OSCfg_ISRStk            0x200038d8   0x200  Data  Gb  os_cfg_app.o [1]
OSCfg_ISRStkBasePtr     0x0800b5f4     0x4  Data  Gb  os_cfg_app.o [1]
OSCfg_ISRStkSize        0x0800b5f8     0x4  Data  Gb  os_cfg_app.o [1]
OSCfg_ISRStkSizeRAM     0x0800b5fc     0x4  Data  Gb  os_cfg_app.o [1]
OSCfg_IdleTaskStk       0x200036d8   0x200  Data  Gb  os_cfg_app.o [1]
OSCfg_IdleTaskStkBasePtr
                        0x0800b5e4     0x4  Data  Gb  os_cfg_app.o [1]
OSCfg_IdleTaskStkLimit  0x0800b5e8     0x4  Data  Gb  os_cfg_app.o [1]
OSCfg_IdleTaskStkSize   0x0800b5ec     0x4  Data  Gb  os_cfg_app.o [1]
OSCfg_IdleTaskStkSizeRAM
                        0x0800b5f0     0x4  Data  Gb  os_cfg_app.o [1]
OSCfg_Init              0x080097cd    0xac  Code  Gb  os_cfg_app.o [1]
OSCfg_MsgPool           0x20001098   0x640  Data  Gb  os_cfg_app.o [1]
OSCfg_MsgPoolBasePtr    0x0800b604     0x4  Data  Gb  os_cfg_app.o [1]
OSCfg_MsgPoolSize       0x080078e6     0x2  Data  Gb  os_cfg_app.o [1]
OSCfg_MsgPoolSizeRAM    0x0800b600     0x4  Data  Gb  os_cfg_app.o [1]
OSCfg_StkSizeMin        0x0800b608     0x4  Data  Gb  os_cfg_app.o [1]
OSCfg_TickRate_Hz       0x0800b60c     0x4  Data  Gb  os_cfg_app.o [1]
OSCfg_TickTaskPrio      0x0800a23a     0x1  Data  Gb  os_cfg_app.o [1]
OSCfg_TickTaskStk       0x20003ad8   0x200  Data  Gb  os_cfg_app.o [1]
OSCfg_TickTaskStkBasePtr
                        0x0800b610     0x4  Data  Gb  os_cfg_app.o [1]
OSCfg_TickTaskStkLimit  0x0800b614     0x4  Data  Gb  os_cfg_app.o [1]
OSCfg_TickTaskStkSize   0x0800b618     0x4  Data  Gb  os_cfg_app.o [1]
OSCfg_TickTaskStkSizeRAM
                        0x0800b61c     0x4  Data  Gb  os_cfg_app.o [1]
OSCfg_TickWheel         0x200048c8    0x88  Data  Gb  os_cfg_app.o [1]
OSCfg_TickWheelSize     0x080094ee     0x2  Data  Gb  os_cfg_app.o [1]
OSCfg_TickWheelSizeRAM  0x0800b620     0x4  Data  Gb  os_cfg_app.o [1]
OSCfg_TmrTaskPrio       0x0800a23b     0x1  Data  Gb  os_cfg_app.o [1]
OSCfg_TmrTaskRate_Hz    0x0800b624     0x4  Data  Gb  os_cfg_app.o [1]
OSCfg_TmrTaskStk        0x20003cd8   0x200  Data  Gb  os_cfg_app.o [1]
OSCfg_TmrTaskStkBasePtr
                        0x0800b628     0x4  Data  Gb  os_cfg_app.o [1]
OSCfg_TmrTaskStkLimit   0x0800b62c     0x4  Data  Gb  os_cfg_app.o [1]
OSCfg_TmrTaskStkSize    0x0800b630     0x4  Data  Gb  os_cfg_app.o [1]
OSCfg_TmrTaskStkSizeRAM
                        0x0800b634     0x4  Data  Gb  os_cfg_app.o [1]
OSCfg_TmrWheel          0x20004950    0x88  Data  Gb  os_cfg_app.o [1]
OSCfg_TmrWheelSize      0x08009de2     0x2  Data  Gb  os_cfg_app.o [1]
OSCfg_TmrWheelSizeRAM   0x0800b638     0x4  Data  Gb  os_cfg_app.o [1]
OSFlagCreate            0x080064f5    0x66  Code  Gb  os_flag.o [1]
OSFlagPend              0x0800655b   0x40c  Code  Gb  os_flag.o [1]
OSFlagPost              0x08006967    0x5e  Code  Gb  os_flag.o [1]
OSFlagQty               0x20004cb4     0x2  Data  Gb  os_var.o [1]
OSIdleTaskCtr           0x20004c78     0x4  Data  Gb  os_var.o [1]
OSIdleTaskHook          0x08007dc9    0x12  Code  Gb  os_cpu_c.o [1]
OSIdleTaskTCB           0x200046ac    0xb4  Data  Gb  os_var.o [1]
OSInit                  0x08006da5   0x150  Code  Gb  os_core.o [1]
OSInitHook              0x08007ddb    0x14  Code  Gb  os_cpu_c.o [1]
OSIntExit               0x08006ef5    0xc8  Code  Gb  os_core.o [1]
OSIntNestingCtr         0x20004cc3     0x1  Data  Gb  os_var.o [1]
OSMemCreate             0x08003dad    0xd0  Code  Gb  os_mem.o [1]
OSMemGet                0x08003e7d    0x46  Code  Gb  os_mem.o [1]
OSMemPut                0x08003ec3    0x50  Code  Gb  os_mem.o [1]
OSMemQty                0x20004cb6     0x2  Data  Gb  os_var.o [1]
OSMsgPool               0x20004c44     0xc  Data  Gb  os_var.o [1]
OSMutexCreate           0x080060f1    0x68  Code  Gb  os_mutex.o [1]
OSMutexPend             0x08006159   0x21c  Code  Gb  os_mutex.o [1]
OSMutexPost             0x08006375   0x126  Code  Gb  os_mutex.o [1]
OSMutexQty              0x20004cb8     0x2  Data  Gb  os_var.o [1]
OSPrioCur               0x20004cc5     0x1  Data  Gb  os_var.o [1]
OSPrioHighRdy           0x20004cc6     0x1  Data  Gb  os_var.o [1]
OSPrioSaved             0x20004cc7     0x1  Data  Gb  os_var.o [1]
OSPrioTbl               0x20004c58     0x4  Data  Gb  os_prio.o [1]
OSQCreate               0x08003a29    0x7c  Code  Gb  os_q.o [1]
OSQPend                 0x08003aa5   0x1be  Code  Gb  os_q.o [1]
OSQPost                 0x08003c63    0x84  Code  Gb  os_q.o [1]
OSQQty                  0x20004cba     0x2  Data  Gb  os_var.o [1]
OSRdyList               0x20003ed8   0x180  Data  Gb  os_var.o [1]
OSRunning               0x20004cc4     0x1  Data  Gb  os_var.o [1]
OSSched                 0x08006fbd    0x8e  Code  Gb  os_core.o [1]
OSSchedLock             0x0800704b    0x58  Code  Gb  os_core.o [1]
OSSchedLockNestingCtr   0x20004cc8     0x1  Data  Gb  os_var.o [1]
OSSchedRoundRobinDfltTimeQuanta
                        0x20004c7c     0x4  Data  Gb  os_var.o [1]
OSSchedRoundRobinEn     0x20004cc9     0x1  Data  Gb  os_var.o [1]
OSSchedUnlock           0x080070a3    0x72  Code  Gb  os_core.o [1]
OSSemCreate             0x08004449    0x66  Code  Gb  os_sem.o [1]
OSSemPend               0x080044af   0x174  Code  Gb  os_sem.o [1]
OSSemPost               0x08004623    0x60  Code  Gb  os_sem.o [1]
OSSemQty                0x20004cbc     0x2  Data  Gb  os_var.o [1]
OSStart                 0x08007115    0x64  Code  Gb  os_core.o [1]
OSStartHighRdy          0x08009879          Code  Gb  os_cpu_a.o [1]
OSTCBCurPtr             0x20004c9c     0x4  Data  Gb  os_var.o [1]
OSTCBHighRdyPtr         0x20004ca0     0x4  Data  Gb  os_var.o [1]
OSTaskCreate            0x08007fa1   0x176  Code  Gb  os_task.o [1]
OSTaskCreateHook        0x08007def    0x12  Code  Gb  os_cpu_c.o [1]
OSTaskCtxSwCtr          0x20004c80     0x4  Data  Gb  os_var.o [1]
OSTaskDel               0x08008117    0xea  Code  Gb  os_task.o [1]
OSTaskDelHook           0x08007e01    0x12  Code  Gb  os_cpu_c.o [1]
OSTaskQty               0x20004cbe     0x2  Data  Gb  os_var.o [1]
OSTaskRegNextAvailID    0x20004cca     0x1  Data  Gb  os_var.o [1]
OSTaskReturnHook        0x08007e13    0x12  Code  Gb  os_cpu_c.o [1]
OSTaskSemPend           0x08008201   0x1cc  Code  Gb  os_task.o [1]
OSTaskSemPost           0x080083cd    0x34  Code  Gb  os_task.o [1]
OSTaskStkInit           0x08007e25    0x80  Code  Gb  os_cpu_c.o [1]
OSTaskSwHook            0x08007ea5    0x56  Code  Gb  os_cpu_c.o [1]
OSTickCtr               0x20004c84     0x4  Data  Gb  os_var.o [1]
OSTickTaskTCB           0x20004760    0xb4  Data  Gb  os_var.o [1]
OSTickTaskTimeMax       0x20004c88     0x4  Data  Gb  os_var.o [1]
OSTimeDly               0x08004779    0xa0  Code  Gb  os_time.o [1]
OSTimeDlyHMSM           0x08004819   0x178  Code  Gb  os_time.o [1]
OSTimeTick              0x08004991    0x4a  Code  Gb  os_time.o [1]
OSTimeTickHook          0x08007efb    0x12  Code  Gb  os_cpu_c.o [1]
OSTmrTaskTCB            0x20004814    0xb4  Data  Gb  os_var.o [1]
OSTmrTaskTimeMax        0x20004c8c     0x4  Data  Gb  os_var.o [1]
OSTmrTickCtr            0x20004c90     0x4  Data  Gb  os_var.o [1]
OSTmrUpdateCnt          0x20004c94     0x4  Data  Gb  os_var.o [1]
OSTmrUpdateCtr          0x20004c98     0x4  Data  Gb  os_var.o [1]
OS_AppIdleTaskHookPtr   0x20004c68     0x4  Data  Gb  os_var.o [1]
OS_AppStatTaskHookPtr   0x20004c6c     0x4  Data  Gb  os_var.o [1]
OS_AppTaskCreateHookPtr
                        0x20004c5c     0x4  Data  Gb  os_var.o [1]
OS_AppTaskDelHookPtr    0x20004c60     0x4  Data  Gb  os_var.o [1]
OS_AppTaskReturnHookPtr
                        0x20004c64     0x4  Data  Gb  os_var.o [1]
OS_AppTaskSwHookPtr     0x20004c70     0x4  Data  Gb  os_var.o [1]
OS_AppTimeTickHookPtr   0x20004c74     0x4  Data  Gb  os_var.o [1]
OS_CPU_ExceptStkBase    0x20004c54     0x4  Data  Gb  os_cpu_c.o [1]
OS_CPU_SysTickHandler   0x08007f0d    0x24  Code  Gb  os_cpu_c.o [1]
OS_CPU_SysTickInit      0x08007f31    0x2c  Code  Gb  os_cpu_c.o [1]
OS_FlagBlock            0x080069c5    0x26  Code  Gb  os_flag.o [1]
OS_FlagInit             0x080069eb     0xc  Code  Gb  os_flag.o [1]
OS_FlagPost             0x08006a0d   0x13c  Code  Gb  os_flag.o [1]
OS_FlagTaskRdy          0x08006b49    0x56  Code  Gb  os_flag.o [1]
OS_IdleTask             0x08007179    0x24  Code  Gb  os_core.o [1]
OS_IdleTaskInit         0x0800719d    0x50  Code  Gb  os_core.o [1]
OS_MemInit              0x08003f13     0xc  Code  Gb  os_mem.o [1]
OS_MsgPoolInit          0x08006ba9    0x86  Code  Gb  os_msg.o [1]
OS_MsgQFreeAll          0x08006c2f    0x44  Code  Gb  os_msg.o [1]
OS_MsgQGet              0x08006c87    0x70  Code  Gb  os_msg.o [1]
OS_MsgQInit             0x08006c73    0x14  Code  Gb  os_msg.o [1]
OS_MsgQPut              0x08006cf7    0xa2  Code  Gb  os_msg.o [1]
OS_MutexInit            0x0800649b     0xc  Code  Gb  os_mutex.o [1]
OS_Pend                 0x080071ed    0x60  Code  Gb  os_core.o [1]
OS_PendDataInit         0x0800724d    0x34  Code  Gb  os_core.o [1]
OS_PendListChangePrio   0x08007281    0x34  Code  Gb  os_core.o [1]
OS_PendListInit         0x080072b5     0xe  Code  Gb  os_core.o [1]
OS_PendListInsertPrio   0x080072c3    0x6e  Code  Gb  os_core.o [1]
OS_PendListRemove       0x08007331    0x28  Code  Gb  os_core.o [1]
OS_PendListRemove1      0x08007359    0x48  Code  Gb  os_core.o [1]
OS_Post                 0x080073a1    0xb0  Code  Gb  os_core.o [1]
OS_Post1                0x08007451    0x26  Code  Gb  os_core.o [1]
OS_PrioGetHighest       0x080086f5    0x20  Code  Gb  os_prio.o [1]
OS_PrioInit             0x080086e1    0x14  Code  Gb  os_prio.o [1]
OS_PrioInsert           0x08008715    0x26  Code  Gb  os_prio.o [1]
OS_PrioRemove           0x0800873b    0x28  Code  Gb  os_prio.o [1]
OS_QInit                0x08003ce7     0xc  Code  Gb  os_q.o [1]
OS_QPost                0x08003d09    0xa4  Code  Gb  os_q.o [1]
OS_RdyListInit          0x08007477    0x24  Code  Gb  os_core.o [1]
OS_RdyListInsert        0x0800749b    0x28  Code  Gb  os_core.o [1]
OS_RdyListInsertHead    0x080074c3    0x3a  Code  Gb  os_core.o [1]
OS_RdyListInsertTail    0x080074fd    0x38  Code  Gb  os_core.o [1]
OS_RdyListMoveHeadToTail
                        0x08007535    0x40  Code  Gb  os_core.o [1]
OS_RdyListRemove        0x08007575    0x5c  Code  Gb  os_core.o [1]
OS_SchedRoundRobin      0x080075d1    0x8a  Code  Gb  os_core.o [1]
OS_SemInit              0x08004683     0xc  Code  Gb  os_sem.o [1]
OS_SemPost              0x080046a5    0xa6  Code  Gb  os_sem.o [1]
OS_TaskBlock            0x080076d9    0x3a  Code  Gb  os_core.o [1]
OS_TaskInit             0x08008401    0x16  Code  Gb  os_task.o [1]
OS_TaskInitTCB          0x08008417   0x106  Code  Gb  os_task.o [1]
OS_TaskRdy              0x08007713    0x1a  Code  Gb  os_core.o [1]
OS_TaskReturn           0x08008529    0x14  Code  Gb  os_task.o [1]
OS_TaskSemPost          0x08008549    0xd4  Code  Gb  os_task.o [1]
OS_TickListInit         0x08007a77    0x2a  Code  Gb  os_tick.o [1]
OS_TickListInsert       0x08007aa1   0x11c  Code  Gb  os_tick.o [1]
OS_TickListRemove       0x08007bbd    0x42  Code  Gb  os_tick.o [1]
OS_TickListUpdate       0x08007bff   0x190  Code  Gb  os_tick.o [1]
OS_TickTask             0x080079b1    0x28  Code  Gb  os_tick.o [1]
OS_TickTaskInit         0x080079d9    0x9e  Code  Gb  os_tick.o [1]
OS_TmrInit              0x080094f1    0xd4  Code  Gb  os_tmr.o [1]
OS_TmrLink              0x080095c5    0xd0  Code  Gb  os_tmr.o [1]
OS_TmrTask              0x080096e5    0xaa  Code  Gb  os_tmr.o [1]
OS_TmrUnlink            0x08009695    0x4c  Code  Gb  os_tmr.o [1]
ObjCreate               0x0800b04b   0x148  Code  Gb  main.o [1]
OverLoad                0x080043ef    0x20  Code  Gb  serial.o [1]
PendSV_Handler          0x08009897          Code  Gb  os_cpu_a.o [1]
PutFlash                0x08005e5f   0x12c  Code  Gb  spi_flash.o [1]
Q_Config                0x20004abc    0x24  Data  Gb  main.o [1]
Q_Deal                  0x20004ae0    0x24  Data  Gb  main.o [1]
Q_Read                  0x20004a74    0x24  Data  Gb  main.o [1]
Q_ReadData              0x20004a98    0x24  Data  Gb  main.o [1]
Q_Slave                 0x20004a50    0x24  Data  Gb  main.o [1]
RCC_APB1PeriphClockCmd  0x08009fe9    0x20  Code  Gb  stm32f10x_rcc.o [1]
RCC_APB2PeriphClockCmd  0x08009fc9    0x20  Code  Gb  stm32f10x_rcc.o [1]
RCC_DeInit              0x08009e31    0x60  Code  Gb  stm32f10x_rcc.o [1]
RCC_GetClocksFreq       0x08009f09    0xc0  Code  Gb  stm32f10x_rcc.o [1]
RCC_GetFlagStatus       0x0800a009    0x44  Code  Gb  stm32f10x_rcc.o [1]
RCC_HCLKConfig          0x08009ec3    0x14  Code  Gb  stm32f10x_rcc.o [1]
RCC_LSICmd              0x08009f01     0x8  Code  Gb  stm32f10x_rcc.o [1]
RCC_PCLK1Config         0x08009ed7    0x14  Code  Gb  stm32f10x_rcc.o [1]
RCC_PCLK2Config         0x08009eeb    0x16  Code  Gb  stm32f10x_rcc.o [1]
RCC_PLLCmd              0x08009ea7     0x8  Code  Gb  stm32f10x_rcc.o [1]
RCC_PLLConfig           0x08009e91    0x16  Code  Gb  stm32f10x_rcc.o [1]
RCC_SYSCLKConfig        0x08009eaf    0x14  Code  Gb  stm32f10x_rcc.o [1]
Region$$Table$$Base     0x0800b36c           --   Gb  - Linker created -
Region$$Table$$Limit    0x0800b390           --   Gb  - Linker created -
SEM_ACKData             0x20004b94    0x1c  Data  Gb  main.o [1]
SEM_HeartBeat           0x20004b78    0x1c  Data  Gb  main.o [1]
SEM_Send                0x20004bb0    0x1c  Data  Gb  main.o [1]
SEM_SendOver            0x20004bcc    0x1c  Data  Gb  main.o [1]
SEM_ServerTX            0x20004b24    0x1c  Data  Gb  main.o [1]
SEM_Slave_485TX         0x20004b40    0x1c  Data  Gb  main.o [1]
SEM_Slave_mbusTX        0x20004b5c    0x1c  Data  Gb  main.o [1]
SPI_Cmd                 0x0800867d    0x1c  Code  Gb  stm32f10x_spi.o [1]
SPI_I2S_GetFlagStatus   0x080086cd    0x14  Code  Gb  stm32f10x_spi.o [1]
SPI_I2S_ITConfig        0x08008699    0x2c  Code  Gb  stm32f10x_spi.o [1]
SPI_I2S_ReceiveData     0x080086c9     0x4  Code  Gb  stm32f10x_spi.o [1]
SPI_I2S_SendData        0x080086c5     0x4  Code  Gb  stm32f10x_spi.o [1]
SPI_Init                0x0800863d    0x40  Code  Gb  stm32f10x_spi.o [1]
STK_Config              0x200016d8   0x600  Data  Gb  main.o [1]
STK_DealServer          0x200032d8   0x200  Data  Gb  main.o [1]
STK_HeartBeat           0x200030d8   0x200  Data  Gb  main.o [1]
STK_LED1                0x20002ad8   0x200  Data  Gb  main.o [1]
STK_OverLoad            0x200034d8   0x200  Data  Gb  main.o [1]
STK_Read                0x20001cd8   0x600  Data  Gb  main.o [1]
STK_Server              0x20002cd8   0x200  Data  Gb  main.o [1]
STK_Slave               0x20002ed8   0x200  Data  Gb  main.o [1]
STK_Start               0x200028d8   0x200  Data  Gb  main.o [1]
SVC_Handler             0x0800b319     0x2  Code  Gb  stm32f10x_it.o [1]
Send_ReadATs            0x08004a05    0x2a  Code  Gb  sim800g.o [1]
Server_Post2Buf         0x0800439d    0x1e  Code  Gb  serial.o [1]
Server_Write            0x080042e3    0x5c  Code  Gb  serial.o [1]
Server_WriteStr         0x0800433f    0x5e  Code  Gb  serial.o [1]
Server_Write_485        0x0800426b    0x78  Code  Gb  serial.o [1]
SetSysClock             0x0800b30d     0x2  Code  Lc  system_stm32f10x.o [1]
Slave_Write             0x08004193    0xd8  Code  Gb  serial.o [1]
Str_Cat                 0x0800519b     0xc  Code  Gb  lib_str.o [1]
Str_Cat_N               0x080051a7    0x62  Code  Gb  lib_str.o [1]
Str_Char_N              0x0800529d    0x50  Code  Gb  lib_str.o [1]
Str_Cmp_N               0x08005209    0x94  Code  Gb  lib_str.o [1]
Str_Len_N               0x08005181    0x1a  Code  Gb  lib_str.o [1]
Str_Str                 0x080052ed     0xc  Code  Gb  lib_str.o [1]
Str_Str_N               0x080052f9    0xa6  Code  Gb  lib_str.o [1]
SysTick_Handler         0x0800b31d     0x8  Code  Gb  stm32f10x_it.o [1]
SystemInit              0x0800b2a1    0x54  Code  Gb  system_stm32f10x.o [1]
TCB_Config              0x20004328    0xb4  Data  Gb  main.o [1]
TCB_DealServer          0x20004544    0xb4  Data  Gb  main.o [1]
TCB_HeartBeat           0x20004490    0xb4  Data  Gb  main.o [1]
TCB_LED1                0x2000410c    0xb4  Data  Gb  main.o [1]
TCB_OverLoad            0x200045f8    0xb4  Data  Gb  main.o [1]
TCB_Read                0x200043dc    0xb4  Data  Gb  main.o [1]
TCB_Server              0x200041c0    0xb4  Data  Gb  main.o [1]
TCB_Slave               0x20004274    0xb4  Data  Gb  main.o [1]
TCB_Start               0x20004058    0xb4  Data  Gb  main.o [1]
TaskCreate              0x0800aebf   0x18c  Code  Gb  main.o [1]
TaskStart               0x0800ae05    0xba  Code  Gb  main.o [1]
Task_Config             0x08001b89    0x52  Code  Gb  tasks.o [1]
Task_DealServer         0x08000623   0x174  Code  Gb  tasks.o [1]
Task_HeartBeat          0x0800080f   0x128  Code  Gb  tasks.o [1]
Task_LED1               0x08002d9d    0x8c  Code  Gb  tasks.o [1]
Task_OverLoad           0x08003971    0x70  Code  Gb  tasks.o [1]
Task_Read               0x08000979    0x68  Code  Gb  tasks.o [1]
Task_Server             0x0800046d   0x1b6  Code  Gb  tasks.o [1]
Task_Slave              0x080000ed   0x35e  Code  Gb  tasks.o [1]
USART1_Handler          0x080040c5    0x68  Code  Gb  serial.o [1]
USART1_IRQHandler       0x0800b325     0x8  Code  Gb  stm32f10x_it.o [1]
USART2_Handler          0x0800412d    0x66  Code  Gb  serial.o [1]
USART2_IRQHandler       0x0800b32d     0x8  Code  Gb  stm32f10x_it.o [1]
USART3_Handler          0x08004049    0x7c  Code  Gb  serial.o [1]
USART3_IRQHandler       0x0800b335     0x8  Code  Gb  stm32f10x_it.o [1]
USART_ClearITPendingBit
                        0x080078c5    0x22  Code  Gb  stm32f10x_usart.o [1]
USART_Cmd               0x0800782d    0x1c  Code  Gb  stm32f10x_usart.o [1]
USART_GetFlagStatus     0x080078ab    0x1a  Code  Gb  stm32f10x_usart.o [1]
USART_ITConfig          0x08007849    0x52  Code  Gb  stm32f10x_usart.o [1]
USART_Init              0x08007769    0xbe  Code  Gb  stm32f10x_usart.o [1]
USART_ReceiveData       0x080078a3     0x8  Code  Gb  stm32f10x_usart.o [1]
USART_SendData          0x0800789b     0x8  Code  Gb  stm32f10x_usart.o [1]
UsageFault_Handler      0x0800b317     0x2  Code  Gb  stm32f10x_it.o [1]
_GenldFullNoMb          0x08009245   0x262  Code  Lc  xprintffull_nomb.o [3]
_LdtobFullNoMb          0x08008e59   0x3e6  Code  Lc  xprintffull_nomb.o [3]
_LitobFullNoMb          0x08008d51   0x106  Code  Lc  xprintffull_nomb.o [3]
_PrintfFullNoMb         0x08008769   0x5e2  Code  Gb  xprintffull_nomb.o [3]
_PutcharsFullNoMb       0x080094a7    0x2e  Code  Lc  xprintffull_nomb.o [3]
_SProut                 0x08006b9f     0xa  Code  Gb  xsprout.o [3]
__aeabi_cdcmple         0x0800a475          Code  Gb  DblCmpLe.o [4]
__aeabi_cdrcmple        0x0800a4a5          Code  Gb  DblCmpGe.o [4]
__aeabi_d2iz            0x0800a5e1          Code  Gb  DblToI32.o [4]
__aeabi_d2uiz           0x0800a60d          Code  Gb  DblToI32.o [4]
__aeabi_ddiv            0x0800a98d          Code  Gb  DblDiv.o [4]
__aeabi_dmul            0x0800a7e9          Code  Gb  DblMul.o [4]
__aeabi_dsub            0x0800a669          Code  Gb  DblSub.o [4]
__aeabi_errno_addr      0x0800acc9     0x6  Code  Gb  errno.o [3]
__aeabi_i2d             0x0800a639          Code  Gb  I32ToDbl.o [4]
__aeabi_ldiv0           0x0800acd5          Code  Gb  I64DivZer.o [5]
__aeabi_ui2d            0x0800a64d          Code  Gb  I32ToDbl.o [4]
__aeabi_uldivmod        0x0800a2cd          Code  Gb  I64DivMod.o [5]
__cmain                 0x0800b391          Code  Gb  cmain.o [5]
__exit                  0x0800b3c1    0x14  Code  Gb  exit.o [6]
__iar_Dnorm             0x0800a433    0x42  Code  Gb  xdnorm.o [4]
__iar_Dscale            0x0800a4d5   0x10c  Code  Gb  xdscale.o [4]
__iar_Errno             0x2000008c     0x4  Data  Gb  errno.o [3]
__iar_Memchr            0x0800a275          Code  Gb  memchr.o [5]
__iar_Stoul             0x0800a1d1     0x4  Code  Gb  xstoul.o [3]
__iar_Stoulx            0x0800a089   0x142  Code  Gb  xstoul.o [3]
__iar_Strchr            0x0800a225          Code  Gb  strchr.o [5]
__iar_copy_init3        0x0800474b    0x2e  Code  Gb  copy_init3.o [5]
__iar_d2uiz             0x0800a619          Code  Gb  DblToI32.o [4]
__iar_dadd              0x0800acd9          Code  Gb  DblAdd.o [4]
__iar_data_init3        0x0800b345    0x28  Code  Gb  data_init.o [5]
__iar_dlib_perthread_access
                        0x0800adad     0x2  Code  Gb  xtls.o [3]
__iar_dsub              0x0800a67d          Code  Gb  DblSub.o [4]
__iar_dsubStart         0x0800a68f          Code  Gb  DblSub.o [4]
__iar_program_start     0x0800b519          Code  Gb  cstartup_M.o [5]
__iar_ui2d              0x0800a651          Code  Gb  I32ToDbl.o [4]
__iar_unaligned___aeabi_memcpy
                        0x0800a3bd          Code  Gb  ABImemcpy_unaligned.o [5]
__iar_unaligned___aeabi_memcpy4
                        0x0800a3dd          Code  Gb  ABImemcpy_unaligned.o [5]
__iar_unaligned___aeabi_memcpy8
                        0x0800a3dd          Code  Gb  ABImemcpy_unaligned.o [5]
__iar_zero_init3        0x0800539f    0x22  Code  Gb  zero_init3.o [5]
__low_level_init        0x0800b3ab     0x4  Code  Gb  low_level_init.o [3]
__vector_table          0x08000000          Data  Gb  startup_stm32f10x_md.o [1]
_call_main              0x0800b39d          Code  Gb  cmain.o [5]
_exit                   0x0800b3b5          Code  Gb  cexit.o [5]
_main                   0x0800b3a7          Code  Gb  cmain.o [5]
ack_query_addr          0x08003555    0xc0  Code  Gb  tasks.o [1]
ack_query_cjq           0x08002ee1   0x154  Code  Gb  tasks.o [1]
ack_query_di_seq        0x080038a9    0xc8  Code  Gb  tasks.o [1]
ack_query_ip            0x08003621    0xf2  Code  Gb  tasks.o [1]
ack_query_mbus          0x08003713    0xc8  Code  Gb  tasks.o [1]
ack_query_meter         0x0800303d   0x50e  Code  Gb  tasks.o [1]
ack_query_test          0x080037e1    0xc8  Code  Gb  tasks.o [1]
addSEQ                  0x080007df    0x30  Code  Gb  tasks.o [1]
add_cjq                 0x0800287d   0x104  Code  Gb  tasks.o [1]
add_meter               0x0800215b   0x22a  Code  Gb  tasks.o [1]
at_apn                  0x08004dc1    0x60  Code  Gb  sim800g.o [1]
at_cipmux               0x08004d5d    0x64  Code  Gb  sim800g.o [1]
at_cpin                 0x08004aa7    0x90  Code  Gb  sim800g.o [1]
at_creg                 0x08004c27    0x9e  Code  Gb  sim800g.o [1]
at_csq                  0x08004b37    0xf0  Code  Gb  sim800g.o [1]
at_tcpsetup             0x08004f17    0x8e  Code  Gb  sim800g.o [1]
at_xiic                 0x08004e21    0x6c  Code  Gb  sim800g.o [1]
ate_                    0x08004a43    0x64  Code  Gb  sim800g.o [1]
atoi                    0x08008635     0x8  Code  Gb  atoi.o [3]
ats                     0x20000000    0x50  Data  Gb  sim800g.o [1]
buf                     0x20004ca4     0x4  Data  Gb  tasks.o [1]
buf_                    0x20004ca8     0x4  Data  Gb  tasks.o [1]
change_connect          0x08005121    0x18  Code  Gb  sim800g.o [1]
check_cgatt             0x08004cc5    0x90  Code  Gb  sim800g.o [1]
check_cs                0x0800044b    0x20  Code  Gb  tasks.o [1]
check_frame             0x0800079d    0x42  Code  Gb  tasks.o [1]
check_str               0x08004a2f    0x14  Code  Gb  sim800g.o [1]
check_xiic              0x08004e91    0x86  Code  Gb  sim800g.o [1]
cjq_close               0x08001709    0x42  Code  Gb  tasks.o [1]
cjq_open                0x080016c7    0x42  Code  Gb  tasks.o [1]
config_flash            0x20000098  0x1000  Data  Gb  main.o [1]
connect                 0x08005001    0x84  Code  Gb  sim800g.o [1]
connectstate            0x20004cc0     0x1  Data  Gb  main.o [1]
data_seq                0x20004ccc     0x1  Data  Gb  tasks.o [1]
delete_cjq              0x080029d1   0x330  Code  Gb  tasks.o [1]
delete_meter            0x08002385   0x490  Code  Gb  tasks.o [1]
device_ack              0x08002e31    0xa8  Code  Gb  tasks.o [1]
device_test             0x20000093     0x1  Data  Gb  main.o [1]
deviceaddr              0x2000007c     0x8  Data  Gb  sim800g.o [1]
di_seq                  0x20004cc2     0x1  Data  Gb  main.o [1]
digits                  0x0800a1d4    0x28  Data  Lc  xstoul.o [3]
div                     0x0800abd3     0xe  Code  Gb  div.o [3]
exit                    0x0800b3af     0x4  Code  Gb  exit.o [3]
fe                      0x20000088     0x4  Data  Gb  tasks.o [1]
heart_seq               0x20004ccb     0x1  Data  Gb  tasks.o [1]
ip                      0x20000050    0x14  Data  Gb  sim800g.o [1]
ip1                     0x20000094     0x1  Data  Gb  sim800g.o [1]
ip2                     0x20000095     0x1  Data  Gb  sim800g.o [1]
ip3                     0x20000096     0x1  Data  Gb  sim800g.o [1]
ip4                     0x20000097     0x1  Data  Gb  sim800g.o [1]
local_seq               0x20004ccd     0x1  Data  Gb  tasks.o [1]
main                    0x0800adb1    0x52  Code  Gb  main.o [1]
mbus_power              0x080009e1    0x3a  Code  Gb  tasks.o [1]
mem_buf                 0x200022d8   0x600  Data  Gb  main.o [1]
mem_isr                 0x200049d8    0x78  Data  Gb  main.o [1]
memchr                  0x0800a275          Code  Gb  memchr.o [5]
meter_close             0x08001969   0x21a  Code  Gb  tasks.o [1]
meter_control           0x0800155d   0x16a  Code  Gb  tasks.o [1]
meter_open              0x08001761   0x1fc  Code  Gb  tasks.o [1]
meter_read              0x08000b21   0x1e8  Code  Gb  tasks.o [1]
meter_read_single       0x08000d29   0x26c  Code  Gb  tasks.o [1]
meter_send              0x08000fd5   0x57e  Code  Gb  tasks.o [1]
ndigs                   0x0800a1fc    0x28  Data  Lc  xstoul.o [3]
param_conf              0x08005f8b    0xc0  Code  Gb  spi_flash.o [1]
param_config            0x08001bf9   0x4f6  Code  Gb  tasks.o [1]
param_query             0x08002d19    0x84  Code  Gb  tasks.o [1]
port                    0x20000074     0x8  Data  Gb  sim800g.o [1]
port_                   0x20000090     0x2  Data  Gb  sim800g.o [1]
power_cmd               0x0800093d    0x3c  Code  Gb  tasks.o [1]
reading                 0x20004cc1     0x1  Data  Gb  main.o [1]
relay_1                 0x08000a51    0x34  Code  Gb  tasks.o [1]
relay_2                 0x08000a85    0x34  Code  Gb  tasks.o [1]
relay_3                 0x08000ab9    0x34  Code  Gb  tasks.o [1]
relay_4                 0x08000aed    0x34  Code  Gb  tasks.o [1]
relay_485               0x08000a1b    0x36  Code  Gb  tasks.o [1]
sFLASH_EraseBulk        0x0800581d    0x2e  Code  Gb  spi_flash.o [1]
sFLASH_EraseSector      0x080057d9    0x44  Code  Gb  spi_flash.o [1]
sFLASH_EraseWritePage   0x080058a7    0x62  Code  Gb  spi_flash.o [1]
sFLASH_PoolInit         0x08005bf1   0x140  Code  Gb  spi_flash.o [1]
sFLASH_ReadBuffer       0x08005a5d    0x56  Code  Gb  spi_flash.o [1]
sFLASH_ReadID           0x08005b0f    0x54  Code  Gb  spi_flash.o [1]
sFLASH_ReadStr          0x08005ab3    0x5c  Code  Gb  spi_flash.o [1]
sFLASH_SendByte         0x08005b63    0x3a  Code  Gb  spi_flash.o [1]
sFLASH_WaitForWriteEnd  0x08005bbf    0x32  Code  Gb  spi_flash.o [1]
sFLASH_WriteBuffer      0x08005909   0x154  Code  Gb  spi_flash.o [1]
sFLASH_WriteEnable      0x08005b9d    0x22  Code  Gb  spi_flash.o [1]
sFLASH_WritePage        0x0800584b    0x5c  Code  Gb  spi_flash.o [1]
search_cjq              0x08002815    0x64  Code  Gb  tasks.o [1]
search_meter            0x080020ef    0x6c  Code  Gb  tasks.o [1]
send_server             0x08004fa5    0x56  Code  Gb  sim800g.o [1]
server_ptr              0x20004cac     0x4  Data  Gb  tasks.o [1]
server_ptr_             0x20004cb0     0x4  Data  Gb  tasks.o [1]
server_seq              0x20004cce     0x1  Data  Gb  tasks.o [1]
slave_mbus              0x20000092     0x1  Data  Gb  main.o [1]
sprintf                 0x080064c1    0x34  Code  Gb  sprintf.o [3]
start_slave             0x20004ccf     0x1  Data  Gb  tasks.o [1]
strchr                  0x0800a225          Code  Gb  strchr.o [5]
strlen                  0x0800a23d          Code  Gb  strlen.o [5]


[1] = D:\IAR_Workspace\Concentrator_MBUS_485\Test\Debug\Obj
[2] = command line
[3] = dl7M_tln.a
[4] = m7M_tl.a
[5] = rt7M_tl.a
[6] = shb_l.a

  46 176 bytes of readonly  code memory
     792 bytes of readonly  data memory
  20 176 bytes of readwrite data memory

Errors: none
Warnings: none
