###############################################################################
#
# IAR ELF Linker V7.10.3.6832/W32 for ARM                 30/Jun/2015  17:30:06
# Copyright 2007-2014 IAR Systems AB.
#
#    Output file  =  D:\IAR_Workspace\STM32F103MBUS\Test\Debug\Exe\Test.out
#    Map file     =  D:\IAR_Workspace\STM32F103MBUS\Test\Debug\List\Test.map
#    Command line =  
#        D:\IAR_Workspace\STM32F103MBUS\Test\Debug\Obj\bsp.o
#        D:\IAR_Workspace\STM32F103MBUS\Test\Debug\Obj\cpu_a.o
#        D:\IAR_Workspace\STM32F103MBUS\Test\Debug\Obj\cpu_c.o
#        D:\IAR_Workspace\STM32F103MBUS\Test\Debug\Obj\cpu_core.o
#        D:\IAR_Workspace\STM32F103MBUS\Test\Debug\Obj\lib_ascii.o
#        D:\IAR_Workspace\STM32F103MBUS\Test\Debug\Obj\lib_math.o
#        D:\IAR_Workspace\STM32F103MBUS\Test\Debug\Obj\lib_mem.o
#        D:\IAR_Workspace\STM32F103MBUS\Test\Debug\Obj\lib_mem_a.o
#        D:\IAR_Workspace\STM32F103MBUS\Test\Debug\Obj\lib_str.o
#        D:\IAR_Workspace\STM32F103MBUS\Test\Debug\Obj\m590e.o
#        D:\IAR_Workspace\STM32F103MBUS\Test\Debug\Obj\main.o
#        D:\IAR_Workspace\STM32F103MBUS\Test\Debug\Obj\misc.o
#        D:\IAR_Workspace\STM32F103MBUS\Test\Debug\Obj\os_app_hooks.o
#        D:\IAR_Workspace\STM32F103MBUS\Test\Debug\Obj\os_cfg_app.o
#        D:\IAR_Workspace\STM32F103MBUS\Test\Debug\Obj\os_core.o
#        D:\IAR_Workspace\STM32F103MBUS\Test\Debug\Obj\os_cpu_a.o
#        D:\IAR_Workspace\STM32F103MBUS\Test\Debug\Obj\os_cpu_c.o
#        D:\IAR_Workspace\STM32F103MBUS\Test\Debug\Obj\os_dbg.o
#        D:\IAR_Workspace\STM32F103MBUS\Test\Debug\Obj\os_flag.o
#        D:\IAR_Workspace\STM32F103MBUS\Test\Debug\Obj\os_int.o
#        D:\IAR_Workspace\STM32F103MBUS\Test\Debug\Obj\os_mem.o
#        D:\IAR_Workspace\STM32F103MBUS\Test\Debug\Obj\os_msg.o
#        D:\IAR_Workspace\STM32F103MBUS\Test\Debug\Obj\os_mutex.o
#        D:\IAR_Workspace\STM32F103MBUS\Test\Debug\Obj\os_pend_multi.o
#        D:\IAR_Workspace\STM32F103MBUS\Test\Debug\Obj\os_prio.o
#        D:\IAR_Workspace\STM32F103MBUS\Test\Debug\Obj\os_q.o
#        D:\IAR_Workspace\STM32F103MBUS\Test\Debug\Obj\os_sem.o
#        D:\IAR_Workspace\STM32F103MBUS\Test\Debug\Obj\os_stat.o
#        D:\IAR_Workspace\STM32F103MBUS\Test\Debug\Obj\os_task.o
#        D:\IAR_Workspace\STM32F103MBUS\Test\Debug\Obj\os_tick.o
#        D:\IAR_Workspace\STM32F103MBUS\Test\Debug\Obj\os_time.o
#        D:\IAR_Workspace\STM32F103MBUS\Test\Debug\Obj\os_tmr.o
#        D:\IAR_Workspace\STM32F103MBUS\Test\Debug\Obj\os_var.o
#        D:\IAR_Workspace\STM32F103MBUS\Test\Debug\Obj\serial.o
#        D:\IAR_Workspace\STM32F103MBUS\Test\Debug\Obj\spi_flash.o
#        D:\IAR_Workspace\STM32F103MBUS\Test\Debug\Obj\startup_stm32f10x_md.o
#        D:\IAR_Workspace\STM32F103MBUS\Test\Debug\Obj\stm32f10x_adc.o
#        D:\IAR_Workspace\STM32F103MBUS\Test\Debug\Obj\stm32f10x_bkp.o
#        D:\IAR_Workspace\STM32F103MBUS\Test\Debug\Obj\stm32f10x_can.o
#        D:\IAR_Workspace\STM32F103MBUS\Test\Debug\Obj\stm32f10x_cec.o
#        D:\IAR_Workspace\STM32F103MBUS\Test\Debug\Obj\stm32f10x_crc.o
#        D:\IAR_Workspace\STM32F103MBUS\Test\Debug\Obj\stm32f10x_dac.o
#        D:\IAR_Workspace\STM32F103MBUS\Test\Debug\Obj\stm32f10x_dbgmcu.o
#        D:\IAR_Workspace\STM32F103MBUS\Test\Debug\Obj\stm32f10x_dma.o
#        D:\IAR_Workspace\STM32F103MBUS\Test\Debug\Obj\stm32f10x_exti.o
#        D:\IAR_Workspace\STM32F103MBUS\Test\Debug\Obj\stm32f10x_flash.o
#        D:\IAR_Workspace\STM32F103MBUS\Test\Debug\Obj\stm32f10x_fsmc.o
#        D:\IAR_Workspace\STM32F103MBUS\Test\Debug\Obj\stm32f10x_gpio.o
#        D:\IAR_Workspace\STM32F103MBUS\Test\Debug\Obj\stm32f10x_i2c.o
#        D:\IAR_Workspace\STM32F103MBUS\Test\Debug\Obj\stm32f10x_it.o
#        D:\IAR_Workspace\STM32F103MBUS\Test\Debug\Obj\stm32f10x_iwdg.o
#        D:\IAR_Workspace\STM32F103MBUS\Test\Debug\Obj\stm32f10x_pwr.o
#        D:\IAR_Workspace\STM32F103MBUS\Test\Debug\Obj\stm32f10x_rcc.o
#        D:\IAR_Workspace\STM32F103MBUS\Test\Debug\Obj\stm32f10x_rtc.o
#        D:\IAR_Workspace\STM32F103MBUS\Test\Debug\Obj\stm32f10x_sdio.o
#        D:\IAR_Workspace\STM32F103MBUS\Test\Debug\Obj\stm32f10x_spi.o
#        D:\IAR_Workspace\STM32F103MBUS\Test\Debug\Obj\stm32f10x_tim.o
#        D:\IAR_Workspace\STM32F103MBUS\Test\Debug\Obj\stm32f10x_usart.o
#        D:\IAR_Workspace\STM32F103MBUS\Test\Debug\Obj\stm32f10x_wwdg.o
#        D:\IAR_Workspace\STM32F103MBUS\Test\Debug\Obj\system_stm32f10x.o
#        D:\IAR_Workspace\STM32F103MBUS\Test\Debug\Obj\tasks.o
#        D:\IAR_Workspace\STM32F103MBUS\Test\Debug\Obj\timestamp.o -o
#        D:\IAR_Workspace\STM32F103MBUS\Test\Debug\Exe\Test.out --map
#        D:\IAR_Workspace\STM32F103MBUS\Test\Debug\List\Test.map --config
#        "D:\Program Files (x86)\IAR Systems\Embedded Workbench
#        7.0\arm\config\linker\ST\stm32f103xB.icf" --semihosting --entry
#        __iar_program_start --vfe
#
###############################################################################

*******************************************************************************
*** RUNTIME MODEL ATTRIBUTES
***

CppFlavor       = *
__SystemLibrary = DLib


*******************************************************************************
*** PLACEMENT SUMMARY
***

"A1":  place at 0x08000000 { ro section .intvec };
"P1":  place in [from 0x08000000 to 0x0801ffff] { ro };
"P2":  place in [from 0x20000000 to 0x20004fff] { rw, block CSTACK, block HEAP };

  Section            Kind        Address    Size  Object
  -------            ----        -------    ----  ------
"A1":                                       0xec
  .intvec            ro code  0x08000000    0xec  startup_stm32f10x_md.o [1]
                            - 0x080000ec    0xec

"P1":                                     0xb298
  .text              ro code  0x080000ec  0x36a8  tasks.o [1]
  .text              ro code  0x08003794   0x598  os_tmr.o [1]
  .text              ro code  0x08003d2c   0x180  os_mem.o [1]
  .text              ro code  0x08003eac   0x11c  lib_mem.o [1]
  .text              ro code  0x08003fc8   0x384  os_q.o [1]
  .text              ro code  0x0800434c   0xa30  m590e.o [1]
  .text              ro code  0x08004d7c   0x388  serial.o [1]
  .text              ro code  0x08005104   0x302  os_sem.o [1]
  .text              ro code  0x08005406    0x2e  copy_init3.o [5]
  .text              ro code  0x08005434   0x1ce  lib_str.o [1]
  .text              ro code  0x08005602    0x22  zero_init3.o [5]
  CODE               ro code  0x08005624   0x220  lib_mem_a.o [1]
  .text              ro code  0x08005844   0x1ec  os_time.o [1]
  .text              ro code  0x08005a30   0x1c4  stm32f10x_gpio.o [1]
  .text              ro code  0x08005bf4   0x72c  spi_flash.o [1]
  .text              ro code  0x08006320    0x34  sprintf.o [3]
  .text              ro code  0x08006354   0x6aa  os_flag.o [1]
  .text              ro code  0x080069fe     0xa  xsprout.o [3]
  CODE               ro code  0x08006a08    0x34  cpu_a.o [1]
  .text              ro code  0x08006a3c   0x954  os_core.o [1]
  .text              ro code  0x08007390   0x694  os_task.o [1]
  .text              ro code  0x08007a24    0x3c  timestamp.o [1]
  .text              ro code  0x08007a60   0x1fc  os_msg.o [1]
  .text              ro code  0x08007c5c   0x17e  stm32f10x_usart.o [1]
  .rodata            const    0x08007dda     0x2  os_cfg_app.o [1]
  .text              ro code  0x08007ddc    0xc8  stm32f10x_exti.o [1]
  .text              ro code  0x08007ea4   0x418  os_tick.o [1]
  .text              ro code  0x080082bc   0x1d8  os_cpu_c.o [1]
  .text              ro code  0x08008494    0xa4  stm32f10x_spi.o [1]
  .text              ro code  0x08008538   0xd86  xprintffull_nomb.o [3]
  .rodata            const    0x080092be     0x2  os_cfg_app.o [1]
  .text              ro code  0x080092c0    0x88  os_prio.o [1]
  .text              ro code  0x08009348    0x10  os_mutex.o [1]
  .text              ro code  0x08009358    0xac  os_cfg_app.o [1]
  CODE               ro code  0x08009404    0x84  os_cpu_a.o [1]
  .text              ro code  0x08009488   0x4ca  bsp.o [1]
  .rodata            const    0x08009952     0x2  os_cfg_app.o [1]
  .text              ro code  0x08009954    0x4c  cpu_core.o [1]
  .text              ro code  0x080099a0   0x258  stm32f10x_rcc.o [1]
  .text              ro code  0x08009bf8    0x16  strchr.o [5]
  .rodata            const    0x08009c0e     0x1  os_cfg_app.o [1]
  .rodata            const    0x08009c0f     0x1  os_cfg_app.o [1]
  .text              ro code  0x08009c10    0x36  strlen.o [5]
  .text              ro code  0x08009c48    0x58  memchr.o [5]
  .text              ro code  0x08009ca0    0xee  I64DivMod.o [5]
  .text              ro code  0x08009d90    0x76  ABImemcpy_unaligned.o [5]
  .text              ro code  0x08009e06    0x42  xdnorm.o [4]
  .text              ro code  0x08009e48    0x2e  DblCmpLe.o [4]
  .text              ro code  0x08009e78    0x2e  DblCmpGe.o [4]
  .text              ro code  0x08009ea8   0x10c  xdscale.o [4]
  .text              ro code  0x08009fb4    0x58  DblToI32.o [4]
  .text              ro code  0x0800a00c    0x30  I32ToDbl.o [4]
  .text              ro code  0x0800a03c   0x180  DblSub.o [4]
  .text              ro code  0x0800a1bc   0x1a2  DblMul.o [4]
  .text              ro code  0x0800a360   0x246  DblDiv.o [4]
  .text              ro code  0x0800a5a6     0xe  div.o [3]
  .text              ro code  0x0800a5b4    0x3c  stm32f10x_flash.o [1]
  .text              ro code  0x0800a5f0    0x80  misc.o [1]
  .text              ro code  0x0800a670    0x2c  stm32f10x_iwdg.o [1]
  .text              ro code  0x0800a69c     0x2  I64DivZer.o [5]
  .text              ro code  0x0800a6a0    0xd4  DblAdd.o [4]
  .text              ro code  0x0800a774   0x6ac  main.o [1]
  .text              ro code  0x0800ae20    0x6e  system_stm32f10x.o [1]
  .text              ro code  0x0800ae8e    0x36  stm32f10x_it.o [1]
  .text              ro code  0x0800aec4    0x28  data_init.o [5]
  .iar.init_table    const    0x0800aeec    0x24  - Linker created -
  .rodata            const    0x0800af10    0x1c  tasks.o [1]
  .text              ro code  0x0800af2c    0x1a  cmain.o [5]
  .text              ro code  0x0800af46     0x4  low_level_init.o [3]
  .text              ro code  0x0800af4a     0x4  exit.o [3]
  .text              ro code  0x0800af50     0xa  cexit.o [5]
  .text              ro code  0x0800af5c    0x14  exit.o [6]
  .rodata            const    0x0800af70    0x18  os_tmr.o [1]
  .rodata            const    0x0800af88    0x18  tasks.o [1]
  .rodata            const    0x0800afa0    0x14  m590e.o [1]
  .rodata            const    0x0800afb4    0x14  os_core.o [1]
  .rodata            const    0x0800afc8    0x14  os_tick.o [1]
  .rodata            const    0x0800afdc    0x10  m590e.o [1]
  .rodata            const    0x0800afec    0x10  m590e.o [1]
  .rodata            const    0x0800affc    0x10  m590e.o [1]
  .rodata            const    0x0800b00c    0x10  m590e.o [1]
  .rodata            const    0x0800b01c    0x10  m590e.o [1]
  .rodata            const    0x0800b02c    0x10  tasks.o [1]
  .text              ro code  0x0800b03c    0x10  startup_stm32f10x_md.o [1]
  .rodata            const    0x0800b04c     0xc  m590e.o [1]
  .rodata            const    0x0800b058     0xc  m590e.o [1]
  .rodata            const    0x0800b064     0xc  m590e.o [1]
  .rodata            const    0x0800b070     0xc  m590e.o [1]
  .rodata            const    0x0800b07c     0xc  m590e.o [1]
  .rodata            const    0x0800b088     0xc  m590e.o [1]
  .rodata            const    0x0800b094     0xc  m590e.o [1]
  .rodata            const    0x0800b0a0     0xc  m590e.o [1]
  .rodata            const    0x0800b0ac     0xc  m590e.o [1]
  .rodata            const    0x0800b0b8     0xc  m590e.o [1]
  .rodata            const    0x0800b0c4     0xc  m590e.o [1]
  .rodata            const    0x0800b0d0     0xc  m590e.o [1]
  .rodata            const    0x0800b0dc     0xc  m590e.o [1]
  .rodata            const    0x0800b0e8     0xc  main.o [1]
  .rodata            const    0x0800b0f4     0xc  main.o [1]
  .rodata            const    0x0800b100     0xc  main.o [1]
  .rodata            const    0x0800b10c     0xc  main.o [1]
  .rodata            const    0x0800b118     0xc  tasks.o [1]
  .rodata            const    0x0800b124     0xc  tasks.o [1]
  .text              ro code  0x0800b130     0xc  cstartup_M.o [5]
  .rodata            const    0x0800b13c     0x8  m590e.o [1]
  .rodata            const    0x0800b144     0x8  m590e.o [1]
  .rodata            const    0x0800b14c     0x8  m590e.o [1]
  .rodata            const    0x0800b154     0x8  m590e.o [1]
  .rodata            const    0x0800b15c     0x8  m590e.o [1]
  .rodata            const    0x0800b164     0x8  main.o [1]
  .rodata            const    0x0800b16c     0x8  main.o [1]
  .rodata            const    0x0800b174     0x8  main.o [1]
  .rodata            const    0x0800b17c     0x8  main.o [1]
  .rodata            const    0x0800b184     0x8  main.o [1]
  .rodata            const    0x0800b18c     0x8  main.o [1]
  .rodata            const    0x0800b194     0x8  main.o [1]
  .rodata            const    0x0800b19c     0x8  main.o [1]
  .rodata            const    0x0800b1a4     0x8  main.o [1]
  .rodata            const    0x0800b1ac     0x8  main.o [1]
  .rodata            const    0x0800b1b4     0x8  main.o [1]
  .rodata            const    0x0800b1bc     0x8  main.o [1]
  .rodata            const    0x0800b1c4     0x8  main.o [1]
  .rodata            const    0x0800b1cc     0x8  main.o [1]
  .rodata            const    0x0800b1d4     0x8  main.o [1]
  .rodata            const    0x0800b1dc     0x8  main.o [1]
  .rodata            const    0x0800b1e4     0x8  main.o [1]
  .rodata            const    0x0800b1ec     0x8  main.o [1]
  .rodata            const    0x0800b1f4     0x8  main.o [1]
  .rodata            const    0x0800b1fc     0x8  os_task.o [1]
  .rodata            const    0x0800b204     0x8  tasks.o [1]
  .rodata            const    0x0800b20c     0x8  tasks.o [1]
  .rodata            const    0x0800b214     0x4  os_cfg_app.o [1]
  .rodata            const    0x0800b218     0x4  os_cfg_app.o [1]
  .rodata            const    0x0800b21c     0x4  os_cfg_app.o [1]
  .rodata            const    0x0800b220     0x4  os_cfg_app.o [1]
  .rodata            const    0x0800b224     0x4  os_cfg_app.o [1]
  .rodata            const    0x0800b228     0x4  os_cfg_app.o [1]
  .rodata            const    0x0800b22c     0x4  os_cfg_app.o [1]
  .rodata            const    0x0800b230     0x4  os_cfg_app.o [1]
  .rodata            const    0x0800b234     0x4  os_cfg_app.o [1]
  .rodata            const    0x0800b238     0x4  os_cfg_app.o [1]
  .rodata            const    0x0800b23c     0x4  os_cfg_app.o [1]
  .rodata            const    0x0800b240     0x4  os_cfg_app.o [1]
  .rodata            const    0x0800b244     0x4  os_cfg_app.o [1]
  .rodata            const    0x0800b248     0x4  os_cfg_app.o [1]
  .rodata            const    0x0800b24c     0x4  os_cfg_app.o [1]
  .rodata            const    0x0800b250     0x4  os_cfg_app.o [1]
  .rodata            const    0x0800b254     0x4  os_cfg_app.o [1]
  .rodata            const    0x0800b258     0x4  os_cfg_app.o [1]
  .rodata            const    0x0800b25c     0x4  os_cfg_app.o [1]
  .rodata            const    0x0800b260     0x4  os_cfg_app.o [1]
  .rodata            const    0x0800b264     0x4  os_cfg_app.o [1]
  .rodata            const    0x0800b268     0x4  os_cfg_app.o [1]
  .rodata            const    0x0800b26c     0x4  os_cfg_app.o [1]
  .text              ro code  0x0800b270     0x4  startup_stm32f10x_md.o [1]
  .text              ro code  0x0800b274     0x4  startup_stm32f10x_md.o [1]
  .text              ro code  0x0800b278     0x4  startup_stm32f10x_md.o [1]
  .text              ro code  0x0800b27c     0x4  startup_stm32f10x_md.o [1]
  .text              ro code  0x0800b280     0x4  startup_stm32f10x_md.o [1]
  .text              ro code  0x0800b284     0x4  startup_stm32f10x_md.o [1]
  .text              ro code  0x0800b288     0x4  startup_stm32f10x_md.o [1]
  .text              ro code  0x0800b28c     0x4  startup_stm32f10x_md.o [1]
  .text              ro code  0x0800b290     0x4  startup_stm32f10x_md.o [1]
  .text              ro code  0x0800b294     0x4  startup_stm32f10x_md.o [1]
  .text              ro code  0x0800b298     0x4  startup_stm32f10x_md.o [1]
  .text              ro code  0x0800b29c     0x4  startup_stm32f10x_md.o [1]
  .text              ro code  0x0800b2a0     0x4  startup_stm32f10x_md.o [1]
  .text              ro code  0x0800b2a4     0x4  startup_stm32f10x_md.o [1]
  .text              ro code  0x0800b2a8     0x4  startup_stm32f10x_md.o [1]
  .text              ro code  0x0800b2ac     0x4  startup_stm32f10x_md.o [1]
  .text              ro code  0x0800b2b0     0x4  startup_stm32f10x_md.o [1]
  .text              ro code  0x0800b2b4     0x4  startup_stm32f10x_md.o [1]
  .text              ro code  0x0800b2b8     0x4  startup_stm32f10x_md.o [1]
  .text              ro code  0x0800b2bc     0x4  startup_stm32f10x_md.o [1]
  .text              ro code  0x0800b2c0     0x4  startup_stm32f10x_md.o [1]
  .text              ro code  0x0800b2c4     0x4  startup_stm32f10x_md.o [1]
  .text              ro code  0x0800b2c8     0x4  startup_stm32f10x_md.o [1]
  .text              ro code  0x0800b2cc     0x4  startup_stm32f10x_md.o [1]
  .text              ro code  0x0800b2d0     0x4  startup_stm32f10x_md.o [1]
  .text              ro code  0x0800b2d4     0x4  startup_stm32f10x_md.o [1]
  .text              ro code  0x0800b2d8     0x4  startup_stm32f10x_md.o [1]
  .text              ro code  0x0800b2dc     0x4  startup_stm32f10x_md.o [1]
  .text              ro code  0x0800b2e0     0x4  startup_stm32f10x_md.o [1]
  .text              ro code  0x0800b2e4     0x4  startup_stm32f10x_md.o [1]
  .text              ro code  0x0800b2e8     0x4  startup_stm32f10x_md.o [1]
  .text              ro code  0x0800b2ec     0x4  startup_stm32f10x_md.o [1]
  .text              ro code  0x0800b2f0     0x4  startup_stm32f10x_md.o [1]
  .text              ro code  0x0800b2f4     0x4  startup_stm32f10x_md.o [1]
  .text              ro code  0x0800b2f8     0x4  startup_stm32f10x_md.o [1]
  .text              ro code  0x0800b2fc     0x4  startup_stm32f10x_md.o [1]
  .text              ro code  0x0800b300     0x4  startup_stm32f10x_md.o [1]
  .text              ro code  0x0800b304     0x4  startup_stm32f10x_md.o [1]
  .text              ro code  0x0800b308     0x4  startup_stm32f10x_md.o [1]
  .rodata            const    0x0800b30c     0x0  zero_init3.o [5]
  .rodata            const    0x0800b30c     0x0  copy_init3.o [5]
  Initializer bytes  ro data  0x0800b30c    0x78  <for P2 s0>
                            - 0x0800b384  0xb298

"P2", part 1 of 3:                          0x78
  P2 s0                       0x20000000    0x78  <Init block>
    .data            inited   0x20000000    0x1c  m590e.o [1]
    .data            inited   0x2000001c    0x14  m590e.o [1]
    .data            inited   0x20000030    0x10  stm32f10x_rcc.o [1]
    .data            inited   0x20000040     0xc  m590e.o [1]
    .data            inited   0x2000004c     0xc  m590e.o [1]
    .data            inited   0x20000058     0xc  m590e.o [1]
    .data            inited   0x20000064     0x8  m590e.o [1]
    .data            inited   0x2000006c     0x4  stm32f10x_rcc.o [1]
    .data            inited   0x20000070     0x2  m590e.o [1]
    .data            inited   0x20000072     0x1  m590e.o [1]
    .data            inited   0x20000073     0x1  m590e.o [1]
    .data            inited   0x20000074     0x1  m590e.o [1]
    .data            inited   0x20000075     0x1  m590e.o [1]
    .data            inited   0x20000076     0x1  main.o [1]
                            - 0x20000078    0x78

"P2", part 2 of 3:                        0x4008
  .bss               zero     0x20000078   0x640  os_cfg_app.o [1]
  .bss               zero     0x200006b8   0x600  main.o [1]
  .bss               zero     0x20000cb8   0x600  main.o [1]
  .bss               zero     0x200012b8   0x600  main.o [1]
  .bss               zero     0x200018b8   0x200  main.o [1]
  .bss               zero     0x20001ab8   0x200  main.o [1]
  .bss               zero     0x20001cb8   0x200  main.o [1]
  .bss               zero     0x20001eb8   0x200  main.o [1]
  .bss               zero     0x200020b8   0x200  main.o [1]
  .bss               zero     0x200022b8   0x200  main.o [1]
  .bss               zero     0x200024b8   0x200  main.o [1]
  .bss               zero     0x200026b8   0x200  main.o [1]
  .bss               zero     0x200028b8   0x200  os_cfg_app.o [1]
  .bss               zero     0x20002ab8   0x200  os_cfg_app.o [1]
  .bss               zero     0x20002cb8   0x200  os_cfg_app.o [1]
  .bss               zero     0x20002eb8   0x200  os_cfg_app.o [1]
  .bss               zero     0x200030b8   0x180  os_var.o [1]
  .bss               zero     0x20003238    0xb4  main.o [1]
  .bss               zero     0x200032ec    0xb4  main.o [1]
  .bss               zero     0x200033a0    0xb4  main.o [1]
  .bss               zero     0x20003454    0xb4  main.o [1]
  .bss               zero     0x20003508    0xb4  main.o [1]
  .bss               zero     0x200035bc    0xb4  main.o [1]
  .bss               zero     0x20003670    0xb4  main.o [1]
  .bss               zero     0x20003724    0xb4  main.o [1]
  .bss               zero     0x200037d8    0xb4  main.o [1]
  .bss               zero     0x2000388c    0xb4  main.o [1]
  .bss               zero     0x20003940    0xb4  os_var.o [1]
  .bss               zero     0x200039f4    0xb4  os_var.o [1]
  .bss               zero     0x20003aa8    0xb4  os_var.o [1]
  .bss               zero     0x20003b5c    0x88  os_cfg_app.o [1]
  .bss               zero     0x20003be4    0x88  os_cfg_app.o [1]
  .bss               zero     0x20003c6c    0x78  main.o [1]
  .bss               zero     0x20003ce4    0x2c  main.o [1]
  .bss               zero     0x20003d10    0x2c  main.o [1]
  .bss               zero     0x20003d3c    0x2c  main.o [1]
  .bss               zero     0x20003d68    0x2c  main.o [1]
  .bss               zero     0x20003d94    0x2c  main.o [1]
  .bss               zero     0x20003dc0    0x24  main.o [1]
  .bss               zero     0x20003de4    0x24  main.o [1]
  .bss               zero     0x20003e08    0x24  main.o [1]
  .bss               zero     0x20003e2c    0x24  main.o [1]
  .bss               zero     0x20003e50    0x24  main.o [1]
  .bss               zero     0x20003e74    0x24  main.o [1]
  .bss               zero     0x20003e98    0x1c  main.o [1]
  .bss               zero     0x20003eb4    0x1c  main.o [1]
  .bss               zero     0x20003ed0    0x1c  main.o [1]
  .bss               zero     0x20003eec    0x1c  main.o [1]
  .bss               zero     0x20003f08    0x1c  main.o [1]
  .bss               zero     0x20003f24    0x1c  main.o [1]
  .bss               zero     0x20003f40    0x1c  main.o [1]
  .bss               zero     0x20003f5c    0x1c  main.o [1]
  .bss               zero     0x20003f78    0x1c  main.o [1]
  .bss               zero     0x20003f94    0x1c  main.o [1]
  .bss               zero     0x20003fb0    0x18  main.o [1]
  .bss               zero     0x20003fc8    0x18  main.o [1]
  .bss               zero     0x20003fe0    0x10  cpu_core.o [1]
  .bss               zero     0x20003ff0     0xc  os_var.o [1]
  .bss               zero     0x20003ffc     0x8  m590e.o [1]
  .bss               zero     0x20004004     0x4  cpu_core.o [1]
  .bss               zero     0x20004008     0x4  os_cpu_c.o [1]
  .bss               zero     0x2000400c     0x4  os_prio.o [1]
  .bss               zero     0x20004010     0x4  os_var.o [1]
  .bss               zero     0x20004014     0x4  os_var.o [1]
  .bss               zero     0x20004018     0x4  os_var.o [1]
  .bss               zero     0x2000401c     0x4  os_var.o [1]
  .bss               zero     0x20004020     0x4  os_var.o [1]
  .bss               zero     0x20004024     0x4  os_var.o [1]
  .bss               zero     0x20004028     0x4  os_var.o [1]
  .bss               zero     0x2000402c     0x4  os_var.o [1]
  .bss               zero     0x20004030     0x4  os_var.o [1]
  .bss               zero     0x20004034     0x4  os_var.o [1]
  .bss               zero     0x20004038     0x4  os_var.o [1]
  .bss               zero     0x2000403c     0x4  os_var.o [1]
  .bss               zero     0x20004040     0x4  os_var.o [1]
  .bss               zero     0x20004044     0x4  os_var.o [1]
  .bss               zero     0x20004048     0x4  os_var.o [1]
  .bss               zero     0x2000404c     0x4  os_var.o [1]
  .bss               zero     0x20004050     0x4  os_var.o [1]
  .bss               zero     0x20004054     0x4  os_var.o [1]
  .bss               zero     0x20004058     0x4  tasks.o [1]
  .bss               zero     0x2000405c     0x4  tasks.o [1]
  .bss               zero     0x20004060     0x2  os_var.o [1]
  .bss               zero     0x20004062     0x2  os_var.o [1]
  .bss               zero     0x20004064     0x2  os_var.o [1]
  .bss               zero     0x20004066     0x2  os_var.o [1]
  .bss               zero     0x20004068     0x2  os_var.o [1]
  .bss               zero     0x2000406a     0x2  os_var.o [1]
  .bss               zero     0x2000406c     0x2  os_var.o [1]
  .bss               zero     0x2000406e     0x1  main.o [1]
  .bss               zero     0x2000406f     0x1  main.o [1]
  .bss               zero     0x20004070     0x1  os_var.o [1]
  .bss               zero     0x20004071     0x1  os_var.o [1]
  .bss               zero     0x20004072     0x1  os_var.o [1]
  .bss               zero     0x20004073     0x1  os_var.o [1]
  .bss               zero     0x20004074     0x1  os_var.o [1]
  .bss               zero     0x20004075     0x1  os_var.o [1]
  .bss               zero     0x20004076     0x1  os_var.o [1]
  .bss               zero     0x20004077     0x1  os_var.o [1]
  .bss               zero     0x20004078     0x1  tasks.o [1]
  .bss               zero     0x20004079     0x1  tasks.o [1]
                            - 0x2000407a  0x4002

"P2", part 3 of 3:                         0x800
  CSTACK                      0x20004080   0x800  <Block>
    CSTACK           uninit   0x20004080   0x800  <Block tail>
                            - 0x20004880   0x800


*******************************************************************************
*** INIT TABLE
***

          Address     Size
          -------     ----
Zero (__iar_zero_init3)
    1 destination range, total size 0x4002:
          0x20000078  0x4002

Copy (__iar_copy_init3)
    1 source range, total size 0x78 (100% of destination):
          0x0800b30c    0x78
    1 destination range, total size 0x77:
          0x20000000    0x77



*******************************************************************************
*** MODULE SUMMARY
***

    Module                  ro code  ro data  rw data
    ------                  -------  -------  -------
D:\IAR_Workspace\STM32F103MBUS\Test\Debug\Obj: [1]
    bsp.o                     1 226
    cpu_a.o                      52
    cpu_core.o                   76                20
    lib_mem.o                   284
    lib_mem_a.o                 544
    lib_str.o                   462
    m590e.o                   2 608      394      106
    main.o                    1 708      201   11 391
    misc.o                      128
    os_cfg_app.o                172      100    3 920
    os_core.o                 2 388       20
    os_cpu_a.o                  132
    os_cpu_c.o                  472                 4
    os_flag.o                 1 706
    os_mem.o                    384
    os_msg.o                    508
    os_mutex.o                   16
    os_prio.o                   136                 4
    os_q.o                      900
    os_sem.o                    770
    os_task.o                 1 684        8
    os_tick.o                 1 048       20
    os_time.o                   492
    os_tmr.o                  1 432       24
    os_var.o                                    1 030
    serial.o                    904
    spi_flash.o               1 836
    startup_stm32f10x_md.o      408
    stm32f10x_exti.o            200
    stm32f10x_flash.o            60
    stm32f10x_gpio.o            452
    stm32f10x_it.o               54
    stm32f10x_iwdg.o             44
    stm32f10x_rcc.o             600       20       20
    stm32f10x_spi.o             164
    stm32f10x_usart.o           382
    system_stm32f10x.o          110
    tasks.o                  13 992      108       10
    timestamp.o                  60
    -------------------------------------------------
    Total:                   38 594      895   16 505

command line: [2]
    -------------------------------------------------
    Total:

dl7M_tln.a: [3]
    div.o                        14
    exit.o                        4
    low_level_init.o              4
    sprintf.o                    52
    xprintffull_nomb.o        3 462
    xsprout.o                    10
    -------------------------------------------------
    Total:                    3 546

m7M_tl.a: [4]
    DblAdd.o                    212
    DblCmpGe.o                   46
    DblCmpLe.o                   46
    DblDiv.o                    582
    DblMul.o                    418
    DblSub.o                    384
    DblToI32.o                   88
    I32ToDbl.o                   48
    xdnorm.o                     66
    xdscale.o                   268
    -------------------------------------------------
    Total:                    2 158

rt7M_tl.a: [5]
    ABImemcpy_unaligned.o       118
    I64DivMod.o                 238
    I64DivZer.o                   2
    cexit.o                      10
    cmain.o                      26
    copy_init3.o                 46
    cstartup_M.o                 12
    data_init.o                  40
    memchr.o                     88
    strchr.o                     22
    strlen.o                     54
    zero_init3.o                 34
    -------------------------------------------------
    Total:                      690

shb_l.a: [6]
    exit.o                       20
    -------------------------------------------------
    Total:                       20

    Gaps                         16
    Linker created                        37    2 048
-----------------------------------------------------
    Grand Total:             45 024      932   18 553


*******************************************************************************
*** ENTRY LIST
***

Entry                      Address   Size  Type      Object
-----                      -------   ----  ----      ------
?main                   0x0800af2d         Code  Gb  cmain.o [5]
ADCPrescTable           0x2000006c    0x4  Data  Lc  stm32f10x_rcc.o [1]
APBAHBPrescTable        0x20000030   0x10  Data  Lc  stm32f10x_rcc.o [1]
BSP_CPU_ClkFreq         0x08009943   0x10  Code  Gb  bsp.o [1]
BSP_GPIO_Init           0x08009539  0x1e6  Code  Gb  bsp.o [1]
BSP_IWDG_Init           0x08009929   0x1a  Code  Gb  bsp.o [1]
BSP_Init                0x08009489   0xb0  Code  Gb  bsp.o [1]
BSP_NVIC_Init           0x08009837   0x6c  Code  Gb  bsp.o [1]
BSP_SPI_Init            0x080098a3   0x66  Code  Gb  bsp.o [1]
BSP_USART_Init          0x0800971f  0x118  Code  Gb  bsp.o [1]
BusFault_Handler        0x0800ae95    0x2  Code  Gb  stm32f10x_it.o [1]
CPU_CntLeadZeros        0x08006a27         Code  Gb  cpu_a.o [1]
CPU_CntTrailZeros       0x08006a2d         Code  Gb  cpu_a.o [1]
CPU_Init                0x08009955    0xc  Code  Gb  cpu_core.o [1]
CPU_IntDis              0x08006a09         Code  Gb  cpu_a.o [1]
CPU_IntEn               0x08006a0d         Code  Gb  cpu_a.o [1]
CPU_Name                0x20003fe0   0x10  Data  Gb  cpu_core.o [1]
CPU_NameClr             0x08009961   0x1a  Code  Gb  cpu_core.o [1]
CPU_NameInit            0x08009981    0x8  Code  Lc  cpu_core.o [1]
CPU_RevBits             0x08006a37         Code  Gb  cpu_a.o [1]
CPU_SR_Restore          0x08006a19         Code  Gb  cpu_a.o [1]
CPU_SR_Save             0x08006a11         Code  Gb  cpu_a.o [1]
CPU_TS_Init             0x08009989    0xe  Code  Lc  cpu_core.o [1]
CPU_TS_TmrFreqSet       0x0800997b    0x6  Code  Gb  cpu_core.o [1]
CPU_TS_TmrFreq_Hz       0x20004004    0x4  Data  Gb  cpu_core.o [1]
CPU_TS_TmrInit          0x08007a25   0x2a  Code  Gb  timestamp.o [1]
CPU_TS_TmrRd            0x08007a4f    0x6  Code  Gb  timestamp.o [1]
CPU_WaitForExcept       0x08006a23         Code  Gb  cpu_a.o [1]
CPU_WaitForInt          0x08006a1f         Code  Gb  cpu_a.o [1]
CSTACK$$Base            0x20004080          --   Gb  - Linker created -
CSTACK$$Limit           0x20004880          --   Gb  - Linker created -
DebugMon_Handler        0x0800ae9b    0x2  Code  Gb  stm32f10x_it.o [1]
Device_Read             0x08005075   0x34  Code  Gb  serial.o [1]
EXTI15_10_IRQHandler    0x0800aebd    0x8  Code  Gb  stm32f10x_it.o [1]
EXTI_ClearITPendingBit  0x08007e89    0x6  Code  Gb  stm32f10x_exti.o [1]
EXTI_GetITStatus        0x08007e65   0x24  Code  Gb  stm32f10x_exti.o [1]
EXTI_Init               0x08007ddd   0x88  Code  Gb  stm32f10x_exti.o [1]
FLAG_Event              0x20003f94   0x1c  Data  Gb  main.o [1]
FLASH_PrefetchBufferCmd
                        0x0800a5cd   0x20  Code  Gb  stm32f10x_flash.o [1]
FLASH_SetLatency        0x0800a5b5   0x18  Code  Gb  stm32f10x_flash.o [1]
GPIO_EXTILineConfig     0x08005b99   0x50  Code  Gb  stm32f10x_gpio.o [1]
GPIO_Init               0x08005a31   0xc8  Code  Gb  stm32f10x_gpio.o [1]
GPIO_PinRemapConfig     0x08005b1b   0x7e  Code  Gb  stm32f10x_gpio.o [1]
GPIO_ReadInputDataBit   0x08005af9   0x16  Code  Gb  stm32f10x_gpio.o [1]
GPIO_ResetBits          0x08005b15    0x6  Code  Gb  stm32f10x_gpio.o [1]
GPIO_SetBits            0x08005b0f    0x6  Code  Gb  stm32f10x_gpio.o [1]
GetFlash                0x08005fdf   0xc0  Code  Gb  spi_flash.o [1]
HardFault_Handler       0x0800ae91    0x2  Code  Gb  stm32f10x_it.o [1]
IWDG_Enable             0x0800a68b    0xa  Code  Gb  stm32f10x_iwdg.o [1]
IWDG_ReloadCounter      0x0800a681    0xa  Code  Gb  stm32f10x_iwdg.o [1]
IWDG_SetPrescaler       0x0800a679    0x8  Code  Gb  stm32f10x_iwdg.o [1]
IWDG_WriteAccessCmd     0x0800a671    0x8  Code  Gb  stm32f10x_iwdg.o [1]
M590E_Cmd               0x0800434d  0x104  Code  Gb  m590e.o [1]
M590E_ReadAT_100        0x08004451   0x60  Code  Gb  m590e.o [1]
M590E_ReadAT_2s         0x080044b1   0x60  Code  Gb  m590e.o [1]
MEM_Buf                 0x20003fb0   0x18  Data  Gb  main.o [1]
MEM_ISR                 0x20003fc8   0x18  Data  Gb  main.o [1]
MemManage_Handler       0x0800ae93    0x2  Code  Gb  stm32f10x_it.o [1]
Mem_Clr                 0x08003ead    0xc  Code  Gb  lib_mem.o [1]
Mem_Cmp                 0x08003f13   0xb6  Code  Gb  lib_mem.o [1]
Mem_Copy                0x08005625         Code  Gb  lib_mem_a.o [1]
Mem_Set                 0x08003eb9   0x5a  Code  Gb  lib_mem.o [1]
NMI_Handler             0x0800ae8f    0x2  Code  Gb  stm32f10x_it.o [1]
NVIC_Init               0x0800a5fb   0x62  Code  Gb  misc.o [1]
NVIC_PriorityGroupConfig
                        0x0800a5f1    0xa  Code  Gb  misc.o [1]
OSCfg_DataSizeRAM       0x0800b26c    0x4  Data  Gb  os_cfg_app.o [1]
OSCfg_ISRStk            0x20002ab8  0x200  Data  Gb  os_cfg_app.o [1]
OSCfg_ISRStkBasePtr     0x0800b224    0x4  Data  Gb  os_cfg_app.o [1]
OSCfg_ISRStkSize        0x0800b228    0x4  Data  Gb  os_cfg_app.o [1]
OSCfg_ISRStkSizeRAM     0x0800b22c    0x4  Data  Gb  os_cfg_app.o [1]
OSCfg_IdleTaskStk       0x200028b8  0x200  Data  Gb  os_cfg_app.o [1]
OSCfg_IdleTaskStkBasePtr
                        0x0800b214    0x4  Data  Gb  os_cfg_app.o [1]
OSCfg_IdleTaskStkLimit  0x0800b218    0x4  Data  Gb  os_cfg_app.o [1]
OSCfg_IdleTaskStkSize   0x0800b21c    0x4  Data  Gb  os_cfg_app.o [1]
OSCfg_IdleTaskStkSizeRAM
                        0x0800b220    0x4  Data  Gb  os_cfg_app.o [1]
OSCfg_Init              0x08009359   0xac  Code  Gb  os_cfg_app.o [1]
OSCfg_MsgPool           0x20000078  0x640  Data  Gb  os_cfg_app.o [1]
OSCfg_MsgPoolBasePtr    0x0800b234    0x4  Data  Gb  os_cfg_app.o [1]
OSCfg_MsgPoolSize       0x08007dda    0x2  Data  Gb  os_cfg_app.o [1]
OSCfg_MsgPoolSizeRAM    0x0800b230    0x4  Data  Gb  os_cfg_app.o [1]
OSCfg_StkSizeMin        0x0800b238    0x4  Data  Gb  os_cfg_app.o [1]
OSCfg_TickRate_Hz       0x0800b23c    0x4  Data  Gb  os_cfg_app.o [1]
OSCfg_TickTaskPrio      0x08009c0e    0x1  Data  Gb  os_cfg_app.o [1]
OSCfg_TickTaskStk       0x20002cb8  0x200  Data  Gb  os_cfg_app.o [1]
OSCfg_TickTaskStkBasePtr
                        0x0800b240    0x4  Data  Gb  os_cfg_app.o [1]
OSCfg_TickTaskStkLimit  0x0800b244    0x4  Data  Gb  os_cfg_app.o [1]
OSCfg_TickTaskStkSize   0x0800b248    0x4  Data  Gb  os_cfg_app.o [1]
OSCfg_TickTaskStkSizeRAM
                        0x0800b24c    0x4  Data  Gb  os_cfg_app.o [1]
OSCfg_TickWheel         0x20003b5c   0x88  Data  Gb  os_cfg_app.o [1]
OSCfg_TickWheelSize     0x080092be    0x2  Data  Gb  os_cfg_app.o [1]
OSCfg_TickWheelSizeRAM  0x0800b250    0x4  Data  Gb  os_cfg_app.o [1]
OSCfg_TmrTaskPrio       0x08009c0f    0x1  Data  Gb  os_cfg_app.o [1]
OSCfg_TmrTaskRate_Hz    0x0800b254    0x4  Data  Gb  os_cfg_app.o [1]
OSCfg_TmrTaskStk        0x20002eb8  0x200  Data  Gb  os_cfg_app.o [1]
OSCfg_TmrTaskStkBasePtr
                        0x0800b258    0x4  Data  Gb  os_cfg_app.o [1]
OSCfg_TmrTaskStkLimit   0x0800b25c    0x4  Data  Gb  os_cfg_app.o [1]
OSCfg_TmrTaskStkSize    0x0800b260    0x4  Data  Gb  os_cfg_app.o [1]
OSCfg_TmrTaskStkSizeRAM
                        0x0800b264    0x4  Data  Gb  os_cfg_app.o [1]
OSCfg_TmrWheel          0x20003be4   0x88  Data  Gb  os_cfg_app.o [1]
OSCfg_TmrWheelSize      0x08009952    0x2  Data  Gb  os_cfg_app.o [1]
OSCfg_TmrWheelSizeRAM   0x0800b268    0x4  Data  Gb  os_cfg_app.o [1]
OSFlagCreate            0x08006355   0x66  Code  Gb  os_flag.o [1]
OSFlagPend              0x080063bb  0x40c  Code  Gb  os_flag.o [1]
OSFlagPost              0x080067c7   0x5e  Code  Gb  os_flag.o [1]
OSFlagQty               0x20004060    0x2  Data  Gb  os_var.o [1]
OSIdleTaskCtr           0x2000402c    0x4  Data  Gb  os_var.o [1]
OSIdleTaskHook          0x080082bd   0x12  Code  Gb  os_cpu_c.o [1]
OSIdleTaskTCB           0x20003940   0xb4  Data  Gb  os_var.o [1]
OSInit                  0x08006a3d  0x150  Code  Gb  os_core.o [1]
OSInitHook              0x080082cf   0x14  Code  Gb  os_cpu_c.o [1]
OSIntExit               0x08006b8d   0xc8  Code  Gb  os_core.o [1]
OSIntNestingCtr         0x20004070    0x1  Data  Gb  os_var.o [1]
OSMemCreate             0x08003d2d   0xd0  Code  Gb  os_mem.o [1]
OSMemGet                0x08003dfd   0x46  Code  Gb  os_mem.o [1]
OSMemPut                0x08003e43   0x50  Code  Gb  os_mem.o [1]
OSMemQty                0x20004062    0x2  Data  Gb  os_var.o [1]
OSMsgPool               0x20003ff0    0xc  Data  Gb  os_var.o [1]
OSMutexQty              0x20004064    0x2  Data  Gb  os_var.o [1]
OSPrioCur               0x20004072    0x1  Data  Gb  os_var.o [1]
OSPrioHighRdy           0x20004073    0x1  Data  Gb  os_var.o [1]
OSPrioSaved             0x20004074    0x1  Data  Gb  os_var.o [1]
OSPrioTbl               0x2000400c    0x4  Data  Gb  os_prio.o [1]
OSQCreate               0x08003fc9   0x7c  Code  Gb  os_q.o [1]
OSQPend                 0x08004045  0x1be  Code  Gb  os_q.o [1]
OSQPost                 0x08004203   0x84  Code  Gb  os_q.o [1]
OSQQty                  0x20004066    0x2  Data  Gb  os_var.o [1]
OSRdyList               0x200030b8  0x180  Data  Gb  os_var.o [1]
OSRunning               0x20004071    0x1  Data  Gb  os_var.o [1]
OSSched                 0x08006c55   0x8e  Code  Gb  os_core.o [1]
OSSchedLock             0x08006ce3   0x58  Code  Gb  os_core.o [1]
OSSchedLockNestingCtr   0x20004075    0x1  Data  Gb  os_var.o [1]
OSSchedRoundRobinDfltTimeQuanta
                        0x20004030    0x4  Data  Gb  os_var.o [1]
OSSchedRoundRobinEn     0x20004076    0x1  Data  Gb  os_var.o [1]
OSSchedUnlock           0x08006d3b   0x72  Code  Gb  os_core.o [1]
OSSemCreate             0x08005105   0x66  Code  Gb  os_sem.o [1]
OSSemPend               0x0800516b  0x174  Code  Gb  os_sem.o [1]
OSSemPost               0x080052df   0x60  Code  Gb  os_sem.o [1]
OSSemQty                0x20004068    0x2  Data  Gb  os_var.o [1]
OSStart                 0x08006dad   0x64  Code  Gb  os_core.o [1]
OSStartHighRdy          0x08009405         Code  Gb  os_cpu_a.o [1]
OSTCBCurPtr             0x20004050    0x4  Data  Gb  os_var.o [1]
OSTCBHighRdyPtr         0x20004054    0x4  Data  Gb  os_var.o [1]
OSTaskCreate            0x08007391  0x176  Code  Gb  os_task.o [1]
OSTaskCreateHook        0x080082e3   0x12  Code  Gb  os_cpu_c.o [1]
OSTaskCtxSwCtr          0x20004034    0x4  Data  Gb  os_var.o [1]
OSTaskDel               0x08007507   0xea  Code  Gb  os_task.o [1]
OSTaskDelHook           0x080082f5   0x12  Code  Gb  os_cpu_c.o [1]
OSTaskQty               0x2000406a    0x2  Data  Gb  os_var.o [1]
OSTaskRegNextAvailID    0x20004077    0x1  Data  Gb  os_var.o [1]
OSTaskReturnHook        0x08008307   0x12  Code  Gb  os_cpu_c.o [1]
OSTaskSemPend           0x080075f1  0x1cc  Code  Gb  os_task.o [1]
OSTaskSemPost           0x080077bd   0x34  Code  Gb  os_task.o [1]
OSTaskStkInit           0x08008319   0x80  Code  Gb  os_cpu_c.o [1]
OSTaskSwHook            0x08008399   0x56  Code  Gb  os_cpu_c.o [1]
OSTickCtr               0x20004038    0x4  Data  Gb  os_var.o [1]
OSTickTaskTCB           0x200039f4   0xb4  Data  Gb  os_var.o [1]
OSTickTaskTimeMax       0x2000403c    0x4  Data  Gb  os_var.o [1]
OSTimeDlyHMSM           0x08005845  0x178  Code  Gb  os_time.o [1]
OSTimeTick              0x080059bd   0x4a  Code  Gb  os_time.o [1]
OSTimeTickHook          0x080083ef   0x12  Code  Gb  os_cpu_c.o [1]
OSTmrCreate             0x08003795   0xb0  Code  Gb  os_tmr.o [1]
OSTmrQty                0x2000406c    0x2  Data  Gb  os_var.o [1]
OSTmrStart              0x08003845   0xaa  Code  Gb  os_tmr.o [1]
OSTmrStateGet           0x080038ef   0x66  Code  Gb  os_tmr.o [1]
OSTmrStop               0x08003955   0xf0  Code  Gb  os_tmr.o [1]
OSTmrTaskTCB            0x20003aa8   0xb4  Data  Gb  os_var.o [1]
OSTmrTaskTimeMax        0x20004040    0x4  Data  Gb  os_var.o [1]
OSTmrTickCtr            0x20004044    0x4  Data  Gb  os_var.o [1]
OSTmrUpdateCnt          0x20004048    0x4  Data  Gb  os_var.o [1]
OSTmrUpdateCtr          0x2000404c    0x4  Data  Gb  os_var.o [1]
OS_AppIdleTaskHookPtr   0x2000401c    0x4  Data  Gb  os_var.o [1]
OS_AppStatTaskHookPtr   0x20004020    0x4  Data  Gb  os_var.o [1]
OS_AppTaskCreateHookPtr
                        0x20004010    0x4  Data  Gb  os_var.o [1]
OS_AppTaskDelHookPtr    0x20004014    0x4  Data  Gb  os_var.o [1]
OS_AppTaskReturnHookPtr
                        0x20004018    0x4  Data  Gb  os_var.o [1]
OS_AppTaskSwHookPtr     0x20004024    0x4  Data  Gb  os_var.o [1]
OS_AppTimeTickHookPtr   0x20004028    0x4  Data  Gb  os_var.o [1]
OS_CPU_ExceptStkBase    0x20004008    0x4  Data  Gb  os_cpu_c.o [1]
OS_CPU_SysTickHandler   0x08008401   0x24  Code  Gb  os_cpu_c.o [1]
OS_CPU_SysTickInit      0x08008425   0x2c  Code  Gb  os_cpu_c.o [1]
OS_FlagBlock            0x08006825   0x26  Code  Gb  os_flag.o [1]
OS_FlagInit             0x0800684b    0xc  Code  Gb  os_flag.o [1]
OS_FlagPost             0x0800686d  0x13c  Code  Gb  os_flag.o [1]
OS_FlagTaskRdy          0x080069a9   0x56  Code  Gb  os_flag.o [1]
OS_IdleTask             0x08006e11   0x24  Code  Gb  os_core.o [1]
OS_IdleTaskInit         0x08006e35   0x50  Code  Gb  os_core.o [1]
OS_MemInit              0x08003e93    0xc  Code  Gb  os_mem.o [1]
OS_MsgPoolInit          0x08007a61   0x86  Code  Gb  os_msg.o [1]
OS_MsgQFreeAll          0x08007ae7   0x44  Code  Gb  os_msg.o [1]
OS_MsgQGet              0x08007b3f   0x70  Code  Gb  os_msg.o [1]
OS_MsgQInit             0x08007b2b   0x14  Code  Gb  os_msg.o [1]
OS_MsgQPut              0x08007baf   0xa2  Code  Gb  os_msg.o [1]
OS_MutexInit            0x08009349    0xc  Code  Gb  os_mutex.o [1]
OS_Pend                 0x08006e85   0x60  Code  Gb  os_core.o [1]
OS_PendDataInit         0x08006ee5   0x34  Code  Gb  os_core.o [1]
OS_PendListInit         0x08006f19    0xe  Code  Gb  os_core.o [1]
OS_PendListInsertPrio   0x08006f27   0x6e  Code  Gb  os_core.o [1]
OS_PendListRemove       0x08006f95   0x28  Code  Gb  os_core.o [1]
OS_PendListRemove1      0x08006fbd   0x48  Code  Gb  os_core.o [1]
OS_Post                 0x08007005   0xb0  Code  Gb  os_core.o [1]
OS_Post1                0x080070b5   0x26  Code  Gb  os_core.o [1]
OS_PrioGetHighest       0x080092d5   0x20  Code  Gb  os_prio.o [1]
OS_PrioInit             0x080092c1   0x14  Code  Gb  os_prio.o [1]
OS_PrioInsert           0x080092f5   0x26  Code  Gb  os_prio.o [1]
OS_PrioRemove           0x0800931b   0x28  Code  Gb  os_prio.o [1]
OS_QInit                0x08004287    0xc  Code  Gb  os_q.o [1]
OS_QPost                0x080042a9   0xa4  Code  Gb  os_q.o [1]
OS_RdyListInit          0x080070db   0x24  Code  Gb  os_core.o [1]
OS_RdyListInsert        0x080070ff   0x28  Code  Gb  os_core.o [1]
OS_RdyListInsertHead    0x08007127   0x3a  Code  Gb  os_core.o [1]
OS_RdyListInsertTail    0x08007161   0x38  Code  Gb  os_core.o [1]
OS_RdyListMoveHeadToTail
                        0x08007199   0x40  Code  Gb  os_core.o [1]
OS_RdyListRemove        0x080071d9   0x5c  Code  Gb  os_core.o [1]
OS_SchedRoundRobin      0x08007235   0x8a  Code  Gb  os_core.o [1]
OS_SemInit              0x0800533f    0xc  Code  Gb  os_sem.o [1]
OS_SemPost              0x08005361   0xa6  Code  Gb  os_sem.o [1]
OS_TaskBlock            0x0800733d   0x3a  Code  Gb  os_core.o [1]
OS_TaskInit             0x080077f1   0x16  Code  Gb  os_task.o [1]
OS_TaskInitTCB          0x08007807  0x106  Code  Gb  os_task.o [1]
OS_TaskRdy              0x08007377   0x1a  Code  Gb  os_core.o [1]
OS_TaskReturn           0x08007919   0x14  Code  Gb  os_task.o [1]
OS_TaskSemPost          0x08007939   0xd4  Code  Gb  os_task.o [1]
OS_TickListInit         0x08007f6b   0x2a  Code  Gb  os_tick.o [1]
OS_TickListInsert       0x08007f95  0x11c  Code  Gb  os_tick.o [1]
OS_TickListRemove       0x080080b1   0x42  Code  Gb  os_tick.o [1]
OS_TickListUpdate       0x080080f3  0x190  Code  Gb  os_tick.o [1]
OS_TickTask             0x08007ea5   0x28  Code  Gb  os_tick.o [1]
OS_TickTaskInit         0x08007ecd   0x9e  Code  Gb  os_tick.o [1]
OS_TmrInit              0x08003a45   0xd4  Code  Gb  os_tmr.o [1]
OS_TmrLink              0x08003b19   0xd0  Code  Gb  os_tmr.o [1]
OS_TmrTask              0x08003c39   0xaa  Code  Gb  os_tmr.o [1]
OS_TmrUnlink            0x08003be9   0x4c  Code  Gb  os_tmr.o [1]
ObjCreate               0x0800aa85  0x248  Code  Gb  main.o [1]
OverLoad                0x080050a9   0x24  Code  Gb  serial.o [1]
PendSV_Handler          0x08009423         Code  Gb  os_cpu_a.o [1]
PutFlash                0x0800609f   0xcc  Code  Gb  spi_flash.o [1]
Q_Config                0x20003e50   0x24  Data  Gb  main.o [1]
Q_Deal                  0x20003e74   0x24  Data  Gb  main.o [1]
Q_Read                  0x20003e08   0x24  Data  Gb  main.o [1]
Q_ReadData              0x20003e2c   0x24  Data  Gb  main.o [1]
Q_Server                0x20003dc0   0x24  Data  Gb  main.o [1]
Q_Slave                 0x20003de4   0x24  Data  Gb  main.o [1]
RCC_APB1PeriphClockCmd  0x08009b59   0x20  Code  Gb  stm32f10x_rcc.o [1]
RCC_APB2PeriphClockCmd  0x08009b39   0x20  Code  Gb  stm32f10x_rcc.o [1]
RCC_DeInit              0x080099a1   0x60  Code  Gb  stm32f10x_rcc.o [1]
RCC_GetClocksFreq       0x08009a79   0xc0  Code  Gb  stm32f10x_rcc.o [1]
RCC_GetFlagStatus       0x08009b79   0x44  Code  Gb  stm32f10x_rcc.o [1]
RCC_HCLKConfig          0x08009a33   0x14  Code  Gb  stm32f10x_rcc.o [1]
RCC_LSICmd              0x08009a71    0x8  Code  Gb  stm32f10x_rcc.o [1]
RCC_PCLK1Config         0x08009a47   0x14  Code  Gb  stm32f10x_rcc.o [1]
RCC_PCLK2Config         0x08009a5b   0x16  Code  Gb  stm32f10x_rcc.o [1]
RCC_PLLCmd              0x08009a17    0x8  Code  Gb  stm32f10x_rcc.o [1]
RCC_PLLConfig           0x08009a01   0x16  Code  Gb  stm32f10x_rcc.o [1]
RCC_SYSCLKConfig        0x08009a1f   0x14  Code  Gb  stm32f10x_rcc.o [1]
Region$$Table$$Base     0x0800aeec          --   Gb  - Linker created -
Region$$Table$$Limit    0x0800af10          --   Gb  - Linker created -
SEM_Connected           0x20003f5c   0x1c  Data  Gb  main.o [1]
SEM_HeartBeat           0x20003eec   0x1c  Data  Gb  main.o [1]
SEM_Restart             0x20003f08   0x1c  Data  Gb  main.o [1]
SEM_Send                0x20003f24   0x1c  Data  Gb  main.o [1]
SEM_SendOver            0x20003f40   0x1c  Data  Gb  main.o [1]
SEM_Send_Online         0x20003f78   0x1c  Data  Gb  main.o [1]
SEM_ServerTX            0x20003e98   0x1c  Data  Gb  main.o [1]
SEM_Slave_485TX         0x20003eb4   0x1c  Data  Gb  main.o [1]
SEM_Slave_mbusTX        0x20003ed0   0x1c  Data  Gb  main.o [1]
SPI_Cmd                 0x080084d5   0x1c  Code  Gb  stm32f10x_spi.o [1]
SPI_I2S_GetFlagStatus   0x08008525   0x14  Code  Gb  stm32f10x_spi.o [1]
SPI_I2S_ITConfig        0x080084f1   0x2c  Code  Gb  stm32f10x_spi.o [1]
SPI_I2S_ReceiveData     0x08008521    0x4  Code  Gb  stm32f10x_spi.o [1]
SPI_I2S_SendData        0x0800851d    0x4  Code  Gb  stm32f10x_spi.o [1]
SPI_Init                0x08008495   0x40  Code  Gb  stm32f10x_spi.o [1]
STK_Config              0x200006b8  0x600  Data  Gb  main.o [1]
STK_Connect             0x200020b8  0x200  Data  Gb  main.o [1]
STK_DealServer          0x200024b8  0x200  Data  Gb  main.o [1]
STK_HeartBeat           0x200022b8  0x200  Data  Gb  main.o [1]
STK_LED1                0x20001ab8  0x200  Data  Gb  main.o [1]
STK_OverLoad            0x200026b8  0x200  Data  Gb  main.o [1]
STK_Read                0x20000cb8  0x600  Data  Gb  main.o [1]
STK_Server              0x20001cb8  0x200  Data  Gb  main.o [1]
STK_Slave               0x20001eb8  0x200  Data  Gb  main.o [1]
STK_Start               0x200018b8  0x200  Data  Gb  main.o [1]
SVC_Handler             0x0800ae99    0x2  Code  Gb  stm32f10x_it.o [1]
Server_Post2Queue       0x0800504b   0x2a  Code  Gb  serial.o [1]
Server_Write            0x08004f91   0x5c  Code  Gb  serial.o [1]
Server_WriteStr         0x08004fed   0x5e  Code  Gb  serial.o [1]
SetSysClock             0x0800ae8d    0x2  Code  Lc  system_stm32f10x.o [1]
Slave_Write             0x08004ebb   0xd6  Code  Gb  serial.o [1]
Str_Cat                 0x0800544f    0xc  Code  Gb  lib_str.o [1]
Str_Cat_N               0x0800545b   0x62  Code  Gb  lib_str.o [1]
Str_Cmp_N               0x080054bd   0x94  Code  Gb  lib_str.o [1]
Str_Len_N               0x08005435   0x1a  Code  Gb  lib_str.o [1]
Str_Str                 0x08005551    0xc  Code  Gb  lib_str.o [1]
Str_Str_N               0x0800555d   0xa6  Code  Gb  lib_str.o [1]
SysTick_Handler         0x0800ae9d    0x8  Code  Gb  stm32f10x_it.o [1]
SystemInit              0x0800ae21   0x54  Code  Gb  system_stm32f10x.o [1]
TCB_Config              0x200035bc   0xb4  Data  Gb  main.o [1]
TCB_Connect             0x20003508   0xb4  Data  Gb  main.o [1]
TCB_DealServer          0x200037d8   0xb4  Data  Gb  main.o [1]
TCB_HeartBeat           0x20003724   0xb4  Data  Gb  main.o [1]
TCB_LED1                0x200032ec   0xb4  Data  Gb  main.o [1]
TCB_OverLoad            0x2000388c   0xb4  Data  Gb  main.o [1]
TCB_Read                0x20003670   0xb4  Data  Gb  main.o [1]
TCB_Server              0x200033a0   0xb4  Data  Gb  main.o [1]
TCB_Slave               0x20003454   0xb4  Data  Gb  main.o [1]
TCB_Start               0x20003238   0xb4  Data  Gb  main.o [1]
TMR_Server              0x20003ce4   0x2c  Data  Gb  main.o [1]
TMR_Server_100          0x20003d3c   0x2c  Data  Gb  main.o [1]
TMR_Server_200          0x20003d68   0x2c  Data  Gb  main.o [1]
TMR_Server_2s           0x20003d10   0x2c  Data  Gb  main.o [1]
TMR_Slave               0x20003d94   0x2c  Data  Gb  main.o [1]
TaskCreate              0x0800a899  0x1ec  Code  Gb  main.o [1]
TaskStart               0x0800a7c9   0xd0  Code  Gb  main.o [1]
Task_Config             0x08001e99   0x52  Code  Gb  tasks.o [1]
Task_Connect            0x080007b5   0x5e  Code  Gb  tasks.o [1]
Task_DealServer         0x0800067b   0xf8  Code  Gb  tasks.o [1]
Task_HeartBeat          0x08000819  0x108  Code  Gb  tasks.o [1]
Task_LED1               0x08002b33   0x94  Code  Gb  tasks.o [1]
Task_OverLoad           0x08003705   0x52  Code  Gb  tasks.o [1]
Task_Read               0x08000921   0x82  Code  Gb  tasks.o [1]
Task_Server             0x0800049d  0x1dc  Code  Gb  tasks.o [1]
Task_Slave              0x080000ed  0x378  Code  Gb  tasks.o [1]
Tmr_ServerCallBack      0x08000679    0x2  Code  Gb  tasks.o [1]
Tmr_SlaveCallBack       0x08000465   0x16  Code  Gb  tasks.o [1]
USART1_Handler          0x08004ded   0x66  Code  Gb  serial.o [1]
USART1_IRQHandler       0x0800aea5    0x8  Code  Gb  stm32f10x_it.o [1]
USART2_Handler          0x08004d7d   0x70  Code  Gb  serial.o [1]
USART2_IRQHandler       0x0800aead    0x8  Code  Gb  stm32f10x_it.o [1]
USART3_Handler          0x08004e55   0x66  Code  Gb  serial.o [1]
USART3_IRQHandler       0x0800aeb5    0x8  Code  Gb  stm32f10x_it.o [1]
USART_ClearITPendingBit
                        0x08007db9   0x22  Code  Gb  stm32f10x_usart.o [1]
USART_Cmd               0x08007d21   0x1c  Code  Gb  stm32f10x_usart.o [1]
USART_GetFlagStatus     0x08007d9f   0x1a  Code  Gb  stm32f10x_usart.o [1]
USART_ITConfig          0x08007d3d   0x52  Code  Gb  stm32f10x_usart.o [1]
USART_Init              0x08007c5d   0xbe  Code  Gb  stm32f10x_usart.o [1]
USART_ReceiveData       0x08007d97    0x8  Code  Gb  stm32f10x_usart.o [1]
USART_SendData          0x08007d8f    0x8  Code  Gb  stm32f10x_usart.o [1]
UsageFault_Handler      0x0800ae97    0x2  Code  Gb  stm32f10x_it.o [1]
_GenldFullNoMb          0x08009015  0x262  Code  Lc  xprintffull_nomb.o [3]
_LdtobFullNoMb          0x08008c29  0x3e6  Code  Lc  xprintffull_nomb.o [3]
_LitobFullNoMb          0x08008b21  0x106  Code  Lc  xprintffull_nomb.o [3]
_PrintfFullNoMb         0x08008539  0x5e2  Code  Gb  xprintffull_nomb.o [3]
_PutcharsFullNoMb       0x08009277   0x2e  Code  Lc  xprintffull_nomb.o [3]
_SProut                 0x080069ff    0xa  Code  Gb  xsprout.o [3]
__aeabi_cdcmple         0x08009e49         Code  Gb  DblCmpLe.o [4]
__aeabi_cdrcmple        0x08009e79         Code  Gb  DblCmpGe.o [4]
__aeabi_d2iz            0x08009fb5         Code  Gb  DblToI32.o [4]
__aeabi_d2uiz           0x08009fe1         Code  Gb  DblToI32.o [4]
__aeabi_ddiv            0x0800a361         Code  Gb  DblDiv.o [4]
__aeabi_dmul            0x0800a1bd         Code  Gb  DblMul.o [4]
__aeabi_dsub            0x0800a03d         Code  Gb  DblSub.o [4]
__aeabi_i2d             0x0800a00d         Code  Gb  I32ToDbl.o [4]
__aeabi_ldiv0           0x0800a69d         Code  Gb  I64DivZer.o [5]
__aeabi_ui2d            0x0800a021         Code  Gb  I32ToDbl.o [4]
__aeabi_uldivmod        0x08009ca1         Code  Gb  I64DivMod.o [5]
__cmain                 0x0800af2d         Code  Gb  cmain.o [5]
__exit                  0x0800af5d   0x14  Code  Gb  exit.o [6]
__iar_Dnorm             0x08009e07   0x42  Code  Gb  xdnorm.o [4]
__iar_Dscale            0x08009ea9  0x10c  Code  Gb  xdscale.o [4]
__iar_Memchr            0x08009c49         Code  Gb  memchr.o [5]
__iar_Strchr            0x08009bf9         Code  Gb  strchr.o [5]
__iar_copy_init3        0x08005407   0x2e  Code  Gb  copy_init3.o [5]
__iar_d2uiz             0x08009fed         Code  Gb  DblToI32.o [4]
__iar_dadd              0x0800a6a1         Code  Gb  DblAdd.o [4]
__iar_data_init3        0x0800aec5   0x28  Code  Gb  data_init.o [5]
__iar_dsub              0x0800a051         Code  Gb  DblSub.o [4]
__iar_dsubStart         0x0800a063         Code  Gb  DblSub.o [4]
__iar_program_start     0x0800b131         Code  Gb  cstartup_M.o [5]
__iar_ui2d              0x0800a025         Code  Gb  I32ToDbl.o [4]
__iar_unaligned___aeabi_memcpy
                        0x08009d91         Code  Gb  ABImemcpy_unaligned.o [5]
__iar_unaligned___aeabi_memcpy4
                        0x08009db1         Code  Gb  ABImemcpy_unaligned.o [5]
__iar_unaligned___aeabi_memcpy8
                        0x08009db1         Code  Gb  ABImemcpy_unaligned.o [5]
__iar_zero_init3        0x08005603   0x22  Code  Gb  zero_init3.o [5]
__low_level_init        0x0800af47    0x4  Code  Gb  low_level_init.o [3]
__vector_table          0x08000000         Data  Gb  startup_stm32f10x_md.o [1]
_call_main              0x0800af39         Code  Gb  cmain.o [5]
_exit                   0x0800af51         Code  Gb  cexit.o [5]
_main                   0x0800af43         Code  Gb  cmain.o [5]
ack_query_addr          0x080034b1   0xb0  Code  Gb  tasks.o [1]
ack_query_cjq           0x08002d31  0x146  Code  Gb  tasks.o [1]
ack_query_ip            0x08003569   0xe0  Code  Gb  tasks.o [1]
ack_query_mbus          0x08003649   0xbc  Code  Gb  tasks.o [1]
ack_query_meter         0x08002e85  0x626  Code  Gb  tasks.o [1]
add_cjq                 0x08002755   0xfc  Code  Gb  tasks.o [1]
add_meter               0x080022c9  0x172  Code  Gb  tasks.o [1]
apn                     0x20000040    0xc  Data  Gb  m590e.o [1]
at_ccid                 0x08004597   0x74  Code  Gb  m590e.o [1]
at_cgdcont              0x080047b3   0x7a  Code  Gb  m590e.o [1]
at_creg                 0x080046a3   0x9e  Code  Gb  m590e.o [1]
at_csq                  0x0800460b   0x98  Code  Gb  m590e.o [1]
at_dns                  0x08004a49   0xa4  Code  Gb  m590e.o [1]
at_tcpsetup             0x08004af5   0x76  Code  Gb  m590e.o [1]
at_xgauth               0x08004835   0x82  Code  Gb  m590e.o [1]
at_xiic                 0x08004947   0x72  Code  Gb  m590e.o [1]
at_xisp                 0x08004741   0x72  Code  Gb  m590e.o [1]
ate                     0x08004525   0x72  Code  Gb  m590e.o [1]
buf                     0x20004058    0x4  Data  Gb  tasks.o [1]
buf_                    0x2000405c    0x4  Data  Gb  tasks.o [1]
change_connect          0x08004caf   0x18  Code  Gb  m590e.o [1]
check_cgatt             0x080048b7   0x90  Code  Gb  m590e.o [1]
check_cs                0x0800047b   0x20  Code  Gb  tasks.o [1]
check_frame             0x08000773   0x42  Code  Gb  tasks.o [1]
check_str               0x08004511   0x14  Code  Gb  m590e.o [1]
check_xiic              0x080049b9   0x90  Code  Gb  m590e.o [1]
cjq_close               0x0800197d  0x186  Code  Gb  tasks.o [1]
cjq_open                0x080017ad  0x1c6  Code  Gb  tasks.o [1]
connect                 0x08004b6b   0xa6  Code  Gb  m590e.o [1]
connectstate            0x2000406e    0x1  Data  Gb  main.o [1]
delete_cjq              0x08002851  0x28a  Code  Gb  tasks.o [1]
delete_meter            0x08002441  0x2b0  Code  Gb  tasks.o [1]
device_ack              0x08002bcd   0x9c  Code  Gb  tasks.o [1]
device_nack             0x08002c69   0xa6  Code  Gb  tasks.o [1]
deviceaddr              0x20003ffc    0x8  Data  Gb  m590e.o [1]
div                     0x0800a5a7    0xe  Code  Gb  div.o [3]
dns                     0x20000000   0x1c  Data  Gb  m590e.o [1]
exit                    0x0800af4b    0x4  Code  Gb  exit.o [3]
ip                      0x2000001c   0x14  Data  Gb  m590e.o [1]
ip1                     0x20000072    0x1  Data  Gb  m590e.o [1]
ip2                     0x20000073    0x1  Data  Gb  m590e.o [1]
ip3                     0x20000074    0x1  Data  Gb  m590e.o [1]
ip4                     0x20000075    0x1  Data  Gb  m590e.o [1]
main                    0x0800a775   0x52  Code  Gb  main.o [1]
mbus_power              0x080009a3   0x3a  Code  Gb  tasks.o [1]
mem_buf                 0x200012b8  0x600  Data  Gb  main.o [1]
mem_isr                 0x20003c6c   0x78  Data  Gb  main.o [1]
memchr                  0x08009c49         Code  Gb  memchr.o [5]
meter_close             0x08001cd1  0x1c8  Code  Gb  tasks.o [1]
meter_control           0x080015e9  0x1b0  Code  Gb  tasks.o [1]
meter_open              0x08001b09  0x1c0  Code  Gb  tasks.o [1]
meter_read              0x08000ae7  0x2e2  Code  Gb  tasks.o [1]
meter_read_single       0x08000ded  0x1da  Code  Gb  tasks.o [1]
meter_send              0x0800100d  0x5d4  Code  Gb  tasks.o [1]
param_conf              0x0800616b  0x116  Code  Gb  spi_flash.o [1]
param_config            0x08001ef9  0x354  Code  Gb  tasks.o [1]
param_query             0x08002ae1   0x52  Code  Gb  tasks.o [1]
password                0x20000058    0xc  Data  Gb  m590e.o [1]
port                    0x20000064    0x8  Data  Gb  m590e.o [1]
port_                   0x20000070    0x2  Data  Gb  m590e.o [1]
q_server_pending        0x20004079    0x1  Data  Gb  tasks.o [1]
reading                 0x2000406f    0x1  Data  Gb  main.o [1]
relay_1                 0x08000a17   0x34  Code  Gb  tasks.o [1]
relay_2                 0x08000a4b   0x34  Code  Gb  tasks.o [1]
relay_3                 0x08000a7f   0x34  Code  Gb  tasks.o [1]
relay_4                 0x08000ab3   0x34  Code  Gb  tasks.o [1]
relay_485               0x080009e1   0x36  Code  Gb  tasks.o [1]
sFLASH_EraseBulk        0x08005c39   0x2e  Code  Gb  spi_flash.o [1]
sFLASH_EraseSector      0x08005bf5   0x44  Code  Gb  spi_flash.o [1]
sFLASH_EraseWritePage   0x08005cc3   0x62  Code  Gb  spi_flash.o [1]
sFLASH_PoolInit         0x08005eb9  0x126  Code  Gb  spi_flash.o [1]
sFLASH_ReadBuffer       0x08005d25   0x56  Code  Gb  spi_flash.o [1]
sFLASH_ReadID           0x08005dd7   0x54  Code  Gb  spi_flash.o [1]
sFLASH_ReadStr          0x08005d7b   0x5c  Code  Gb  spi_flash.o [1]
sFLASH_SendByte         0x08005e2b   0x3a  Code  Gb  spi_flash.o [1]
sFLASH_WaitForWriteEnd  0x08005e87   0x32  Code  Gb  spi_flash.o [1]
sFLASH_WriteEnable      0x08005e65   0x22  Code  Gb  spi_flash.o [1]
sFLASH_WritePage        0x08005c67   0x5c  Code  Gb  spi_flash.o [1]
search_cjq              0x080026f1   0x64  Code  Gb  tasks.o [1]
search_meter            0x0800225d   0x6c  Code  Gb  tasks.o [1]
send_server             0x08004c11   0x9e  Code  Gb  m590e.o [1]
slave_mbus              0x20000076    0x1  Data  Gb  main.o [1]
sprintf                 0x08006321   0x34  Code  Gb  sprintf.o [3]
start_slave             0x20004078    0x1  Data  Gb  tasks.o [1]
strchr                  0x08009bf9         Code  Gb  strchr.o [5]
strlen                  0x08009c11         Code  Gb  strlen.o [5]
username                0x2000004c    0xc  Data  Gb  m590e.o [1]


[1] = D:\IAR_Workspace\STM32F103MBUS\Test\Debug\Obj
[2] = command line
[3] = dl7M_tln.a
[4] = m7M_tl.a
[5] = rt7M_tl.a
[6] = shb_l.a

  45 024 bytes of readonly  code memory
     932 bytes of readonly  data memory
  18 553 bytes of readwrite data memory

Errors: none
Warnings: none
